[0/2] Re-checking globbed directories...
[1/6] comdare E-E: Overlay-Quell-Hash (Glied [7] des Tier-Fingerprints)
[overlay_source_hash_gen] 712 Dateien, 3420405 Bytes, sha512=9c3a0bb29a31a523... (unveraendert)
[2/6] Scanning /home/comdare/wt-ce-skip97/tests/unit/test_c14_messwert_presence_wache.cpp for CXX dependencies
[3/6] Generating CXX dyndep file tests/unit/CMakeFiles/test_c14_messwert_presence_wache.dir/CXX.dd
[4/6] Building CXX object tests/unit/CMakeFiles/test_c14_messwert_presence_wache.dir/test_c14_messwert_presence_wache.cpp.o
[5/6] Linking CXX executable tests/unit/test_c14_messwert_presence_wache
BAU RC=0
Test project /home/comdare/wt-ce-skip97/build/gcc-release
    Start 513: test_c14_messwert_presence_wache
1/1 Test #513: test_c14_messwert_presence_wache ...   Passed    0.00 sec

100% tests passed, 0 tests failed out of 1

Label Time Summary:
bestandslog    =   0.00 sec*proc (1 test)
c14            =   0.00 sec*proc (1 test)
koeder         =   0.00 sec*proc (1 test)
messwert       =   0.00 sec*proc (1 test)
skip           =   0.00 sec*proc (1 test)
wachen         =   0.00 sec*proc (1 test)

Total Test time (real) =   0.01 sec
CTEST RC=0
