[0/2] Re-checking globbed directories...
[1/28] Generating CXX dyndep file tools/overlay_source_hash_gen/CMakeFiles/comdare_overlay_source_hash_gen.dir/CXX.dd
[2/26] comdare E-E: Overlay-Quell-Hash (Glied [7] des Tier-Fingerprints)
[overlay_source_hash_gen] 712 Dateien, 3420405 Bytes, sha512=9c3a0bb29a31a523... (unveraendert)
[3/26] Generating CXX dyndep file apps/is_original_validator/CMakeFiles/is_original_validator.dir/CXX.dd
[4/12] Scanning /home/comdare/wt-ce-skip97/tests/unit/test_c14_messwert_presence_wache.cpp for CXX dependencies
[5/12] Generating CXX dyndep file tests/unit/CMakeFiles/test_c14_messwert_presence_wache.dir/CXX.dd
[6/12] Building CXX object _deps/googletest-build/googletest/CMakeFiles/gtest_main.dir/src/gtest_main.cc.o
[7/12] Building CXX object tests/unit/CMakeFiles/test_c14_messwert_presence_wache.dir/test_c14_messwert_presence_wache.cpp.o
[8/12] Building CXX object _deps/googletest-build/googletest/CMakeFiles/gtest.dir/src/gtest-all.cc.o
[9/12] Linking CXX static library lib/libgtest.a
[10/12] Linking CXX static library lib/libgtest_main.a
[11/12] Linking CXX executable tests/unit/test_c14_messwert_presence_wache
BAU RC=0
Test project /home/comdare/wt-ce-skip97/build/gcc-release
    Start 513: test_c14_messwert_presence_wache
1/1 Test #513: test_c14_messwert_presence_wache ...***Failed    0.00 sec
Running main() from /home/comdare/wt-ce-skip97/build/gcc-release/_deps/googletest-src/googletest/src/gtest_main.cc
[==========] Running 3 tests from 1 test suite.
[----------] Global test environment set-up.
[----------] 3 tests from C14MesswertPresenceWache
[ RUN      ] C14MesswertPresenceWache.KoederKollabierterLeerZellenBestandSkipptNie
/home/comdare/wt-ce-skip97/tests/unit/test_c14_messwert_presence_wache.cpp:114: Failure
Value of: st.lager_contains(keys[i], kZelleLeer)
  Actual: true
Expected: false
leere Lauf-Zelle begruendete einen Mess-SKIP fuer Kennung 0

/home/comdare/wt-ce-skip97/tests/unit/test_c14_messwert_presence_wache.cpp:114: Failure
Value of: st.lager_contains(keys[i], kZelleLeer)
  Actual: true
Expected: false
leere Lauf-Zelle begruendete einen Mess-SKIP fuer Kennung 1

/home/comdare/wt-ce-skip97/tests/unit/test_c14_messwert_presence_wache.cpp:114: Failure
Value of: st.lager_contains(keys[i], kZelleLeer)
  Actual: true
Expected: false
leere Lauf-Zelle begruendete einen Mess-SKIP fuer Kennung 2

/home/comdare/wt-ce-skip97/tests/unit/test_c14_messwert_presence_wache.cpp:118: Failure
Expected equality of these values:
  misses
    Which is: 0
  fenster
    Which is: 3
jede Kennung muss als 'nicht gemessen' gemeldet werden (konservativer Miss)

[  FAILED  ] C14MesswertPresenceWache.KoederKollabierterLeerZellenBestandSkipptNie (0 ms)
[ RUN      ] C14MesswertPresenceWache.GegeneingangBelegteZelleBleibtTreffer
[       OK ] C14MesswertPresenceWache.GegeneingangBelegteZelleBleibtTreffer (0 ms)
[ RUN      ] C14MesswertPresenceWache.TupelSchaerfeBeideRichtungen
[       OK ] C14MesswertPresenceWache.TupelSchaerfeBeideRichtungen (0 ms)
[----------] 3 tests from C14MesswertPresenceWache (0 ms total)

[----------] Global test environment tear-down
[==========] 3 tests from 1 test suite ran. (0 ms total)
[  PASSED  ] 2 tests.
[  FAILED  ] 1 test, listed below:
[  FAILED  ] C14MesswertPresenceWache.KoederKollabierterLeerZellenBestandSkipptNie

 1 FAILED TEST


0% tests passed, 1 tests failed out of 1

Label Time Summary:
bestandslog    =   0.00 sec*proc (1 test)
c14            =   0.00 sec*proc (1 test)
koeder         =   0.00 sec*proc (1 test)
messwert       =   0.00 sec*proc (1 test)
skip           =   0.00 sec*proc (1 test)
wachen         =   0.00 sec*proc (1 test)

Total Test time (real) =   0.01 sec

The following tests FAILED:
	513 - test_c14_messwert_presence_wache (Failed)         bestandslog c14 koeder messwert skip wachen
Errors while running CTest
CTEST RC=8
