== Z12 DELTA-GEGENPROBE 2026-08-24T08:08:16Z ==
-- Strang ed9f1a3c..f82dfaeb --
36	1	cmake/compiler_flags.cmake
5	0	libs/cache_engine/builder/build_orchestrator/build_orchestrator.hpp
2	1	libs/cache_engine/profile_facade/experiment_run_entry.hpp
2	1	libs/cache_engine/profile_facade/planner/experiment_plan_director.hpp
8	4	libs/cache_engine/profile_facade/profile_run_entry.hpp
15	8	libs/cache_engine/profile_facade/profile_run_facade.cpp
2	1	libs/cache_engine/profile_facade/validate_profile.hpp
23	5	libs/cache_engine/system_axes/optimization_level_sub_axis.hpp
17	3	scripts/ci_test_inventory_floor.txt
15	0	tests/unit/CMakeLists.txt
54	0	tests/unit/test_o2_standard_opt_default.cpp
5	3	tests/unit/test_striktheit_axis_dach_guard.cpp
2	1	tests/unit/thesis_tiere/planner_thesis_min.profile.xml
2	1	tests/unit/thesis_tiere/test_experiment_parser.cpp
3	3	tests/unit/thesis_tiere/test_experiment_plan_director.cpp
-- Landung 3841d717..943c70ee --
36	1	cmake/compiler_flags.cmake
5	0	libs/cache_engine/builder/build_orchestrator/build_orchestrator.hpp
2	1	libs/cache_engine/profile_facade/experiment_run_entry.hpp
2	1	libs/cache_engine/profile_facade/planner/experiment_plan_director.hpp
8	4	libs/cache_engine/profile_facade/profile_run_entry.hpp
15	8	libs/cache_engine/profile_facade/profile_run_facade.cpp
2	1	libs/cache_engine/profile_facade/validate_profile.hpp
23	5	libs/cache_engine/system_axes/optimization_level_sub_axis.hpp
23	3	scripts/ci_test_inventory_floor.txt
15	0	tests/unit/CMakeLists.txt
54	0	tests/unit/test_o2_standard_opt_default.cpp
5	3	tests/unit/test_striktheit_axis_dach_guard.cpp
2	1	tests/unit/thesis_tiere/planner_thesis_min.profile.xml
2	1	tests/unit/thesis_tiere/test_experiment_parser.cpp
3	3	tests/unit/thesis_tiere/test_experiment_plan_director.cpp
1	1	tools/axis_version_lock/axis_version.lock
-- comm-Gegenprobe der numstat-Zeilen (nur Datei+Zahlen) --
9c9
< 17	3	scripts/ci_test_inventory_floor.txt
---
> 23	3	scripts/ci_test_inventory_floor.txt
15a16
> 1	1	tools/axis_version_lock/axis_version.lock
diff-rc=1
