=============================================================================
 PRE-PUSH-LANDE-GATES: sechs Gates, fail-fast, Nenner je Gate
=============================================================================

BEREICH: origin/development..HEAD   (4 Commits)
  Basis:  3841d717   Spitze: 943c70ee

=============================================================================
 [1/6] DIFF-HYGIENE (ASCII + Spaltenbreite), KUMULATIV origin/development...HEAD
=============================================================================
=============================================================================
 DIFF-HYGIENE-WACHE: ASCII + Spaltenbreite  (scripts/ci_diff_ascii_width_guard.sh)
=============================================================================

MODUS: --bereich (KUMULATIV -- der ganze Stand, der nach 'origin/development' ginge,
       NICHT ein einzelner Push)
BEREICH (Teil der Aussage, nicht Beiwerk):
  BASIS      origin/development = 3841d7175086d5141fb28d6a401ae1ab4d137b30
  SPITZE     HEAD = 943c70ee52796da8dede7ace1bf3a370a0994d16
  ABZWEIGUNG (merge-base) = 3841d7175086d5141fb28d6a401ae1ab4d137b30
  4 Commit(s) im Bereich; 0 Commit(s) nur auf der BASIS (Divergenz).

MODUS: git diff selbst ausgefuehrt (Repo: /home/comdare/Projekte/Research/probst-diplomarbeit-cache-engine/Code/external/comdare-cache-engine)
ARGUMENTE: git diff -U0 --no-color --no-ext-diff 3841d7175086d5141fb28d6a401ae1ab4d137b30 943c70ee52796da8dede7ace1bf3a370a0994d16

VERSTOESSE (falls vorhanden):
  (keine)

-----------------------------------------------------------------------------
NENNER (nie eine nackte Null):
  198 Zusatzzeilen in selbst verfasstem Code geprueft, davon 0 Nicht-ASCII,
  davon 0 ueber 120 Spalten.
  198 Zusatzzeilen insgesamt im Diff; 0 davon uebersprungen.
  GEPRUEFT WIRD ALLES; VOLL ausgenommen sind genau zwei Klassen, je Datei
  unten mit GRUND benannt: Doku-Prosa *.md und Vendor-Baeume. *.xml ist NUR
  von der BREITEN-Regel frei (16.08.2026, s. Kopf) und bleibt ASCII-geprueft.
  Die frueher hier gedruckte Sammelbezeichnung "(Doku-Prosa/Sonstiges)" war
  irrefuehrend -- darunter lagen 143 getrackte *.sh mit 10.084 Zeilen Quelltext.
  VENDOR-AUSNAHME (nicht still): diese Baeume tragen COMDARE-VENDOR-PROVENANCE.md
  und werden als Fremdcode NICHT auf ASCII/Breite geprueft --
    - ext/io/liburing/
    - ext/io/libxlsxwriter/
    - ext/io/zlib/
  Eigener Code in diesen Baeumen (Wrapper, CMakeLists) liegt AUSSERHALB und
  wird weiter geprueft.
  GRENZE (ungedeckt, ausdruecklich): geprueft ist der ZUWACHS in diesem Diff,
  nicht der Bestand der beruehrten Dateien und nicht der des Baums. Wer ueber
  eine DATEI urteilen will, misst die Datei -- nicht diesen Bereich.
-----------------------------------------------------------------------------

DIFF-HYGIENE-WACHE: GRUEN.  KUMULATIV ueber 3841d7175086d5141fb28d6a401ae1ab4d137b30..943c70ee52796da8dede7ace1bf3a370a0994d16 (4 Commits)
GATE [1/6] GRUEN. NENNER: siehe Wachen-Ausgabe oben (Bereich, Dateien, Zusatzzeilen).

=============================================================================
 [2/6] CLANG-FORMAT -- CI-Formel-Paritaet (delegiert: vor_push_alle_wachen.sh --nur=format)
=============================================================================
=============================================================================
 VOR-PUSH-WACHE (--nur=format): NUR das Format-Gate, CI-Vollmenge
=============================================================================

=============================================================================
 [nur=format] CLANG-FORMAT -- CI-Formel-Paritaet (Vollmenge wie Job lint:format)
=============================================================================
WERKZEUG: /home/comdare/tools/cf22/usr/bin/clang-format-22 -- Version 22.1.8 (Pflicht ==22.1.8, Herkunft base-pipeline.yml:43 COMDARE_LLVM_VER)

VERSTOESSE (falls vorhanden):
  (keine)

-----------------------------------------------------------------------------
NENNER (nie eine nackte Null):
  2434 Dateien Vollmenge / 1983 geprueft, davon 0 abweichend.
  Formel (CI-paritaetisch, base-pipeline.yml:293): git ls-files -- libs apps tests adapters benchmark_suite benchmarks
  | Endungs-Regex (c|cc|cxx|cpp|h|hh|hxx|hpp) | Exclude-RE (base-pipeline.yml:59).
-----------------------------------------------------------------------------

=============================================================================
 NICHT VON DIESEM LAUF GEPRUEFT (--nur=format):
   * Diff-Hygiene (Wache 1) -- bereichsgebunden.
   * cppcheck (Wache 3)     -- eigener Voll-Scope-Lauf.
   Der volle Lauf vor dem Push bleibt Pflicht; dieses Verdikt gilt NUR dem Format.
=============================================================================

=============================================================================
VOR-PUSH-WACHE (--nur=format): GRUEN -- das Format-Gate ueber die CI-Vollmenge.
KEINE Aussage ueber die oben genannten ungeprueften Gates.
=============================================================================
GATE [2/6] GRUEN. NENNER: siehe Wachen-Ausgabe oben (Vollmenge/geprueft/abweichend).

=============================================================================
 [3/6] GITLEAKS -- Selbstbiss, dann Echt-Scan ueber origin/development..HEAD
=============================================================================
WERKZEUG: /home/comdare/.local/bin/gitleaks (Version 8.30.1), Config .gitleaks.toml
SELBSTBISS: gebissen (Koeder-Laenge 26, gitleaks-Exit 1) -- Werkzeug und Config sind scharf.
GATE [3/6] GRUEN. NENNER: 4 Commits, 41934 Bytes gescannt, 0 Funde;
  Selbstbiss davor: 1 Fund aus 1 Koeder (Pflicht).

=============================================================================
 [4/6] AXIS-VERSION-LOCK --check (Digest-Tripwire gegen axis_version.lock)
=============================================================================
WERKZEUG: build-l1/tools/axis_version_lock/comdare_axis_version_lock
axis_version_lock: BESTAND heuristik discovered=6 traeger=6 (nenner: alle *.hpp unter libs/cache_engine/heuristik)
axis_version_lock: BESTAND organ discovered=640 traeger=122 forwarder_prosa=518 multi=1 (nenner: Quell-Dateien der organ-Eintraege des Overlay-Schnitts, builder/overlay_source_set.hpp)
axis_version_lock: BESTAND system discovered=16 traeger=1 forwarder_prosa=15 multi=0 (nenner: Quell-Dateien der system-Eintraege des Overlay-Schnitts, builder/overlay_source_set.hpp)
axis_version_lock: BESTAND mess discovered=1 traeger=0 forwarder_prosa=1 multi=0 (nenner: Quell-Dateien der mess-Eintraege des Overlay-Schnitts, builder/overlay_source_set.hpp)
axis_version_lock: BESTAND tier_substanz discovered=55 traeger=3 forwarder_prosa=52 multi=0 (nenner: Quell-Dateien der tier_substanz-Eintraege des Overlay-Schnitts, builder/overlay_source_set.hpp)
axis_version_lock: BESTAND overlay gesamt=712 traeger=126 (nenner: ALLE Quell-Dateien des Overlay-Schnitts -- die Menge, ueber die das Overlay-Glied [7] hasht)
axis_version_lock: GRUEN bestand konsistent -- 718 Dateien (heuristik=6, organ=640, system=16, mess=1, tier_substanz=55) -- deckt 712 von 712 Overlay-Quellen (Schnitt: builder/overlay_source_set.hpp)
NENNER: Tool-Exit 0, 0 ROT-Befund(e), 6 BESTAND-Zeile(n).
GATE [4/6] GRUEN.

=============================================================================
 [5/6] FLOOR-SCANNER (ctest -N gegen scripts/ci_test_inventory_floor.txt, EXAKT)
=============================================================================
NENNER: Inventur 545 (ctest -N, build-l1) gegen Anker 545 (Klasse avx512f, scripts/ci_test_inventory_floor.txt).
GATE [5/6] GRUEN: 545 == 545 (exakt).

=============================================================================
 [6/6] TABU-CRC-PROBE (golden_fullpilot_320* + permutation_axes.xml + CRC-Anker)
=============================================================================
GATE [6/6] GRUEN. NENNER: 5 Dateien byteidentisch, Anker 1x in libs/cache_engine/profile_facade/source_catalog.hpp,
  0 TABU-Beruehrungen in 4 Commits (origin/development..HEAD).

=============================================================================
PRE-PUSH-LANDE-GATES: GRUEN -- alle sechs Gates ueber diesem Baum.
KEINE Aussage ueber: Bau/ctest-Lauf, cppcheck, Abdeckungs-Wache (s. GRENZEN im Kopf).
=============================================================================
