KOMBIBAU-Z12 ENDSTAND b3dc3e93 2026-08-24T07:27:44Z
===== ZELLE gcc-rel (gcc-15/Release) START 07:27:44 =====
-- Schritt 1: Configure --
-- Schritt 2: 7 Werkzeuge + Facade bauen --
-- Schritt 3: RE-CONFIGURE --
-- Schritt 4: Vollbau (all) --
-- Schritt 5: comdare_tests --
-- Schritt 6: ctest --
100% tests passed, 0 tests failed out of 545
ZELLE gcc-rel GRUEN
/dev/nvme0n1p2  251G  214G   25G  90% /
===== ZELLE clang-rel (clang-22/Release) START 07:32:12 =====
-- Schritt 1: Configure --
-- Schritt 2: 7 Werkzeuge + Facade bauen --
-- Schritt 3: RE-CONFIGURE --
-- Schritt 4: Vollbau (all) --
-- Schritt 5: comdare_tests --
-- Schritt 6: ctest --
100% tests passed, 0 tests failed out of 545
ZELLE clang-rel GRUEN
/dev/nvme0n1p2  251G  214G   25G  90% /
===== ZELLE gcc-dbg (gcc-15/Debug) START 07:36:44 =====
-- Schritt 1: Configure --
-- Schritt 2: 7 Werkzeuge + Facade bauen --
-- Schritt 3: RE-CONFIGURE --
-- Schritt 4: Vollbau (all) --
-- Schritt 5: comdare_tests --
-- Schritt 6: ctest --
100% tests passed, 0 tests failed out of 545
ZELLE gcc-dbg GRUEN
/dev/nvme0n1p2  251G  214G   25G  90% /
===== ZELLE clang-dbg (clang-22/Debug) START 07:40:15 =====
-- Schritt 1: Configure --
-- Schritt 2: 7 Werkzeuge + Facade bauen --
-- Schritt 3: RE-CONFIGURE --
-- Schritt 4: Vollbau (all) --
-- Schritt 5: comdare_tests --
-- Schritt 6: ctest --
100% tests passed, 0 tests failed out of 545
ZELLE clang-dbg GRUEN
/dev/nvme0n1p2  251G  214G   25G  90% /
KOMBIBAU-Z12-ENDE FAIL=0 2026-08-24T07:43:16Z
