ninja: Entering directory `build/gcc-release'
[0/2] Re-checking globbed directories...
[1/24] Generating CXX dyndep file tools/overlay_source_hash_gen/CMakeFiles/comdare_overlay_source_hash_gen.dir/CXX.dd
[2/22] comdare E-E: Overlay-Quell-Hash (Glied [7] des Tier-Fingerprints)
[overlay_source_hash_gen] 712 Dateien, 3420405 Bytes, sha512=9c3a0bb29a31a523... (unveraendert)
[3/22] Generating CXX dyndep file apps/is_original_validator/CMakeFiles/is_original_validator.dir/CXX.dd
[4/7] Scanning /home/comdare/wt-ce-ph89/tests/unit/test_ph89_paper_prueflinge.cpp for CXX dependencies
[5/7] Generating CXX dyndep file tests/unit/CMakeFiles/test_ph89_paper_prueflinge.dir/CXX.dd
[6/7] Building CXX object tests/unit/CMakeFiles/test_ph89_paper_prueflinge.dir/test_ph89_paper_prueflinge.cpp.o
FAILED: [code=1] tests/unit/CMakeFiles/test_ph89_paper_prueflinge.dir/test_ph89_paper_prueflinge.cpp.o 
/usr/bin/g++ -DCOMDARE_A03A_IS_ORIGINAL_CODEGEN=1 -DCOMDARE_A06_IS_ORIGINAL_CODEGEN=1 -DCOMDARE_AQ1_IS_ORIGINAL_CODEGEN=1 -DCOMDARE_ARCH_NAME=\"x86_64\" -DCOMDARE_ARCH_X86_64=1 -DCOMDARE_BLOCK_AO_PLATFORM_NAME=\"unknown\" -DCOMDARE_CACHE_LINE_SIZE=64 -DCOMDARE_CE_ALGORITHM_PROFILES_DIR=\"/home/comdare/wt-ce-ph89/libs/cache_engine/algorithm_profiles\" -DCOMDARE_CE_ENABLE_STATISTICS=1 -DCOMDARE_EXPERIMENT_MODE_ON=1 -DCOMDARE_MEASUREMENT_ON=1 -DCOMDARE_OS_LINUX=1 -DCOMDARE_OS_NAME=\"Linux\" -DCOMDARE_TEST_TMP_BUILD_TAG=\"6def911a5dc1\" -I/home/comdare/wt-ce-ph89/build/gcc-release/generated -I/home/comdare/wt-ce-ph89/libs/cache_engine -I/home/comdare/wt-ce-ph89/libs/cache_engine/include -I/home/comdare/wt-ce-ph89/libs/cache_engine/src -I/home/comdare/wt-ce-ph89/libs/cache_engine/builder -I/home/comdare/wt-ce-ph89/libs/common -I/home/comdare/wt-ce-ph89/libs/common/serialization -I/home/comdare/wt-ce-ph89/build/gcc-release/generated/topics/allocator/axis_06_allocator -I/home/comdare/wt-ce-ph89/build/gcc-release/generated/topics/concurrency/axis_08_concurrency -I/home/comdare/wt-ce-ph89/build/gcc-release/generated/topics/filter/axis_filter -I/home/comdare/wt-ce-ph89/build/gcc-release/generated/topics/hardware/axis_09_isa -I/home/comdare/wt-ce-ph89/build/gcc-release/generated/topics/hardware/axis_09b_simd_extension -I/home/comdare/wt-ce-ph89/build/gcc-release/generated/topics/hardware/axis_12_general_hardware -I/home/comdare/wt-ce-ph89/build/gcc-release/generated/topics/io/axis_io -I/home/comdare/wt-ce-ph89/build/gcc-release/generated/topics/io/axis_persistence_target -I/home/comdare/wt-ce-ph89/build/gcc-release/generated/topics/memory_layout/axis_05_memory_layout -I/home/comdare/wt-ce-ph89/build/gcc-release/generated/topics/migration/axis_migration -I/home/comdare/wt-ce-ph89/build/gcc-release/generated/topics/nodes/axis_01_page_type -I/home/comdare/wt-ce-ph89/build/gcc-release/generated/topics/nodes/axis_02_path_compression -I/home/comdare/wt-ce-ph89/build/gcc-release/generated/topics/nodes/axis_04_node_type -I/home/comdare/wt-ce-ph89/build/gcc-release/generated/topics/nodes/axis_bst_shape -I/home/comdare/wt-ce-ph89/build/gcc-release/generated/topics/nodes/axis_btree_order -I/home/comdare/wt-ce-ph89/build/gcc-release/generated/topics/nodes/axis_hash_probe_shape -I/home/comdare/wt-ce-ph89/build/gcc-release/generated/topics/nodes/axis_skip_list_shape -I/home/comdare/wt-ce-ph89/build/gcc-release/generated/topics/prefetch/axis_07_prefetch -I/home/comdare/wt-ce-ph89/build/gcc-release/generated/topics/search_engine/axis_01_index_organization -I/home/comdare/wt-ce-ph89/build/gcc-release/generated/topics/sequence/axis_growth -I/home/comdare/wt-ce-ph89/build/gcc-release/generated/topics/serialization/axis_10_serialization -I/home/comdare/wt-ce-ph89/build/gcc-release/generated/topics/telemetry/axis_11_telemetry -I/home/comdare/wt-ce-ph89/build/gcc-release/generated/topics/traversal/axis_03a_search_algo -I/home/comdare/wt-ce-ph89/build/gcc-release/generated/topics/traversal/axis_03b_cache_traversal -I/home/comdare/wt-ce-ph89/build/gcc-release/generated/topics/traversal/axis_03m_mapping -I/home/comdare/wt-ce-ph89/build/gcc-release/generated/topics/value_handle/axis_14_value_handle -I/home/comdare/wt-ce-ph89/build/gcc-release/generated/organ_axes/alloc -I/home/comdare/wt-ce-ph89/build/gcc-release/generated/organ_axes/axis_q1_queuing -I/home/comdare/wt-ce-ph89/build/gcc-release/generated/organ_axes/axis_q2_queuing -I/home/comdare/wt-ce-ph89/build/gcc-release/generated/organ_axes/cache_traversal -I/home/comdare/wt-ce-ph89/build/gcc-release/generated/organ_axes/cacheline -I/home/comdare/wt-ce-ph89/build/gcc-release/generated/organ_axes/concurrency_axis -I/home/comdare/wt-ce-ph89/build/gcc-release/generated/organ_axes/filter_axis -I/home/comdare/wt-ce-ph89/build/gcc-release/generated/organ_axes/index_organization -I/home/comdare/wt-ce-ph89/build/gcc-release/generated/organ_axes/io_dispatch -I/home/comdare/wt-ce-ph89/build/gcc-release/generated/organ_axes/layout -I/home/comdare/wt-ce-ph89/build/gcc-release/generated/organ_axes/lookup -I/home/comdare/wt-ce-ph89/build/gcc-release/generated/organ_axes/mapping -I/home/comdare/wt-ce-ph89/build/gcc-release/generated/organ_axes/migration_policy -I/home/comdare/wt-ce-ph89/build/gcc-release/generated/organ_axes/node -I/home/comdare/wt-ce-ph89/build/gcc-release/generated/organ_axes/path_compression -I/home/comdare/wt-ce-ph89/build/gcc-release/generated/organ_axes/persistence_target -I/home/comdare/wt-ce-ph89/build/gcc-release/generated/organ_axes/prefetch_axis -I/home/comdare/wt-ce-ph89/build/gcc-release/generated/organ_axes/serialization_axis -I/home/comdare/wt-ce-ph89/build/gcc-release/generated/organ_axes/simd -I/home/comdare/wt-ce-ph89/build/gcc-release/generated/organ_axes/telemetry_axis -I/home/comdare/wt-ce-ph89/build/gcc-release/generated/organ_axes/value_handle_axis -I/home/comdare/wt-ce-ph89/libs/common/serialization/xml_config_parser/.. -I/home/comdare/wt-ce-ph89/cmake/../cmake/third_party/boost_mp11/include -isystem /home/comdare/wt-ce-ph89/build/gcc-release/_deps/googletest-src/googletest/include -isystem /home/comdare/wt-ce-ph89/build/gcc-release/_deps/googletest-src/googletest -O3 -DNDEBUG -std=c++23 -Wall -Wextra -Wpedantic -Wshadow -Wnon-virtual-dtor -Wcast-align -Wold-style-cast -Woverloaded-virtual -Wmissing-declarations -Werror=non-virtual-dtor -Werror=overloaded-virtual -Werror=pedantic -Werror=old-style-cast -O3 -MD -MT tests/unit/CMakeFiles/test_ph89_paper_prueflinge.dir/test_ph89_paper_prueflinge.cpp.o -MF tests/unit/CMakeFiles/test_ph89_paper_prueflinge.dir/test_ph89_paper_prueflinge.cpp.o.d -fmodules-ts -fmodule-mapper=tests/unit/CMakeFiles/test_ph89_paper_prueflinge.dir/test_ph89_paper_prueflinge.cpp.o.modmap -MD -fdeps-format=p1689r5 -x c++ -o tests/unit/CMakeFiles/test_ph89_paper_prueflinge.dir/test_ph89_paper_prueflinge.cpp.o -c /home/comdare/wt-ce-ph89/tests/unit/test_ph89_paper_prueflinge.cpp
/home/comdare/wt-ce-ph89/tests/unit/test_ph89_paper_prueflinge.cpp: In member function ‘virtual void {anonymous}::Ph89PaperPruefling_BegriffsAliasDeklarierteGleichheit_Test::TestBody()’:
/home/comdare/wt-ce-ph89/tests/unit/test_ph89_paper_prueflinge.cpp:91:51: error: static assertion failed
   91 |     static_assert(tlz::begriff_kanonisch("node4") == "SPARSE_NODE4_ART");
      |                   ~~~~~~~~~~~~~~~~~~~~~~~~~~~~~~~~^~~~~~~~~~~~~~~~~~~~~
/home/comdare/wt-ce-ph89/tests/unit/test_ph89_paper_prueflinge.cpp:92:62: error: static assertion failed
   92 |     static_assert(tlz::begriff_kanonisch("SPARSE_NODE4_ART") == "SPARSE_NODE4_ART"); // Kanon = Fixpunkt
      |                   ~~~~~~~~~~~~~~~~~~~~~~~~~~~~~~~~~~~~~~~~~~~^~~~~~~~~~~~~~~~~~~~~
/home/comdare/wt-ce-ph89/tests/unit/test_ph89_paper_prueflinge.cpp:98:47: error: static assertion failed
   98 |     static_assert(tlz::begriff_kanonisch("w") == "wallclock");
      |                   ~~~~~~~~~~~~~~~~~~~~~~~~~~~~^~~~~~~~~~~~~~
/home/comdare/wt-ce-ph89/tests/unit/test_ph89_paper_prueflinge.cpp:99:53: error: static assertion failed
   99 |     static_assert(tlz::begriff_kanonisch("compare") == "wallclock");
      |                   ~~~~~~~~~~~~~~~~~~~~~~~~~~~~~~~~~~^~~~~~~~~~~~~~
/home/comdare/wt-ce-ph89/tests/unit/test_ph89_paper_prueflinge.cpp:100:48: error: static assertion failed
  100 |     static_assert(tlz::begriff_kanonisch("ma") == "macro");
      |                   ~~~~~~~~~~~~~~~~~~~~~~~~~~~~~^~~~~~~~~~
/home/comdare/wt-ce-ph89/tests/unit/test_ph89_paper_prueflinge.cpp:101:48: error: static assertion failed
  101 |     static_assert(tlz::begriff_kanonisch("mi") == "micro");
      |                   ~~~~~~~~~~~~~~~~~~~~~~~~~~~~~^~~~~~~~~~
/home/comdare/wt-ce-ph89/tests/unit/test_ph89_paper_prueflinge.cpp:105:51: error: static assertion failed
  105 |     static_assert(tlz::begriff_kanonisch("node4") == nmg::kanon_of("organ_baustein", "node4"));
      |                   ~~~~~~~~~~~~~~~~~~~~~~~~~~~~~~~~^~~~~~~~~~~~~~~~~~~~~~~~~~~~~~~~~~~~~~~~~~~
/home/comdare/wt-ce-ph89/tests/unit/test_ph89_paper_prueflinge.cpp:106:47: error: static assertion failed
  106 |     static_assert(tlz::begriff_kanonisch("w") == nmg::kanon_of("mess_ebene", "w"));
      |                   ~~~~~~~~~~~~~~~~~~~~~~~~~~~~^~~~~~~~~~~~~~~~~~~~~~~~~~~~~~~~~~~
/home/comdare/wt-ce-ph89/tests/unit/test_ph89_paper_prueflinge.cpp:107:53: error: static assertion failed
  107 |     static_assert(tlz::begriff_kanonisch("compare") == nmg::kanon_of("mess_ebene", "compare"));
      |                   ~~~~~~~~~~~~~~~~~~~~~~~~~~~~~~~~~~^~~~~~~~~~~~~~~~~~~~~~~~~~~~~~~~~~~~~~~~~
/home/comdare/wt-ce-ph89/tests/unit/test_ph89_paper_prueflinge.cpp:108:48: error: static assertion failed
  108 |     static_assert(tlz::begriff_kanonisch("ma") == nmg::kanon_of("mess_ebene", "ma"));
      |                   ~~~~~~~~~~~~~~~~~~~~~~~~~~~~~^~~~~~~~~~~~~~~~~~~~~~~~~~~~~~~~~~~~
/home/comdare/wt-ce-ph89/tests/unit/test_ph89_paper_prueflinge.cpp:109:48: error: static assertion failed
  109 |     static_assert(tlz::begriff_kanonisch("mi") == nmg::kanon_of("mess_ebene", "mi"));
      |                   ~~~~~~~~~~~~~~~~~~~~~~~~~~~~~^~~~~~~~~~~~~~~~~~~~~~~~~~~~~~~~~~~~
ninja: build stopped: subcommand failed.
