[1/60] Scanning /home/comdare/Projekte/Research/comdare-prt-art/tests/unit/test_prefetch_strategies.cpp for CXX dependencies
[2/60] Scanning /home/comdare/Projekte/Research/comdare-prt-art/tests/unit/test_value_handle.cpp for CXX dependencies
[3/60] Scanning /home/comdare/Projekte/Research/comdare-prt-art/tests/unit/test_lizenz_konsistenz.cpp for CXX dependencies
[4/60] Scanning /home/comdare/Projekte/Research/comdare-prt-art/tests/unit/test_memory_layout.cpp for CXX dependencies
[5/60] Scanning /home/comdare/Projekte/Research/comdare-prt-art/tests/unit/test_allocator_pools.cpp for CXX dependencies
[6/60] Scanning /home/comdare/Projekte/Research/comdare-prt-art/tests/unit/test_serialization_and_buffer.cpp for CXX dependencies
[7/60] Scanning /home/comdare/Projekte/Research/comdare-prt-art/tests/unit/test_measurement.cpp for CXX dependencies
[8/60] Generating CXX dyndep file tests/unit/CMakeFiles/test_value_handle.dir/CXX.dd
[9/60] Generating CXX dyndep file tests/unit/CMakeFiles/test_allocator_pools.dir/CXX.dd
[10/60] Generating CXX dyndep file tests/unit/CMakeFiles/test_memory_layout.dir/CXX.dd
[11/60] Scanning /home/comdare/Projekte/Research/comdare-prt-art/tests/unit/test_internal_search.cpp for CXX dependencies
[12/60] Scanning /home/comdare/Projekte/Research/comdare-prt-art/tests/unit/test_olc_with_reserved_blocks.cpp for CXX dependencies
[13/60] Scanning /home/comdare/Projekte/Research/comdare-prt-art/tests/unit/test_prt_art_nodes.cpp for CXX dependencies
[14/60] Generating CXX dyndep file tests/unit/CMakeFiles/test_prefetch_strategies.dir/CXX.dd
[15/60] Generating CXX dyndep file tests/unit/CMakeFiles/test_measurement.dir/CXX.dd
[16/60] Generating CXX dyndep file tests/unit/CMakeFiles/test_olc_with_reserved_blocks.dir/CXX.dd
[17/60] Generating CXX dyndep file tests/unit/CMakeFiles/test_serialization_and_buffer.dir/CXX.dd
[18/60] Generating CXX dyndep file tests/unit/CMakeFiles/test_internal_search.dir/CXX.dd
[19/60] Generating CXX dyndep file tests/unit/CMakeFiles/test_prt_art_nodes.dir/CXX.dd
[20/60] Generating CXX dyndep file tests/unit/CMakeFiles/test_lizenz_konsistenz.dir/CXX.dd
[21/60] Scanning /home/comdare/Projekte/Research/comdare-prt-art/tests/unit/test_prt_art_identity.cpp for CXX dependencies
[22/60] Generating CXX dyndep file tests/unit/CMakeFiles/test_prt_art_identity.dir/CXX.dd
[23/60] Scanning /home/comdare/Projekte/Research/comdare-prt-art/tests/unit/test_default_lookup_registry.cpp for CXX dependencies
[24/60] Scanning /home/comdare/Projekte/Research/comdare-prt-art/tests/unit/test_leaf_only_counter.cpp for CXX dependencies
[25/60] Generating CXX dyndep file tests/unit/CMakeFiles/test_default_lookup_registry.dir/CXX.dd
[26/60] Generating CXX dyndep file tests/unit/CMakeFiles/test_leaf_only_counter.dir/CXX.dd
[27/60] Building CXX object _deps/googletest-build/googletest/CMakeFiles/gtest_main.dir/src/gtest_main.cc.o
[28/60] Building CXX object _deps/googletest-build/googlemock/CMakeFiles/gmock_main.dir/src/gmock_main.cc.o
[29/60] Building CXX object tests/unit/CMakeFiles/test_allocator_pools.dir/test_allocator_pools.cpp.o
[30/60] Building CXX object tests/unit/CMakeFiles/test_prefetch_strategies.dir/test_prefetch_strategies.cpp.o
[31/60] Building CXX object tests/unit/CMakeFiles/test_prt_art_nodes.dir/test_prt_art_nodes.cpp.o
[32/60] Building CXX object tests/unit/CMakeFiles/test_olc_with_reserved_blocks.dir/test_olc_with_reserved_blocks.cpp.o
[33/60] Building CXX object tests/unit/CMakeFiles/test_measurement.dir/test_measurement.cpp.o
[34/60] Building CXX object tests/unit/CMakeFiles/test_memory_layout.dir/test_memory_layout.cpp.o
[35/60] Building CXX object tests/unit/CMakeFiles/test_value_handle.dir/test_value_handle.cpp.o
[36/60] Building CXX object tests/unit/CMakeFiles/test_internal_search.dir/test_internal_search.cpp.o
[37/60] Building CXX object tests/unit/CMakeFiles/test_default_lookup_registry.dir/test_default_lookup_registry.cpp.o
[38/60] Building CXX object _deps/googletest-build/googlemock/CMakeFiles/gmock.dir/src/gmock-all.cc.o
[39/60] Building CXX object tests/unit/CMakeFiles/test_serialization_and_buffer.dir/test_serialization_and_buffer.cpp.o
/home/comdare/Projekte/Research/comdare-prt-art/tests/unit/test_serialization_and_buffer.cpp: In member function ‘virtual void LinearValueBuffer_ShouldCompactBelowThreshold_Test::TestBody()’:
/home/comdare/Projekte/Research/comdare-prt-art/tests/unit/test_serialization_and_buffer.cpp:145:41: warning: ignoring return value of ‘uint64_t comdare::prt_art::value_buffer::LinearValueBuffer::append(std::span<const std::byte>)’, declared with attribute ‘nodiscard’ [-Wunused-result]
  145 |     for (int i = 0; i < 5; ++i) b.append(std::span<std::byte const>(v.data(), v.size()));
      |                                 ~~~~~~~~^~~~~~~~~~~~~~~~~~~~~~~~~~~~~~~~~~~~~~~~~~~~~~~~
In file included from /home/comdare/Projekte/Research/comdare-prt-art/tests/unit/test_serialization_and_buffer.cpp:5:
/home/comdare/Projekte/Research/comdare-prt-art/prt_art/include/prt_art/value_buffer/linear_value_buffer.hpp:25:33: note: declared here
   25 |     [[nodiscard]] std::uint64_t append(std::span<std::byte const> payload) {
      |                                 ^~~~~~
/home/comdare/Projekte/Research/comdare-prt-art/tests/unit/test_serialization_and_buffer.cpp: In member function ‘virtual void LinearValueBuffer_ShouldCompactAboveThreshold_Test::TestBody()’:
/home/comdare/Projekte/Research/comdare-prt-art/tests/unit/test_serialization_and_buffer.cpp:153:41: warning: ignoring return value of ‘uint64_t comdare::prt_art::value_buffer::LinearValueBuffer::append(std::span<const std::byte>)’, declared with attribute ‘nodiscard’ [-Wunused-result]
  153 |     for (int i = 0; i < 5; ++i) b.append(std::span<std::byte const>(v.data(), v.size()));
      |                                 ~~~~~~~~^~~~~~~~~~~~~~~~~~~~~~~~~~~~~~~~~~~~~~~~~~~~~~~~
/home/comdare/Projekte/Research/comdare-prt-art/prt_art/include/prt_art/value_buffer/linear_value_buffer.hpp:25:33: note: declared here
   25 |     [[nodiscard]] std::uint64_t append(std::span<std::byte const> payload) {
      |                                 ^~~~~~
[40/60] Building CXX object tests/unit/CMakeFiles/test_leaf_only_counter.dir/test_leaf_only_counter.cpp.o
[41/60] Building CXX object tests/unit/CMakeFiles/test_lizenz_konsistenz.dir/test_lizenz_konsistenz.cpp.o
[42/60] Building CXX object tests/unit/CMakeFiles/test_prt_art_identity.dir/test_prt_art_identity.cpp.o
[43/60] Building CXX object _deps/googletest-build/googletest/CMakeFiles/gtest.dir/src/gtest-all.cc.o
[44/60] Linking CXX static library lib/libgtest.a
[45/60] Linking CXX static library lib/libgmock.a
[46/60] Linking CXX static library lib/libgtest_main.a
[47/60] Linking CXX static library lib/libgmock_main.a
[48/60] Linking CXX executable tests/unit/test_measurement
[49/60] Linking CXX executable tests/unit/test_prt_art_nodes
[50/60] Linking CXX executable tests/unit/test_allocator_pools
[51/60] Linking CXX executable tests/unit/test_olc_with_reserved_blocks
[52/60] Linking CXX executable tests/unit/test_value_handle
[53/60] Linking CXX executable tests/unit/test_internal_search
[54/60] Linking CXX executable tests/unit/test_lizenz_konsistenz
[55/60] Linking CXX executable tests/unit/test_serialization_and_buffer
[56/60] Linking CXX executable tests/unit/test_memory_layout
[57/60] Linking CXX executable tests/unit/test_prefetch_strategies
[58/60] Linking CXX executable tests/unit/test_prt_art_identity
[59/60] Linking CXX executable tests/unit/test_default_lookup_registry
[60/60] Linking CXX executable tests/unit/test_leaf_only_counter
