=== ls -la for both axis_06 copies (symlink check) ===
-rw-rw-r-- 1 comdare comdare 18744 Aug  5 02:49 /home/comdare/Projekte/Research/probst-diplomarbeit-cache-engine/Code/external/comdare-cache-engine/libs/cache_engine/axes/alloc/axis_06_allocator_strategy_base.hpp
-rw-r--r-- 1 comdare comdare 183 Jul  5 22:00 /home/comdare/Projekte/Research/probst-diplomarbeit-cache-engine/Code/external/comdare-cache-engine/libs/cache_engine/topics/allocator/axis_06_allocator/axis_06_allocator_strategy_base.hpp
=== diff the two ===
2,286c2,5
< // V41.F.6.1.A CRTP-Basis-Klasse fuer Allocator-Achse 6 (2026-05-25, W1-revidiert)
< //
< // @topic allocator
< // @achse 6
< // @stand V41.F.6.1.A
< //
< // CRTP-Basis-Klasse mit Concept-Guard fuer alle Allokator-Familien.
< //
< // Pattern (siehe docs/architektur/11_konzept_achsen_extension_visitor_pattern.md §3.6):
< //   - static_assert Concept-Check im Konstruktor (NICHT als template-constraint —
< //     wegen CRTP-Henne-Ei: Derived ist incomplete bei Basis-Instantiation)
< //   - Default-Methoden via CRTP-Inlining (Zero-Cost, KEINE virtual)
< //
< // API ist Standard-konform (PMR-Naming):
< //   - allocate(bytes, alignment)
< //   - deallocate(p, bytes, alignment)  noexcept
< //
< // Vendor-spezifische Sub-Refinements (calloc/realloc/usable_size/...) sind als
< // separate Concepts vorhanden (siehe concepts/axis_06_allocator_*_strategy_concept.hpp).
< 
< #include "concepts/axis_06_allocator_concept.hpp"
< #include "concepts/axis_06_allocator_cache_engine_permutation_concept.hpp"
< #include "axis_06_allocator_subaxes_aa1_to_aa7.hpp"
< #include "alloc_hw_config.hpp" // F-B: NUMA/Page->allocator-Unterachse (GO4/#8, 2026-07-12)
< #include <topics/axis_base.hpp>
< #include <topics/organ_axis.hpp> // INC-1a: OrganAxis<Derived> = topics::Axis-Dach + AxisBase (axis_kind()==organ)
< #include <topics/organ_axis_error_classes.hpp> // FK-5: der Fehlerraum neben dem Versionsraum
< #include <axes/cacheline/cacheline_config.hpp> // KF-5: per-Organ Cache-Line-Unterachse
< 
< #include <concepts>
< #include <cstddef>
< #include <memory_resource>
< #include <new> // Posten 64: std::bad_alloc -- der Standard-Allokator-Vertrag des StdAllocatorAdapter
< #include <type_traits>
< 
< namespace comdare::cache_engine::alloc {
< 
< /**
<  * @brief AllocatorStrategyBase - CRTP-Basis fuer alle Allokator-Familien
<  * @topic allocator
<  * @achse 6
<  *
<  * HINWEIS V41.F.6.1.A: Template-Constraint `requires AllocatorStrategy<Derived>` ist
<  * bei CRTP NICHT moeglich — Derived ist zur Zeit der Basis-Klassen-Instanziierung
<  * noch incomplete. Loesung: Concept-Check NUR per static_assert im Konstruktor
<  * (Derived ist dann vollstaendig).
<  *
<  * **CRTP-Pattern:** Default-Methoden delegieren via static_cast an Derived.
<  * Compile-Time-Polymorphie, KEINE virtual call, Inlining-faehig.
<  *
<  * **V41.F.6.1.R7.4 (2026-05-29):** Adapter-Methoden as_std_allocator<T>() + as_pmr_resource()
<  * implementiert (vorher static_assert-Stubs). Beide liefern WERT-basierte Adapter, die an die
<  * allocate/deallocate-API der Strategie weiterleiten — KEINE Basis-Datenmember (Empty-Base-
<  * Optimization + Wrapper-Groesse bleiben erhalten; der Adapter haelt nur einen Derived*).
<  */
< // KF-5 (2026-06-02): zusätzlicher defaulted NTTP CacheLineCfg + Erbe von CacheLineAware<Cfg> — macht JEDEN
< // Allokator-Wrapper cacheline-fähig (cacheline_config/cacheline_alignment/cacheline_prefetch). Default {} =
< // B64/None/None = unverändertes Verhalten (nicht-brechend, ODR-sicher: Default ist ein Literal, kein Makro).
< // Die per-Binary-Bäckung wählt der Codegen über eine DISTINKTE Organ-Instanz (KF-6/KF-8), nicht über den Default.
< // F-B (GO4/#8, 2026-07-12): dritter defaulted NTTP AllocHwCfg + AllocHwAware<Cfg> → jeder Allokator-Wrapper
< // trägt die NUMA/Page-Unterachse (alloc_hw.numa_node {auto,0,1} / alloc_hw.page {4k,2m}; alloc_hw_config.hpp).
< // Default {} = Auto/Native = keine Vorgabe → Verhalten/Bytes unverändert (exakt das KF-5-/node_width-Muster:
< // Blätter bleiben konkrete Klassen, Registry-mp_list unberührt, golden-/Gate-1-neutral). Konsum:
< // axis_06_allocator_numalloc.hpp (Node-Bindung) + axis_06_allocator_pool_resource.hpp (Page-Hint→pool_options).
< template <typename Derived,
<           ::comdare::cache_engine::cacheline::CacheLineConfig CacheLineCfg =
<               ::comdare::cache_engine::cacheline::CacheLineConfig{},
<           AllocHwConfig AllocHwCfg = AllocHwConfig{}>
< class AllocatorStrategyBase : public ::comdare::cache_engine::topics::OrganAxis<Derived>,
<                               public ::comdare::cache_engine::cacheline::CacheLineAware<CacheLineCfg>,
<                               public AllocHwAware<AllocHwCfg> {
< public:
<     /// Concept-Check im Konstruktor: Pflicht-Set AllocatorStrategy + CacheEnginePermutationStrategy + AxisBase
<     constexpr AllocatorStrategyBase() noexcept {
<         // Inkrementeller Tier-Binary-Cache (Bauplan §2): Pflicht-algo_version je Kompositions-Organ-Variante — ohne
<         // sie kann der Rebuild-/Neu-Mess-Selektor die Binary nicht organ-genau invalidieren. CRTP-Ctor-Guard;
<         // universell zusaetzlich via build_axis_variant_version_table() (Typ-Ebene, alle 17 Kompositions-Registries).
<         static_assert(
<             requires { Derived::algo_version; },
<             "Kompositions-Organ-Variante ohne 'static constexpr std::string_view algo_version' "
<             "(Bauplan §2): Rebuild-Selektor kann nicht organ-genau invalidieren.");
< 
<         // FK-5 (E-24 C9): der Fehlerraum-Zwilling der Versions-Wache darueber -- existiert die
<         // Deklaration, und ist sie nicht leer? Beides bricht compile-hart MIT dem Typ-Namen.
<         ::comdare::cache_engine::topics::assert_organ_axis_error_classes<Derived>();
<         static_assert(concepts::AllocatorStrategy<Derived>, "Derived must satisfy AllocatorStrategy concept "
<                                                             "(see concepts/axis_06_allocator_concept.hpp)");
<         static_assert(concepts::CacheEnginePermutationStrategy<Derived>,
<                       "Derived must satisfy CacheEnginePermutationStrategy concept "
<                       "(see concepts/axis_06_allocator_cache_engine_permutation_concept.hpp)");
<         static_assert(
<             ::comdare::cache_engine::topics::AxisBaseConcept<Derived>,
<             "Derived must satisfy AxisBaseConcept (get_compiler() Pflicht-API). "
<             "AllocatorStrategyBase erbt AxisBase via OrganAxis — Derived bekommt Default 'original' automatisch.");
<         static_assert(::comdare::cache_engine::topics::OrganAxisConcept<Derived>,
<                       "Derived must satisfy OrganAxisConcept: Organ-Achse unterm gemeinsamen Dach topics::Axis "
<                       "(axis_kind()==organ, EBO-neutral). INC-1a: AllocatorStrategyBase haengt via OrganAxis am Dach.");
<     }
< 
<     // ───────────────────────────────────────────────────────────────────────
<     // V41.F.6.1.P2.C ENTFERNT: has_original_paper_code + is_original_module
<     // Kommen jetzt generisch via AxisBase Default (is_original_module = false).
<     // Paper-Wrappers (z.B. MimallocAllocator) ueberschreiben via Mixin-Inheritance.
<     // ───────────────────────────────────────────────────────────────────────
< 
<     // ───────────────────────────────────────────────────────────────────────
<     // V41.F.6.1.R7.4 Cross-Axis-Default resource_ownership() ([[cross-axis-defaults-no-bloat]]):
<     // Das Besitz-Modell des memory_resource-Objekts ist fuer die GANZE malloc-Familie (libc +
<     // alle Vendor-Allokatoren) None — sie verwalten kein std::pmr::memory_resource. Der Default
<     // gehoert daher EINMAL hierher in die CRTP-Wurzel, NICHT 25x in die Wrapper. Nur die beiden
<     // PMR-Familien-Wrapper ueberschreiben (PoolResourceAllocator=Owned, PmrResourceAllocator=Borrowed).
<     // ───────────────────────────────────────────────────────────────────────
<     [[nodiscard]] static constexpr concepts::ResourceOwnership resource_ownership() noexcept {
<         return concepts::ResourceOwnership::None;
<     }
< 
<     // ───────────────────────────────────────────────────────────────────────
<     // CRTP-Delegate-Methoden zu Derived (Standard-PMR-Naming)
<     // ───────────────────────────────────────────────────────────────────────
< 
<     [[nodiscard]] void* allocate(std::size_t bytes, std::size_t alignment = alignof(std::max_align_t)) {
<         return derived().allocate(bytes, alignment);
<     }
< 
<     void deallocate(void* p, std::size_t bytes, std::size_t alignment = alignof(std::max_align_t)) noexcept {
<         derived().deallocate(p, bytes, alignment);
<     }
< 
< #ifdef COMDARE_CE_ENABLE_STATISTICS
<     // -- SELBST-REKURSIONS-WACHE der drei Statistik-Weiterleiter (A8-S5 01c Vorlauf 0, 2026-08-05) -------
<     //
<     // WAS HIER SCHIEFGEHEN KANN (und bis heute schiefging): jeder Weiterleiter unten ruft
<     // `derived().<name>(...)`. Deklariert die Strategie KEINEN eigenen Member dieses Namens, dann findet
<     // die Namenssuche in Derived nur den GEERBTEN Basis-Member wieder -- der Weiterleiter ruft SICH SELBST.
<     // Das ist keine Diagnose wert, die der Compiler von sich aus stellt: g++ 15.3 uebersetzt die
<     // unbeschraenkte Selbst-Rekursion unter -O3 als Endlosschleife ('jmp .', Tail-Call-Faltung) und unter
<     // -O1 als rekursiven Selbstaufruf bis zum Stack-Ueberlauf. ASan/UBSan melden NICHTS -- es ist kein
<     // Speicherfehler, sondern ein Programm, das nie zurueckkehrt. Genau dieser Befund wurde in Scheibe 01b
<     // an AxisBoundBuffer<MimallocAllocator,T> beobachtet und dort (mangels Ursache) als moeglicher
<     // Compiler-/UB-Verdacht notiert; er ist WEDER das eine NOCH das andere, sondern diese fehlende
<     // Deklaration: bis 2026-08-05 trug ausschliesslich ExgenAllocator ein eigenes restore_statistics.
<     //
<     // WARUM ALS static_assert IM RUMPF und nicht als Concept-Constraint: der Rumpf einer Member-Funktion
<     // eines Klassen-Templates wird erst bei BENUTZUNG instanziiert -- erst dann ist Derived vollstaendig
<     // (CRTP-Henne-Ei, dieselbe Begruendung wie bei den Ctor-Guards oben). Der Beweis ist self-proving statt
<     // geraten: ist der Klassen-Teil des Member-Zeigers die BASIS, hat Derived nichts Eigenes deklariert.
<     template <class MemPtr>
<     static constexpr bool kIsBaseForwarder = std::is_same_v<MemPtr, void (AllocatorStrategyBase::*)() noexcept>;
< 
<     [[nodiscard]] concepts::AllocationStatistics statistics() const noexcept {
<         static_assert(!std::is_same_v<decltype(&Derived::statistics),
<                                       concepts::AllocationStatistics (AllocatorStrategyBase::*)() const noexcept>,
<                       "axis_06: die Strategie deklariert kein EIGENES statistics() -- der CRTP-Weiterleiter der "
<                       "Basis wuerde sich selbst aufrufen (unbeschraenkte Rekursion). Eigenen Member nachziehen.");
<         return derived_const().statistics();
<     }
< 
<     void reset() noexcept {
<         // V41.F.6.1.A User-Klarstellung: reset() = Statistik-Reset, NICHT Pool-Reset!
<         static_assert(!kIsBaseForwarder<decltype(&Derived::reset)>,
<                       "axis_06: die Strategie deklariert kein EIGENES reset() -- der CRTP-Weiterleiter der Basis "
<                       "wuerde sich selbst aufrufen (unbeschraenkte Rekursion). Eigenen Member nachziehen.");
<         derived().reset();
<     }
< 
<     // Phase 0.3 (Hebel B, Memento-Pattern GoF): Statistik auf einen zuvor via statistics() gezogenen Snapshot
<     // zuruecksetzen — spiegelbildlich zu reset(). Nutzung: ein strategie-besitzender Store (z.B. TreeNodePoolStore)
<     // verwirft damit im Copy-Ctor/Assign die durch die COW-Vollkopie entstandene transiente Re-Allokations-
<     // Pollution (die Zwei-Phasen-Mess-Doppelzaehlung), sodass T6 = save-Stand + measure-Delta bleibt.
<     void restore_statistics(concepts::AllocationStatistics const& s) noexcept {
<         static_assert(
<             !std::is_same_v<decltype(&Derived::restore_statistics),
<                             void (AllocatorStrategyBase::*)(concepts::AllocationStatistics const&) noexcept>,
<             "axis_06: die Strategie deklariert kein EIGENES restore_statistics() -- der CRTP-Weiterleiter der "
<             "Basis wuerde sich selbst aufrufen (unbeschraenkte Rekursion; -O3 emittiert 'jmp .'). Das ist der "
<             "Memento-Pfad JEDES strategie-besitzenden Stores/Puffers: ohne den Member haengt der Copy-Ctor. "
<             "Eigenen Member nachziehen (Vorlage: axis_06_allocator_exgen.hpp).");
<         derived().restore_statistics(s);
<     }
< #endif
< 
<     // ───────────────────────────────────────────────────────────────────────
<     // V41.F.6.1.R7.4 Adapter-Methoden — Allocator-Achse an std::allocator / std::pmr anbinden.
<     // WERT-basiert (kein Basis-Datenmember → EBO + Wrapper-Groesse bleiben erhalten).
<     // ───────────────────────────────────────────────────────────────────────
< 
<     /**
<      * @brief StdAllocatorAdapter<T> — erfuellt die std::allocator-Named-Requirements (C++23) und
<      *        leitet allocate/deallocate an die zugrundeliegende Achsen-Strategie weiter.
<      *        Nutzbar mit std::vector<T, StdAllocatorAdapter<T>>, std::allocator_traits, rebind.
<      *
<      * **FEHLSCHLAG-VERTRAG (Posten 64, 2026-08-04) -- die EINE Uebersetzungsstelle:**
<      * Die Achsen-Strategie meldet OOM per **nullptr** (Achsen-Semantik, z.B. ExgenAllocator::allocate
<      * -> portable_aligned_alloc). Die std::allocator-Named-Requirements verlangen dagegen, dass
<      * `allocate()` bei Fehlschlag **WIRFT** (C++23 [allocator.requirements]: "Throws: bad_alloc if the
<      * storage cannot be obtained"); ein besitzender Container wie std::vector prueft den Rueckgabewert
<      * NICHT und konstruiert bei nullptr in Nullspeicher -- UB. Genau hier, im Adapter, wird die
<      * Achsen-Semantik in die Standard-Semantik uebersetzt: EINE Stelle statt einer Pruefung je
<      * Konsument. Damit sind die `[[allocation-failure-exception]]`-Aussagen der besitzenden Organe
<      * (mapping/value_handle/cache_traversal + die vier Pool-Stores) wieder WAHR -- der Wurf kommt
<      * jetzt vom Adapter statt vom Default-Allokator, die Fehlerklasse bleibt der FK-5-Boden.
<      *
<      * **EHRLICHKEIT BLEIBT (Auflage):** der `failure_count` der Strategie ist zum Zeitpunkt des Wurfs
<      * BEREITS gezaehlt -- die Strategie zaehlt ihn VOR dem `return nullptr` (axis_06_allocator_exgen.hpp).
<      * Der Wurf verdeckt also keinen Messwert, er ersetzt nur den UB-Pfad dahinter.
<      *
<      * **ZERO-SIZE UNVERAENDERT:** fuer `n == 0` bleibt der Rueckgabewert der Strategie unangetastet
<      * durchgereicht (der Standard fordert dort keinen Nicht-Null-Zeiger, und kein Konsument
<      * dereferenziert ihn) -- die Zero-Size-Wachen der Organe bleiben damit gueltig.
<      */
<     template <typename T>
<     class StdAllocatorAdapter {
<     public:
<         using value_type = T;
<         explicit StdAllocatorAdapter(Derived* strat) noexcept : strat_(strat) {}
<         template <typename U>
<         StdAllocatorAdapter(StdAllocatorAdapter<U> const& other) noexcept : strat_(other.strat_) {}
< 
<         [[nodiscard]] T* allocate(std::size_t n) {
<             void* const p = strat_->allocate(n * sizeof(T), alignof(T));
<             // Fehlschlag-Vertrag (s. Klassen-Doku): nullptr aus der Strategie -> std::bad_alloc.
<             // n == 0 bleibt bewusst ausgenommen (Zero-Size-Verhalten unveraendert).
<             if (p == nullptr && n != 0) throw std::bad_alloc{};
<             return static_cast<T*>(p);
<         }
<         void deallocate(T* p, std::size_t n) noexcept { strat_->deallocate(p, n * sizeof(T), alignof(T)); }
<         template <typename U>
<         [[nodiscard]] bool operator==(StdAllocatorAdapter<U> const& other) const noexcept {
<             return strat_ == other.strat_;
<         }
< 
<     private:
<         template <typename U>
<         friend class StdAllocatorAdapter;
<         Derived* strat_;
<     };
< 
<     /**
<      * @brief PmrResourceAdapter — std::pmr::memory_resource ueber die Achsen-Strategie. Konkreter,
<      *        kopierbarer Wert-Typ (haelt nur Derived*); der Aufrufer haelt ihn am Leben und
<      *        uebergibt &resource an pmr-Container.
<      */
<     class PmrResourceAdapter final : public std::pmr::memory_resource {
<     public:
<         explicit PmrResourceAdapter(Derived* strat) noexcept : strat_(strat) {}
< 
<     private:
<         void* do_allocate(std::size_t bytes, std::size_t alignment) override {
<             return strat_->allocate(bytes, alignment);
<         }
<         void do_deallocate(void* p, std::size_t bytes, std::size_t alignment) override {
<             strat_->deallocate(p, bytes, alignment);
<         }
<         [[nodiscard]] bool do_is_equal(std::pmr::memory_resource const& other) const noexcept override {
<             auto const* o = dynamic_cast<PmrResourceAdapter const*>(&other);
<             return o != nullptr && o->strat_ == strat_;
<         }
<         Derived* strat_;
<     };
< 
<     /// Liefert einen std::allocator-kompatiblen Adapter (Wert) fuer Element-Typ T.
<     template <typename T>
<     [[nodiscard]] StdAllocatorAdapter<T> as_std_allocator() noexcept {
<         return StdAllocatorAdapter<T>(&derived());
<     }
< 
<     /// Liefert einen pmr-memory_resource-Adapter (Wert). Aufrufer haelt ihn am Leben und uebergibt
<     /// dessen Adresse an pmr-Container (z.B. std::pmr::polymorphic_allocator).
<     [[nodiscard]] PmrResourceAdapter as_pmr_resource() noexcept { return PmrResourceAdapter(&derived()); }
< 
< public:
<     /// FK-5 (A15 EBENE 4, Fehlerraum) -- WELCHE D2-Fehlerklassen diese Organ-Achse ueberhaupt
<     /// hervorbringen kann. Deklariert an DERSELBEN Stelle, die schon algo_version erzwingt (K2-Muster):
<     /// eine Stelle je Achse statt einer Zeile je Varianten-Datei.
<     /// Boden: der Allokator kann real scheitern (OOM ist der Lehrbuch-Fall von Failed).
<     [[nodiscard]] static constexpr auto error_classes() noexcept {
<         return ::comdare::cache_engine::topics::kOrganAxisErrorFloor;
<     }
< 
< protected:
<     [[nodiscard]] Derived&       derived() noexcept { return static_cast<Derived&>(*this); }
<     [[nodiscard]] Derived const& derived_const() const noexcept { return static_cast<Derived const&>(*this); }
< };
< 
< } // namespace comdare::cache_engine::alloc
---
> #include <axes/alloc/axis_06_allocator_strategy_base.hpp>
> namespace comdare::cache_engine::allocator::axis_06_allocator {
> using namespace comdare::cache_engine::alloc;
> }
exit code: 1
=== same check for hash_bucket_pool_store.hpp ===
-rw-rw-r-- 1 comdare comdare 16433 Aug  4 19:26 /home/comdare/Projekte/Research/probst-diplomarbeit-cache-engine/Code/external/comdare-cache-engine/libs/cache_engine/axes/lookup/composable/hash_bucket_pool_store.hpp
-rw-r--r-- 1 comdare comdare 190 Jul  5 22:00 /home/comdare/Projekte/Research/probst-diplomarbeit-cache-engine/Code/external/comdare-cache-engine/libs/cache_engine/topics/traversal/axis_03a_search_algo/composable/hash_bucket_pool_store.hpp
2,354c2,5
< // V41 Umstufung-A (Task #41) — HashBucketPoolStore: Open-Addressing-Slot-Substrat (erfuellt HashBucketPool).
< //
< // @topic traversal @achse 03a @schicht composable (Organ-statt-Tier)
< //
< // Reines Substrat OHNE Such-Logik — 1:1-Port des Slot-Arrays aus axis_03a_search_algo_hash_search.hpp
< // (Slot{key,val,state}; ein Slot-Vektor buckets_ -- dort noch am DEFAULT-Allokator, hier an der Achse,
< // s. A8-S5-Absatz unten; mask_; size_; tombstones_; kInitialCapacity=16;
< // rehash() verbatim Z.175-194), aber generisch ueber uint64-Key und mit getrennter Verantwortung: die
< // Hash-/Probe-Navigation lebt im HashProbeTraversalOrgan, NICHT hier (genetisches Experiment, Doku 14 §1.2).
< //
< // place_occupied() ist selbst-buchend (Tombstone->Occupied dekrementiert tombstones_, ++size_), sodass das
< // Organ nur die Probe-Position waehlt; mark_deleted() setzt Tombstone (Probe-Kette intakt); rehash() entfernt
< // Tombstones beim Resize. hash_index() bleibt im Store (kennt mask_+kFibonacciMul) fuer die Re-Distribution.
< //
< // A8-S5 Familie 01a (2026-08-04): der Slot-/Ketten-Speicher kommt REAL aus der Allocator-Achse (axis_06),
< // Muster BTreeNodePoolStore. Der Store trug den Allokator-Template-Kopf schon vorher -- geflippt wurde die
< // BINDUNG: Default und Rebind gehen jetzt ueber den StdAllocatorAdapter der Achse statt ueber std::allocator.
< // Beide Shape-Zweige (OA-Slots und Chaining-Heads/Nodes/Free) haengen an DEMSELBEN allocator_; COW-Kopie
< // rebindet und verwirft die Kopier-Pollution per restore_statistics-Memento (Move -> degradiert zu Copy).
< 
< #include "hash_bucket_pool_concept.hpp"
< #include <axes/alloc/axis_06_allocator_exgen.hpp>            // axis_06-Default-Strategie + StdAllocatorAdapter
< #include <axes/alloc/concepts/axis_06_allocator_concept.hpp> // AllocatorStrategy-Concept (compile-time-strikt)
< #include <topics/nodes/axis_hash_probe_shape/axis_hash_probe_shape_oa_lf70.hpp>
< #include <topics/nodes/axis_hash_probe_shape/concepts/axis_hash_probe_shape_concept.hpp>
< 
< #include <cstddef>
< #include <cstdint>
< #include <limits>
< #include <memory>
< #include <type_traits>
< #include <vector>
< 
< namespace comdare::cache_engine::lookup::composable {
< 
< namespace detail {
< 
< enum class HashSlotState : std::uint8_t { Empty, Occupied, Deleted };
< 
< struct HashOaSlot {
<     std::uint64_t key{};
<     std::uint64_t val{};
<     HashSlotState state{HashSlotState::Empty};
< };
< 
< struct HashChainSlot {
<     std::uint64_t key{};
<     std::uint64_t value{};
<     HashSlotState state{HashSlotState::Empty};
<     std::size_t   next{std::numeric_limits<std::size_t>::max()};
< };
< 
< } // namespace detail
< 
< /// Open-Addressing-Bucket-Pool: Slots behalten ihre Position (KEINE Index-Shifts); Tombstones erhalten die
< /// Probe-Kette. Kapazitaet stets Power-of-2 (mask_ = cap-1), Start 16, Verdopplung bei Shape-Load-Grenze.
< template <typename Shape = ::comdare::cache_engine::nodes::axis_hash_probe_shape::HashOaLf70,
<           class Alloc    = ::comdare::cache_engine::alloc::ExgenAllocator>
<     requires ::comdare::cache_engine::alloc::concepts::AllocatorStrategy<Alloc>
< class HashBucketPoolStore {
<     static_assert(::comdare::cache_engine::nodes::axis_hash_probe_shape::concepts::HashProbeShape<Shape>);
< 
< public:
<     using key_type            = std::uint64_t;
<     using value_type          = std::uint64_t;
<     using mapped_type         = value_type;
<     using node_type           = std::conditional_t<Shape::kOpenAddressing, detail::HashOaSlot, detail::HashChainSlot>;
<     using allocator_type      = Alloc;
<     using slot_allocator_type = typename Alloc::template StdAllocatorAdapter<detail::HashOaSlot>;
<     using chain_slot_allocator_type               = typename Alloc::template StdAllocatorAdapter<detail::HashChainSlot>;
<     using index_allocator_type                    = typename Alloc::template StdAllocatorAdapter<std::size_t>;
<     static constexpr std::size_t kInitialCapacity = 16; // Power-of-2
<     static constexpr bool        kOpenAddressing  = Shape::kOpenAddressing;
<     static constexpr int         kLoadNumerator   = Shape::kLoadNumerator;
<     static constexpr int         kLoadDenominator = Shape::kLoadDenominator;
< 
< private:
<     // #234-F4: reale Shape-Auswahl des Substrats — OA-Slots oder Chaining-Heads+Nodes.
<     struct OaData {
<         std::vector<detail::HashOaSlot, slot_allocator_type> buckets;
<     };
<     struct ChainData {
<         std::vector<std::size_t, index_allocator_type>                heads;
<         std::vector<detail::HashChainSlot, chain_slot_allocator_type> nodes;
<         std::vector<std::size_t, index_allocator_type>                free;
<     };
<     using storage_t = std::conditional_t<kOpenAddressing, OaData, ChainData>;
< 
< public:
<     static constexpr std::size_t kNil = std::numeric_limits<std::size_t>::max();
< 
<     HashBucketPoolStore() : st_(make_initial_storage()), mask_(kInitialCapacity - 1) {}
<     // COW-Pflicht (Memento): allocator_ mitkopieren, die Vektoren an DAS EIGENE allocator_ rebinden
<     // (copy_storage_from_ statt Aggregat-Kopie -- der Adapter haelt &allocator_) und die durch die
<     // Vollkopie entstandene transiente Re-Allokations-Pollution per restore_statistics verwerfen.
<     // Move NICHT deklariert -> degradiert sicher zu Copy (kein dangling &allocator_).
<     HashBucketPoolStore(HashBucketPoolStore const& o)
<         : allocator_(o.allocator_), st_(copy_storage_from_(o.st_)), mask_(o.mask_), size_(o.size_),
<           tombstones_(o.tombstones_) {
< #ifdef COMDARE_CE_ENABLE_STATISTICS
<         allocator_.restore_statistics(o.allocator_.statistics());
< #endif
<     }
<     HashBucketPoolStore& operator=(HashBucketPoolStore const& o) {
<         if (this != &o) {
<             st_         = copy_storage_from_(o.st_);
<             mask_       = o.mask_;
<             size_       = o.size_;
<             tombstones_ = o.tombstones_;
< #ifdef COMDARE_CE_ENABLE_STATISTICS
<             allocator_.restore_statistics(o.allocator_.statistics());
< #endif
<         }
<         return *this;
<     }
<     ~HashBucketPoolStore() = default;
< 
<     [[nodiscard]] std::size_t bucket_count() const noexcept {
<         if constexpr (kOpenAddressing) {
<             return mask_ + 1;
<         } else {
<             return st_.heads.size();
<         }
<     }
<     [[nodiscard]] bool slot_is_empty(std::size_t i) const noexcept {
<         if constexpr (kOpenAddressing) {
<             return st_.buckets[i].state == detail::HashSlotState::Empty;
<         } else {
<             return i >= st_.nodes.size() || st_.nodes[i].state != detail::HashSlotState::Occupied;
<         }
<     }
<     [[nodiscard]] bool slot_is_occupied(std::size_t i) const noexcept {
<         if constexpr (kOpenAddressing) {
<             return st_.buckets[i].state == detail::HashSlotState::Occupied;
<         } else {
<             return i < st_.nodes.size() && st_.nodes[i].state == detail::HashSlotState::Occupied;
<         }
<     }
<     [[nodiscard]] bool slot_is_deleted(std::size_t i) const noexcept {
<         if constexpr (kOpenAddressing) {
<             return st_.buckets[i].state == detail::HashSlotState::Deleted;
<         } else {
<             (void)i;
<             return false;
<         }
<     }
<     [[nodiscard]] key_type slot_key(std::size_t i) const noexcept {
<         if constexpr (kOpenAddressing) {
<             return st_.buckets[i].key;
<         } else {
<             return st_.nodes[i].key;
<         }
<     }
<     [[nodiscard]] value_type slot_value(std::size_t i) const noexcept {
<         if constexpr (kOpenAddressing) {
<             return st_.buckets[i].val;
<         } else {
<             return st_.nodes[i].value;
<         }
<     }
<     [[nodiscard]] std::size_t occupied() const noexcept { return size_; }
<     [[nodiscard]] std::size_t tombstones() const noexcept {
<         if constexpr (kOpenAddressing) {
<             return tombstones_;
<         } else {
<             return 0;
<         }
<     }
< 
<     /// Belegt Slot i. Wiederverwendung eines Tombstones (Deleted->Occupied) wird automatisch verbucht.
<     void place_occupied(std::size_t i, key_type k, value_type v) noexcept
<         requires(kOpenAddressing)
<     {
<         if (st_.buckets[i].state == detail::HashSlotState::Deleted) --tombstones_;
<         st_.buckets[i] = detail::HashOaSlot{k, v, detail::HashSlotState::Occupied};
<         ++size_;
<     }
<     void set_slot_value(std::size_t i, value_type v) noexcept {
<         if constexpr (kOpenAddressing) {
<             st_.buckets[i].val = v;
<         } else {
<             st_.nodes[i].value = v;
<         }
<     }
<     void mark_deleted(std::size_t i) noexcept
<         requires(kOpenAddressing)
<     {
<         st_.buckets[i].state = detail::HashSlotState::Deleted; // Tombstone — Probe-Kette bleibt intakt
<         --size_;
<         ++tombstones_;
<     }
< 
<     [[nodiscard]] std::size_t chain_head(std::size_t bucket) const noexcept
<         requires(!kOpenAddressing)
<     {
<         return st_.heads[bucket];
<     }
<     [[nodiscard]] std::size_t node_next(std::size_t node) const noexcept
<         requires(!kOpenAddressing)
<     {
<         return st_.nodes[node].next;
<     }
<     [[nodiscard]] std::size_t node_slot_count() const noexcept
<         requires(!kOpenAddressing)
<     {
<         return st_.nodes.size();
<     }
<     void allocate_chained(std::size_t bucket, key_type k, value_type v)
<         requires(!kOpenAddressing)
<     {
<         std::size_t node = kNil;
<         if (!st_.free.empty()) {
<             node = st_.free.back();
<             st_.free.pop_back();
<             st_.nodes[node] = detail::HashChainSlot{k, v, detail::HashSlotState::Occupied, st_.heads[bucket]};
<         } else {
<             node = st_.nodes.size();
<             st_.nodes.push_back(detail::HashChainSlot{k, v, detail::HashSlotState::Occupied, st_.heads[bucket]});
<         }
<         st_.heads[bucket] = node;
<         ++size_;
<     }
<     void unlink_erase(std::size_t bucket, std::size_t node, std::size_t prev)
<         requires(!kOpenAddressing)
<     {
<         std::size_t const next = st_.nodes[node].next;
<         if (prev == kNil) {
<             st_.heads[bucket] = next;
<         } else {
<             st_.nodes[prev].next = next;
<         }
<         st_.nodes[node].state = detail::HashSlotState::Empty;
<         st_.nodes[node].next  = kNil;
<         st_.free.push_back(node);
<         --size_;
<     }
< 
<     /// SONDERFALL [[allocation-failure-exception]]: rehash kann std::bad_alloc werfen.
<     /// KAUSALITAET PRAEZISIERT (Posten 70, 2026-08-04): der Wurf kommt seit dem A8-S5-Schnitt NICHT mehr
<     /// vom Default-Allokator, sondern vom StdAllocatorAdapter der Allokator-ACHSE. Die Strategie meldet
<     /// OOM per nullptr; der Adapter uebersetzt das an EINER Stelle in std::bad_alloc
<     /// (Posten 64, axis_06_allocator_strategy_base.hpp, StdAllocatorAdapter::allocate). Die Aussage
<     /// dieser Zeile ist damit wieder wahr; die Fehlerklasse bleibt der FK-5-Boden der Allokator-Achse.
<     void rehash(std::size_t new_capacity) {
<         if constexpr (kOpenAddressing) {
<             // Der Zwischenpuffer haengt ebenfalls an der Achse (Adapter ist nicht default-konstruierbar) --
<             // sonst waere ausgerechnet die groesste Umschaufel-Allokation des Rehash an ihr vorbeigelaufen.
<             std::vector<detail::HashOaSlot, slot_allocator_type> old(
<                 allocator_.template as_std_allocator<detail::HashOaSlot>());
<             old.swap(st_.buckets);
<             st_.buckets.assign(new_capacity, detail::HashOaSlot{});
<             mask_       = new_capacity - 1;
<             size_       = 0;
<             tombstones_ = 0;
<             for (auto const& s : old) {
<                 if (s.state != detail::HashSlotState::Occupied) continue; // Tombstones entfallen beim Rehash
<                 std::size_t const start = hash_index(s.key);
<                 for (std::size_t i = 0; i < new_capacity; ++i) {
<                     std::size_t const pos = (start + i) & mask_;
<                     if (st_.buckets[pos].state == detail::HashSlotState::Empty) {
<                         st_.buckets[pos] = detail::HashOaSlot{s.key, s.val, detail::HashSlotState::Occupied};
<                         ++size_;
<                         break;
<                     }
<                 }
<             }
<         } else {
<             std::size_t const new_mask = new_capacity - 1;
<             st_.heads.assign(new_capacity, kNil);
<             mask_ = new_mask;
<             for (std::size_t node = 0; node < st_.nodes.size(); ++node) {
<                 if (st_.nodes[node].state != detail::HashSlotState::Occupied) continue;
<                 std::size_t const bucket = hash_index(st_.nodes[node].key) & new_mask;
<                 st_.nodes[node].next     = st_.heads[bucket];
<                 st_.heads[bucket]        = node;
<             }
<         }
<     }
< 
<     void clear() noexcept {
<         if constexpr (kOpenAddressing) {
<             for (auto& s : st_.buckets) s = detail::HashOaSlot{};
<             size_       = 0;
<             tombstones_ = 0;
<         } else {
<             for (auto& h : st_.heads) h = kNil;
<             st_.nodes.clear();
<             st_.free.clear();
<             size_       = 0;
<             tombstones_ = 0;
<         }
<     }
< 
< #ifdef COMDARE_CE_ENABLE_STATISTICS
<     using allocator_snapshot_t = typename Alloc::snapshot_t;
<     /// T6-Route (A8-S5): die ECHTE Allocator-Achsen-Statistik (rich AllocationStatistics, 5 Felder) statt der
<     /// frueheren Store-eigenen Capacity-Delta-Schaetzung. Die alten Zaehler waren allocator-UNABHAENGIG und
<     /// haetten neben der Achsen-Statistik eine zweite, driftende Wahrheit gefuehrt; live_nodes speist der
<     /// ABI-Adapter im Rich-Zweig aus occupied_count() des Organs (abi_adapter.hpp, T6-Route).
<     [[nodiscard]] allocator_snapshot_t store_allocator_statistics() const noexcept { return allocator_.statistics(); }
< #endif
< 
< private:
<     static constexpr std::uint64_t kFibonacciMul = 11400714819323198485ULL;
< 
<     /// Erst-Belegung des Shape-Zweigs -- JEDER Vektor wird explizit an das eigene allocator_ gebunden
<     /// (kein `{}`-Default: der Achsen-Adapter ist bestimmungsgemaess nicht default-konstruierbar).
<     [[nodiscard]] storage_t make_initial_storage() {
<         if constexpr (kOpenAddressing) {
<             return OaData{std::vector<detail::HashOaSlot, slot_allocator_type>(
<                 kInitialCapacity, detail::HashOaSlot{}, allocator_.template as_std_allocator<detail::HashOaSlot>())};
<         } else {
<             return ChainData{
<                 std::vector<std::size_t, index_allocator_type>(kInitialCapacity, kNil,
<                                                                allocator_.template as_std_allocator<std::size_t>()),
<                 std::vector<detail::HashChainSlot, chain_slot_allocator_type>(
<                     allocator_.template as_std_allocator<detail::HashChainSlot>()),
<                 std::vector<std::size_t, index_allocator_type>(allocator_.template as_std_allocator<std::size_t>())};
<         }
<     }
< 
<     /// COW-Uebernahme: Inhalt aus der Quelle, Bindung an das EIGENE allocator_ (Vektor-Copy-Ctor mit
<     /// explizitem Allokator -- sonst uebernaehme die Kopie den Adapter der Quelle und allozierte fremd).
<     [[nodiscard]] storage_t copy_storage_from_(storage_t const& src) {
<         if constexpr (kOpenAddressing) {
<             return OaData{std::vector<detail::HashOaSlot, slot_allocator_type>(
<                 src.buckets, allocator_.template as_std_allocator<detail::HashOaSlot>())};
<         } else {
<             return ChainData{std::vector<std::size_t, index_allocator_type>(
<                                  src.heads, allocator_.template as_std_allocator<std::size_t>()),
<                              std::vector<detail::HashChainSlot, chain_slot_allocator_type>(
<                                  src.nodes, allocator_.template as_std_allocator<detail::HashChainSlot>()),
<                              std::vector<std::size_t, index_allocator_type>(
<                                  src.free, allocator_.template as_std_allocator<std::size_t>())};
<         }
<     }
< 
<     [[nodiscard]] std::size_t hash_index(key_type k) const noexcept {
<         return static_cast<std::size_t>(k * kFibonacciMul) & mask_;
<     }
< 
<     // allocator_ VOR dem Storage (der Adapter haelt &allocator_ -- Init-/Destruktions-Reihenfolge).
<     Alloc       allocator_{};
<     storage_t   st_;
<     std::size_t mask_;
<     std::size_t size_       = 0;
<     std::size_t tombstones_ = 0;
< };
< 
< // Selbstbeweis: das Substrat erfuellt das HashBucketPool-Concept.
< static_assert(HashBucketPool<HashBucketPoolStore<>>);
< 
< } // namespace comdare::cache_engine::lookup::composable
---
> #include <axes/lookup/composable/hash_bucket_pool_store.hpp>
> namespace comdare::cache_engine::traversal::axis_03a_search_algo {
> using namespace comdare::cache_engine::lookup;
> }
exit code: 1
=== is topics/ entirely a symlink farm? sample check ===
/home/comdare/Projekte/Research/probst-diplomarbeit-cache-engine/Code/external/comdare-cache-engine/libs/cache_engine/topics/organ_meta_meta_axis.hpp: C++ source, ASCII text
/home/comdare/Projekte/Research/probst-diplomarbeit-cache-engine/Code/external/comdare-cache-engine/libs/cache_engine/topics/axis.hpp: C++ source, Unicode text, UTF-8 text
/home/comdare/Projekte/Research/probst-diplomarbeit-cache-engine/Code/external/comdare-cache-engine/libs/cache_engine/topics/axis_base.hpp: C++ source, Unicode text, UTF-8 text
/home/comdare/Projekte/Research/probst-diplomarbeit-cache-engine/Code/external/comdare-cache-engine/libs/cache_engine/topics/organ_axis_error_classes.hpp: C++ source, ASCII text
/home/comdare/Projekte/Research/probst-diplomarbeit-cache-engine/Code/external/comdare-cache-engine/libs/cache_engine/topics/organ_axis.hpp: C++ source, ASCII text
