=== 1) memset( occurrences in axes/ ===
/home/comdare/Projekte/Research/probst-diplomarbeit-cache-engine/Code/external/comdare-cache-engine/libs/cache_engine/axes/alloc/concepts/axis_06_allocator_zeroing_strategy_concept.hpp:16://       std::memset(p, 0, n * sizeof(T));
/home/comdare/Projekte/Research/probst-diplomarbeit-cache-engine/Code/external/comdare-cache-engine/libs/cache_engine/axes/node/axis_04_node_type_layout_aware_store.hpp:270:            std::memset(c.data, 0, c.capacity);

=== 2) memset( occurrences in topics/ (should be 0 substantive, forwarders only) ===

=== 3) bad_alloc occurrences in axes/ ===
/home/comdare/Projekte/Research/probst-diplomarbeit-cache-engine/Code/external/comdare-cache-engine/libs/cache_engine/axes/cache_traversal/axis_03b_cache_traversal_linear_fanout.hpp:20:// bad_alloc-Pfad begruendet keine neue Klasse).
/home/comdare/Projekte/Research/probst-diplomarbeit-cache-engine/Code/external/comdare-cache-engine/libs/cache_engine/axes/cache_traversal/axis_03b_cache_traversal_linear_fanout.hpp:23:// mehr durch, sondern uebersetzt ihn in std::bad_alloc (axis_06_allocator_strategy_base.hpp,
/home/comdare/Projekte/Research/probst-diplomarbeit-cache-engine/Code/external/comdare-cache-engine/libs/cache_engine/axes/cache_traversal/axis_03b_cache_traversal_linear_fanout.hpp:26:// notierte Aussage "wirft kein std::bad_alloc mehr" galt nur fuer den Zwischenstand vor Posten 64.
/home/comdare/Projekte/Research/probst-diplomarbeit-cache-engine/Code/external/comdare-cache-engine/libs/cache_engine/axes/cache_traversal/axis_03b_cache_traversal_linear_fanout.hpp:132:    /// NICHT verschwunden, sondern verlagert: der Adapter der Versorger-Achse wirft std::bad_alloc
/home/comdare/Projekte/Research/probst-diplomarbeit-cache-engine/Code/external/comdare-cache-engine/libs/cache_engine/axes/lookup/axis_03a_search_algo_swisstable.hpp:20:// [[allocation-failure-exception]]: insert/rehash koennen std::bad_alloc werfen (StdAllocatorAdapter,
/home/comdare/Projekte/Research/probst-diplomarbeit-cache-engine/Code/external/comdare-cache-engine/libs/cache_engine/axes/lookup/axis_03a_search_algo_swisstable.hpp:135:    /// SONDERFALL [[allocation-failure-exception]]: die Initial-Tabellen koennen std::bad_alloc werfen.
/home/comdare/Projekte/Research/probst-diplomarbeit-cache-engine/Code/external/comdare-cache-engine/libs/cache_engine/axes/lookup/axis_03a_search_algo_swisstable.hpp:179:    /// SONDERFALL [[allocation-failure-exception]]: rehash kann std::bad_alloc werfen.
/home/comdare/Projekte/Research/probst-diplomarbeit-cache-engine/Code/external/comdare-cache-engine/libs/cache_engine/axes/alloc/axis_06_allocator_pmr_resource.hpp:106:        } catch (std::bad_alloc const&) { p = nullptr; }
/home/comdare/Projekte/Research/probst-diplomarbeit-cache-engine/Code/external/comdare-cache-engine/libs/cache_engine/axes/lookup/axis_03a_search_algo_hash_search.hpp:25:// [[allocation-failure-exception]]: insert/rehash koennen std::bad_alloc werfen (StdAllocatorAdapter,
/home/comdare/Projekte/Research/probst-diplomarbeit-cache-engine/Code/external/comdare-cache-engine/libs/cache_engine/axes/lookup/axis_03a_search_algo_hash_search.hpp:136:    /// SONDERFALL [[allocation-failure-exception]]: die Initial-Tabelle kann std::bad_alloc werfen.
/home/comdare/Projekte/Research/probst-diplomarbeit-cache-engine/Code/external/comdare-cache-engine/libs/cache_engine/axes/lookup/axis_03a_search_algo_hash_search.hpp:176:    /// SONDERFALL [[allocation-failure-exception]]: rehash kann std::bad_alloc werfen.
/home/comdare/Projekte/Research/probst-diplomarbeit-cache-engine/Code/external/comdare-cache-engine/libs/cache_engine/axes/alloc/axis_06_allocator_pool_resource.hpp:22:// TEILEN den Pool (korrekte PMR-is_equal-Semantik). Allocation-Failure: allocate wirft std::bad_alloc
/home/comdare/Projekte/Research/probst-diplomarbeit-cache-engine/Code/external/comdare-cache-engine/libs/cache_engine/axes/alloc/axis_06_allocator_pool_resource.hpp:112:    /// SONDERFALL [[allocation-failure-exception]]: pmr allocate wirft std::bad_alloc bei OOM.
/home/comdare/Projekte/Research/probst-diplomarbeit-cache-engine/Code/external/comdare-cache-engine/libs/cache_engine/axes/lookup/axis_03a_search_algo_interpolation.hpp:26:// [[allocation-failure-exception]]: insert kann std::bad_alloc werfen (StdAllocatorAdapter, Posten 64).
/home/comdare/Projekte/Research/probst-diplomarbeit-cache-engine/Code/external/comdare-cache-engine/libs/cache_engine/axes/lookup/axis_03a_search_algo_interpolation.hpp:190:    /// SONDERFALL [[allocation-failure-exception]]: insert kann std::bad_alloc werfen.
/home/comdare/Projekte/Research/probst-diplomarbeit-cache-engine/Code/external/comdare-cache-engine/libs/cache_engine/axes/lookup/axis_03a_search_algo_vector_u8u8.hpp:25:// [[allocation-failure-exception]]: insert kann std::bad_alloc werfen (StdAllocatorAdapter, Posten 64).
/home/comdare/Projekte/Research/probst-diplomarbeit-cache-engine/Code/external/comdare-cache-engine/libs/cache_engine/axes/lookup/axis_03a_search_algo_vector_u8u8.hpp:192:    /// SONDERFALL [[allocation-failure-exception]]: push_back kann std::bad_alloc werfen.
/home/comdare/Projekte/Research/probst-diplomarbeit-cache-engine/Code/external/comdare-cache-engine/libs/cache_engine/axes/alloc/axis_06_allocator_strategy_base.hpp:34:#include <new> // Posten 64: std::bad_alloc -- der Standard-Allokator-Vertrag des StdAllocatorAdapter
/home/comdare/Projekte/Research/probst-diplomarbeit-cache-engine/Code/external/comdare-cache-engine/libs/cache_engine/axes/alloc/axis_06_allocator_strategy_base.hpp:196:     * `allocate()` bei Fehlschlag **WIRFT** (C++23 [allocator.requirements]: "Throws: bad_alloc if the
/home/comdare/Projekte/Research/probst-diplomarbeit-cache-engine/Code/external/comdare-cache-engine/libs/cache_engine/axes/alloc/axis_06_allocator_strategy_base.hpp:222:            // Fehlschlag-Vertrag (s. Klassen-Doku): nullptr aus der Strategie -> std::bad_alloc.
/home/comdare/Projekte/Research/probst-diplomarbeit-cache-engine/Code/external/comdare-cache-engine/libs/cache_engine/axes/alloc/axis_06_allocator_strategy_base.hpp:224:            if (p == nullptr && n != 0) throw std::bad_alloc{};
/home/comdare/Projekte/Research/probst-diplomarbeit-cache-engine/Code/external/comdare-cache-engine/libs/cache_engine/axes/lookup/axis_03a_search_algo_original_hot.hpp:203:    /// SONDERFALL [[allocation-failure-exception]]: std::vector::insert kann std::bad_alloc werfen.
/home/comdare/Projekte/Research/probst-diplomarbeit-cache-engine/Code/external/comdare-cache-engine/libs/cache_engine/axes/lookup/composable/storage_organ_concept.hpp:52:// die der StdAllocatorAdapter seit Posten 64 als std::bad_alloc meldet statt nullptr durchzureichen)
/home/comdare/Projekte/Research/probst-diplomarbeit-cache-engine/Code/external/comdare-cache-engine/libs/cache_engine/axes/node/axis_04_node_type_layout_aware_store.hpp:263:    /// nullptr an EINER Stelle in std::bad_alloc (axis_06_allocator_strategy_base.hpp). Fehlerklasse
/home/comdare/Projekte/Research/probst-diplomarbeit-cache-engine/Code/external/comdare-cache-engine/libs/cache_engine/axes/lookup/axis_03a_search_algo_vector_u16u16.hpp:22:// [[allocation-failure-exception]]: insert kann std::bad_alloc werfen (StdAllocatorAdapter, Posten 64).
/home/comdare/Projekte/Research/probst-diplomarbeit-cache-engine/Code/external/comdare-cache-engine/libs/cache_engine/axes/lookup/axis_03a_search_algo_vector_u16u16.hpp:187:    /// SONDERFALL [[allocation-failure-exception]]: push_back kann std::bad_alloc werfen.
/home/comdare/Projekte/Research/probst-diplomarbeit-cache-engine/Code/external/comdare-cache-engine/libs/cache_engine/axes/node/axis_04_node_type_chunked_store.hpp:134:    /// std::bad_alloc (axis_06_allocator_strategy_base.hpp, StdAllocatorAdapter::allocate) -- der Wurf bleibt
/home/comdare/Projekte/Research/probst-diplomarbeit-cache-engine/Code/external/comdare-cache-engine/libs/cache_engine/axes/cache_traversal/axis_03b_cache_traversal_hash_lookup.hpp:32:// mehr durch, sondern uebersetzt ihn in std::bad_alloc (axis_06_allocator_strategy_base.hpp,
/home/comdare/Projekte/Research/probst-diplomarbeit-cache-engine/Code/external/comdare-cache-engine/libs/cache_engine/axes/cache_traversal/axis_03b_cache_traversal_hash_lookup.hpp:35:// frueher hier notierte Aussage "wirft kein std::bad_alloc mehr" galt nur fuer den Zwischenstand vor
/home/comdare/Projekte/Research/probst-diplomarbeit-cache-engine/Code/external/comdare-cache-engine/libs/cache_engine/axes/cache_traversal/axis_03b_cache_traversal_hash_lookup.hpp:157:    /// ist NICHT verschwunden, sondern verlagert: der Adapter der Versorger-Achse wirft std::bad_alloc
/home/comdare/Projekte/Research/probst-diplomarbeit-cache-engine/Code/external/comdare-cache-engine/libs/cache_engine/axes/lookup/axis_03a_search_algo_original_start.hpp:198:    /// SONDERFALL [[allocation-failure-exception]]: std::vector::insert kann std::bad_alloc werfen.
/home/comdare/Projekte/Research/probst-diplomarbeit-cache-engine/Code/external/comdare-cache-engine/libs/cache_engine/axes/lookup/axis_03a_search_algo_array65535.hpp:32:// [[allocation-failure-exception]]: die zwei Konstruktor-Allokationen koennen std::bad_alloc werfen
/home/comdare/Projekte/Research/probst-diplomarbeit-cache-engine/Code/external/comdare-cache-engine/libs/cache_engine/axes/lookup/axis_03a_search_algo_array65535.hpp:145:    /// SONDERFALL [[allocation-failure-exception]]: die zwei vector(kCapacity) koennen std::bad_alloc
/home/comdare/Projekte/Research/probst-diplomarbeit-cache-engine/Code/external/comdare-cache-engine/libs/cache_engine/axes/lookup/composable/search_algo_rebind.hpp:31://       std::bad_alloc uebersetzt). Die Cores nutzen deshalb AUSSCHLIESSLICH den StdAllocatorAdapter.
/home/comdare/Projekte/Research/probst-diplomarbeit-cache-engine/Code/external/comdare-cache-engine/libs/cache_engine/axes/lookup/axis_03a_search_algo_linear_scan.hpp:20:// [[allocation-failure-exception]]: insert kann std::bad_alloc werfen (StdAllocatorAdapter, Posten 64).
/home/comdare/Projekte/Research/probst-diplomarbeit-cache-engine/Code/external/comdare-cache-engine/libs/cache_engine/axes/lookup/axis_03a_search_algo_linear_scan.hpp:195:    /// SONDERFALL [[allocation-failure-exception]]: push_back kann std::bad_alloc werfen.
/home/comdare/Projekte/Research/probst-diplomarbeit-cache-engine/Code/external/comdare-cache-engine/libs/cache_engine/axes/cache_traversal/axis_03b_cache_traversal_binary_search_fanout.hpp:23:// mehr durch, sondern uebersetzt ihn in std::bad_alloc (axis_06_allocator_strategy_base.hpp,
/home/comdare/Projekte/Research/probst-diplomarbeit-cache-engine/Code/external/comdare-cache-engine/libs/cache_engine/axes/cache_traversal/axis_03b_cache_traversal_binary_search_fanout.hpp:26:// Aussage "wirft kein std::bad_alloc mehr" galt nur fuer den Zwischenstand vor Posten 64.
/home/comdare/Projekte/Research/probst-diplomarbeit-cache-engine/Code/external/comdare-cache-engine/libs/cache_engine/axes/cache_traversal/axis_03b_cache_traversal_binary_search_fanout.hpp:125:    /// NICHT verschwunden, sondern verlagert: der Adapter der Versorger-Achse wirft std::bad_alloc
/home/comdare/Projekte/Research/probst-diplomarbeit-cache-engine/Code/external/comdare-cache-engine/libs/cache_engine/axes/lookup/composable/art_trie_node_pool_store.hpp:401:    // Allokator-ACHSE (Strategie meldet OOM per nullptr -> Adapter wirft std::bad_alloc), nicht vom Default.
/home/comdare/Projekte/Research/probst-diplomarbeit-cache-engine/Code/external/comdare-cache-engine/libs/cache_engine/axes/lookup/composable/eytzinger_layout_store.hpp:20:// rebuild_if_dirty koennen std::bad_alloc werfen; der Wurf kommt seit dem Schnitt vom StdAllocatorAdapter der
/home/comdare/Projekte/Research/probst-diplomarbeit-cache-engine/Code/external/comdare-cache-engine/libs/cache_engine/axes/lookup/axis_03a_search_algo_bst.hpp:22:// [[allocation-failure-exception]]: insert kann std::bad_alloc werfen (StdAllocatorAdapter, Posten 64).
/home/comdare/Projekte/Research/probst-diplomarbeit-cache-engine/Code/external/comdare-cache-engine/libs/cache_engine/axes/lookup/axis_03a_search_algo_bst.hpp:169:    /// SONDERFALL [[allocation-failure-exception]]: Knoten-Allokation kann std::bad_alloc werfen.
/home/comdare/Projekte/Research/probst-diplomarbeit-cache-engine/Code/external/comdare-cache-engine/libs/cache_engine/axes/lookup/composable/surf_fst_map_pool_store.hpp:80:    /// die Strategie meldet OOM per nullptr, der Adapter uebersetzt ihn in std::bad_alloc (Posten 64,
/home/comdare/Projekte/Research/probst-diplomarbeit-cache-engine/Code/external/comdare-cache-engine/libs/cache_engine/axes/cache_traversal/concepts/axis_03b_cache_traversal_iterable_aspect_strategy_concept.hpp:34:    // StdAllocatorAdapter uebersetzt deren nullptr-OOM in std::bad_alloc (Posten 64). Kein noexcept
/home/comdare/Projekte/Research/probst-diplomarbeit-cache-engine/Code/external/comdare-cache-engine/libs/cache_engine/axes/lookup/axis_03a_search_algo_skip_list.hpp:31:// [[allocation-failure-exception]]: insert kann std::bad_alloc werfen (StdAllocatorAdapter, Posten 64).
/home/comdare/Projekte/Research/probst-diplomarbeit-cache-engine/Code/external/comdare-cache-engine/libs/cache_engine/axes/lookup/axis_03a_search_algo_skip_list.hpp:214:    /// SONDERFALL [[allocation-failure-exception]]: nodes_-Wachstum kann std::bad_alloc werfen.
/home/comdare/Projekte/Research/probst-diplomarbeit-cache-engine/Code/external/comdare-cache-engine/libs/cache_engine/axes/lookup/axis_03a_search_algo_skip_list.hpp:295:        // (kein push_back → kein bad_alloc im noexcept-Pfad).
/home/comdare/Projekte/Research/probst-diplomarbeit-cache-engine/Code/external/comdare-cache-engine/libs/cache_engine/axes/lookup/composable/tree_node_pool_store.hpp:131:    /// die Strategie meldet OOM per nullptr, der Adapter uebersetzt ihn in std::bad_alloc (Posten 64,
/home/comdare/Projekte/Research/probst-diplomarbeit-cache-engine/Code/external/comdare-cache-engine/libs/cache_engine/axes/lookup/axis_03a_search_algo_eytzinger.hpp:29:// [[allocation-failure-exception]]: insert kann std::bad_alloc werfen (StdAllocatorAdapter, Posten 64).
/home/comdare/Projekte/Research/probst-diplomarbeit-cache-engine/Code/external/comdare-cache-engine/libs/cache_engine/axes/lookup/axis_03a_search_algo_eytzinger.hpp:175:    /// (bei naechstem lookup) neu gebaut. SONDERFALL [[allocation-failure-exception]]: std::bad_alloc.
/home/comdare/Projekte/Research/probst-diplomarbeit-cache-engine/Code/external/comdare-cache-engine/libs/cache_engine/axes/lookup/axis_03a_search_algo_btree.hpp:30:// [[allocation-failure-exception]]: insert kann std::bad_alloc werfen (StdAllocatorAdapter, Posten 64).
/home/comdare/Projekte/Research/probst-diplomarbeit-cache-engine/Code/external/comdare-cache-engine/libs/cache_engine/axes/lookup/axis_03a_search_algo_btree.hpp:185:    /// SONDERFALL [[allocation-failure-exception]]: Knoten-Allokation kann std::bad_alloc werfen.
/home/comdare/Projekte/Research/probst-diplomarbeit-cache-engine/Code/external/comdare-cache-engine/libs/cache_engine/axes/lookup/composable/axis_bound_scratch.hpp:196:    /// Darf werfen: der StdAllocatorAdapter uebersetzt den Strategie-nullptr in std::bad_alloc
/home/comdare/Projekte/Research/probst-diplomarbeit-cache-engine/Code/external/comdare-cache-engine/libs/cache_engine/axes/filter_axis/composable/louds_sparse_filter_store.hpp:153:    /// OOM per nullptr; der Adapter uebersetzt das an EINER Stelle in std::bad_alloc
/home/comdare/Projekte/Research/probst-diplomarbeit-cache-engine/Code/external/comdare-cache-engine/libs/cache_engine/axes/lookup/composable/hash_bucket_pool_store.hpp:239:    /// SONDERFALL [[allocation-failure-exception]]: rehash kann std::bad_alloc werfen.
/home/comdare/Projekte/Research/probst-diplomarbeit-cache-engine/Code/external/comdare-cache-engine/libs/cache_engine/axes/lookup/composable/hash_bucket_pool_store.hpp:242:    /// OOM per nullptr; der Adapter uebersetzt das an EINER Stelle in std::bad_alloc
/home/comdare/Projekte/Research/probst-diplomarbeit-cache-engine/Code/external/comdare-cache-engine/libs/cache_engine/axes/filter_axis/composable/surf_axis_allocator.hpp:46:// uebersetzt das an EINER Stelle in std::bad_alloc (axis_06_allocator_strategy_base.hpp,
/home/comdare/Projekte/Research/probst-diplomarbeit-cache-engine/Code/external/comdare-cache-engine/libs/cache_engine/axes/lookup/axis_03a_search_algo_k_ary.hpp:31:// [[allocation-failure-exception]]: insert kann std::bad_alloc werfen (StdAllocatorAdapter, Posten 64).
/home/comdare/Projekte/Research/probst-diplomarbeit-cache-engine/Code/external/comdare-cache-engine/libs/cache_engine/axes/lookup/axis_03a_search_algo_k_ary.hpp:206:    /// SONDERFALL [[allocation-failure-exception]]: insert kann std::bad_alloc werfen.
/home/comdare/Projekte/Research/probst-diplomarbeit-cache-engine/Code/external/comdare-cache-engine/libs/cache_engine/axes/lookup/axis_03a_search_algo_k_ary.hpp:627:    /// SONDERFALL [[allocation-failure-exception]]: insert kann std::bad_alloc werfen.
/home/comdare/Projekte/Research/probst-diplomarbeit-cache-engine/Code/external/comdare-cache-engine/libs/cache_engine/axes/filter_axis/composable/exact_prefix_filter_store.hpp:68:    /// der Adapter uebersetzt das an EINER Stelle in std::bad_alloc (axis_06_allocator_strategy_base.hpp,
/home/comdare/Projekte/Research/probst-diplomarbeit-cache-engine/Code/external/comdare-cache-engine/libs/cache_engine/axes/lookup/composable/hot_patricia_node_pool_store.hpp:162:    // Allokator-ACHSE (Strategie meldet OOM per nullptr -> Adapter wirft std::bad_alloc), nicht vom Default.
/home/comdare/Projekte/Research/probst-diplomarbeit-cache-engine/Code/external/comdare-cache-engine/libs/cache_engine/axes/lookup/composable/skip_list_node_pool_store.hpp:134:    /// std::bad_alloc (axis_06_allocator_strategy_base.hpp). Fehlerklasse bleibt der FK-5-Boden der Achse.
/home/comdare/Projekte/Research/probst-diplomarbeit-cache-engine/Code/external/comdare-cache-engine/libs/cache_engine/axes/lookup/composable/btree_node_pool_store.hpp:131:    /// SONDERFALL [[allocation-failure-exception]]: nodes_-Wachstum kann std::bad_alloc werfen.
/home/comdare/Projekte/Research/probst-diplomarbeit-cache-engine/Code/external/comdare-cache-engine/libs/cache_engine/axes/lookup/composable/btree_node_pool_store.hpp:134:    /// OOM per nullptr; der Adapter uebersetzt das an EINER Stelle in std::bad_alloc
/home/comdare/Projekte/Research/probst-diplomarbeit-cache-engine/Code/external/comdare-cache-engine/libs/cache_engine/axes/lookup/composable/wormhole_leaf_list_pool_store.hpp:166:    // Allokator-ACHSE (Strategie meldet OOM per nullptr -> Adapter wirft std::bad_alloc), nicht vom Default.
/home/comdare/Projekte/Research/probst-diplomarbeit-cache-engine/Code/external/comdare-cache-engine/libs/cache_engine/axes/lookup/composable/swiss_group_pool_store.hpp:125:    /// OOM per nullptr, der Adapter uebersetzt ihn an EINER Stelle in std::bad_alloc
/home/comdare/Projekte/Research/probst-diplomarbeit-cache-engine/Code/external/comdare-cache-engine/libs/cache_engine/axes/lookup/composable/start_trie_node_pool_store.hpp:226:    // Allokator-ACHSE (Strategie meldet OOM per nullptr -> Adapter wirft std::bad_alloc), nicht vom Default.
/home/comdare/Projekte/Research/probst-diplomarbeit-cache-engine/Code/external/comdare-cache-engine/libs/cache_engine/axes/prefetch_axis/axis_07_prefetch_path_oriented_impl.hpp:25:// (push_back -> std::bad_alloc) EXISTIERT NICHT MEHR. Es entsteht KEIN neuer Mess-Fehlerpfad,
/home/comdare/Projekte/Research/probst-diplomarbeit-cache-engine/Code/external/comdare-cache-engine/libs/cache_engine/axes/value_handle_axis/axis_14_value_handle_real_slot.hpp:150:    // durch, sondern uebersetzt ihn an genau EINER Stelle in std::bad_alloc
/home/comdare/Projekte/Research/probst-diplomarbeit-cache-engine/Code/external/comdare-cache-engine/libs/cache_engine/axes/value_handle_axis/axis_14_value_handle_real_slot.hpp:151:    // (axis_06_allocator_strategy_base.hpp, StdAllocatorAdapter::allocate). Der konkrete std::bad_alloc-Wurf
/home/comdare/Projekte/Research/probst-diplomarbeit-cache-engine/Code/external/comdare-cache-engine/libs/cache_engine/axes/value_handle_axis/axis_14_value_handle_real_slot.hpp:280:    // Allokator-Achse -- deren nullptr wird seit Posten 64 im StdAllocatorAdapter in std::bad_alloc
/home/comdare/Projekte/Research/probst-diplomarbeit-cache-engine/Code/external/comdare-cache-engine/libs/cache_engine/axes/mapping/axis_03m_mapping_direct_placement.hpp:19:// Achsen-Strategie meldet OOM per nullptr, der StdAllocatorAdapter uebersetzt ihn in std::bad_alloc.
/home/comdare/Projekte/Research/probst-diplomarbeit-cache-engine/Code/external/comdare-cache-engine/libs/cache_engine/axes/mapping/axis_03m_mapping_direct_placement.hpp:121:    /// std::bad_alloc (axis_06_allocator_strategy_base.hpp, StdAllocatorAdapter::allocate). Damit ist
/home/comdare/Projekte/Research/probst-diplomarbeit-cache-engine/Code/external/comdare-cache-engine/libs/cache_engine/axes/mapping/axis_03m_mapping_pool_relative.hpp:22:// (seit Posten 64, 2026-08-04, wieder ein echter std::bad_alloc-Wurf ueber den StdAllocatorAdapter).
/home/comdare/Projekte/Research/probst-diplomarbeit-cache-engine/Code/external/comdare-cache-engine/libs/cache_engine/axes/mapping/axis_03m_mapping_pool_relative.hpp:123:    /// EINER Stelle in std::bad_alloc (axis_06_allocator_strategy_base.hpp, StdAllocatorAdapter::allocate)
/home/comdare/Projekte/Research/probst-diplomarbeit-cache-engine/Code/external/comdare-cache-engine/libs/cache_engine/axes/serialization_axis/axis_10_serialization_primitives.hpp:124:    /// std::bad_alloc (axis_06_allocator_strategy_base.hpp) -- der Wurf bleibt, nur der Traeger wechselt.

=== 4) memcpy( occurrences near allocate in axes/ (context grep) ===
/home/comdare/Projekte/Research/probst-diplomarbeit-cache-engine/Code/external/comdare-cache-engine/libs/cache_engine/axes/alloc/axis_06_allocator_exgen.hpp
/home/comdare/Projekte/Research/probst-diplomarbeit-cache-engine/Code/external/comdare-cache-engine/libs/cache_engine/axes/alloc/axis_06_allocator_numalloc.hpp
/home/comdare/Projekte/Research/probst-diplomarbeit-cache-engine/Code/external/comdare-cache-engine/libs/cache_engine/axes/simd/axis_09_isa_riscv.hpp
/home/comdare/Projekte/Research/probst-diplomarbeit-cache-engine/Code/external/comdare-cache-engine/libs/cache_engine/axes/alloc/axis_06_allocator_mimalloc.hpp
/home/comdare/Projekte/Research/probst-diplomarbeit-cache-engine/Code/external/comdare-cache-engine/libs/cache_engine/axes/alloc/axis_06_allocator_scalloc.hpp
/home/comdare/Projekte/Research/probst-diplomarbeit-cache-engine/Code/external/comdare-cache-engine/libs/cache_engine/axes/path_compression/axis_02_path_compression_patricia.hpp
/home/comdare/Projekte/Research/probst-diplomarbeit-cache-engine/Code/external/comdare-cache-engine/libs/cache_engine/axes/value_handle_axis/axis_14_value_handle_external_pool.hpp
/home/comdare/Projekte/Research/probst-diplomarbeit-cache-engine/Code/external/comdare-cache-engine/libs/cache_engine/axes/alloc/axis_06_allocator_lrmalloc.hpp
/home/comdare/Projekte/Research/probst-diplomarbeit-cache-engine/Code/external/comdare-cache-engine/libs/cache_engine/axes/alloc/axis_06_allocator_cama.hpp
/home/comdare/Projekte/Research/probst-diplomarbeit-cache-engine/Code/external/comdare-cache-engine/libs/cache_engine/axes/alloc/axis_06_allocator_snmalloc.hpp
/home/comdare/Projekte/Research/probst-diplomarbeit-cache-engine/Code/external/comdare-cache-engine/libs/cache_engine/axes/alloc/axis_06_allocator_hoard.hpp
/home/comdare/Projekte/Research/probst-diplomarbeit-cache-engine/Code/external/comdare-cache-engine/libs/cache_engine/axes/alloc/axis_06_allocator_jemalloc.hpp
/home/comdare/Projekte/Research/probst-diplomarbeit-cache-engine/Code/external/comdare-cache-engine/libs/cache_engine/axes/alloc/axis_06_allocator_slab.hpp
/home/comdare/Projekte/Research/probst-diplomarbeit-cache-engine/Code/external/comdare-cache-engine/libs/cache_engine/axes/alloc/axis_06_allocator_rpmalloc.hpp
/home/comdare/Projekte/Research/probst-diplomarbeit-cache-engine/Code/external/comdare-cache-engine/libs/cache_engine/axes/alloc/axis_06_allocator_hmalloc.hpp
/home/comdare/Projekte/Research/probst-diplomarbeit-cache-engine/Code/external/comdare-cache-engine/libs/cache_engine/axes/alloc/axis_06_allocator_crystalline.hpp
/home/comdare/Projekte/Research/probst-diplomarbeit-cache-engine/Code/external/comdare-cache-engine/libs/cache_engine/axes/persistence_target/axis_persistence_target_disk_writeback.hpp
/home/comdare/Projekte/Research/probst-diplomarbeit-cache-engine/Code/external/comdare-cache-engine/libs/cache_engine/axes/alloc/axis_06_allocator_std_malloc.hpp
/home/comdare/Projekte/Research/probst-diplomarbeit-cache-engine/Code/external/comdare-cache-engine/libs/cache_engine/axes/simd/axis_09_isa_powerpc.hpp
/home/comdare/Projekte/Research/probst-diplomarbeit-cache-engine/Code/external/comdare-cache-engine/libs/cache_engine/axes/alloc/axis_06_allocator_michael_lf.hpp
/home/comdare/Projekte/Research/probst-diplomarbeit-cache-engine/Code/external/comdare-cache-engine/libs/cache_engine/axes/alloc/axis_06_allocator_pim_malloc.hpp
/home/comdare/Projekte/Research/probst-diplomarbeit-cache-engine/Code/external/comdare-cache-engine/libs/cache_engine/axes/alloc/axis_06_allocator_buddy.hpp
/home/comdare/Projekte/Research/probst-diplomarbeit-cache-engine/Code/external/comdare-cache-engine/libs/cache_engine/axes/alloc/axis_06_allocator_tcmalloc.hpp
/home/comdare/Projekte/Research/probst-diplomarbeit-cache-engine/Code/external/comdare-cache-engine/libs/cache_engine/axes/alloc/axis_06_allocator_starmalloc.hpp
/home/comdare/Projekte/Research/probst-diplomarbeit-cache-engine/Code/external/comdare-cache-engine/libs/cache_engine/axes/alloc/axis_06_allocator_tcmalloc_wh.hpp
/home/comdare/Projekte/Research/probst-diplomarbeit-cache-engine/Code/external/comdare-cache-engine/libs/cache_engine/axes/alloc/axis_06_allocator_dlmalloc.hpp
/home/comdare/Projekte/Research/probst-diplomarbeit-cache-engine/Code/external/comdare-cache-engine/libs/cache_engine/axes/alloc/axis_06_allocator_pool_resource.hpp
/home/comdare/Projekte/Research/probst-diplomarbeit-cache-engine/Code/external/comdare-cache-engine/libs/cache_engine/axes/io_dispatch/axis_io_buffered.hpp
/home/comdare/Projekte/Research/probst-diplomarbeit-cache-engine/Code/external/comdare-cache-engine/libs/cache_engine/axes/io_dispatch/axis_io_in_memory_only.hpp
/home/comdare/Projekte/Research/probst-diplomarbeit-cache-engine/Code/external/comdare-cache-engine/libs/cache_engine/axes/io_dispatch/axis_io_direct.hpp
/home/comdare/Projekte/Research/probst-diplomarbeit-cache-engine/Code/external/comdare-cache-engine/libs/cache_engine/axes/alloc/axis_06_allocator_vmem_mag.hpp
/home/comdare/Projekte/Research/probst-diplomarbeit-cache-engine/Code/external/comdare-cache-engine/libs/cache_engine/axes/alloc/axis_06_allocator_ptmalloc2.hpp
/home/comdare/Projekte/Research/probst-diplomarbeit-cache-engine/Code/external/comdare-cache-engine/libs/cache_engine/axes/simd/axis_09_isa_aarch64.hpp
/home/comdare/Projekte/Research/probst-diplomarbeit-cache-engine/Code/external/comdare-cache-engine/libs/cache_engine/axes/node/axis_04_node_type_layout_aware_store.hpp
/home/comdare/Projekte/Research/probst-diplomarbeit-cache-engine/Code/external/comdare-cache-engine/libs/cache_engine/axes/simd/axis_09_isa_amd64.hpp
/home/comdare/Projekte/Research/probst-diplomarbeit-cache-engine/Code/external/comdare-cache-engine/libs/cache_engine/axes/migration_policy/axis_migration_adaptive.hpp
/home/comdare/Projekte/Research/probst-diplomarbeit-cache-engine/Code/external/comdare-cache-engine/libs/cache_engine/axes/value_handle_axis/axis_14_value_handle_observable.hpp
/home/comdare/Projekte/Research/probst-diplomarbeit-cache-engine/Code/external/comdare-cache-engine/libs/cache_engine/axes/migration_policy/axis_migration_tier_based.hpp
/home/comdare/Projekte/Research/probst-diplomarbeit-cache-engine/Code/external/comdare-cache-engine/libs/cache_engine/axes/index_organization/axis_01_index_organization_index_organized_table.hpp
/home/comdare/Projekte/Research/probst-diplomarbeit-cache-engine/Code/external/comdare-cache-engine/libs/cache_engine/axes/prefetch_axis/axis_07_prefetch_path_oriented_impl.hpp
/home/comdare/Projekte/Research/probst-diplomarbeit-cache-engine/Code/external/comdare-cache-engine/libs/cache_engine/axes/index_organization/axis_01_index_organization_clustered.hpp
/home/comdare/Projekte/Research/probst-diplomarbeit-cache-engine/Code/external/comdare-cache-engine/libs/cache_engine/axes/migration_policy/axis_migration_observable.hpp
/home/comdare/Projekte/Research/probst-diplomarbeit-cache-engine/Code/external/comdare-cache-engine/libs/cache_engine/axes/value_handle_axis/axis_14_value_handle_inline.hpp
/home/comdare/Projekte/Research/probst-diplomarbeit-cache-engine/Code/external/comdare-cache-engine/libs/cache_engine/axes/layout/axis_05_memory_layout_aos_strict.hpp
/home/comdare/Projekte/Research/probst-diplomarbeit-cache-engine/Code/external/comdare-cache-engine/libs/cache_engine/axes/index_organization/axis_01_index_organization_non_clustered.hpp
/home/comdare/Projekte/Research/probst-diplomarbeit-cache-engine/Code/external/comdare-cache-engine/libs/cache_engine/axes/index_organization/axis_01_index_organization_heap.hpp
/home/comdare/Projekte/Research/probst-diplomarbeit-cache-engine/Code/external/comdare-cache-engine/libs/cache_engine/axes/serialization_axis/axis_10_serialization_raw_binary.hpp
/home/comdare/Projekte/Research/probst-diplomarbeit-cache-engine/Code/external/comdare-cache-engine/libs/cache_engine/axes/value_handle_axis/axis_14_value_handle_versioned_pointer.hpp
/home/comdare/Projekte/Research/probst-diplomarbeit-cache-engine/Code/external/comdare-cache-engine/libs/cache_engine/axes/migration_policy/axis_migration_hot_cold.hpp
/home/comdare/Projekte/Research/probst-diplomarbeit-cache-engine/Code/external/comdare-cache-engine/libs/cache_engine/axes/serialization_axis/axis_10_serialization_var_len.hpp
/home/comdare/Projekte/Research/probst-diplomarbeit-cache-engine/Code/external/comdare-cache-engine/libs/cache_engine/axes/value_handle_axis/axis_14_value_handle_chain_ref.hpp
/home/comdare/Projekte/Research/probst-diplomarbeit-cache-engine/Code/external/comdare-cache-engine/libs/cache_engine/axes/layout/axis_05_memory_layout_packed_bitmap.hpp
/home/comdare/Projekte/Research/probst-diplomarbeit-cache-engine/Code/external/comdare-cache-engine/libs/cache_engine/axes/value_handle_axis/axis_14_value_handle_immutable_shared_ref.hpp
/home/comdare/Projekte/Research/probst-diplomarbeit-cache-engine/Code/external/comdare-cache-engine/libs/cache_engine/axes/layout/axis_05_memory_layout_cache_line_aligned.hpp
/home/comdare/Projekte/Research/probst-diplomarbeit-cache-engine/Code/external/comdare-cache-engine/libs/cache_engine/axes/serialization_axis/axis_10_serialization_succinct.hpp
/home/comdare/Projekte/Research/probst-diplomarbeit-cache-engine/Code/external/comdare-cache-engine/libs/cache_engine/axes/serialization_axis/axis_10_serialization_compressed.hpp
/home/comdare/Projekte/Research/probst-diplomarbeit-cache-engine/Code/external/comdare-cache-engine/libs/cache_engine/axes/layout/axis_05_memory_layout_soa.hpp
/home/comdare/Projekte/Research/probst-diplomarbeit-cache-engine/Code/external/comdare-cache-engine/libs/cache_engine/axes/layout/axis_05_memory_layout_aosoa.hpp
