BUILD-EXIT-CODE:0
                 from /home/comdare/wt-b-buildgraph/build/gcc-release/_deps/googletest-src/googletest/include/gtest/internal/gtest-death-test-internal.h:47,
                 from /home/comdare/wt-b-buildgraph/build/gcc-release/_deps/googletest-src/googletest/include/gtest/gtest-death-test.h:43,
                 from /home/comdare/wt-b-buildgraph/build/gcc-release/_deps/googletest-src/googletest/include/gtest/gtest.h:64,
                 from /home/comdare/wt-b-buildgraph/tests/unit/thesis_tiere/test_experiment_plan_director.cpp:29:
/home/comdare/wt-b-buildgraph/tests/unit/thesis_tiere/test_experiment_plan_director.cpp: In member function ‘virtual void MeasurementModi61_TwoModeProfileHardFailsExactlyOne_Test::TestBody()’:
/home/comdare/wt-b-buildgraph/tests/unit/thesis_tiere/test_experiment_plan_director.cpp:2254:45: warning: ignoring return value of ‘const comdare::cache_engine::measurement::RunMethodologyInfo& comdare::cache_engine::measurement::run_methodology_for_ids(const std::vector<std::__cxx11::basic_string<char> >&)’, declared with attribute ‘nodiscard’ [-Wunused-result]
 2254 |     EXPECT_THROW(mm::run_methodology_for_ids({"debug", "measure"}), std::invalid_argument)
      |                  ~~~~~~~~~~~~~~~~~~~~~~~~~~~^~~~~~~~~~~~~~~~~~~~~~
In file included from /home/comdare/wt-b-buildgraph/libs/cache_engine/builder/experiment_tree/measure_parallelism.hpp:11,
                 from /home/comdare/wt-b-buildgraph/libs/cache_engine/builder/experiment_tree/cache_engine_builder_iterator.hpp:34,
                 from /home/comdare/wt-b-buildgraph/libs/cache_engine/profile_facade/source_catalog.hpp:31:
/home/comdare/wt-b-buildgraph/libs/cache_engine/include/cache_engine/measurement/run_methodology_registry.hpp:140:48: note: declared here
  140 | [[nodiscard]] inline RunMethodologyInfo const& run_methodology_for_ids(std::vector<std::string> const& ids) {
      |                                                ^~~~~~~~~~~~~~~~~~~~~~~
/home/comdare/wt-b-buildgraph/tests/unit/thesis_tiere/test_experiment_plan_director.cpp:2256:45: warning: ignoring return value of ‘const comdare::cache_engine::measurement::RunMethodologyInfo& comdare::cache_engine::measurement::run_methodology_for_ids(const std::vector<std::__cxx11::basic_string<char> >&)’, declared with attribute ‘nodiscard’ [-Wunused-result]
 2256 |     EXPECT_THROW(mm::run_methodology_for_ids({"measure", "release"}), std::invalid_argument);
      |                  ~~~~~~~~~~~~~~~~~~~~~~~~~~~^~~~~~~~~~~~~~~~~~~~~~~~
/home/comdare/wt-b-buildgraph/libs/cache_engine/include/cache_engine/measurement/run_methodology_registry.hpp:140:48: note: declared here
  140 | [[nodiscard]] inline RunMethodologyInfo const& run_methodology_for_ids(std::vector<std::string> const& ids) {
      |                                                ^~~~~~~~~~~~~~~~~~~~~~~
[1813/1823] Linking CXX executable tests/unit/test_experiment_plan_director
[1814/1823] Building CXX object tests/unit/CMakeFiles/test_limits_entkopplung_vorstufe.dir/test_limits_entkopplung_vorstufe.cpp.o
[1815/1823] Linking CXX executable tests/unit/test_limits_entkopplung_vorstufe
[1816/1823] Building CXX object tests/unit/CMakeFiles/test_lazy_adhoc_source_gen.dir/test_lazy_adhoc_source_gen.cpp.o
[1817/1823] Linking CXX executable tests/unit/test_lazy_adhoc_source_gen
[1818/1823] Building CXX object libs/cache_engine/profile_facade/CMakeFiles/comdare_profile_run_facade.dir/profile_run_facade.cpp.o
[1819/1823] Linking CXX static library libs/cache_engine/profile_facade/libcomdare_profile_run_facade.a
[1820/1823] Linking CXX executable apps/experiment_planner/comdare-experiment-planner
[1821/1823] Building CXX object tests/unit/CMakeFiles/test_t2a_f4_facade_plan_durchreichung.dir/test_t2a_f4_facade_plan_durchreichung.cpp.o
[1822/1823] Linking CXX executable tests/unit/test_t2a_f4_facade_plan_durchreichung
