Running main() from /home/comdare/wt-ce-wachen/build-covguard/_deps/googletest-src/googletest/src/gtest_main.cc
Note: Google Test filter = *GenauErreicht*
[==========] Running 1 test from 1 test suite.
[----------] Global test environment set-up.
[----------] 1 test from D2AbdeckungsWacheNenner
[ RUN      ] D2AbdeckungsWacheNenner.UntergrenzeGenauErreichtIstKeinBefund
  [D2] Fall 'Untergrenze genau erreicht' | Koeder 9b2e38de5bea | Prueflig /home/comdare/wt-ce-wachen/scripts/ci_test_coverage_guard.sh | Exit 1
/home/comdare/wt-ce-wachen/tests/unit/test_d2_abdeckungs_wache_nenner.cpp:576: Failure
Value of: enthaelt(lauf.ausgabe, "== Anker")
  Actual: false
Expected: true
=============================================================================
 ABDECKUNGS-WACHE der CI-Test-Auswahl  (scripts/ci_test_coverage_guard.sh)
 Bau-Baum : /tmp/comdare_test_1001_958041875ace/d2_nenner_9b2e38de5bea
 Manifest : /home/comdare/wt-ce-wachen/scripts/ci_test_coverage_manifest.sh
 Modus    : WEICH  (COMDARE_WACHE_STRIKT ungesetzt)
=============================================================================

LIVE-INVENTUR (ctest -N): 2 registrierte Tests

HOST-KLASSE (gemessen, /tmp/comdare_test_1001_958041875ace/d2_nenner_9b2e38de5bea/CMakeCache.txt): avx512f
  COMDARE_HOST_RUNS_AVX2=ja, COMDARE_HOST_RUNS_AVX512F=ja, Host: prod1
ANKER (exakt, committet, /tmp/comdare_test_1001_958041875ace/d2_nenner_9b2e38de5bea/ci_test_inventory_floor.txt) fuer Klasse avx512f: 2
  -> genau erreicht: 2 von mindestens 2 fuer Klasse
     avx512f (Host: prod1).

PARTITIONS-RECHNUNG: ohne=2 mit=0 summe=2 inventur=2 differenz=0

NENNER (nie eine nackte Null) -- bedingte Registrierungs-Bloecke:
  [gelaufen     ] kb_9b2e38de5bea            -> test_grundstock_9b2e38de5bea                   (praepariert)

  2 Tests in der Inventur; 1 bedingte Registrierungs-Bloecke,
  davon 1 gelaufen und 0 uebersprungen.
  Quelle: /tmp/comdare_test_1001_958041875ace/d2_nenner_9b2e38de5bea/comdare_registrierungs_protokoll.txt

DRITTE ACHSE (Fremd-Inventur): NICHT GEFAHREN -- COMDARE_FREMD_INVENTUR ist
  ungesetzt. Der Nenner ist damit nur gegen den eigenen Quelltext belegt
  (Protokoll oben), nicht gegen den Baum eines anderen Jobs.

DEKLARIERTE JOB-AUSWAHLEN (Quelle: Manifest):
  [deckt ]  contract                     -R   ^test_abi_interface$                                                        0 Tests   (ohne rules-Gate)
  [deckt ]  pmc                          -L   pmc                                                                         0 Tests   (COMDARE_PMC_LANES ungesetzt -> ANNAHME deklariert (Lauf ausserhalb der CI))
  [inaktiv] arm64_smoke                  -R   ^(test_cpuid_probe|test_conformance_gate)$                                  0 Tests   (opt-in COMDARE_ISA_MATRIX='' != 'true' -> keine Deckungsgutschrift)
  [deckt ]  sanitize_asan                -R   ^(test_abi_interface|test_config_durability|test_conformance_gate|test_experiment_driver_v13|test_chaos_drift_gate)$    0 Tests   (ohne rules-Gate)
  [deckt ]  contract_durability          -R   ^test_config_durability$                                                    0 Tests   (ohne rules-Gate)
  [deckt ]  contract_conformance         -R   ^(test_conformance_gate|test_188_4c0_known_compositions_conformance|test_188_4cii_flat_wrapper_traversal|test_216h2_stat_reset_after_load|test_v41_anatomy_module_abi|test_cmd1_a_axis_command_base|test_ap15_2_get_allocator_proxy|test_ap15_3_driveable_map_contract|test_29_container_framework|test_v41_cache_engine_facade)$    0 Tests   (ohne rules-Gate)
  [deckt ]  contract_pool_flip           -R   ^(test_188_4bbV_pool_adapter_flip_compile|test_188_4a_eytzinger_organ|test_s7_([1-9]|10)_)    0 Tests   (ohne rules-Gate)
  [deckt ]  contract_harness             -R   ^(test_harness_compile|test_lazy_resume_binary)$                            0 Tests   (ohne rules-Gate)
  [deckt ]  contract_profile_coverage    -R   ^(test_profile_coverage|test_smoke_coverage_profile|test_wdk_datasets_fairness|test_sota_st2_dedup|test_validate_profile|test_h2_score_akte|test_profile_roundtrip|test_experiment_parser|test_measurement_categories|test_axis_registry_roundtrip)$    0 Tests   (ohne rules-Gate)
  [deckt ]  contract_experiment_driver   -R   ^test_experiment_driver_v13$                                                0 Tests   (ohne rules-Gate)
  [deckt ]  contract_node_shape          -R   ^test_234_                                                                  0 Tests   (ohne rules-Gate)
  [deckt ]  chaos_drift                  -R   ^test_chaos_drift_gate$                                                     0 Tests   (ohne rules-Gate)
  [deckt ]  test_unit                    -LE  pmc                                                                         2 Tests   (ohne rules-Gate)
  [deckt ]  sanitize_tsan                -R   ^(test_concurrency_disciplines|test_rcu|test_v41_axis_08_concurrency)$      0 Tests   (ohne rules-Gate)

BILANZ: 2 von 2 registrierten Tests werden von einem fahrenden Job ausgefuehrt.
        1 von 14 Gate(n) UNGEPRUEFT -- Deklarations-
        variable in diesem Lauf nicht gesetzt, ihre Deckung ist ANNAHME, nicht Messung:
           ANNAHME: pmc (Variable COMDARE_PMC_LANES ungesetzt)

-----------------------------------------------------------------------------
FEHLER: PHANTOM-GATE -- ein Job-Selektor trifft KEINEN einzigen Test.
Der Job laeuft dann gruen, ohne irgendetwas zu pruefen.
  * Kennung 'contract': -R ^test_abi_interface$
  * Kennung 'pmc': -L pmc
  * Kennung 'arm64_smoke': -R ^(test_cpuid_probe|test_conformance_gate)$
  * Kennung 'sanitize_asan': -R ^(test_abi_interface|test_config_durability|test_conformance_gate|test_experiment_driver_v13|test_chaos_drift_gate)$
  * Kennung 'contract_durability': -R ^test_config_durability$
  * Kennung 'contract_conformance': -R ^(test_conformance_gate|test_188_4c0_known_compositions_conformance|test_188_4cii_flat_wrapper_traversal|test_216h2_stat_reset_after_load|test_v41_anatomy_module_abi|test_cmd1_a_axis_command_base|test_ap15_2_get_allocator_proxy|test_ap15_3_driveable_map_contract|test_29_container_framework|test_v41_cache_engine_facade)$
  * Kennung 'contract_pool_flip': -R ^(test_188_4bbV_pool_adapter_flip_compile|test_188_4a_eytzinger_organ|test_s7_([1-9]|10)_)
  * Kennung 'contract_harness': -R ^(test_harness_compile|test_lazy_resume_binary)$
  * Kennung 'contract_profile_coverage': -R ^(test_profile_coverage|test_smoke_coverage_profile|test_wdk_datasets_fairness|test_sota_st2_dedup|test_validate_profile|test_h2_score_akte|test_profile_roundtrip|test_experiment_parser|test_measurement_categories|test_axis_registry_roundtrip)$
  * Kennung 'contract_experiment_driver': -R ^test_experiment_driver_v13$
  * Kennung 'contract_node_shape': -R ^test_234_
  * Kennung 'chaos_drift': -R ^test_chaos_drift_gate$
  * Kennung 'sanitize_tsan': -R ^(test_concurrency_disciplines|test_rcu|test_v41_axis_08_concurrency)$
-----------------------------------------------------------------------------

-----------------------------------------------------------------------------
FEHLER: TOTER NAME in einer Job-Auswahl -- der Name existiert in der Inventur nicht
(umbenannt oder entfernt). Die uebrigen Namen derselben Liste verdecken das sonst.
  * Job-Kennung 'contract' nennt 'test_abi_interface' -- kein solcher Test registriert.
  * Job-Kennung 'arm64_smoke' nennt 'test_cpuid_probe' -- kein solcher Test registriert.
  * Job-Kennung 'arm64_smoke' nennt 'test_conformance_gate' -- kein solcher Test registriert.
  * Job-Kennung 'sanitize_asan' nennt 'test_abi_interface' -- kein solcher Test registriert.
  * Job-Kennung 'sanitize_asan' nennt 'test_config_durability' -- kein solcher Test registriert.
  * Job-Kennung 'sanitize_asan' nennt 'test_conformance_gate' -- kein solcher Test registriert.
  * Job-Kennung 'sanitize_asan' nennt 'test_experiment_driver_v13' -- kein solcher Test registriert.
  * Job-Kennung 'sanitize_asan' nennt 'test_chaos_drift_gate' -- kein solcher Test registriert.
  * Job-Kennung 'contract_durability' nennt 'test_config_durability' -- kein solcher Test registriert.
  * Job-Kennung 'contract_conformance' nennt 'test_conformance_gate' -- kein solcher Test registriert.
  * Job-Kennung 'contract_conformance' nennt 'test_188_4c0_known_compositions_conformance' -- kein solcher Test registriert.
  * Job-Kennung 'contract_conformance' nennt 'test_188_4cii_flat_wrapper_traversal' -- kein solcher Test registriert.
  * Job-Kennung 'contract_conformance' nennt 'test_216h2_stat_reset_after_load' -- kein solcher Test registriert.
  * Job-Kennung 'contract_conformance' nennt 'test_v41_anatomy_module_abi' -- kein solcher Test registriert.
  * Job-Kennung 'contract_conformance' nennt 'test_cmd1_a_axis_command_base' -- kein solcher Test registriert.
  * Job-Kennung 'contract_conformance' nennt 'test_ap15_2_get_allocator_proxy' -- kein solcher Test registriert.
  * Job-Kennung 'contract_conformance' nennt 'test_ap15_3_driveable_map_contract' -- kein solcher Test registriert.
  * Job-Kennung 'contract_conformance' nennt 'test_29_container_framework' -- kein solcher Test registriert.
  * Job-Kennung 'contract_conformance' nennt 'test_v41_cache_engine_facade' -- kein solcher Test registriert.
  * Job-Kennung 'contract_harness' nennt 'test_harness_compile' -- kein solcher Test registriert.
  * Job-Kennung 'contract_harness' nennt 'test_lazy_resume_binary' -- kein solcher Test registriert.
  * Job-Kennung 'contract_profile_coverage' nennt 'test_profile_coverage' -- kein solcher Test registriert.
  * Job-Kennung 'contract_profile_coverage' nennt 'test_smoke_coverage_profile' -- kein solcher Test registriert.
  * Job-Kennung 'contract_profile_coverage' nennt 'test_wdk_datasets_fairness' -- kein solcher Test registriert.
  * Job-Kennung 'contract_profile_coverage' nennt 'test_sota_st2_dedup' -- kein solcher Test registriert.
  * Job-Kennung 'contract_profile_coverage' nennt 'test_validate_profile' -- kein solcher Test registriert.
  * Job-Kennung 'contract_profile_coverage' nennt 'test_h2_score_akte' -- kein solcher Test registriert.
  * Job-Kennung 'contract_profile_coverage' nennt 'test_profile_roundtrip' -- kein solcher Test registriert.
  * Job-Kennung 'contract_profile_coverage' nennt 'test_experiment_parser' -- kein solcher Test registriert.
  * Job-Kennung 'contract_profile_coverage' nennt 'test_measurement_categories' -- kein solcher Test registriert.
  * Job-Kennung 'contract_profile_coverage' nennt 'test_axis_registry_roundtrip' -- kein solcher Test registriert.
  * Job-Kennung 'contract_experiment_driver' nennt 'test_experiment_driver_v13' -- kein solcher Test registriert.
  * Job-Kennung 'chaos_drift' nennt 'test_chaos_drift_gate' -- kein solcher Test registriert.
  * Job-Kennung 'sanitize_tsan' nennt 'test_concurrency_disciplines' -- kein solcher Test registriert.
  * Job-Kennung 'sanitize_tsan' nennt 'test_rcu' -- kein solcher Test registriert.
  * Job-Kennung 'sanitize_tsan' nennt 'test_v41_axis_08_concurrency' -- kein solcher Test registriert.
-----------------------------------------------------------------------------

ABDECKUNGS-WACHE: ROT -- Nenner belegt (1 von 1 Bloecken gelaufen),
die Abdeckung ueber dieser vollstaendigen Menge haelt aber nicht.


/home/comdare/wt-ce-wachen/tests/unit/test_d2_abdeckungs_wache_nenner.cpp:577: Failure
Value of: enthaelt(lauf.ausgabe, "von mindestens")
  Actual: true
Expected: false
=============================================================================
 ABDECKUNGS-WACHE der CI-Test-Auswahl  (scripts/ci_test_coverage_guard.sh)
 Bau-Baum : /tmp/comdare_test_1001_958041875ace/d2_nenner_9b2e38de5bea
 Manifest : /home/comdare/wt-ce-wachen/scripts/ci_test_coverage_manifest.sh
 Modus    : WEICH  (COMDARE_WACHE_STRIKT ungesetzt)
=============================================================================

LIVE-INVENTUR (ctest -N): 2 registrierte Tests

HOST-KLASSE (gemessen, /tmp/comdare_test_1001_958041875ace/d2_nenner_9b2e38de5bea/CMakeCache.txt): avx512f
  COMDARE_HOST_RUNS_AVX2=ja, COMDARE_HOST_RUNS_AVX512F=ja, Host: prod1
ANKER (exakt, committet, /tmp/comdare_test_1001_958041875ace/d2_nenner_9b2e38de5bea/ci_test_inventory_floor.txt) fuer Klasse avx512f: 2
  -> genau erreicht: 2 von mindestens 2 fuer Klasse
     avx512f (Host: prod1).

PARTITIONS-RECHNUNG: ohne=2 mit=0 summe=2 inventur=2 differenz=0

NENNER (nie eine nackte Null) -- bedingte Registrierungs-Bloecke:
  [gelaufen     ] kb_9b2e38de5bea            -> test_grundstock_9b2e38de5bea                   (praepariert)

  2 Tests in der Inventur; 1 bedingte Registrierungs-Bloecke,
  davon 1 gelaufen und 0 uebersprungen.
  Quelle: /tmp/comdare_test_1001_958041875ace/d2_nenner_9b2e38de5bea/comdare_registrierungs_protokoll.txt

DRITTE ACHSE (Fremd-Inventur): NICHT GEFAHREN -- COMDARE_FREMD_INVENTUR ist
  ungesetzt. Der Nenner ist damit nur gegen den eigenen Quelltext belegt
  (Protokoll oben), nicht gegen den Baum eines anderen Jobs.

DEKLARIERTE JOB-AUSWAHLEN (Quelle: Manifest):
  [deckt ]  contract                     -R   ^test_abi_interface$                                                        0 Tests   (ohne rules-Gate)
  [deckt ]  pmc                          -L   pmc                                                                         0 Tests   (COMDARE_PMC_LANES ungesetzt -> ANNAHME deklariert (Lauf ausserhalb der CI))
  [inaktiv] arm64_smoke                  -R   ^(test_cpuid_probe|test_conformance_gate)$                                  0 Tests   (opt-in COMDARE_ISA_MATRIX='' != 'true' -> keine Deckungsgutschrift)
  [deckt ]  sanitize_asan                -R   ^(test_abi_interface|test_config_durability|test_conformance_gate|test_experiment_driver_v13|test_chaos_drift_gate)$    0 Tests   (ohne rules-Gate)
  [deckt ]  contract_durability          -R   ^test_config_durability$                                                    0 Tests   (ohne rules-Gate)
  [deckt ]  contract_conformance         -R   ^(test_conformance_gate|test_188_4c0_known_compositions_conformance|test_188_4cii_flat_wrapper_traversal|test_216h2_stat_reset_after_load|test_v41_anatomy_module_abi|test_cmd1_a_axis_command_base|test_ap15_2_get_allocator_proxy|test_ap15_3_driveable_map_contract|test_29_container_framework|test_v41_cache_engine_facade)$    0 Tests   (ohne rules-Gate)
  [deckt ]  contract_pool_flip           -R   ^(test_188_4bbV_pool_adapter_flip_compile|test_188_4a_eytzinger_organ|test_s7_([1-9]|10)_)    0 Tests   (ohne rules-Gate)
  [deckt ]  contract_harness             -R   ^(test_harness_compile|test_lazy_resume_binary)$                            0 Tests   (ohne rules-Gate)
  [deckt ]  contract_profile_coverage    -R   ^(test_profile_coverage|test_smoke_coverage_profile|test_wdk_datasets_fairness|test_sota_st2_dedup|test_validate_profile|test_h2_score_akte|test_profile_roundtrip|test_experiment_parser|test_measurement_categories|test_axis_registry_roundtrip)$    0 Tests   (ohne rules-Gate)
  [deckt ]  contract_experiment_driver   -R   ^test_experiment_driver_v13$                                                0 Tests   (ohne rules-Gate)
  [deckt ]  contract_node_shape          -R   ^test_234_                                                                  0 Tests   (ohne rules-Gate)
  [deckt ]  chaos_drift                  -R   ^test_chaos_drift_gate$                                                     0 Tests   (ohne rules-Gate)
  [deckt ]  test_unit                    -LE  pmc                                                                         2 Tests   (ohne rules-Gate)
  [deckt ]  sanitize_tsan                -R   ^(test_concurrency_disciplines|test_rcu|test_v41_axis_08_concurrency)$      0 Tests   (ohne rules-Gate)

BILANZ: 2 von 2 registrierten Tests werden von einem fahrenden Job ausgefuehrt.
        1 von 14 Gate(n) UNGEPRUEFT -- Deklarations-
        variable in diesem Lauf nicht gesetzt, ihre Deckung ist ANNAHME, nicht Messung:
           ANNAHME: pmc (Variable COMDARE_PMC_LANES ungesetzt)

-----------------------------------------------------------------------------
FEHLER: PHANTOM-GATE -- ein Job-Selektor trifft KEINEN einzigen Test.
Der Job laeuft dann gruen, ohne irgendetwas zu pruefen.
  * Kennung 'contract': -R ^test_abi_interface$
  * Kennung 'pmc': -L pmc
  * Kennung 'arm64_smoke': -R ^(test_cpuid_probe|test_conformance_gate)$
  * Kennung 'sanitize_asan': -R ^(test_abi_interface|test_config_durability|test_conformance_gate|test_experiment_driver_v13|test_chaos_drift_gate)$
  * Kennung 'contract_durability': -R ^test_config_durability$
  * Kennung 'contract_conformance': -R ^(test_conformance_gate|test_188_4c0_known_compositions_conformance|test_188_4cii_flat_wrapper_traversal|test_216h2_stat_reset_after_load|test_v41_anatomy_module_abi|test_cmd1_a_axis_command_base|test_ap15_2_get_allocator_proxy|test_ap15_3_driveable_map_contract|test_29_container_framework|test_v41_cache_engine_facade)$
  * Kennung 'contract_pool_flip': -R ^(test_188_4bbV_pool_adapter_flip_compile|test_188_4a_eytzinger_organ|test_s7_([1-9]|10)_)
  * Kennung 'contract_harness': -R ^(test_harness_compile|test_lazy_resume_binary)$
  * Kennung 'contract_profile_coverage': -R ^(test_profile_coverage|test_smoke_coverage_profile|test_wdk_datasets_fairness|test_sota_st2_dedup|test_validate_profile|test_h2_score_akte|test_profile_roundtrip|test_experiment_parser|test_measurement_categories|test_axis_registry_roundtrip)$
  * Kennung 'contract_experiment_driver': -R ^test_experiment_driver_v13$
  * Kennung 'contract_node_shape': -R ^test_234_
  * Kennung 'chaos_drift': -R ^test_chaos_drift_gate$
  * Kennung 'sanitize_tsan': -R ^(test_concurrency_disciplines|test_rcu|test_v41_axis_08_concurrency)$
-----------------------------------------------------------------------------

-----------------------------------------------------------------------------
FEHLER: TOTER NAME in einer Job-Auswahl -- der Name existiert in der Inventur nicht
(umbenannt oder entfernt). Die uebrigen Namen derselben Liste verdecken das sonst.
  * Job-Kennung 'contract' nennt 'test_abi_interface' -- kein solcher Test registriert.
  * Job-Kennung 'arm64_smoke' nennt 'test_cpuid_probe' -- kein solcher Test registriert.
  * Job-Kennung 'arm64_smoke' nennt 'test_conformance_gate' -- kein solcher Test registriert.
  * Job-Kennung 'sanitize_asan' nennt 'test_abi_interface' -- kein solcher Test registriert.
  * Job-Kennung 'sanitize_asan' nennt 'test_config_durability' -- kein solcher Test registriert.
  * Job-Kennung 'sanitize_asan' nennt 'test_conformance_gate' -- kein solcher Test registriert.
  * Job-Kennung 'sanitize_asan' nennt 'test_experiment_driver_v13' -- kein solcher Test registriert.
  * Job-Kennung 'sanitize_asan' nennt 'test_chaos_drift_gate' -- kein solcher Test registriert.
  * Job-Kennung 'contract_durability' nennt 'test_config_durability' -- kein solcher Test registriert.
  * Job-Kennung 'contract_conformance' nennt 'test_conformance_gate' -- kein solcher Test registriert.
  * Job-Kennung 'contract_conformance' nennt 'test_188_4c0_known_compositions_conformance' -- kein solcher Test registriert.
  * Job-Kennung 'contract_conformance' nennt 'test_188_4cii_flat_wrapper_traversal' -- kein solcher Test registriert.
  * Job-Kennung 'contract_conformance' nennt 'test_216h2_stat_reset_after_load' -- kein solcher Test registriert.
  * Job-Kennung 'contract_conformance' nennt 'test_v41_anatomy_module_abi' -- kein solcher Test registriert.
  * Job-Kennung 'contract_conformance' nennt 'test_cmd1_a_axis_command_base' -- kein solcher Test registriert.
  * Job-Kennung 'contract_conformance' nennt 'test_ap15_2_get_allocator_proxy' -- kein solcher Test registriert.
  * Job-Kennung 'contract_conformance' nennt 'test_ap15_3_driveable_map_contract' -- kein solcher Test registriert.
  * Job-Kennung 'contract_conformance' nennt 'test_29_container_framework' -- kein solcher Test registriert.
  * Job-Kennung 'contract_conformance' nennt 'test_v41_cache_engine_facade' -- kein solcher Test registriert.
  * Job-Kennung 'contract_harness' nennt 'test_harness_compile' -- kein solcher Test registriert.
  * Job-Kennung 'contract_harness' nennt 'test_lazy_resume_binary' -- kein solcher Test registriert.
  * Job-Kennung 'contract_profile_coverage' nennt 'test_profile_coverage' -- kein solcher Test registriert.
  * Job-Kennung 'contract_profile_coverage' nennt 'test_smoke_coverage_profile' -- kein solcher Test registriert.
  * Job-Kennung 'contract_profile_coverage' nennt 'test_wdk_datasets_fairness' -- kein solcher Test registriert.
  * Job-Kennung 'contract_profile_coverage' nennt 'test_sota_st2_dedup' -- kein solcher Test registriert.
  * Job-Kennung 'contract_profile_coverage' nennt 'test_validate_profile' -- kein solcher Test registriert.
  * Job-Kennung 'contract_profile_coverage' nennt 'test_h2_score_akte' -- kein solcher Test registriert.
  * Job-Kennung 'contract_profile_coverage' nennt 'test_profile_roundtrip' -- kein solcher Test registriert.
  * Job-Kennung 'contract_profile_coverage' nennt 'test_experiment_parser' -- kein solcher Test registriert.
  * Job-Kennung 'contract_profile_coverage' nennt 'test_measurement_categories' -- kein solcher Test registriert.
  * Job-Kennung 'contract_profile_coverage' nennt 'test_axis_registry_roundtrip' -- kein solcher Test registriert.
  * Job-Kennung 'contract_experiment_driver' nennt 'test_experiment_driver_v13' -- kein solcher Test registriert.
  * Job-Kennung 'chaos_drift' nennt 'test_chaos_drift_gate' -- kein solcher Test registriert.
  * Job-Kennung 'sanitize_tsan' nennt 'test_concurrency_disciplines' -- kein solcher Test registriert.
  * Job-Kennung 'sanitize_tsan' nennt 'test_rcu' -- kein solcher Test registriert.
  * Job-Kennung 'sanitize_tsan' nennt 'test_v41_axis_08_concurrency' -- kein solcher Test registriert.
-----------------------------------------------------------------------------

ABDECKUNGS-WACHE: ROT -- Nenner belegt (1 von 1 Bloecken gelaufen),
die Abdeckung ueber dieser vollstaendigen Menge haelt aber nicht.


[  FAILED  ] D2AbdeckungsWacheNenner.UntergrenzeGenauErreichtIstKeinBefund (235 ms)
[----------] 1 test from D2AbdeckungsWacheNenner (235 ms total)

[----------] Global test environment tear-down
[==========] 1 test from 1 test suite ran. (235 ms total)
[  PASSED  ] 0 tests.
[  FAILED  ] 1 test, listed below:
[  FAILED  ] D2AbdeckungsWacheNenner.UntergrenzeGenauErreichtIstKeinBefund

 1 FAILED TEST
