Running main() from /home/comdare/wt-ce-wachen/build-covguard/_deps/googletest-src/googletest/src/gtest_main.cc
[==========] Running 4 tests from 1 test suite.
[----------] Global test environment set-up.
[----------] 4 tests from T6WachenInventar
[ RUN      ] T6WachenInventar.NennerUndWartelisteStehenInDerAusgabe
-----------------------------------------------------------------------------
T-6-INVENTAR, KLASSE A -- CI-gerufene Wachen dieses Repos (ce)
  Quelle des Nenners : /home/comdare/wt-ce-wachen/.gitlab-ci.yml (fremd, T-3)
  Aufrufe insgesamt  : 15 Skript-Pfad(e), wirksam gerufen
  davon WACHEN       : 10   (Rest: Selbsttests und Datenquellen)
  gedeckt GTEST      : 4   (Hausform, Debug UND Release)
  gedeckt SHELL      : 3   (abzuloesende Form -- zaehlt NICHT als Hausform)
  UNGEDECKT          : 3   Obergrenze 3
-----------------------------------------------------------------------------
  [GTEST] scripts/ci_test_coverage_guard.sh
          Beleg: tests/unit/test_d2_abdeckungs_wache_nenner.cpp
  [GTEST] scripts/ci_test_sichtbarkeit_wache.sh
          Beleg: tests/unit/test_t6_biss_sichtbarkeits_wache.cpp
  [GTEST] scripts/ci_test_registrierungs_wache.sh
          Beleg: tests/unit/test_t6_biss_registrierungs_wache.cpp
  [GTEST] scripts/ci_achsen_roundtrip_wache.sh
          Beleg: tests/unit/test_t6_biss_achsen_roundtrip_wache.cpp
  [SHELL] scripts/ci_diff_ascii_width_guard.sh
          Beleg: scripts/ci_diff_ascii_width_guard.selbsttest.sh
  [SHELL] scripts/ci_test_bauweg_wache.sh
          Beleg: scripts/ci_test_bauweg_wache.selbsttest.sh
  [KEINE] scripts/ci_xml_wellformed_guard.sh
  [KEINE] scripts/ci_yaml_key_guard.sh
  [KEINE] scripts/lint_layer_includes.sh
  [SHELL] scripts/ci_stage_topologie_wache.sh
          Beleg: scripts/ci_stage_topologie_wache.selbsttest.sh
WARTELISTE KLASSE A (3):
  - scripts/ci_xml_wellformed_guard.sh
  - scripts/ci_yaml_key_guard.sh
  - scripts/lint_layer_includes.sh
-----------------------------------------------------------------------------
-----------------------------------------------------------------------------
T-6-INVENTAR, KLASSE B -- Top-Level-Jobs der .gitlab-ci.yml (NE-16/KON59-02)
  Nenner (fremd, T-3) : 25 Jobs von 33 Top-Level-Schluesseln (5 reserviert, 3 Templates)
  je ART, von 28 Tabellenzeilen: WacheJob 1, WachenTraeger 3, WacheExtern 3,
    SuiteTraeger 16, Bau 1, Manuell 1, Template 3
  WacheJob UNGEDECKT  : 0 von 1 (Deckung ist fuer WacheJob PFLICHT)
  Scanner-Rest        : 0 unverstandene Spalte-0-Zeile(n) (fail-closed, ASSERT oben)
-----------------------------------------------------------------------------
[       OK ] T6WachenInventar.NennerUndWartelisteStehenInDerAusgabe (0 ms)
[ RUN      ] T6WachenInventar.JederDeckungsBelegExistiertUndIstRegistriert
T-6-INVENTAR: 8 Deckungs-Beleg(e) am Gegenstand nachgesehen (Klasse A und Klasse B).
[       OK ] T6WachenInventar.JederDeckungsBelegExistiertUndIstRegistriert (1 ms)
[ RUN      ] T6WachenInventar.KlasseCPassRegularExpressionRohGegenWirksam
  CMakeLists.txt: roh 7, wirksam 3
  cli_smoke.cmake: roh 3, wirksam 0
-----------------------------------------------------------------------------
T-6-INVENTAR, KLASSE C -- ctest-Eintraege mit PASS_REGULAR_EXPRESSION
  ROH (jede Zeile mit der Zeichenfolge) : 10
  WIRKSAM (ausserhalb von Kommentaren)  : 3
  davon mit Selbsttest                  : 0
  WARTELISTE KLASSE C                   : 3
-----------------------------------------------------------------------------
[       OK ] T6WachenInventar.KlasseCPassRegularExpressionRohGegenWirksam (0 ms)
[ RUN      ] T6WachenInventar.ScannerErkenntBlockFlowUndQuotierteSchluessel
/home/comdare/wt-ce-wachen/tests/unit/test_t6_wachen_inventar.cpp:740: Failure
Expected equality of these values:
  s.jobs.count("zz_flow")
    Which is: 0
  1U
    Which is: 1
Flow-Form 'job: {...}' faellt still aus der Klasse-B-Menge (F4).

/home/comdare/wt-ce-wachen/tests/unit/test_t6_wachen_inventar.cpp:741: Failure
Expected equality of these values:
  s.jobs.count("zz_quoted")
    Which is: 0
  1U
    Which is: 1
Quotierter Schluessel '"job":' faellt still aus der Menge (F4).

/home/comdare/wt-ce-wachen/tests/unit/test_t6_wachen_inventar.cpp:742: Failure
Expected equality of these values:
  s.jobs.count("zz_quoted2")
    Which is: 0
  1U
    Which is: 1
Einfach quotierter Schluessel mit Wert faellt still aus (F4).

/home/comdare/wt-ce-wachen/tests/unit/test_t6_wachen_inventar.cpp:744: Failure
Expected equality of these values:
  s.jobs.count("zz_wert")
    Which is: 0
  1U
    Which is: 1
'schluessel: wert' ist ein Top-Level-Schluessel (F4).

/home/comdare/wt-ce-wachen/tests/unit/test_t6_wachen_inventar.cpp:745: Failure
Expected equality of these values:
  s.reserviert.count("stages")
    Which is: 0
  1U
    Which is: 1
Reservierter Schluessel in Wert-Form bleibt reserviert.

/home/comdare/wt-ce-wachen/tests/unit/test_t6_wachen_inventar.cpp:747: Failure
Expected equality of these values:
  s.templates.count(".tpl_probe")
    Which is: 0
  1U
    Which is: 1
'.'-Praefix in Flow-Form bleibt Template.

/home/comdare/wt-ce-wachen/tests/unit/test_t6_wachen_inventar.cpp:750: Failure
Expected equality of these values:
  s.gesamt()
    Which is: 3
  9U
    Which is: 9
6 Jobs + 2 reserviert + 1 Template -- jede Abweichung ist ein Scanner-Defekt.

/home/comdare/wt-ce-wachen/tests/unit/test_t6_wachen_inventar.cpp:754: Failure
Expected equality of these values:
  s.unverstanden.size()
    Which is: 0
  1U
    Which is: 1
Genau 1 von 13 Probe-Zeilen hat keine Schluessel-Form -- der Rest ist erkannt oder kein Top-Level.

[  FAILED  ] T6WachenInventar.ScannerErkenntBlockFlowUndQuotierteSchluessel (0 ms)
[----------] 4 tests from T6WachenInventar (1 ms total)

[----------] Global test environment tear-down
[==========] 4 tests from 1 test suite ran. (1 ms total)
[  PASSED  ] 3 tests.
[  FAILED  ] 1 test, listed below:
[  FAILED  ] T6WachenInventar.ScannerErkenntBlockFlowUndQuotierteSchluessel

 1 FAILED TEST
