Running main() from /home/comdare/wt-ce-wachen/build-covguard/_deps/googletest-src/googletest/src/gtest_main.cc
Note: Google Test filter = *NennerUndWarteliste*
[==========] Running 1 test from 1 test suite.
[----------] Global test environment set-up.
[----------] 1 test from T6WachenInventar
[ RUN      ] T6WachenInventar.NennerUndWartelisteStehenInDerAusgabe
-----------------------------------------------------------------------------
T-6-INVENTAR, KLASSE A -- CI-gerufene Wachen dieses Repos (ce)
  Quelle des Nenners : /home/comdare/wt-ce-wachen/.gitlab-ci.yml (fremd, T-3)
  Aufrufe insgesamt  : 15 Skript-Pfad(e), wirksam gerufen
  davon WACHEN       : 10   (Rest: Selbsttests und Datenquellen)
  gedeckt GTEST      : 4   (Hausform, Debug UND Release)
  gedeckt SHELL      : 3   (abzuloesende Form -- zaehlt NICHT als Hausform)
  UNGEDECKT          : 3   Obergrenze 3
-----------------------------------------------------------------------------
  [GTEST] scripts/ci_test_coverage_guard.sh
          Beleg: tests/unit/test_d2_abdeckungs_wache_nenner.cpp
  [GTEST] scripts/ci_test_sichtbarkeit_wache.sh
          Beleg: tests/unit/test_t6_biss_sichtbarkeits_wache.cpp
  [GTEST] scripts/ci_test_registrierungs_wache.sh
          Beleg: tests/unit/test_t6_biss_registrierungs_wache.cpp
  [GTEST] scripts/ci_achsen_roundtrip_wache.sh
          Beleg: tests/unit/test_t6_biss_achsen_roundtrip_wache.cpp
  [SHELL] scripts/ci_diff_ascii_width_guard.sh
          Beleg: scripts/ci_diff_ascii_width_guard.selbsttest.sh
  [SHELL] scripts/ci_test_bauweg_wache.sh
          Beleg: scripts/ci_test_bauweg_wache.selbsttest.sh
  [KEINE] scripts/ci_xml_wellformed_guard.sh
  [KEINE] scripts/ci_yaml_key_guard.sh
  [KEINE] scripts/lint_layer_includes.sh
  [SHELL] scripts/ci_stage_topologie_wache.sh
          Beleg: scripts/ci_stage_topologie_wache.selbsttest.sh
WARTELISTE KLASSE A (3):
  - scripts/ci_xml_wellformed_guard.sh
  - scripts/ci_yaml_key_guard.sh
  - scripts/lint_layer_includes.sh
-----------------------------------------------------------------------------
-----------------------------------------------------------------------------
T-6-INVENTAR, KLASSE B -- Top-Level-Jobs der .gitlab-ci.yml (NE-16/KON59-02)
  Nenner (fremd, T-3) : 25 Jobs von 33 Top-Level-Schluesseln (5 reserviert, 3 Templates)
  je ART, von 28 Tabellenzeilen: WacheJob 1, WachenTraeger 3, WacheExtern 3,
    SuiteTraeger 16, Bau 1, Manuell 1, Template 3
  WacheJob UNGEDECKT  : 0 von 1 (Deckung ist fuer WacheJob PFLICHT)
  Scanner-Rest        : 0 unverstandene Spalte-0-Zeile(n) (fail-closed, ASSERT oben)
-----------------------------------------------------------------------------
[       OK ] T6WachenInventar.NennerUndWartelisteStehenInDerAusgabe (0 ms)
[----------] 1 test from T6WachenInventar (0 ms total)

[----------] Global test environment tear-down
[==========] 1 test from 1 test suite ran. (0 ms total)
[  PASSED  ] 1 test.
