# clang-format-22 Eigenmessung Fix-Stufe A2.5 R1 WIEDERANLAUF messfenster -- 2026-08-23 13:56:14 UTC
# Objekt: wt-ce-messfenster @ 3a746090ae6abb95ae9c1bce498e1cf54d81f1f3 (porcelain-Zeilen: 0)
# Werkzeug: Ubuntu clang-format version 22.1.8 (++20260613092238+e80beda6e255-1~exp1~20260613092253.78)
# Menge: 19 .hpp/.cpp von 20 Diff-Dateien (git diff --name-only 66de5c09..3a746090)
OK   apps/perm_runner/main.cpp
OK   libs/cache_engine/builder/build_orchestrator/build_orchestrator.hpp
OK   libs/cache_engine/builder/experiment_tree/cache_engine_builder_iterator.hpp
OK   libs/cache_engine/builder/experiment_tree/measure_parallelism.hpp
OK   libs/cache_engine/builder/measure_storage/checkpoint_speicher.hpp
OK   libs/cache_engine/builder/measure_storage/mess_arena.hpp
OK   libs/cache_engine/harness/drift_gated_cell.hpp
OK   libs/cache_engine/harness/mess_retry_klammer.hpp
OK   libs/cache_engine/harness/mess_warmup_paar.hpp
OK   libs/cache_engine/harness/perm_runner.hpp
OK   libs/cache_engine/profile_facade/experiment_run_entry.hpp
OK   libs/cache_engine/profile_facade/planner/planner_mengen_types.hpp
OK   libs/cache_engine/profile_facade/profile_run_entry.hpp
OK   libs/cache_engine/profile_facade/profile_run_facade.cpp
OK   libs/common/serialization/xml_config_parser/xml_config_parser.cpp
OK   libs/common/serialization/xml_config_parser/xml_config_parser.hpp
OK   tests/unit/test_check_size_mengenrechnung.cpp
OK   tests/unit/test_t15_drift_gate_messschleife.cpp
OK   tests/unit/test_t15b_retry_warmup_paar.cpp
WIEDERANLAUF-BILANZ: 0 von 19 Dateien mit Abweichung
