2026-08-24T12:24:22.965448Z 00O [0KRunning with gitlab-runner 19.1.1 (24b9b726)[0;m
2026-08-24T12:24:22.965495Z 00O [0K  on prod-baremetal-prod2 tyXhWqv1v, system ID: s_0899959f8a36[0;m
2026-08-24T12:24:22.965514Z 00O [0K  feature flags: FF_USE_LEGACY_S3_CACHE_ADAPTER:true[0;m
2026-08-24T12:24:22.965616Z 00O section_start:1787574262:prepare_executor[0K
2026-08-24T12:24:22.965629Z 00O+[0K[36;1mPreparing the "shell" executor[0;m[0;m
2026-08-24T12:24:22.965998Z 00O [0KUsing Shell (bash) executor...[0;m
2026-08-24T12:24:22.966007Z 00O section_end:1787574262:prepare_executor[0K
2026-08-24T12:24:22.966476Z 00O+section_start:1787574262:prepare_script[0K
2026-08-24T12:24:22.966487Z 00O+[0K[36;1mPreparing environment[0;m[0;m
2026-08-24T12:24:22.993388Z 01O Running on prod2...
2026-08-24T12:24:22.995924Z 00O section_end:1787574262:prepare_script[0K
2026-08-24T12:24:22.996476Z 00O+section_start:1787574262:get_sources[0K
2026-08-24T12:24:22.996481Z 00O+[0K[36;1mGetting source from Git repository[0;m[0;m
2026-08-24T12:24:23.040677Z 01O [32;1mGitaly correlation ID: 01M0SVN5ST1ZW0G5Q3PWZFF3MS[0;m
2026-08-24T12:24:23.048073Z 01O [32;1mFetching changes with git depth set to 20...[0;m
2026-08-24T12:24:23.050680Z 01O Reinitialized existing Git repository in /home/gitlab-runner/builds/tyXhWqv1v/1/comdare/research/comdare-prt-art/.git/
2026-08-24T12:24:24.380153Z 01O [32;1mChecking out 16c90628 as detached HEAD (ref is development)...[0;m
2026-08-24T12:24:24.527086Z 01O Removing .ccache/
2026-08-24T12:24:24.527092Z 01O Removing build-ce-conf/
2026-08-24T12:24:24.527092Z 01O Removing build-reggen/
2026-08-24T12:24:24.527093Z 01O Removing ce-pin/
2026-08-24T12:24:24.530940Z 01O [32;1mUpdating/initializing submodules recursively with git depth set to 20...[0;m
2026-08-24T12:24:24.706603Z 01O [32;1mUpdated submodules[0;m
2026-08-24T12:24:24.815890Z 01O [32;1mConfiguring submodules to use parent git credentials...[0;m
2026-08-24T12:24:24.891700Z 00O section_end:1787574264:get_sources[0K
2026-08-24T12:24:24.893931Z 00O+section_start:1787574264:restore_cache[0K
2026-08-24T12:24:24.893951Z 00O+[0K[36;1mRestoring cache[0;m[0;m
2026-08-24T12:24:25.025218Z 01O [32;1mChecking cache for ccache-comdare-prt-art-clang-dbg-protected...[0;m
2026-08-24T12:24:25.059725Z 01E Runtime platform                                  [0;m  arch[0;m=amd64 os[0;m=linux pid[0;m=2660783 revision[0;m=24b9b726 version[0;m=19.1.1
2026-08-24T12:24:25.059740Z 01E Using presigned URL for cache download            [0;m 
2026-08-24T12:24:25.115235Z 01E Selecting primary cache URL                       [0;m  alternate_modified[0;m=0001-01-01 00:00:00 +0000 UTC alternate_url[0;m=https://minio.comdare.de:9000/buildsystem-cache/project/287/ce/ce866386fc838b6a82de67c046655ef46cb744c01d35d926a1678124f6256a7a primary_modified[0;m=2026-08-20 13:19:44 +0000 UTC primary_url[0;m=https://minio.comdare.de:9000/buildsystem-cache/project/287/ccache-comdare-prt-art-clang-dbg-protected
2026-08-24T12:24:25.211009Z 01E Downloading cache from https://minio.comdare.de:9000/buildsystem-cache/project/287/ccache-comdare-prt-art-clang-dbg-protected[0;m  etag[0;m="d208e3f77da952d811cdbdafccb288ef"
2026-08-24T12:24:25.720991Z 01O [32;1mSuccessfully extracted cache[0;m
2026-08-24T12:24:25.722199Z 00O section_end:1787574265:restore_cache[0K
2026-08-24T12:24:25.722757Z 00O+section_start:1787574265:step_script[0K
2026-08-24T12:24:25.722766Z 00O+[0K[36;1mExecuting "step_script" stage of the job script[0;m[0;m
2026-08-24T12:24:25.773505Z 01O [32;1m$ cmake --version; (g++ --version || c++ --version || echo "KEIN C++-Compiler"); (ninja --version || echo "kein ninja")[0;m
2026-08-24T12:24:25.784953Z 01O cmake version 4.3.4
2026-08-24T12:24:25.784962Z 01O 
2026-08-24T12:24:25.784963Z 01O CMake suite maintained and supported by Kitware (kitware.com/cmake).
2026-08-24T12:24:25.789293Z 01O g++ (GCC) 15.3.0
2026-08-24T12:24:25.789296Z 01O Copyright (C) 2025 Free Software Foundation, Inc.
2026-08-24T12:24:25.789299Z 01O This is free software; see the source for copying conditions.  There is NO
2026-08-24T12:24:25.789301Z 01O warranty; not even for MERCHANTABILITY or FITNESS FOR A PARTICULAR PURPOSE.
2026-08-24T12:24:25.789303Z 01O 
2026-08-24T12:24:25.793800Z 01O 1.13.1
2026-08-24T12:24:25.795326Z 01O [32;1m$ git clone --no-checkout --reference-if-able ../comdare-cache-engine --dissociate "https://gitlab-ci-token:${CI_JOB_TOKEN}@${CI_SERVER_HOST}/${CI_PROJECT_PATH%/*}/comdare-cache-engine.git" ce-pin[0;m
2026-08-24T12:24:25.799172Z 01E Cloning into 'ce-pin'...
2026-08-24T12:24:25.802471Z 01E info: Could not add alternate for '../comdare-cache-engine': reference repository '../comdare-cache-engine' is shallow
2026-08-24T12:24:29.813859Z 01O [32;1m$ git -C ce-pin checkout --detach "$COMDARE_CE_PIN_SHA"[0;m
2026-08-24T12:24:30.225999Z 01E HEAD is now at 66de5c09 Fixture-Spiegel fuer den super-XSD-Verbund-Patch (L4-Atomaritaet; fixture_sync-Wache), Abnahme 1 Zelle deklariert (XML-only).
2026-08-24T12:24:30.228787Z 01O [32;1m$ echo "ce-Pin ausgecheckt: $(git -C ce-pin rev-parse HEAD) (SOLL $COMDARE_CE_PIN_SHA)"[0;m
2026-08-24T12:24:30.230262Z 01O ce-Pin ausgecheckt: 66de5c0972290ec1ae3d219988ecc207d8f5de6b (SOLL 66de5c0972290ec1ae3d219988ecc207d8f5de6b)
2026-08-24T12:24:30.230267Z 01O [32;1m$ set -euo pipefail # collapsed multi-line command[0;m
2026-08-24T12:24:30.371269Z 01O GNU-Bauweg (clang, Debug): CC=clang-22 CXX=clang++-22 (Ubuntu clang version 22.1.8 (++20260613092238+e80beda6e255-1~exp1~20260613092253.78))
2026-08-24T12:24:30.588577Z 01O -- The CXX compiler identification is Clang 22.1.8
2026-08-24T12:24:30.598342Z 01O -- Detecting CXX compiler ABI info
2026-08-24T12:24:30.706859Z 01O -- Detecting CXX compiler ABI info - done
2026-08-24T12:24:30.714549Z 01O -- Check for working CXX compiler: /usr/bin/clang++-22 - skipped
2026-08-24T12:24:30.714828Z 01O -- Detecting CXX compile features
2026-08-24T12:24:30.715471Z 01O -- Detecting CXX compile features - done
2026-08-24T12:24:31.118120Z 01O -- The C compiler identification is Clang 22.1.8
2026-08-24T12:24:31.121761Z 01O -- Detecting C compiler ABI info
2026-08-24T12:24:31.187053Z 01O -- Detecting C compiler ABI info - done
2026-08-24T12:24:31.201201Z 01O -- Check for working C compiler: /usr/bin/clang-22 - skipped
2026-08-24T12:24:31.201693Z 01O -- Detecting C compile features
2026-08-24T12:24:31.202402Z 01O -- Detecting C compile features - done
2026-08-24T12:24:31.232631Z 01O -- Performing Test CMAKE_HAVE_LIBC_PTHREAD
2026-08-24T12:24:31.319741Z 01O -- Performing Test CMAKE_HAVE_LIBC_PTHREAD - Success
2026-08-24T12:24:31.320329Z 01O -- Found Threads: TRUE
2026-08-24T12:24:31.328095Z 01O -- [PRT-ART V9.4] legacy_reimpl/ skipped (default OFF).
2026-08-24T12:24:31.328563Z 01E CMake Warning at prt_art/registry_gen/CMakeLists.txt:29 (message):
2026-08-24T12:24:31.328565Z 01E   prt_art_axis_registry_gen: COMDARE_CE_GENERATED_DIR nicht gesetzt.
2026-08-24T12:24:31.328566Z 01E 
2026-08-24T12:24:31.328566Z 01E   Das golden-verdrahtete PathCompression-Organ zieht die CMake-generierte
2026-08-24T12:24:31.328567Z 01E   flags.hpp der cache-engine.
2026-08-24T12:24:31.328567Z 01E 
2026-08-24T12:24:31.328568Z 01E   Setze -DCOMDARE_CE_GENERATED_DIR=<cache-engine-build>/generated (Build
2026-08-24T12:24:31.328614Z 01E   zuvor konfigurieren).
2026-08-24T12:24:31.328615Z 01E 
2026-08-24T12:24:31.328617Z 01E 
2026-08-24T12:24:31.328622Z 01O -- ──────────────────────────────────────────────────────────
2026-08-24T12:24:31.328624Z 01O -- comdare-prt-art 0.1.0
2026-08-24T12:24:31.328625Z 01O --   C++ Standard            : 23
2026-08-24T12:24:31.328625Z 01O --   Cache-Engine Werkzeug   : /home/gitlab-runner/builds/tyXhWqv1v/1/comdare/research/comdare-prt-art/ce-pin
2026-08-24T12:24:31.328626Z 01O --   Use Cache-Engine sub    : OFF
2026-08-24T12:24:31.328626Z 01O --   Build Tests             : ON
2026-08-24T12:24:31.328627Z 01O --   Build Legacy-Reimpl V9.4: OFF
2026-08-24T12:24:31.328627Z 01O -- ──────────────────────────────────────────────────────────
2026-08-24T12:24:31.328860Z 01O -- Configuring done (0.9s)
2026-08-24T12:24:31.348158Z 01O -- Generating done (0.0s)
2026-08-24T12:24:31.348327Z 01O -- Build files have been written to: /home/gitlab-runner/builds/tyXhWqv1v/1/comdare/research/comdare-prt-art/build-clang-dbg
2026-08-24T12:24:31.423717Z 01O [1/60] Scanning /home/gitlab-runner/builds/tyXhWqv1v/1/comdare/research/comdare-prt-art/tests/unit/test_prt_art_nodes.cpp for CXX dependencies
2026-08-24T12:24:31.423896Z 01O [2/60] Scanning /home/gitlab-runner/builds/tyXhWqv1v/1/comdare/research/comdare-prt-art/tests/unit/test_value_handle.cpp for CXX dependencies
2026-08-24T12:24:31.424055Z 01O [3/60] Scanning /home/gitlab-runner/builds/tyXhWqv1v/1/comdare/research/comdare-prt-art/tests/unit/test_memory_layout.cpp for CXX dependencies
2026-08-24T12:24:31.424236Z 01O [4/60] Scanning /home/gitlab-runner/builds/tyXhWqv1v/1/comdare/research/comdare-prt-art/tests/unit/test_allocator_pools.cpp for CXX dependencies
2026-08-24T12:24:31.424429Z 01O [5/60] Scanning /home/gitlab-runner/builds/tyXhWqv1v/1/comdare/research/comdare-prt-art/tests/unit/test_internal_search.cpp for CXX dependencies
2026-08-24T12:24:31.469001Z 01O [6/60] Scanning /home/gitlab-runner/builds/tyXhWqv1v/1/comdare/research/comdare-prt-art/tests/unit/test_prefetch_strategies.cpp for CXX dependencies
2026-08-24T12:24:31.469231Z 01O [7/60] Scanning /home/gitlab-runner/builds/tyXhWqv1v/1/comdare/research/comdare-prt-art/tests/unit/test_measurement.cpp for CXX dependencies
2026-08-24T12:24:31.469464Z 01O [8/60] Scanning /home/gitlab-runner/builds/tyXhWqv1v/1/comdare/research/comdare-prt-art/tests/unit/test_olc_with_reserved_blocks.cpp for CXX dependencies
2026-08-24T12:24:31.478155Z 01O [9/60] Scanning /home/gitlab-runner/builds/tyXhWqv1v/1/comdare/research/comdare-prt-art/tests/unit/test_serialization_and_buffer.cpp for CXX dependencies
2026-08-24T12:24:31.478406Z 01O [10/60] Scanning /home/gitlab-runner/builds/tyXhWqv1v/1/comdare/research/comdare-prt-art/tests/unit/test_prt_art_identity.cpp for CXX dependencies
2026-08-24T12:24:31.513018Z 01O [11/60] Scanning /home/gitlab-runner/builds/tyXhWqv1v/1/comdare/research/comdare-prt-art/tests/unit/test_default_lookup_registry.cpp for CXX dependencies
2026-08-24T12:24:31.513276Z 01O [12/60] Scanning /home/gitlab-runner/builds/tyXhWqv1v/1/comdare/research/comdare-prt-art/tests/unit/test_leaf_only_counter.cpp for CXX dependencies
2026-08-24T12:24:31.518356Z 01O [13/60] Generating CXX dyndep file tests/unit/CMakeFiles/test_internal_search.dir/CXX.dd
2026-08-24T12:24:31.518668Z 01O [14/60] Generating CXX dyndep file tests/unit/CMakeFiles/test_prt_art_nodes.dir/CXX.dd
2026-08-24T12:24:31.524829Z 01O [15/60] Generating CXX dyndep file tests/unit/CMakeFiles/test_memory_layout.dir/CXX.dd
2026-08-24T12:24:31.525094Z 01O [16/60] Generating CXX dyndep file tests/unit/CMakeFiles/test_value_handle.dir/CXX.dd
2026-08-24T12:24:31.529017Z 01O [17/60] Generating CXX dyndep file tests/unit/CMakeFiles/test_olc_with_reserved_blocks.dir/CXX.dd
2026-08-24T12:24:31.529511Z 01O [18/60] Generating CXX dyndep file tests/unit/CMakeFiles/test_allocator_pools.dir/CXX.dd
2026-08-24T12:24:31.533482Z 01O [19/60] Generating CXX dyndep file tests/unit/CMakeFiles/test_measurement.dir/CXX.dd
2026-08-24T12:24:31.534745Z 01O [20/60] Generating CXX dyndep file tests/unit/CMakeFiles/test_prefetch_strategies.dir/CXX.dd
2026-08-24T12:24:31.539423Z 01O [21/60] Generating CXX dyndep file tests/unit/CMakeFiles/test_prt_art_identity.dir/CXX.dd
2026-08-24T12:24:31.540257Z 01O [22/60] Generating CXX dyndep file tests/unit/CMakeFiles/test_serialization_and_buffer.dir/CXX.dd
2026-08-24T12:24:31.542040Z 01O [23/60] Scanning /home/gitlab-runner/builds/tyXhWqv1v/1/comdare/research/comdare-prt-art/tests/unit/test_lizenz_konsistenz.cpp for CXX dependencies
2026-08-24T12:24:31.543422Z 01O [24/60] Generating CXX dyndep file tests/unit/CMakeFiles/test_default_lookup_registry.dir/CXX.dd
2026-08-24T12:24:31.544196Z 01O [25/60] Generating CXX dyndep file tests/unit/CMakeFiles/test_leaf_only_counter.dir/CXX.dd
2026-08-24T12:24:31.547776Z 01O [26/60] Generating CXX dyndep file tests/unit/CMakeFiles/test_lizenz_konsistenz.dir/CXX.dd
2026-08-24T12:24:32.780749Z 01O [27/60] Building CXX object _deps/googletest-build/googletest/CMakeFiles/gtest_main.dir/src/gtest_main.cc.o
2026-08-24T12:24:32.999331Z 01O [28/60] Building CXX object tests/unit/CMakeFiles/test_prt_art_nodes.dir/test_prt_art_nodes.cpp.o
2026-08-24T12:24:33.034671Z 01O [29/60] Building CXX object tests/unit/CMakeFiles/test_internal_search.dir/test_internal_search.cpp.o
2026-08-24T12:24:33.039488Z 01O [30/60] Building CXX object _deps/googletest-build/googlemock/CMakeFiles/gmock_main.dir/src/gmock_main.cc.o
2026-08-24T12:24:33.452786Z 01O [31/60] Building CXX object _deps/googletest-build/googlemock/CMakeFiles/gmock.dir/src/gmock-all.cc.o
2026-08-24T12:24:34.146761Z 01O [32/60] Building CXX object _deps/googletest-build/googletest/CMakeFiles/gtest.dir/src/gtest-all.cc.o
2026-08-24T12:24:34.146769Z 01O In file included from /home/gitlab-runner/builds/tyXhWqv1v/1/comdare/research/comdare-prt-art/build-clang-dbg/_deps/googletest-src/googletest/src/gtest-all.cc:38:
2026-08-24T12:24:34.146770Z 01O In file included from /home/gitlab-runner/builds/tyXhWqv1v/1/comdare/research/comdare-prt-art/build-clang-dbg/_deps/googletest-src/googletest/include/gtest/gtest.h:64:
2026-08-24T12:24:34.146771Z 01O In file included from /home/gitlab-runner/builds/tyXhWqv1v/1/comdare/research/comdare-prt-art/build-clang-dbg/_deps/googletest-src/googletest/include/gtest/gtest-death-test.h:43:
2026-08-24T12:24:34.146772Z 01O In file included from /home/gitlab-runner/builds/tyXhWqv1v/1/comdare/research/comdare-prt-art/build-clang-dbg/_deps/googletest-src/googletest/include/gtest/internal/gtest-death-test-internal.h:47:
2026-08-24T12:24:34.146773Z 01O In file included from /home/gitlab-runner/builds/tyXhWqv1v/1/comdare/research/comdare-prt-art/build-clang-dbg/_deps/googletest-src/googletest/include/gtest/gtest-matchers.h:49:
2026-08-24T12:24:34.146774Z 01O /home/gitlab-runner/builds/tyXhWqv1v/1/comdare/research/comdare-prt-art/build-clang-dbg/_deps/googletest-src/googletest/include/gtest/gtest-printers.h:524:35: warning: implicit conversion from 'char8_t' to 'char32_t' may change the meaning of the represented code unit [-Wcharacter-conversion]
2026-08-24T12:24:34.146775Z 01O   524 |   PrintTo(ImplicitCast_<char32_t>(c), os);
2026-08-24T12:24:34.146776Z 01O       |           ~~~~~~~~~~~~~           ^
2026-08-24T12:24:34.146776Z 01O 1 warning generated.
2026-08-24T12:24:34.177667Z 01O [33/60] Linking CXX static library lib/libgtest.a
2026-08-24T12:24:34.201508Z 01O [34/60] Linking CXX static library lib/libgmock.a
2026-08-24T12:24:34.218891Z 01O [35/60] Building CXX object tests/unit/CMakeFiles/test_value_handle.dir/test_value_handle.cpp.o
2026-08-24T12:24:34.226664Z 01O [36/60] Linking CXX static library lib/libgtest_main.a
2026-08-24T12:24:34.420665Z 01O [37/60] Building CXX object tests/unit/CMakeFiles/test_allocator_pools.dir/test_allocator_pools.cpp.o
2026-08-24T12:24:34.513202Z 01O [38/60] Building CXX object tests/unit/CMakeFiles/test_memory_layout.dir/test_memory_layout.cpp.o
2026-08-24T12:24:34.583277Z 01O [39/60] Building CXX object tests/unit/CMakeFiles/test_olc_with_reserved_blocks.dir/test_olc_with_reserved_blocks.cpp.o
2026-08-24T12:24:34.906385Z 01O [40/60] Building CXX object tests/unit/CMakeFiles/test_prefetch_strategies.dir/test_prefetch_strategies.cpp.o
2026-08-24T12:24:35.688489Z 01O [41/60] Building CXX object tests/unit/CMakeFiles/test_measurement.dir/test_measurement.cpp.o
2026-08-24T12:24:35.713758Z 01O [42/60] Linking CXX static library lib/libgmock_main.a
2026-08-24T12:24:35.814143Z 01O [43/60] Linking CXX executable tests/unit/test_prt_art_nodes
2026-08-24T12:24:35.914872Z 01O [44/60] Building CXX object tests/unit/CMakeFiles/test_default_lookup_registry.dir/test_default_lookup_registry.cpp.o
2026-08-24T12:24:35.919859Z 01O [45/60] Linking CXX executable tests/unit/test_internal_search
2026-08-24T12:24:35.930206Z 01O [46/60] Building CXX object tests/unit/CMakeFiles/test_serialization_and_buffer.dir/test_serialization_and_buffer.cpp.o
2026-08-24T12:24:35.930212Z 01O /home/gitlab-runner/builds/tyXhWqv1v/1/comdare/research/comdare-prt-art/tests/unit/test_serialization_and_buffer.cpp:145:33: warning: ignoring return value of function declared with 'nodiscard' attribute [-Wunused-result]
2026-08-24T12:24:35.930213Z 01O   145 |     for (int i = 0; i < 5; ++i) b.append(std::span<std::byte const>(v.data(), v.size()));
2026-08-24T12:24:35.930213Z 01O       |                                 ^~~~~~~~~~~~~~~~~~~~~~~~~~~~~~~~~~~~~~~~~~~~~~~~~~~~~~~~
2026-08-24T12:24:35.930214Z 01O /home/gitlab-runner/builds/tyXhWqv1v/1/comdare/research/comdare-prt-art/tests/unit/test_serialization_and_buffer.cpp:153:33: warning: ignoring return value of function declared with 'nodiscard' attribute [-Wunused-result]
2026-08-24T12:24:35.930214Z 01O   153 |     for (int i = 0; i < 5; ++i) b.append(std::span<std::byte const>(v.data(), v.size()));
2026-08-24T12:24:35.930215Z 01O       |                                 ^~~~~~~~~~~~~~~~~~~~~~~~~~~~~~~~~~~~~~~~~~~~~~~~~~~~~~~~
2026-08-24T12:24:35.930215Z 01O 2 warnings generated.
2026-08-24T12:24:36.030753Z 01O [47/60] Linking CXX executable tests/unit/test_value_handle
2026-08-24T12:24:36.033330Z 01O [48/60] Linking CXX executable tests/unit/test_allocator_pools
2026-08-24T12:24:36.110004Z 01O [49/60] Linking CXX executable tests/unit/test_memory_layout
2026-08-24T12:24:36.123760Z 01O [50/60] Building CXX object tests/unit/CMakeFiles/test_lizenz_konsistenz.dir/test_lizenz_konsistenz.cpp.o
2026-08-24T12:24:36.128428Z 01O [51/60] Linking CXX executable tests/unit/test_prefetch_strategies
2026-08-24T12:24:36.144600Z 01O [52/60] Linking CXX executable tests/unit/test_olc_with_reserved_blocks
2026-08-24T12:24:36.210754Z 01O [53/60] Linking CXX executable tests/unit/test_measurement
2026-08-24T12:24:36.223435Z 01O [54/60] Linking CXX executable tests/unit/test_serialization_and_buffer
2026-08-24T12:24:36.236796Z 01O [55/60] Linking CXX executable tests/unit/test_default_lookup_registry
2026-08-24T12:24:36.242029Z 01O [56/60] Linking CXX executable tests/unit/test_lizenz_konsistenz
2026-08-24T12:24:36.476957Z 01O [57/60] Building CXX object tests/unit/CMakeFiles/test_leaf_only_counter.dir/test_leaf_only_counter.cpp.o
2026-08-24T12:24:36.571280Z 01O [58/60] Linking CXX executable tests/unit/test_leaf_only_counter
2026-08-24T12:24:36.583791Z 01O [59/60] Building CXX object tests/unit/CMakeFiles/test_prt_art_identity.dir/test_prt_art_identity.cpp.o
2026-08-24T12:24:36.709953Z 01O [60/60] Linking CXX executable tests/unit/test_prt_art_identity
2026-08-24T12:24:36.716189Z 01O Test project /home/gitlab-runner/builds/tyXhWqv1v/1/comdare/research/comdare-prt-art/build-clang-dbg
2026-08-24T12:24:36.721648Z 01O         Start   1: RedirectNode.PriorityIsP0
2026-08-24T12:24:36.723607Z 01O   1/224 Test   #1: RedirectNode.PriorityIsP0 .................................................   Passed    0.00 sec
2026-08-24T12:24:36.723787Z 01O         Start   2: RedirectNode.StoresRestSuffix
2026-08-24T12:24:36.725938Z 01O   2/224 Test   #2: RedirectNode.StoresRestSuffix .............................................   Passed    0.00 sec
2026-08-24T12:24:36.726072Z 01O         Start   3: RedirectNode.FullMatchReturnsAllBytes
2026-08-24T12:24:36.729518Z 01O   3/224 Test   #3: RedirectNode.FullMatchReturnsAllBytes .....................................   Passed    0.00 sec
2026-08-24T12:24:36.729797Z 01O         Start   4: RedirectNode.PartialMatchReturnsMatchedPrefixLen
2026-08-24T12:24:36.733998Z 01O   4/224 Test   #4: RedirectNode.PartialMatchReturnsMatchedPrefixLen ..........................   Passed    0.00 sec
2026-08-24T12:24:36.734286Z 01O         Start   5: RedirectNode.ShortKeyReturnsLengthOfKey
2026-08-24T12:24:36.738840Z 01O   5/224 Test   #5: RedirectNode.ShortKeyReturnsLengthOfKey ...................................   Passed    0.00 sec
2026-08-24T12:24:36.739157Z 01O         Start   6: BPlusNode.PriorityIsP0
2026-08-24T12:24:36.742934Z 01O   6/224 Test   #6: BPlusNode.PriorityIsP0 ....................................................   Passed    0.00 sec
2026-08-24T12:24:36.743147Z 01O         Start   7: BPlusNode.DefaultKindIsArray256
2026-08-24T12:24:36.747227Z 01O   7/224 Test   #7: BPlusNode.DefaultKindIsArray256 ...........................................   Passed    0.00 sec
2026-08-24T12:24:36.747440Z 01O         Start   8: BPlusNode.InsertSlotIncrementsKeyCount
2026-08-24T12:24:36.752737Z 01O   8/224 Test   #8: BPlusNode.InsertSlotIncrementsKeyCount ....................................   Passed    0.01 sec
2026-08-24T12:24:36.753188Z 01O         Start   9: BPlusNode.DensityCalculationMatchesCapacity
2026-08-24T12:24:36.760615Z 01O   9/224 Test   #9: BPlusNode.DensityCalculationMatchesCapacity ...............................   Passed    0.01 sec
2026-08-24T12:24:36.761116Z 01O         Start  10: BPlusNode.RecommendedKindFollowsThresholds
2026-08-24T12:24:36.766488Z 01O  10/224 Test  #10: BPlusNode.RecommendedKindFollowsThresholds ................................   Passed    0.01 sec
2026-08-24T12:24:36.766728Z 01O         Start  11: BPlusNode.CapacityForKindMatchesSpec
2026-08-24T12:24:36.770832Z 01O  11/224 Test  #11: BPlusNode.CapacityForKindMatchesSpec ......................................   Passed    0.00 sec
2026-08-24T12:24:36.771027Z 01O         Start  12: BPlusNode.FourInternalSearchKindsAreDistinct
2026-08-24T12:24:36.775333Z 01O  12/224 Test  #12: BPlusNode.FourInternalSearchKindsAreDistinct ..............................   Passed    0.00 sec
2026-08-24T12:24:36.775528Z 01O         Start  13: Array256.CapacityAndDensityThreshold
2026-08-24T12:24:36.779838Z 01O  13/224 Test  #13: Array256.CapacityAndDensityThreshold ......................................   Passed    0.00 sec
2026-08-24T12:24:36.780112Z 01O         Start  14: Array256.EmptyLookupReturnsNullopt
2026-08-24T12:24:36.787074Z 01O  14/224 Test  #14: Array256.EmptyLookupReturnsNullopt ........................................   Passed    0.01 sec
2026-08-24T12:24:36.787569Z 01O         Start  15: Array256.InsertAndLookup
2026-08-24T12:24:36.793632Z 01O  15/224 Test  #15: Array256.InsertAndLookup ..................................................   Passed    0.01 sec
2026-08-24T12:24:36.793866Z 01O         Start  16: Array256.EraseRemovesEntry
2026-08-24T12:24:36.800301Z 01O  16/224 Test  #16: Array256.EraseRemovesEntry ................................................   Passed    0.01 sec
2026-08-24T12:24:36.800776Z 01O         Start  17: Array256.DensityCalculation
2026-08-24T12:24:36.807972Z 01O  17/224 Test  #17: Array256.DensityCalculation ...............................................   Passed    0.01 sec
2026-08-24T12:24:36.808742Z 01O         Start  18: Array65535.CapacityAndDensityThresholds
2026-08-24T12:24:36.814339Z 01O  18/224 Test  #18: Array65535.CapacityAndDensityThresholds ...................................   Passed    0.01 sec
2026-08-24T12:24:36.814652Z 01O         Start  19: Array65535.InsertAndLookup
2026-08-24T12:24:36.820606Z 01O  19/224 Test  #19: Array65535.InsertAndLookup ................................................   Passed    0.01 sec
2026-08-24T12:24:36.820818Z 01O         Start  20: Array65535.MaxDiscriminator65535InBounds
2026-08-24T12:24:36.825846Z 01O  20/224 Test  #20: Array65535.MaxDiscriminator65535InBounds ..................................   Passed    0.00 sec
2026-08-24T12:24:36.826098Z 01O         Start  21: Array65535.EmptyLookupReturnsNullopt
2026-08-24T12:24:36.832687Z 01O  21/224 Test  #21: Array65535.EmptyLookupReturnsNullopt ......................................   Passed    0.01 sec
2026-08-24T12:24:36.832929Z 01O         Start  22: VectorU8U8.CapacityAndDensityThresholds
2026-08-24T12:24:36.837523Z 01O  22/224 Test  #22: VectorU8U8.CapacityAndDensityThresholds ...................................   Passed    0.00 sec
2026-08-24T12:24:36.837814Z 01O         Start  23: VectorU8U8.InsertSortedByDiscriminator
2026-08-24T12:24:36.844830Z 01O  23/224 Test  #23: VectorU8U8.InsertSortedByDiscriminator ....................................   Passed    0.01 sec
2026-08-24T12:24:36.845347Z 01O         Start  24: VectorU8U8.LookupViaBinarySearch
2026-08-24T12:24:36.851904Z 01O  24/224 Test  #24: VectorU8U8.LookupViaBinarySearch ..........................................   Passed    0.01 sec
2026-08-24T12:24:36.852287Z 01O         Start  25: VectorU8U8.EraseRemovesEntry
2026-08-24T12:24:36.859599Z 01O  25/224 Test  #25: VectorU8U8.EraseRemovesEntry ..............................................   Passed    0.01 sec
2026-08-24T12:24:36.860132Z 01O         Start  26: VectorU16U16.CapacityAndDensityThreshold
2026-08-24T12:24:36.866638Z 01O  26/224 Test  #26: VectorU16U16.CapacityAndDensityThreshold ..................................   Passed    0.01 sec
2026-08-24T12:24:36.867014Z 01O         Start  27: VectorU16U16.InsertAndLookup
2026-08-24T12:24:36.873359Z 01O  27/224 Test  #27: VectorU16U16.InsertAndLookup ..............................................   Passed    0.01 sec
2026-08-24T12:24:36.873775Z 01O         Start  28: VectorU16U16.EntriesSortedByDiscriminator
2026-08-24T12:24:36.881189Z 01O  28/224 Test  #28: VectorU16U16.EntriesSortedByDiscriminator .................................   Passed    0.01 sec
2026-08-24T12:24:36.881749Z 01O         Start  29: InternalSearch.DensityThresholdsFormPartition
2026-08-24T12:24:36.887918Z 01O  29/224 Test  #29: InternalSearch.DensityThresholdsFormPartition .............................   Passed    0.01 sec
2026-08-24T12:24:36.888302Z 01O         Start  30: InlineHandle.DefaultConstructorEmpty
2026-08-24T12:24:36.895498Z 01O  30/224 Test  #30: InlineHandle.DefaultConstructorEmpty ......................................   Passed    0.01 sec
2026-08-24T12:24:36.895856Z 01O         Start  31: InlineHandle.StoreAndRead
2026-08-24T12:24:36.903063Z 01O  31/224 Test  #31: InlineHandle.StoreAndRead .................................................   Passed    0.01 sec
2026-08-24T12:24:36.903544Z 01O         Start  32: InlineHandle.FitsCheck
2026-08-24T12:24:36.910424Z 01O  32/224 Test  #32: InlineHandle.FitsCheck ....................................................   Passed    0.01 sec
2026-08-24T12:24:36.910799Z 01O         Start  33: InlineHandle.OversizedStoreTruncates
2026-08-24T12:24:36.917710Z 01O  33/224 Test  #33: InlineHandle.OversizedStoreTruncates ......................................   Passed    0.01 sec
2026-08-24T12:24:36.918061Z 01O         Start  34: ExternalHandle.DefaultIsInvalid
2026-08-24T12:24:36.924142Z 01O  34/224 Test  #34: ExternalHandle.DefaultIsInvalid ...........................................   Passed    0.01 sec
2026-08-24T12:24:36.924490Z 01O         Start  35: ExternalHandle.StoresOffsetAndSize
2026-08-24T12:24:36.931574Z 01O  35/224 Test  #35: ExternalHandle.StoresOffsetAndSize ........................................   Passed    0.01 sec
2026-08-24T12:24:36.931857Z 01O         Start  36: ExternalHandle.InvalidateClears
2026-08-24T12:24:36.937753Z 01O  36/224 Test  #36: ExternalHandle.InvalidateClears ...........................................   Passed    0.01 sec
2026-08-24T12:24:36.938088Z 01O         Start  37: ChainRefHandle.DefaultIsEmpty
2026-08-24T12:24:36.944473Z 01O  37/224 Test  #37: ChainRefHandle.DefaultIsEmpty .............................................   Passed    0.01 sec
2026-08-24T12:24:36.944718Z 01O         Start  38: ChainRefHandle.ConstructWithChainHead
2026-08-24T12:24:36.951029Z 01O  38/224 Test  #38: ChainRefHandle.ConstructWithChainHead .....................................   Passed    0.01 sec
2026-08-24T12:24:36.951315Z 01O         Start  39: ChainRefHandle.PrependIncrements
2026-08-24T12:24:36.957821Z 01O  39/224 Test  #39: ChainRefHandle.PrependIncrements ..........................................   Passed    0.01 sec
2026-08-24T12:24:36.958193Z 01O         Start  40: ValueHandle.DefaultIsInline
2026-08-24T12:24:36.963835Z 01O  40/224 Test  #40: ValueHandle.DefaultIsInline ...............................................   Passed    0.01 sec
2026-08-24T12:24:36.964227Z 01O         Start  41: ValueHandle.ConstructFromExternal
2026-08-24T12:24:36.969969Z 01O  41/224 Test  #41: ValueHandle.ConstructFromExternal .........................................   Passed    0.01 sec
2026-08-24T12:24:36.970353Z 01O         Start  42: ValueHandle.ConstructFromChainRef
2026-08-24T12:24:36.977868Z 01O  42/224 Test  #42: ValueHandle.ConstructFromChainRef .........................................   Passed    0.01 sec
2026-08-24T12:24:36.978356Z 01O         Start  43: ValueHandle.VisitorPattern
2026-08-24T12:24:36.986073Z 01O  43/224 Test  #43: ValueHandle.VisitorPattern ................................................   Passed    0.01 sec
2026-08-24T12:24:36.986612Z 01O         Start  44: CostModel.InlineFitsCheck
2026-08-24T12:24:36.993505Z 01O  44/224 Test  #44: CostModel.InlineFitsCheck .................................................   Passed    0.01 sec
2026-08-24T12:24:36.993787Z 01O         Start  45: CostModel.RecommendChainRefForMultiValue
2026-08-24T12:24:37.000199Z 01O  45/224 Test  #45: CostModel.RecommendChainRefForMultiValue ..................................   Passed    0.01 sec
2026-08-24T12:24:37.000733Z 01O         Start  46: CostModel.RecommendExternalForLargeValues
2026-08-24T12:24:37.007958Z 01O  46/224 Test  #46: CostModel.RecommendExternalForLargeValues .................................   Passed    0.01 sec
2026-08-24T12:24:37.008315Z 01O         Start  47: CostModel.RecommendInlineForSmallSingleAccess
2026-08-24T12:24:37.014408Z 01O  47/224 Test  #47: CostModel.RecommendInlineForSmallSingleAccess .............................   Passed    0.01 sec
2026-08-24T12:24:37.014627Z 01O         Start  48: CostModel.InlineRemainsCheaperThanExternalForSmallValues
2026-08-24T12:24:37.021474Z 01O  48/224 Test  #48: CostModel.InlineRemainsCheaperThanExternalForSmallValues ..................   Passed    0.01 sec
2026-08-24T12:24:37.022064Z 01O         Start  49: CostModel.ExternalIsRecommendedOnceValueExceedsCapacity
2026-08-24T12:24:37.029403Z 01O  49/224 Test  #49: CostModel.ExternalIsRecommendedOnceValueExceedsCapacity ...................   Passed    0.01 sec
2026-08-24T12:24:37.029828Z 01O         Start  50: CostModel.EstimateCostsAreNonNegative
2026-08-24T12:24:37.034930Z 01O  50/224 Test  #50: CostModel.EstimateCostsAreNonNegative .....................................   Passed    0.00 sec
2026-08-24T12:24:37.035159Z 01O         Start  51: VirtualOffsetAddress.EmptyKeyReturnsZero
2026-08-24T12:24:37.038339Z 01O  51/224 Test  #51: VirtualOffsetAddress.EmptyKeyReturnsZero ..................................   Passed    0.00 sec
2026-08-24T12:24:37.038481Z 01O         Start  52: VirtualOffsetAddress.SingleByteIsValue
2026-08-24T12:24:37.041455Z 01O  52/224 Test  #52: VirtualOffsetAddress.SingleByteIsValue ....................................   Passed    0.00 sec
2026-08-24T12:24:37.041622Z 01O         Start  53: VirtualOffsetAddress.TwoBytesA_B_IsAtimes256PlusB
2026-08-24T12:24:37.043701Z 01O  53/224 Test  #53: VirtualOffsetAddress.TwoBytesA_B_IsAtimes256PlusB .........................   Passed    0.00 sec
2026-08-24T12:24:37.043820Z 01O         Start  54: VirtualOffsetAddress.ThreeBytesFollowsHornerRule
2026-08-24T12:24:37.045465Z 01O  54/224 Test  #54: VirtualOffsetAddress.ThreeBytesFollowsHornerRule ..........................   Passed    0.00 sec
2026-08-24T12:24:37.045569Z 01O         Start  55: VirtualOffsetAddress.CapacityFor3Is16M
2026-08-24T12:24:37.047187Z 01O  55/224 Test  #55: VirtualOffsetAddress.CapacityFor3Is16M ....................................   Passed    0.00 sec
2026-08-24T12:24:37.047288Z 01O         Start  56: VirtualOffsetAddress.CapacityFor0Is0
2026-08-24T12:24:37.048864Z 01O  56/224 Test  #56: VirtualOffsetAddress.CapacityFor0Is0 ......................................   Passed    0.00 sec
2026-08-24T12:24:37.048981Z 01O         Start  57: VirtualOffsetAddress.DecomposeIsInverse
2026-08-24T12:24:37.050513Z 01O  57/224 Test  #57: VirtualOffsetAddress.DecomposeIsInverse ...................................   Passed    0.00 sec
2026-08-24T12:24:37.050623Z 01O         Start  58: VirtualOffsetAddress.KeyLongerThanMaxIsClamped
2026-08-24T12:24:37.052253Z 01O  58/224 Test  #58: VirtualOffsetAddress.KeyLongerThanMaxIsClamped ............................   Passed    0.00 sec
2026-08-24T12:24:37.052352Z 01O         Start  59: BytePath.DefaultIsExhausted
2026-08-24T12:24:37.053808Z 01O  59/224 Test  #59: BytePath.DefaultIsExhausted ...............................................   Passed    0.00 sec
2026-08-24T12:24:37.053866Z 01O         Start  60: BytePath.ConsumeAdvancesCursor
2026-08-24T12:24:37.055421Z 01O  60/224 Test  #60: BytePath.ConsumeAdvancesCursor ............................................   Passed    0.00 sec
2026-08-24T12:24:37.055486Z 01O         Start  61: BytePath.PeekDoesNotAdvance
2026-08-24T12:24:37.057292Z 01O  61/224 Test  #61: BytePath.PeekDoesNotAdvance ...............................................   Passed    0.00 sec
2026-08-24T12:24:37.057427Z 01O         Start  62: BytePath.ConsumeMoreThanAvailableClamps
2026-08-24T12:24:37.059037Z 01O  62/224 Test  #62: BytePath.ConsumeMoreThanAvailableClamps ...................................   Passed    0.00 sec
2026-08-24T12:24:37.059110Z 01O         Start  63: BytePath.ResetReturnsToStart
2026-08-24T12:24:37.060709Z 01O  63/224 Test  #63: BytePath.ResetReturnsToStart ..............................................   Passed    0.00 sec
2026-08-24T12:24:37.060780Z 01O         Start  64: CacheLineAlignedLayout.AlignedOffsetMultipleOf64
2026-08-24T12:24:37.063710Z 01O  64/224 Test  #64: CacheLineAlignedLayout.AlignedOffsetMultipleOf64 ..........................   Passed    0.00 sec
2026-08-24T12:24:37.063912Z 01O         Start  65: CacheLineAlignedLayout.PaddingComputation
2026-08-24T12:24:37.066473Z 01O  65/224 Test  #65: CacheLineAlignedLayout.PaddingComputation .................................   Passed    0.00 sec
2026-08-24T12:24:37.066656Z 01O         Start  66: CacheLineAlignedLayout.LinesNeeded
2026-08-24T12:24:37.071341Z 01O  66/224 Test  #66: CacheLineAlignedLayout.LinesNeeded ........................................   Passed    0.00 sec
2026-08-24T12:24:37.071778Z 01O         Start  67: CacheLineAlignedLayout.IsAlignedCheck
2026-08-24T12:24:37.076467Z 01O  67/224 Test  #67: CacheLineAlignedLayout.IsAlignedCheck .....................................   Passed    0.00 sec
2026-08-24T12:24:37.076857Z 01O         Start  68: CacheLineAlignedLayout.SlotViewReturnsCorrectSubspan
2026-08-24T12:24:37.083771Z 01O  68/224 Test  #68: CacheLineAlignedLayout.SlotViewReturnsCorrectSubspan ......................   Passed    0.01 sec
2026-08-24T12:24:37.084030Z 01O         Start  69: MultiLevelLayout.DefaultBudgetsMatchExpectations
2026-08-24T12:24:37.087640Z 01O  69/224 Test  #69: MultiLevelLayout.DefaultBudgetsMatchExpectations ..........................   Passed    0.00 sec
2026-08-24T12:24:37.087809Z 01O         Start  70: MultiLevelLayout.TierClassificationByOffset
2026-08-24T12:24:37.092866Z 01O  70/224 Test  #70: MultiLevelLayout.TierClassificationByOffset ...............................   Passed    0.00 sec
2026-08-24T12:24:37.093148Z 01O         Start  71: MultiLevelLayout.ResolveAddressUsesAlignedSlot
2026-08-24T12:24:37.097861Z 01O  71/224 Test  #71: MultiLevelLayout.ResolveAddressUsesAlignedSlot ............................   Passed    0.00 sec
2026-08-24T12:24:37.098089Z 01O         Start  72: MultiLevelLayout.KeyAtZeroIsHotTier
2026-08-24T12:24:37.103421Z 01O  72/224 Test  #72: MultiLevelLayout.KeyAtZeroIsHotTier .......................................   Passed    0.01 sec
2026-08-24T12:24:37.103663Z 01O         Start  73: MultiLevelLayout.BudgetCanBeChanged
2026-08-24T12:24:37.107814Z 01O  73/224 Test  #73: MultiLevelLayout.BudgetCanBeChanged .......................................   Passed    0.00 sec
2026-08-24T12:24:37.108000Z 01O         Start  74: PoolDescriptor.KindNamesAreSpecific
2026-08-24T12:24:37.111112Z 01O  74/224 Test  #74: PoolDescriptor.KindNamesAreSpecific .......................................   Passed    0.00 sec
2026-08-24T12:24:37.111248Z 01O         Start  75: PoolStatistics.OnAllocIncrementsCounters
2026-08-24T12:24:37.115424Z 01O  75/224 Test  #75: PoolStatistics.OnAllocIncrementsCounters ..................................   Passed    0.00 sec
2026-08-24T12:24:37.115633Z 01O         Start  76: PoolStatistics.OnDeallocReducesInUse
2026-08-24T12:24:37.121453Z 01O  76/224 Test  #76: PoolStatistics.OnDeallocReducesInUse ......................................   Passed    0.01 sec
2026-08-24T12:24:37.121706Z 01O         Start  77: PoolStatistics.OnDeallocClampsAtZero
2026-08-24T12:24:37.128774Z 01O  77/224 Test  #77: PoolStatistics.OnDeallocClampsAtZero ......................................   Passed    0.01 sec
2026-08-24T12:24:37.129237Z 01O         Start  78: PoolSet.SevenPoolsExist
2026-08-24T12:24:37.133429Z 01O  78/224 Test  #78: PoolSet.SevenPoolsExist ...................................................   Passed    0.00 sec
2026-08-24T12:24:37.133626Z 01O         Start  79: PoolSet.EachPoolKindIsAccessible
2026-08-24T12:24:37.139580Z 01O  79/224 Test  #79: PoolSet.EachPoolKindIsAccessible ..........................................   Passed    0.01 sec
2026-08-24T12:24:37.140090Z 01O         Start  80: PoolSet.ConfigureSetsSlotSizeAndCapacity
2026-08-24T12:24:37.145079Z 01O  80/224 Test  #80: PoolSet.ConfigureSetsSlotSizeAndCapacity ..................................   Passed    0.00 sec
2026-08-24T12:24:37.145308Z 01O         Start  81: PoolSet.NoteAllocAggregatesAcrossPools
2026-08-24T12:24:37.149437Z 01O  81/224 Test  #81: PoolSet.NoteAllocAggregatesAcrossPools ....................................   Passed    0.00 sec
2026-08-24T12:24:37.149625Z 01O         Start  82: PoolSet.NoteDeallocReducesInUse
2026-08-24T12:24:37.153878Z 01O  82/224 Test  #82: PoolSet.NoteDeallocReducesInUse ...........................................   Passed    0.00 sec
2026-08-24T12:24:37.154169Z 01O         Start  83: PoolRouter.RoutePageEncodingsToCorrectPools
2026-08-24T12:24:37.161383Z 01O  83/224 Test  #83: PoolRouter.RoutePageEncodingsToCorrectPools ...............................   Passed    0.01 sec
2026-08-24T12:24:37.161665Z 01O         Start  84: PoolRouter.RouteValueHandlesToValuePools
2026-08-24T12:24:37.166517Z 01O  84/224 Test  #84: PoolRouter.RouteValueHandlesToValuePools ..................................   Passed    0.00 sec
2026-08-24T12:24:37.166773Z 01O         Start  85: PoolRouter.MiscRoutesToRestPool
2026-08-24T12:24:37.171213Z 01O  85/224 Test  #85: PoolRouter.MiscRoutesToRestPool ...........................................   Passed    0.00 sec
2026-08-24T12:24:37.171437Z 01O         Start  86: OlcWithReservedValueBlocks.InitialVersionIsZero
2026-08-24T12:24:37.175182Z 01O  86/224 Test  #86: OlcWithReservedValueBlocks.InitialVersionIsZero ...........................   Passed    0.00 sec
2026-08-24T12:24:37.175360Z 01O         Start  87: OlcWithReservedValueBlocks.ValidateUnchangedVersion
2026-08-24T12:24:37.178866Z 01O  87/224 Test  #87: OlcWithReservedValueBlocks.ValidateUnchangedVersion .......................   Passed    0.00 sec
2026-08-24T12:24:37.178992Z 01O         Start  88: OlcWithReservedValueBlocks.BeginWriteSetsWriteMarker
2026-08-24T12:24:37.180791Z 01O  88/224 Test  #88: OlcWithReservedValueBlocks.BeginWriteSetsWriteMarker ......................   Passed    0.00 sec
2026-08-24T12:24:37.180880Z 01O         Start  89: OlcWithReservedValueBlocks.EndWriteIncrementsAndClearsMarker
2026-08-24T12:24:37.182875Z 01O  89/224 Test  #89: OlcWithReservedValueBlocks.EndWriteIncrementsAndClearsMarker ..............   Passed    0.00 sec
2026-08-24T12:24:37.182954Z 01O         Start  90: OlcWithReservedValueBlocks.ValidateFailsAfterWrite
2026-08-24T12:24:37.185618Z 01O  90/224 Test  #90: OlcWithReservedValueBlocks.ValidateFailsAfterWrite ........................   Passed    0.00 sec
2026-08-24T12:24:37.185842Z 01O         Start  91: OlcWithReservedValueBlocks.ReserveBlockReturnsUniqueIds
2026-08-24T12:24:37.189023Z 01O  91/224 Test  #91: OlcWithReservedValueBlocks.ReserveBlockReturnsUniqueIds ...................   Passed    0.00 sec
2026-08-24T12:24:37.189186Z 01O         Start  92: OlcWithReservedValueBlocks.ResetClearsState
2026-08-24T12:24:37.191549Z 01O  92/224 Test  #92: OlcWithReservedValueBlocks.ResetClearsState ...............................   Passed    0.00 sec
2026-08-24T12:24:37.191672Z 01O         Start  93: OlcWithReservedValueBlocks.SecondWriterCannotEnterWhileFirstActive
2026-08-24T12:24:37.214020Z 01O  93/224 Test  #93: OlcWithReservedValueBlocks.SecondWriterCannotEnterWhileFirstActive ........   Passed    0.02 sec
2026-08-24T12:24:37.214045Z 01O         Start  94: OlcWithReservedValueBlocks.ConcurrentWritersKeepMonotoneEvenGenerations
2026-08-24T12:24:37.215725Z 01O  94/224 Test  #94: OlcWithReservedValueBlocks.ConcurrentWritersKeepMonotoneEvenGenerations ...   Passed    0.00 sec
2026-08-24T12:24:37.215830Z 01O         Start  95: WriteGuard.AcquiresAndReleasesAutomatically
2026-08-24T12:24:37.217590Z 01O  95/224 Test  #95: WriteGuard.AcquiresAndReleasesAutomatically ...............................   Passed    0.00 sec
2026-08-24T12:24:37.217700Z 01O         Start  96: WriteGuard.EachGuardReservesNewBlock
2026-08-24T12:24:37.219441Z 01O  96/224 Test  #96: WriteGuard.EachGuardReservesNewBlock ......................................   Passed    0.00 sec
2026-08-24T12:24:37.219562Z 01O         Start  97: DistanceEstimator.MinAndMaxBoundsAreEnforced
2026-08-24T12:24:37.221936Z 01O  97/224 Test  #97: DistanceEstimator.MinAndMaxBoundsAreEnforced ..............................   Passed    0.00 sec
2026-08-24T12:24:37.222067Z 01O         Start  98: DistanceEstimator.SparseHighLatencyHasLargerDistance
2026-08-24T12:24:37.224775Z 01O  98/224 Test  #98: DistanceEstimator.SparseHighLatencyHasLargerDistance ......................   Passed    0.00 sec
2026-08-24T12:24:37.224982Z 01O         Start  99: DistanceEstimator.DistanceIsAlwaysWithinBounds
2026-08-24T12:24:37.227860Z 01O  99/224 Test  #99: DistanceEstimator.DistanceIsAlwaysWithinBounds ............................   Passed    0.00 sec
2026-08-24T12:24:37.227989Z 01O         Start 100: PathOrientedPrefetch.EmptyQueueAfterConstruction
2026-08-24T12:24:37.231819Z 01O 100/224 Test #100: PathOrientedPrefetch.EmptyQueueAfterConstruction ..........................   Passed    0.00 sec
2026-08-24T12:24:37.232131Z 01O         Start 101: PathOrientedPrefetch.EnqueueIncrementsCounters
2026-08-24T12:24:37.236297Z 01O 101/224 Test #101: PathOrientedPrefetch.EnqueueIncrementsCounters ............................   Passed    0.00 sec
2026-08-24T12:24:37.236539Z 01O         Start 102: PathOrientedPrefetch.SuggestExtrapolates
2026-08-24T12:24:37.240673Z 01O 102/224 Test #102: PathOrientedPrefetch.SuggestExtrapolates ..................................   Passed    0.00 sec
2026-08-24T12:24:37.240888Z 01O         Start 103: PathOrientedPrefetch.QueueIsBoundedAt16
2026-08-24T12:24:37.243979Z 01O 103/224 Test #103: PathOrientedPrefetch.QueueIsBoundedAt16 ...................................   Passed    0.00 sec
2026-08-24T12:24:37.244119Z 01O         Start 104: PathOrientedPrefetch.ResetClearsQueue
2026-08-24T12:24:37.248535Z 01O 104/224 Test #104: PathOrientedPrefetch.ResetClearsQueue .....................................   Passed    0.00 sec
2026-08-24T12:24:37.248872Z 01O         Start 105: RedirectPrefetch.ScheduleTracksAddress
2026-08-24T12:24:37.253731Z 01O 105/224 Test #105: RedirectPrefetch.ScheduleTracksAddress ....................................   Passed    0.00 sec
2026-08-24T12:24:37.253994Z 01O         Start 106: RedirectPrefetch.FanOutSlotsRespectCacheLineSize
2026-08-24T12:24:37.260256Z 01O 106/224 Test #106: RedirectPrefetch.FanOutSlotsRespectCacheLineSize ..........................   Passed    0.01 sec
2026-08-24T12:24:37.260604Z 01O         Start 107: RedirectPrefetch.NegativeOffsetIsClampedAtZero
2026-08-24T12:24:37.265327Z 01O 107/224 Test #107: RedirectPrefetch.NegativeOffsetIsClampedAtZero ............................   Passed    0.00 sec
2026-08-24T12:24:37.265538Z 01O         Start 108: RedirectPrefetch.ResetClearsState
2026-08-24T12:24:37.272268Z 01O 108/224 Test #108: RedirectPrefetch.ResetClearsState .........................................   Passed    0.01 sec
2026-08-24T12:24:37.272786Z 01O         Start 109: DensityTracker.EmptyAfterConstruction
2026-08-24T12:24:37.279230Z 01O 109/224 Test #109: DensityTracker.EmptyAfterConstruction .....................................   Passed    0.01 sec
2026-08-24T12:24:37.279619Z 01O         Start 110: DensityTracker.RecordAndQuery
2026-08-24T12:24:37.286501Z 01O 110/224 Test #110: DensityTracker.RecordAndQuery .............................................   Passed    0.01 sec
2026-08-24T12:24:37.286901Z 01O         Start 111: DensityTracker.Histogram4BucketsByThresholds
2026-08-24T12:24:37.292210Z 01O 111/224 Test #111: DensityTracker.Histogram4BucketsByThresholds ..............................   Passed    0.01 sec
2026-08-24T12:24:37.292479Z 01O         Start 112: DensityTracker.ResetClearsHistory
2026-08-24T12:24:37.298532Z 01O 112/224 Test #112: DensityTracker.ResetClearsHistory .........................................   Passed    0.01 sec
2026-08-24T12:24:37.298863Z 01O         Start 113: H1PageTypeCost.NoteLookupBuildsOnlineMean
2026-08-24T12:24:37.304177Z 01O 113/224 Test #113: H1PageTypeCost.NoteLookupBuildsOnlineMean .................................   Passed    0.01 sec
2026-08-24T12:24:37.304435Z 01O         Start 114: H1PageTypeCost.MultiplePageTypesTrackedSeparately
2026-08-24T12:24:37.309433Z 01O 114/224 Test #114: H1PageTypeCost.MultiplePageTypesTrackedSeparately .........................   Passed    0.00 sec
2026-08-24T12:24:37.309684Z 01O         Start 115: H2CodeQuality.ScoreAndNote
2026-08-24T12:24:37.315561Z 01O 115/224 Test #115: H2CodeQuality.ScoreAndNote ................................................   Passed    0.01 sec
2026-08-24T12:24:37.315838Z 01O         Start 116: H3InlineVsExternal.EmptyTotalIsZero
2026-08-24T12:24:37.322709Z 01O 116/224 Test #116: H3InlineVsExternal.EmptyTotalIsZero .......................................   Passed    0.01 sec
2026-08-24T12:24:37.323112Z 01O         Start 117: H3InlineVsExternal.SharesSumToOne
2026-08-24T12:24:37.330483Z 01O 117/224 Test #117: H3InlineVsExternal.SharesSumToOne .........................................   Passed    0.01 sec
2026-08-24T12:24:37.330770Z 01O         Start 118: PrtArtHypothesisMetrics.AllThreeAccessible
2026-08-24T12:24:37.336847Z 01O 118/224 Test #118: PrtArtHypothesisMetrics.AllThreeAccessible ................................   Passed    0.01 sec
2026-08-24T12:24:37.337193Z 01O         Start 119: PrtArtIdentity.FlagsAreNonEmpty
2026-08-24T12:24:37.344866Z 01O 119/224 Test #119: PrtArtIdentity.FlagsAreNonEmpty ...........................................   Passed    0.01 sec
2026-08-24T12:24:37.345162Z 01O         Start 120: PrtArtIdentity.FlagsAreValidCombination
2026-08-24T12:24:37.350567Z 01O 120/224 Test #120: PrtArtIdentity.FlagsAreValidCombination ...................................   Passed    0.01 sec
2026-08-24T12:24:37.350934Z 01O         Start 121: PrtArtIdentity.FlagsHaveAllBanksFilled
2026-08-24T12:24:37.359022Z 01O 121/224 Test #121: PrtArtIdentity.FlagsHaveAllBanksFilled ....................................   Passed    0.01 sec
2026-08-24T12:24:37.359492Z 01O         Start 122: PrtArtIdentity.IdentifierIsHexString
2026-08-24T12:24:37.366212Z 01O 122/224 Test #122: PrtArtIdentity.IdentifierIsHexString ......................................   Passed    0.01 sec
2026-08-24T12:24:37.366540Z 01O         Start 123: PrtArtIdentity.FlagsContainPrtartSpecificPageBits
2026-08-24T12:24:37.374097Z 01O 123/224 Test #123: PrtArtIdentity.FlagsContainPrtartSpecificPageBits .........................   Passed    0.01 sec
2026-08-24T12:24:37.374461Z 01O         Start 124: PrtArtIdentity.ContainsPrtArtBPlusAndRedirectNodes
2026-08-24T12:24:37.382576Z 01O 124/224 Test #124: PrtArtIdentity.ContainsPrtArtBPlusAndRedirectNodes ........................   Passed    0.01 sec
2026-08-24T12:24:37.382945Z 01O         Start 125: PrtArtIdentity.OlcConcurrencyIsSet
2026-08-24T12:24:37.389991Z 01O 125/224 Test #125: PrtArtIdentity.OlcConcurrencyIsSet ........................................   Passed    0.01 sec
2026-08-24T12:24:37.390312Z 01O         Start 126: MapApi.EmptyAfterConstruction
2026-08-24T12:24:37.397179Z 01O 126/224 Test #126: MapApi.EmptyAfterConstruction .............................................   Passed    0.01 sec
2026-08-24T12:24:37.397456Z 01O         Start 127: MapApi.IdentityFlagsMatchFreeFunction
2026-08-24T12:24:37.402705Z 01O 127/224 Test #127: MapApi.IdentityFlagsMatchFreeFunction .....................................   Passed    0.00 sec
2026-08-24T12:24:37.402939Z 01O         Start 128: MapApi.IdentifierMatchesFreeFunction
2026-08-24T12:24:37.409883Z 01O 128/224 Test #128: MapApi.IdentifierMatchesFreeFunction ......................................   Passed    0.01 sec
2026-08-24T12:24:37.410228Z 01O         Start 129: MapApi.PoolsConfiguredFor7Slots
2026-08-24T12:24:37.417672Z 01O 129/224 Test #129: MapApi.PoolsConfiguredFor7Slots ...........................................   Passed    0.01 sec
2026-08-24T12:24:37.418103Z 01O         Start 130: MapApi.InsertReturnsStatusOk
2026-08-24T12:24:37.425446Z 01O 130/224 Test #130: MapApi.InsertReturnsStatusOk ..............................................   Passed    0.01 sec
2026-08-24T12:24:37.426023Z 01O         Start 131: MapApi.InsertExistingReturnsKeyAlreadyExists
2026-08-24T12:24:37.433708Z 01O 131/224 Test #131: MapApi.InsertExistingReturnsKeyAlreadyExists ..............................   Passed    0.01 sec
2026-08-24T12:24:37.434076Z 01O         Start 132: MapApi.SetUpdatesExistingKey
2026-08-24T12:24:37.442253Z 01O 132/224 Test #132: MapApi.SetUpdatesExistingKey ..............................................   Passed    0.01 sec
2026-08-24T12:24:37.442735Z 01O         Start 133: MapApi.LookupOnEmptyReturnsNullopt
2026-08-24T12:24:37.450959Z 01O 133/224 Test #133: MapApi.LookupOnEmptyReturnsNullopt ........................................   Passed    0.01 sec
2026-08-24T12:24:37.451450Z 01O         Start 134: MapApi.LookupAfterInsertRoundtrip
2026-08-24T12:24:37.458167Z 01O 134/224 Test #134: MapApi.LookupAfterInsertRoundtrip .........................................   Passed    0.01 sec
2026-08-24T12:24:37.458565Z 01O         Start 135: MapApi.EraseRemovesEntryAndReturnsOk
2026-08-24T12:24:37.466097Z 01O 135/224 Test #135: MapApi.EraseRemovesEntryAndReturnsOk ......................................   Passed    0.01 sec
2026-08-24T12:24:37.466503Z 01O         Start 136: MapApi.EraseNonExistentReturnsKeyNotFound
2026-08-24T12:24:37.474260Z 01O 136/224 Test #136: MapApi.EraseNonExistentReturnsKeyNotFound .................................   Passed    0.01 sec
2026-08-24T12:24:37.474631Z 01O         Start 137: MapApi.ClearRemovesAll
2026-08-24T12:24:37.480985Z 01O 137/224 Test #137: MapApi.ClearRemovesAll ....................................................   Passed    0.01 sec
2026-08-24T12:24:37.481327Z 01O         Start 138: MapApi.ContainsAndCount
2026-08-24T12:24:37.489172Z 01O 138/224 Test #138: MapApi.ContainsAndCount ...................................................   Passed    0.01 sec
2026-08-24T12:24:37.489669Z 01O         Start 139: MapApi.RangeScanReturnsNonEmpty
2026-08-24T12:24:37.498031Z 01O 139/224 Test #139: MapApi.RangeScanReturnsNonEmpty ...........................................   Passed    0.01 sec
2026-08-24T12:24:37.498417Z 01O         Start 140: MapApi.StringKeyAndStringValueWorks
2026-08-24T12:24:37.505714Z 01O 140/224 Test #140: MapApi.StringKeyAndStringValueWorks .......................................   Passed    0.01 sec
2026-08-24T12:24:37.506065Z 01O         Start 141: MapApi.DensityTrackerReceivesUpdatesOnInserts
2026-08-24T12:24:37.512499Z 01O 141/224 Test #141: MapApi.DensityTrackerReceivesUpdatesOnInserts .............................   Passed    0.01 sec
2026-08-24T12:24:37.512791Z 01O         Start 142: MapApi.OlcReservedBlocksGrowWithWrites
2026-08-24T12:24:37.518974Z 01O 142/224 Test #142: MapApi.OlcReservedBlocksGrowWithWrites ....................................   Passed    0.01 sec
2026-08-24T12:24:37.519298Z 01O         Start 143: MapApi.MultiThreadedInsertsAreConsistent
2026-08-24T12:24:37.530357Z 01O 143/224 Test #143: MapApi.MultiThreadedInsertsAreConsistent ..................................   Passed    0.01 sec
2026-08-24T12:24:37.530671Z 01O         Start 144: MapApi.HitMissCountersTracked
2026-08-24T12:24:37.536290Z 01O 144/224 Test #144: MapApi.HitMissCountersTracked .............................................   Passed    0.01 sec
2026-08-24T12:24:37.536549Z 01O         Start 145: MapApi.ComponentAccessorsAreReachable
2026-08-24T12:24:37.541467Z 01O 145/224 Test #145: MapApi.ComponentAccessorsAreReachable .....................................   Passed    0.00 sec
2026-08-24T12:24:37.541685Z 01O         Start 146: TupleApi.MappedTypeIsTuple
2026-08-24T12:24:37.548175Z 01O 146/224 Test #146: TupleApi.MappedTypeIsTuple ................................................   Passed    0.01 sec
2026-08-24T12:24:37.548511Z 01O         Start 147: TupleApi.InsertWithMultipleValuesPacksIntoTuple
2026-08-24T12:24:37.554473Z 01O 147/224 Test #147: TupleApi.InsertWithMultipleValuesPacksIntoTuple ...........................   Passed    0.01 sec
2026-08-24T12:24:37.554730Z 01O         Start 148: TupleApi.DuplicateInsertReturnsKeyAlreadyExists
2026-08-24T12:24:37.561115Z 01O 148/224 Test #148: TupleApi.DuplicateInsertReturnsKeyAlreadyExists ...........................   Passed    0.01 sec
2026-08-24T12:24:37.561565Z 01O         Start 149: TupleApi.EraseInTupleMode
2026-08-24T12:24:37.565359Z 01O 149/224 Test #149: TupleApi.EraseInTupleMode .................................................   Passed    0.00 sec
2026-08-24T12:24:37.565573Z 01O         Start 150: VectorApi.EmptyAfterConstruction
2026-08-24T12:24:37.570822Z 01O 150/224 Test #150: VectorApi.EmptyAfterConstruction ..........................................   Passed    0.01 sec
2026-08-24T12:24:37.571178Z 01O         Start 151: VectorApi.PushBackReturnsStatusOk
2026-08-24T12:24:37.578106Z 01O 151/224 Test #151: VectorApi.PushBackReturnsStatusOk .........................................   Passed    0.01 sec
2026-08-24T12:24:37.578495Z 01O         Start 152: VectorApi.AtAndFrontBackReadAccess
2026-08-24T12:24:37.582935Z 01O 152/224 Test #152: VectorApi.AtAndFrontBackReadAccess ........................................   Passed    0.00 sec
2026-08-24T12:24:37.583218Z 01O         Start 153: VectorApi.AtOutOfRangeReturnsNullopt
2026-08-24T12:24:37.586835Z 01O 153/224 Test #153: VectorApi.AtOutOfRangeReturnsNullopt ......................................   Passed    0.00 sec
2026-08-24T12:24:37.587011Z 01O         Start 154: VectorApi.FrontBackOnEmptyReturnNullopt
2026-08-24T12:24:37.590513Z 01O 154/224 Test #154: VectorApi.FrontBackOnEmptyReturnNullopt ...................................   Passed    0.00 sec
2026-08-24T12:24:37.590727Z 01O         Start 155: VectorApi.PopBackRemovesLast
2026-08-24T12:24:37.595459Z 01O 155/224 Test #155: VectorApi.PopBackRemovesLast ..............................................   Passed    0.00 sec
2026-08-24T12:24:37.595711Z 01O         Start 156: VectorApi.PopBackOnEmptyReturnsEmptyContainer
2026-08-24T12:24:37.602447Z 01O 156/224 Test #156: VectorApi.PopBackOnEmptyReturnsEmptyContainer .............................   Passed    0.01 sec
2026-08-24T12:24:37.602873Z 01O         Start 157: VectorApi.SetAtUpdatesElement
2026-08-24T12:24:37.608020Z 01O 157/224 Test #157: VectorApi.SetAtUpdatesElement .............................................   Passed    0.00 sec
2026-08-24T12:24:37.608234Z 01O         Start 158: VectorApi.SetAtOutOfRangeReturnsError
2026-08-24T12:24:37.613919Z 01O 158/224 Test #158: VectorApi.SetAtOutOfRangeReturnsError .....................................   Passed    0.01 sec
2026-08-24T12:24:37.614212Z 01O         Start 159: VectorApi.InsertAtInTheMiddle
2026-08-24T12:24:37.621257Z 01O 159/224 Test #159: VectorApi.InsertAtInTheMiddle .............................................   Passed    0.01 sec
2026-08-24T12:24:37.621578Z 01O         Start 160: VectorApi.EraseAtRemovesElement
2026-08-24T12:24:37.628540Z 01O 160/224 Test #160: VectorApi.EraseAtRemovesElement ...........................................   Passed    0.01 sec
2026-08-24T12:24:37.628811Z 01O         Start 161: VectorApi.ClearAndReserveAndResize
2026-08-24T12:24:37.634851Z 01O 161/224 Test #161: VectorApi.ClearAndReserveAndResize ........................................   Passed    0.01 sec
2026-08-24T12:24:37.635226Z 01O         Start 162: VectorApi.AssignReplacesAll
2026-08-24T12:24:37.638986Z 01O 162/224 Test #162: VectorApi.AssignReplacesAll ...............................................   Passed    0.00 sec
2026-08-24T12:24:37.639150Z 01O         Start 163: VectorApi.ShrinkToFitOk
2026-08-24T12:24:37.643805Z 01O 163/224 Test #163: VectorApi.ShrinkToFitOk ...................................................   Passed    0.00 sec
2026-08-24T12:24:37.644037Z 01O         Start 164: VectorApi.DataPointerAccess
2026-08-24T12:24:37.648022Z 01O 164/224 Test #164: VectorApi.DataPointerAccess ...............................................   Passed    0.00 sec
2026-08-24T12:24:37.648221Z 01O         Start 165: VectorApi.IteratorsTraverse
2026-08-24T12:24:37.652800Z 01O 165/224 Test #165: VectorApi.IteratorsTraverse ...............................................   Passed    0.00 sec
2026-08-24T12:24:37.653085Z 01O         Start 166: VectorApi.IdentityFlagsMatchEvenInVectorMode
2026-08-24T12:24:37.657870Z 01O 166/224 Test #166: VectorApi.IdentityFlagsMatchEvenInVectorMode ..............................   Passed    0.00 sec
2026-08-24T12:24:37.658118Z 01O         Start 167: VectorApi.ComponentAccessorsAreReachable
2026-08-24T12:24:37.663174Z 01O 167/224 Test #167: VectorApi.ComponentAccessorsAreReachable ..................................   Passed    0.00 sec
2026-08-24T12:24:37.663461Z 01O         Start 168: VectorApi.MultiThreadedPushBackIsConsistent
2026-08-24T12:24:37.671926Z 01O 168/224 Test #168: VectorApi.MultiThreadedPushBackIsConsistent ...............................   Passed    0.01 sec
2026-08-24T12:24:37.672300Z 01O         Start 169: Status.ConstantsAreDistinct
2026-08-24T12:24:37.678669Z 01O 169/224 Test #169: Status.ConstantsAreDistinct ...............................................   Passed    0.01 sec
2026-08-24T12:24:37.679027Z 01O         Start 170: VectorApi_V12.OperatorBracketReturnsValueAtIndex
2026-08-24T12:24:37.685793Z 01O 170/224 Test #170: VectorApi_V12.OperatorBracketReturnsValueAtIndex ..........................   Passed    0.01 sec
2026-08-24T12:24:37.686098Z 01O         Start 171: VectorApi_V12.EmplaceBackWithArgs
2026-08-24T12:24:37.692262Z 01O 171/224 Test #171: VectorApi_V12.EmplaceBackWithArgs .........................................   Passed    0.01 sec
2026-08-24T12:24:37.692718Z 01O         Start 172: VectorApi_V12.SwapTwoEngines
2026-08-24T12:24:37.699803Z 01O 172/224 Test #172: VectorApi_V12.SwapTwoEngines ..............................................   Passed    0.01 sec
2026-08-24T12:24:37.700137Z 01O         Start 173: VectorApi_V12.ReverseIteratorsTraverseInReverseOrder
2026-08-24T12:24:37.708203Z 01O 173/224 Test #173: VectorApi_V12.ReverseIteratorsTraverseInReverseOrder ......................   Passed    0.01 sec
2026-08-24T12:24:37.708572Z 01O         Start 174: VectorApi_V12.AssignFromRange
2026-08-24T12:24:37.715300Z 01O 174/224 Test #174: VectorApi_V12.AssignFromRange .............................................   Passed    0.01 sec
2026-08-24T12:24:37.715671Z 01O         Start 175: MapApi_V12.OperatorBracketLookup
2026-08-24T12:24:37.722052Z 01O 175/224 Test #175: MapApi_V12.OperatorBracketLookup ..........................................   Passed    0.01 sec
2026-08-24T12:24:37.722379Z 01O         Start 176: MapApi_V12.EmplaceWithArgs
2026-08-24T12:24:37.729865Z 01O 176/224 Test #176: MapApi_V12.EmplaceWithArgs ................................................   Passed    0.01 sec
2026-08-24T12:24:37.730205Z 01O         Start 177: MapApi_V12.TryEmplaceFailsOnExistingKey
2026-08-24T12:24:37.737296Z 01O 177/224 Test #177: MapApi_V12.TryEmplaceFailsOnExistingKey ...................................   Passed    0.01 sec
2026-08-24T12:24:37.737663Z 01O         Start 178: MapApi_V12.InsertOrAssignOverwrites
2026-08-24T12:24:37.744688Z 01O 178/224 Test #178: MapApi_V12.InsertOrAssignOverwrites .......................................   Passed    0.01 sec
2026-08-24T12:24:37.745052Z 01O         Start 179: MapApi_V12.SwapTwoMaps
2026-08-24T12:24:37.751546Z 01O 179/224 Test #179: MapApi_V12.SwapTwoMaps ....................................................   Passed    0.01 sec
2026-08-24T12:24:37.751897Z 01O         Start 180: MapApi_V12.MaxSizeIsPositive
2026-08-24T12:24:37.758313Z 01O 180/224 Test #180: MapApi_V12.MaxSizeIsPositive ..............................................   Passed    0.01 sec
2026-08-24T12:24:37.758632Z 01O         Start 181: MapApi_V12.KeyCompAndValueCompCallable
2026-08-24T12:24:37.763517Z 01O 181/224 Test #181: MapApi_V12.KeyCompAndValueCompCallable ....................................   Passed    0.00 sec
2026-08-24T12:24:37.763889Z 01O         Start 182: MapApi_V13.MergeTakesOnlyUniqueKeys
2026-08-24T12:24:37.770607Z 01O 182/224 Test #182: MapApi_V13.MergeTakesOnlyUniqueKeys .......................................   Passed    0.01 sec
2026-08-24T12:24:37.770949Z 01O         Start 183: MapApi_V13.ExtractReturnsValueAndRemoves
2026-08-24T12:24:37.778686Z 01O 183/224 Test #183: MapApi_V13.ExtractReturnsValueAndRemoves ..................................   Passed    0.01 sec
2026-08-24T12:24:37.779020Z 01O         Start 184: MapApi_V13.ExtractMissingKeyReturnsNullopt
2026-08-24T12:24:37.785359Z 01O 184/224 Test #184: MapApi_V13.ExtractMissingKeyReturnsNullopt ................................   Passed    0.01 sec
2026-08-24T12:24:37.785729Z 01O         Start 185: VarLenEncoder.EncodesSmallValuesIn1Byte
2026-08-24T12:24:37.792669Z 01O 185/224 Test #185: VarLenEncoder.EncodesSmallValuesIn1Byte ...................................   Passed    0.01 sec
2026-08-24T12:24:37.793070Z 01O         Start 186: VarLenEncoder.EncodesLargerValuesInMultipleBytes
2026-08-24T12:24:37.798910Z 01O 186/224 Test #186: VarLenEncoder.EncodesLargerValuesInMultipleBytes ..........................   Passed    0.01 sec
2026-08-24T12:24:37.799241Z 01O         Start 187: VarLenEncoder.EncodeDecodeRoundtrip
2026-08-24T12:24:37.805988Z 01O 187/224 Test #187: VarLenEncoder.EncodeDecodeRoundtrip .......................................   Passed    0.01 sec
2026-08-24T12:24:37.806342Z 01O         Start 188: SignalingStream.EmptyOnConstruction
2026-08-24T12:24:37.812656Z 01O 188/224 Test #188: SignalingStream.EmptyOnConstruction .......................................   Passed    0.01 sec
2026-08-24T12:24:37.813037Z 01O         Start 189: SignalingStream.AppendNormalEntry
2026-08-24T12:24:37.819314Z 01O 189/224 Test #189: SignalingStream.AppendNormalEntry .........................................   Passed    0.01 sec
2026-08-24T12:24:37.819692Z 01O         Start 190: SignalingStream.DecodeRoundtripSingleEntry
2026-08-24T12:24:37.826891Z 01O 190/224 Test #190: SignalingStream.DecodeRoundtripSingleEntry ................................   Passed    0.01 sec
2026-08-24T12:24:37.827392Z 01O         Start 191: SignalingStream.MultipleEntriesIterable
2026-08-24T12:24:37.833691Z 01O 191/224 Test #191: SignalingStream.MultipleEntriesIterable ...................................   Passed    0.01 sec
2026-08-24T12:24:37.834024Z 01O         Start 192: SignalingStream.ClearResets
2026-08-24T12:24:37.841211Z 01O 192/224 Test #192: SignalingStream.ClearResets ...............................................   Passed    0.01 sec
2026-08-24T12:24:37.841517Z 01O         Start 193: LinearValueBuffer.EmptyOnConstruction
2026-08-24T12:24:37.847628Z 01O 193/224 Test #193: LinearValueBuffer.EmptyOnConstruction .....................................   Passed    0.01 sec
2026-08-24T12:24:37.847952Z 01O         Start 194: LinearValueBuffer.AppendAndRead
2026-08-24T12:24:37.853770Z 01O 194/224 Test #194: LinearValueBuffer.AppendAndRead ...........................................   Passed    0.01 sec
2026-08-24T12:24:37.854066Z 01O         Start 195: LinearValueBuffer.EraseMarksTombstone
2026-08-24T12:24:37.861250Z 01O 195/224 Test #195: LinearValueBuffer.EraseMarksTombstone .....................................   Passed    0.01 sec
2026-08-24T12:24:37.861759Z 01O         Start 196: LinearValueBuffer.EraseTwiceIsSafe
2026-08-24T12:24:37.867981Z 01O 196/224 Test #196: LinearValueBuffer.EraseTwiceIsSafe ........................................   Passed    0.01 sec
2026-08-24T12:24:37.868320Z 01O         Start 197: LinearValueBuffer.ShouldCompactBelowThreshold
2026-08-24T12:24:37.875608Z 01O 197/224 Test #197: LinearValueBuffer.ShouldCompactBelowThreshold .............................   Passed    0.01 sec
2026-08-24T12:24:37.876056Z 01O         Start 198: LinearValueBuffer.ShouldCompactAboveThreshold
2026-08-24T12:24:37.883554Z 01O 198/224 Test #198: LinearValueBuffer.ShouldCompactAboveThreshold .............................   Passed    0.01 sec
2026-08-24T12:24:37.884117Z 01O         Start 199: LinearValueBuffer.CompactRemovesTombstonesAndRemaps
2026-08-24T12:24:37.889162Z 01O 199/224 Test #199: LinearValueBuffer.CompactRemovesTombstonesAndRemaps .......................   Passed    0.00 sec
2026-08-24T12:24:37.889440Z 01O         Start 200: LizenzKonsistenz.KeinFremderSpdxBezeichnerImEigencode
2026-08-24T12:24:37.916581Z 01O 200/224 Test #200: LizenzKonsistenz.KeinFremderSpdxBezeichnerImEigencode .....................   Passed    0.03 sec
2026-08-24T12:24:37.916813Z 01O         Start 201: LizenzKonsistenz.LicenseUndNoticeNennenDenselbenBezeichner
2026-08-24T12:24:37.924189Z 01O 201/224 Test #201: LizenzKonsistenz.LicenseUndNoticeNennenDenselbenBezeichner ................   Passed    0.01 sec
2026-08-24T12:24:37.924477Z 01O         Start 202: LizenzKonsistenz.ChangeDateStehtUndIstDerEntschiedene
2026-08-24T12:24:37.929621Z 01O 202/224 Test #202: LizenzKonsistenz.ChangeDateStehtUndIstDerEntschiedene .....................   Passed    0.01 sec
2026-08-24T12:24:37.929832Z 01O         Start 203: LizenzKonsistenz.ChangeDateIstEinIsoDatumNachOf1
2026-08-24T12:24:37.934503Z 01O 203/224 Test #203: LizenzKonsistenz.ChangeDateIstEinIsoDatumNachOf1 ..........................   Passed    0.00 sec
2026-08-24T12:24:37.934852Z 01O         Start 204: LizenzKonsistenz.ChangeDateStehtInNoticeUndReadmeOhnePlatzhalterRest
2026-08-24T12:24:37.938923Z 01O 204/224 Test #204: LizenzKonsistenz.ChangeDateStehtInNoticeUndReadmeOhnePlatzhalterRest ......   Passed    0.00 sec
2026-08-24T12:24:37.939077Z 01O         Start 205: LizenzKonsistenzKoeder.SaubererBaumIstGruen
2026-08-24T12:24:37.942184Z 01O 205/224 Test #205: LizenzKonsistenzKoeder.SaubererBaumIstGruen ...............................   Passed    0.00 sec
2026-08-24T12:24:37.942249Z 01O         Start 206: LizenzKonsistenzKoeder.FremderSpdxBezeichnerWirdGefunden
2026-08-24T12:24:37.945145Z 01O 206/224 Test #206: LizenzKonsistenzKoeder.FremderSpdxBezeichnerWirdGefunden ..................   Passed    0.00 sec
2026-08-24T12:24:37.945243Z 01O         Start 207: LizenzKonsistenzKoeder.NoticeMitApacheBehauptungWirdGefunden
2026-08-24T12:24:37.949018Z 01O 207/224 Test #207: LizenzKonsistenzKoeder.NoticeMitApacheBehauptungWirdGefunden ..............   Passed    0.00 sec
2026-08-24T12:24:37.949179Z 01O         Start 208: LizenzKonsistenzKoeder.VergessenerOf1PlatzhalterInNoticeWirdGefunden
2026-08-24T12:24:37.954725Z 01O 208/224 Test #208: LizenzKonsistenzKoeder.VergessenerOf1PlatzhalterInNoticeWirdGefunden ......   Passed    0.01 sec
2026-08-24T12:24:37.955199Z 01O         Start 209: DefaultLookupRegistry.EnumeratesNineAxes
2026-08-24T12:24:37.959286Z 01O 209/224 Test #209: DefaultLookupRegistry.EnumeratesNineAxes ..................................   Passed    0.00 sec
2026-08-24T12:24:37.959517Z 01O         Start 210: DefaultLookupRegistry.KnownAxesAreFlagged
2026-08-24T12:24:37.963007Z 01O 210/224 Test #210: DefaultLookupRegistry.KnownAxesAreFlagged .................................   Passed    0.00 sec
2026-08-24T12:24:37.963188Z 01O         Start 211: DefaultLookupRegistry.PrtArtEigeneAchsenSindNichtDefaultLookup
2026-08-24T12:24:37.967133Z 01O 211/224 Test #211: DefaultLookupRegistry.PrtArtEigeneAchsenSindNichtDefaultLookup ............   Passed    0.00 sec
2026-08-24T12:24:37.967278Z 01O         Start 212: DefaultLookupRegistry.UnknownAxisIsNotDefaultLookup
2026-08-24T12:24:37.971849Z 01O 212/224 Test #212: DefaultLookupRegistry.UnknownAxisIsNotDefaultLookup .......................   Passed    0.00 sec
2026-08-24T12:24:37.972192Z 01O         Start 213: DefaultLookupRegistry.EachAxisHasCeLibraryPath
2026-08-24T12:24:37.976234Z 01O 213/224 Test #213: DefaultLookupRegistry.EachAxisHasCeLibraryPath ............................   Passed    0.00 sec
2026-08-24T12:24:37.976447Z 01O         Start 214: LeafOnlyCounter.InnerNodeAccessIsNoOp
2026-08-24T12:24:37.980091Z 01O 214/224 Test #214: LeafOnlyCounter.InnerNodeAccessIsNoOp .....................................   Passed    0.00 sec
2026-08-24T12:24:37.980298Z 01O         Start 215: LeafOnlyCounter.LeafAccessIncrements
2026-08-24T12:24:37.985968Z 01O 215/224 Test #215: LeafOnlyCounter.LeafAccessIncrements ......................................   Passed    0.01 sec
2026-08-24T12:24:37.986203Z 01O         Start 216: LeafOnlyCounter.MixedLeafAndInnerNodes
2026-08-24T12:24:37.991288Z 01O 216/224 Test #216: LeafOnlyCounter.MixedLeafAndInnerNodes ....................................   Passed    0.00 sec
2026-08-24T12:24:37.991543Z 01O         Start 217: LeafOnlyCounter.CachePressureEstimate
2026-08-24T12:24:37.997522Z 01O 217/224 Test #217: LeafOnlyCounter.CachePressureEstimate .....................................   Passed    0.01 sec
2026-08-24T12:24:37.997885Z 01O         Start 218: LeafOnlyCounter.EmptyCounterPressureZero
2026-08-24T12:24:38.004290Z 01O 218/224 Test #218: LeafOnlyCounter.EmptyCounterPressureZero ..................................   Passed    0.01 sec
2026-08-24T12:24:38.004600Z 01O         Start 219: LeafOnlyCounter.ConcurrentAccessIsThreadSafeOnSameLeaf
2026-08-24T12:24:38.012940Z 01O 219/224 Test #219: LeafOnlyCounter.ConcurrentAccessIsThreadSafeOnSameLeaf ....................   Passed    0.01 sec
2026-08-24T12:24:38.013241Z 01O         Start 220: LeafOnlyCounter.Reset
2026-08-24T12:24:38.019737Z 01O 220/224 Test #220: LeafOnlyCounter.Reset .....................................................   Passed    0.01 sec
2026-08-24T12:24:38.019976Z 01O         Start 221: LeafOnlyCounter.ConcurrentResetAndRecordNoUseAfterFree
2026-08-24T12:24:38.351039Z 01O 221/224 Test #221: LeafOnlyCounter.ConcurrentResetAndRecordNoUseAfterFree ....................   Passed    0.33 sec
2026-08-24T12:24:38.351124Z 01O         Start 222: PerNodeCounter.IncrementsAllNodesInclInner
2026-08-24T12:24:38.353274Z 01O 222/224 Test #222: PerNodeCounter.IncrementsAllNodesInclInner ................................   Passed    0.00 sec
2026-08-24T12:24:38.353341Z 01O         Start 223: PerNodeCounter.TrackedNodesGrowsLinearlyWithUniqueAccesses
2026-08-24T12:24:38.354888Z 01O 223/224 Test #223: PerNodeCounter.TrackedNodesGrowsLinearlyWithUniqueAccesses ................   Passed    0.00 sec
2026-08-24T12:24:38.354954Z 01O         Start 224: KuehnComparison.LeafOnlyTracksFewerNodesThanPerNode
2026-08-24T12:24:38.356720Z 01O 224/224 Test #224: KuehnComparison.LeafOnlyTracksFewerNodesThanPerNode .......................   Passed    0.00 sec
2026-08-24T12:24:38.357233Z 01O 
2026-08-24T12:24:38.357236Z 01O 100% tests passed, 0 tests failed out of 224
2026-08-24T12:24:38.357236Z 01O 
2026-08-24T12:24:38.357237Z 01O Total Test time (real) =   1.64 sec
2026-08-24T12:24:38.359816Z 00O section_end:1787574278:step_script[0K
2026-08-24T12:24:38.360495Z 00O+section_start:1787574278:archive_cache[0K
2026-08-24T12:24:38.360505Z 00O+[0K[36;1mSaving cache for successful job[0;m[0;m
2026-08-24T12:24:38.449840Z 01O [32;1mCreating cache ccache-comdare-prt-art-clang-dbg-protected...[0;m
2026-08-24T12:24:38.484174Z 01E Runtime platform                                  [0;m  arch[0;m=amd64 os[0;m=linux pid[0;m=2661389 revision[0;m=24b9b726 version[0;m=19.1.1
2026-08-24T12:24:38.486098Z 01E .ccache: found 429 matching artifact files and directories[0;m 
2026-08-24T12:24:38.519689Z 01E Primary cache already exists remotely, skipping upload[0;m 
2026-08-24T12:24:38.522267Z 01O [32;1mCreated cache[0;m
2026-08-24T12:24:38.526472Z 00O section_end:1787574278:archive_cache[0K
2026-08-24T12:24:38.527210Z 00O+section_start:1787574278:cleanup_file_variables[0K
2026-08-24T12:24:38.527222Z 00O+[0K[36;1mCleaning up project directory and file based variables[0;m[0;m
2026-08-24T12:24:38.577093Z 00O section_end:1787574278:cleanup_file_variables[0K
2026-08-24T12:24:38.577461Z 00O [32;1mJob succeeded[0;m
