2026-08-24T12:24:29.666459Z 00O [0KRunning with gitlab-runner 19.1.1 (24b9b726)[0;m
2026-08-24T12:24:29.666473Z 00O [0K  on prod-baremetal-prod1 GjoKPir1B, system ID: s_409f14fb9041[0;m
2026-08-24T12:24:29.666478Z 00O [0K  feature flags: FF_USE_LEGACY_S3_CACHE_ADAPTER:true[0;m
2026-08-24T12:24:29.666505Z 00O section_start:1787574269:prepare_executor[0K
2026-08-24T12:24:29.666509Z 00O+[0K[36;1mPreparing the "shell" executor[0;m[0;m
2026-08-24T12:24:29.666600Z 00O [0KUsing Shell (bash) executor...[0;m
2026-08-24T12:24:29.666602Z 00O section_end:1787574269:prepare_executor[0K
2026-08-24T12:24:29.666729Z 00O+section_start:1787574269:prepare_script[0K
2026-08-24T12:24:29.666732Z 00O+[0K[36;1mPreparing environment[0;m[0;m
2026-08-24T12:24:29.701137Z 01O Running on prod1...
2026-08-24T12:24:29.702703Z 00O section_end:1787574269:prepare_script[0K
2026-08-24T12:24:29.703010Z 00O+section_start:1787574269:get_sources[0K
2026-08-24T12:24:29.703013Z 00O+[0K[36;1mGetting source from Git repository[0;m[0;m
2026-08-24T12:24:29.714866Z 01O [32;1m$ export GIT_CONFIG_SYSTEM=/dev/null # collapsed multi-line command[0;m
2026-08-24T12:24:29.721579Z 01O [32;1mGitaly correlation ID: 01M0SVNC5P7Q7174QM8V3FAK5R[0;m
2026-08-24T12:24:29.724351Z 01O [32;1mFetching changes with git depth set to 20...[0;m
2026-08-24T12:24:29.725036Z 01O Reinitialized existing Git repository in /home/gitlab-runner/builds/GjoKPir1B/0/comdare/research/comdare-prt-art/.git/
2026-08-24T12:24:30.764173Z 01O [32;1mChecking out 16c90628 as detached HEAD (ref is development)...[0;m
2026-08-24T12:24:30.839328Z 01O Removing .ccache/
2026-08-24T12:24:30.839330Z 01O Removing build/
2026-08-24T12:24:30.839331Z 01O Removing ce-pin/
2026-08-24T12:24:30.841388Z 01O [32;1mUpdating/initializing submodules recursively with git depth set to 20...[0;m
2026-08-24T12:24:30.876830Z 01O [32;1mUpdated submodules[0;m
2026-08-24T12:24:30.889844Z 01O [32;1mConfiguring submodules to use parent git credentials...[0;m
2026-08-24T12:24:30.899146Z 00O section_end:1787574270:get_sources[0K
2026-08-24T12:24:30.899624Z 00O+section_start:1787574270:restore_cache[0K
2026-08-24T12:24:30.899628Z 00O+[0K[36;1mRestoring cache[0;m[0;m
2026-08-24T12:24:30.958363Z 01O [32;1mChecking cache for ccache-comdare-prt-art-gcc-dbg-protected...[0;m
2026-08-24T12:24:30.985701Z 01E Runtime platform                                  [0;m  arch[0;m=amd64 os[0;m=linux pid[0;m=2328175 revision[0;m=24b9b726 version[0;m=19.1.1
2026-08-24T12:24:30.985728Z 01E Using presigned URL for cache download            [0;m 
2026-08-24T12:24:31.033656Z 01E Selecting primary cache URL                       [0;m  alternate_modified[0;m=0001-01-01 00:00:00 +0000 UTC alternate_url[0;m=https://minio.comdare.de:9000/buildsystem-cache/project/287/d5/d54d7e3cf9ac8e4892a22e4fa29f5c5366b99f21d05ba9518d5be8cb0e9ce394 primary_modified[0;m=2026-08-20 13:19:16 +0000 UTC primary_url[0;m=https://minio.comdare.de:9000/buildsystem-cache/project/287/ccache-comdare-prt-art-gcc-dbg-protected
2026-08-24T12:24:31.118866Z 01E cache.zip is up to date                           [0;m 
2026-08-24T12:24:31.132926Z 01O [32;1mSuccessfully extracted cache[0;m
2026-08-24T12:24:31.134206Z 00O section_end:1787574271:restore_cache[0K
2026-08-24T12:24:31.134734Z 00O+section_start:1787574271:step_script[0K
2026-08-24T12:24:31.134745Z 00O+[0K[36;1mExecuting "step_script" stage of the job script[0;m[0;m
2026-08-24T12:24:31.161687Z 01O [32;1m$ export GIT_CONFIG_SYSTEM=/dev/null # collapsed multi-line command[0;m
2026-08-24T12:24:31.162119Z 01O [32;1m$ cmake --version; (g++ --version || c++ --version || echo "KEIN C++-Compiler"); (ninja --version || echo "kein ninja")[0;m
2026-08-24T12:24:31.164945Z 01O cmake version 4.3.4
2026-08-24T12:24:31.164946Z 01O 
2026-08-24T12:24:31.164947Z 01O CMake suite maintained and supported by Kitware (kitware.com/cmake).
2026-08-24T12:24:31.165752Z 01O g++ (GCC) 15.3.0
2026-08-24T12:24:31.165753Z 01O Copyright (C) 2025 Free Software Foundation, Inc.
2026-08-24T12:24:31.165754Z 01O This is free software; see the source for copying conditions.  There is NO
2026-08-24T12:24:31.165770Z 01O warranty; not even for MERCHANTABILITY or FITNESS FOR A PARTICULAR PURPOSE.
2026-08-24T12:24:31.165772Z 01O 
2026-08-24T12:24:31.166371Z 01O 1.13.1
2026-08-24T12:24:31.166602Z 01O [32;1m$ git clone --no-checkout --reference-if-able ../comdare-cache-engine --dissociate "https://gitlab-ci-token:${CI_JOB_TOKEN}@${CI_SERVER_HOST}/${CI_PROJECT_PATH%/*}/comdare-cache-engine.git" ce-pin[0;m
2026-08-24T12:24:31.167148Z 01E Cloning into 'ce-pin'...
2026-08-24T12:24:31.167737Z 01E info: Could not add alternate for '../comdare-cache-engine': reference repository '../comdare-cache-engine' is shallow
2026-08-24T12:24:34.893611Z 01O [32;1m$ git -C ce-pin checkout --detach "$COMDARE_CE_PIN_SHA"[0;m
2026-08-24T12:24:35.179621Z 01E HEAD is now at 66de5c09 Fixture-Spiegel fuer den super-XSD-Verbund-Patch (L4-Atomaritaet; fixture_sync-Wache), Abnahme 1 Zelle deklariert (XML-only).
2026-08-24T12:24:35.181658Z 01O [32;1m$ echo "ce-Pin ausgecheckt: $(git -C ce-pin rev-parse HEAD) (SOLL $COMDARE_CE_PIN_SHA)"[0;m
2026-08-24T12:24:35.182627Z 01O ce-Pin ausgecheckt: 66de5c0972290ec1ae3d219988ecc207d8f5de6b (SOLL 66de5c0972290ec1ae3d219988ecc207d8f5de6b)
2026-08-24T12:24:35.182634Z 01O [32;1m$ cmake -B build-dbg -G Ninja -DCMAKE_BUILD_TYPE=Debug -DCOMDARE_CACHE_ENGINE_DIR=$CI_PROJECT_DIR/ce-pin[0;m
2026-08-24T12:24:35.229457Z 01O -- The CXX compiler identification is GNU 15.3.0
2026-08-24T12:24:35.233082Z 01O -- Detecting CXX compiler ABI info
2026-08-24T12:24:35.262682Z 01O -- Detecting CXX compiler ABI info - done
2026-08-24T12:24:35.267534Z 01O -- Check for working CXX compiler: /usr/bin/c++ - skipped
2026-08-24T12:24:35.267676Z 01O -- Detecting CXX compile features
2026-08-24T12:24:35.267956Z 01O -- Detecting CXX compile features - done
2026-08-24T12:24:35.371788Z 01O -- The C compiler identification is GNU 15.3.0
2026-08-24T12:24:35.375010Z 01O -- Detecting C compiler ABI info
2026-08-24T12:24:35.390600Z 01O -- Detecting C compiler ABI info - done
2026-08-24T12:24:35.395258Z 01O -- Check for working C compiler: /usr/bin/cc - skipped
2026-08-24T12:24:35.395414Z 01O -- Detecting C compile features
2026-08-24T12:24:35.395606Z 01O -- Detecting C compile features - done
2026-08-24T12:24:35.398570Z 01O -- Performing Test CMAKE_HAVE_LIBC_PTHREAD
2026-08-24T12:24:35.430259Z 01O -- Performing Test CMAKE_HAVE_LIBC_PTHREAD - Success
2026-08-24T12:24:35.430729Z 01O -- Found Threads: TRUE
2026-08-24T12:24:35.434422Z 01O -- [PRT-ART V9.4] legacy_reimpl/ skipped (default OFF).
2026-08-24T12:24:35.434616Z 01E CMake Warning at prt_art/registry_gen/CMakeLists.txt:29 (message):
2026-08-24T12:24:35.434616Z 01E   prt_art_axis_registry_gen: COMDARE_CE_GENERATED_DIR nicht gesetzt.
2026-08-24T12:24:35.434617Z 01E 
2026-08-24T12:24:35.434617Z 01E   Das golden-verdrahtete PathCompression-Organ zieht die CMake-generierte
2026-08-24T12:24:35.434617Z 01E   flags.hpp der cache-engine.
2026-08-24T12:24:35.434618Z 01E 
2026-08-24T12:24:35.434618Z 01E   Setze -DCOMDARE_CE_GENERATED_DIR=<cache-engine-build>/generated (Build
2026-08-24T12:24:35.434618Z 01E   zuvor konfigurieren).
2026-08-24T12:24:35.434619Z 01E 
2026-08-24T12:24:35.434619Z 01E 
2026-08-24T12:24:35.434630Z 01O -- ──────────────────────────────────────────────────────────
2026-08-24T12:24:35.434631Z 01O -- comdare-prt-art 0.1.0
2026-08-24T12:24:35.434631Z 01O --   C++ Standard            : 23
2026-08-24T12:24:35.434633Z 01O --   Cache-Engine Werkzeug   : /home/gitlab-runner/builds/GjoKPir1B/0/comdare/research/comdare-prt-art/ce-pin
2026-08-24T12:24:35.434635Z 01O --   Use Cache-Engine sub    : OFF
2026-08-24T12:24:35.434635Z 01O --   Build Tests             : ON
2026-08-24T12:24:35.434638Z 01O --   Build Legacy-Reimpl V9.4: OFF
2026-08-24T12:24:35.434639Z 01O -- ──────────────────────────────────────────────────────────
2026-08-24T12:24:35.434749Z 01O -- Configuring done (0.2s)
2026-08-24T12:24:35.443800Z 01O -- Generating done (0.0s)
2026-08-24T12:24:35.443988Z 01O -- Build files have been written to: /home/gitlab-runner/builds/GjoKPir1B/0/comdare/research/comdare-prt-art/build-dbg
2026-08-24T12:24:35.446500Z 01O [32;1m$ cmake --build build-dbg[0;m
2026-08-24T12:24:35.459430Z 01O [1/60] Building CXX object _deps/googletest-build/googletest/CMakeFiles/gtest.dir/src/gtest-all.cc.o
2026-08-24T12:24:35.521898Z 01O [2/60] Scanning /home/gitlab-runner/builds/GjoKPir1B/0/comdare/research/comdare-prt-art/tests/unit/test_allocator_pools.cpp for CXX dependencies
2026-08-24T12:24:35.522475Z 01O [3/60] Scanning /home/gitlab-runner/builds/GjoKPir1B/0/comdare/research/comdare-prt-art/tests/unit/test_memory_layout.cpp for CXX dependencies
2026-08-24T12:24:35.525360Z 01O [4/60] Scanning /home/gitlab-runner/builds/GjoKPir1B/0/comdare/research/comdare-prt-art/tests/unit/test_internal_search.cpp for CXX dependencies
2026-08-24T12:24:35.526591Z 01O [5/60] Scanning /home/gitlab-runner/builds/GjoKPir1B/0/comdare/research/comdare-prt-art/tests/unit/test_prt_art_nodes.cpp for CXX dependencies
2026-08-24T12:24:35.531511Z 01O [6/60] Scanning /home/gitlab-runner/builds/GjoKPir1B/0/comdare/research/comdare-prt-art/tests/unit/test_value_handle.cpp for CXX dependencies
2026-08-24T12:24:35.538191Z 01O [7/60] Scanning /home/gitlab-runner/builds/GjoKPir1B/0/comdare/research/comdare-prt-art/tests/unit/test_olc_with_reserved_blocks.cpp for CXX dependencies
2026-08-24T12:24:35.593173Z 01O [8/60] Scanning /home/gitlab-runner/builds/GjoKPir1B/0/comdare/research/comdare-prt-art/tests/unit/test_prefetch_strategies.cpp for CXX dependencies
2026-08-24T12:24:35.594148Z 01O [9/60] Scanning /home/gitlab-runner/builds/GjoKPir1B/0/comdare/research/comdare-prt-art/tests/unit/test_measurement.cpp for CXX dependencies
2026-08-24T12:24:35.599224Z 01O [10/60] Building CXX object _deps/googletest-build/googlemock/CMakeFiles/gmock.dir/src/gmock-all.cc.o
2026-08-24T12:24:35.600252Z 01O [11/60] Scanning /home/gitlab-runner/builds/GjoKPir1B/0/comdare/research/comdare-prt-art/tests/unit/test_serialization_and_buffer.cpp for CXX dependencies
2026-08-24T12:24:35.603364Z 01O [12/60] Building CXX object _deps/googletest-build/googletest/CMakeFiles/gtest_main.dir/src/gtest_main.cc.o
2026-08-24T12:24:35.606716Z 01O [13/60] Generating CXX dyndep file tests/unit/CMakeFiles/test_prt_art_nodes.dir/CXX.dd
2026-08-24T12:24:35.607131Z 01O [14/60] Scanning /home/gitlab-runner/builds/GjoKPir1B/0/comdare/research/comdare-prt-art/tests/unit/test_default_lookup_registry.cpp for CXX dependencies
2026-08-24T12:24:35.608985Z 01O [15/60] Scanning /home/gitlab-runner/builds/GjoKPir1B/0/comdare/research/comdare-prt-art/tests/unit/test_lizenz_konsistenz.cpp for CXX dependencies
2026-08-24T12:24:35.609988Z 01O [16/60] Generating CXX dyndep file tests/unit/CMakeFiles/test_internal_search.dir/CXX.dd
2026-08-24T12:24:35.610529Z 01O [17/60] Generating CXX dyndep file tests/unit/CMakeFiles/test_value_handle.dir/CXX.dd
2026-08-24T12:24:35.611344Z 01O [18/60] Scanning /home/gitlab-runner/builds/GjoKPir1B/0/comdare/research/comdare-prt-art/tests/unit/test_prt_art_identity.cpp for CXX dependencies
2026-08-24T12:24:35.611980Z 01O [19/60] Generating CXX dyndep file tests/unit/CMakeFiles/test_memory_layout.dir/CXX.dd
2026-08-24T12:24:35.612976Z 01O [20/60] Generating CXX dyndep file tests/unit/CMakeFiles/test_allocator_pools.dir/CXX.dd
2026-08-24T12:24:35.613507Z 01O [21/60] Generating CXX dyndep file tests/unit/CMakeFiles/test_olc_with_reserved_blocks.dir/CXX.dd
2026-08-24T12:24:35.614253Z 01O [22/60] Generating CXX dyndep file tests/unit/CMakeFiles/test_prefetch_strategies.dir/CXX.dd
2026-08-24T12:24:35.615055Z 01O [23/60] Generating CXX dyndep file tests/unit/CMakeFiles/test_measurement.dir/CXX.dd
2026-08-24T12:24:35.615787Z 01O [24/60] Generating CXX dyndep file tests/unit/CMakeFiles/test_prt_art_identity.dir/CXX.dd
2026-08-24T12:24:35.616413Z 01O [25/60] Generating CXX dyndep file tests/unit/CMakeFiles/test_serialization_and_buffer.dir/CXX.dd
2026-08-24T12:24:35.617070Z 01O [26/60] Generating CXX dyndep file tests/unit/CMakeFiles/test_lizenz_konsistenz.dir/CXX.dd
2026-08-24T12:24:35.617839Z 01O [27/60] Generating CXX dyndep file tests/unit/CMakeFiles/test_default_lookup_registry.dir/CXX.dd
2026-08-24T12:24:35.619275Z 01O [28/60] Building CXX object _deps/googletest-build/googlemock/CMakeFiles/gmock_main.dir/src/gmock_main.cc.o
2026-08-24T12:24:35.634642Z 01O [29/60] Linking CXX static library lib/libgtest.a
2026-08-24T12:24:35.658291Z 01O [30/60] Linking CXX static library lib/libgmock.a
2026-08-24T12:24:35.668719Z 01O [31/60] Scanning /home/gitlab-runner/builds/GjoKPir1B/0/comdare/research/comdare-prt-art/tests/unit/test_leaf_only_counter.cpp for CXX dependencies
2026-08-24T12:24:35.672360Z 01O [32/60] Generating CXX dyndep file tests/unit/CMakeFiles/test_leaf_only_counter.dir/CXX.dd
2026-08-24T12:24:35.674479Z 01O [33/60] Linking CXX static library lib/libgtest_main.a
2026-08-24T12:24:36.538807Z 01O [34/60] Building CXX object tests/unit/CMakeFiles/test_prt_art_nodes.dir/test_prt_art_nodes.cpp.o
2026-08-24T12:24:36.576345Z 01O [35/60] Building CXX object tests/unit/CMakeFiles/test_allocator_pools.dir/test_allocator_pools.cpp.o
2026-08-24T12:24:36.582995Z 01O [36/60] Building CXX object tests/unit/CMakeFiles/test_memory_layout.dir/test_memory_layout.cpp.o
2026-08-24T12:24:36.585761Z 01O [37/60] Building CXX object tests/unit/CMakeFiles/test_value_handle.dir/test_value_handle.cpp.o
2026-08-24T12:24:36.630547Z 01O [38/60] Building CXX object tests/unit/CMakeFiles/test_olc_with_reserved_blocks.dir/test_olc_with_reserved_blocks.cpp.o
2026-08-24T12:24:36.692487Z 01O [39/60] Building CXX object tests/unit/CMakeFiles/test_internal_search.dir/test_internal_search.cpp.o
2026-08-24T12:24:37.442855Z 01O [40/60] Building CXX object tests/unit/CMakeFiles/test_prefetch_strategies.dir/test_prefetch_strategies.cpp.o
2026-08-24T12:24:37.544454Z 01O [41/60] Building CXX object tests/unit/CMakeFiles/test_default_lookup_registry.dir/test_default_lookup_registry.cpp.o
2026-08-24T12:24:37.563583Z 01O [42/60] Linking CXX static library lib/libgmock_main.a
2026-08-24T12:24:37.617002Z 01O [43/60] Linking CXX executable tests/unit/test_prt_art_nodes
2026-08-24T12:24:37.618650Z 01O [44/60] Building CXX object tests/unit/CMakeFiles/test_serialization_and_buffer.dir/test_serialization_and_buffer.cpp.o
2026-08-24T12:24:37.618652Z 01O /home/gitlab-runner/builds/GjoKPir1B/0/comdare/research/comdare-prt-art/tests/unit/test_serialization_and_buffer.cpp: In member function ‘virtual void LinearValueBuffer_ShouldCompactBelowThreshold_Test::TestBody()’:
2026-08-24T12:24:37.618653Z 01O /home/gitlab-runner/builds/GjoKPir1B/0/comdare/research/comdare-prt-art/tests/unit/test_serialization_and_buffer.cpp:145:41: warning: ignoring return value of ‘uint64_t comdare::prt_art::value_buffer::LinearValueBuffer::append(std::span<const std::byte>)’, declared with attribute ‘nodiscard’ [-Wunused-result]
2026-08-24T12:24:37.618654Z 01O   145 |     for (int i = 0; i < 5; ++i) b.append(std::span<std::byte const>(v.data(), v.size()));
2026-08-24T12:24:37.618654Z 01O       |                                 ~~~~~~~~^~~~~~~~~~~~~~~~~~~~~~~~~~~~~~~~~~~~~~~~~~~~~~~~
2026-08-24T12:24:37.618655Z 01O In file included from /home/gitlab-runner/builds/GjoKPir1B/0/comdare/research/comdare-prt-art/tests/unit/test_serialization_and_buffer.cpp:5:
2026-08-24T12:24:37.618655Z 01O /home/gitlab-runner/builds/GjoKPir1B/0/comdare/research/comdare-prt-art/prt_art/include/prt_art/value_buffer/linear_value_buffer.hpp:25:33: note: declared here
2026-08-24T12:24:37.618656Z 01O    25 |     [[nodiscard]] std::uint64_t append(std::span<std::byte const> payload) {
2026-08-24T12:24:37.618656Z 01O       |                                 ^~~~~~
2026-08-24T12:24:37.618657Z 01O /home/gitlab-runner/builds/GjoKPir1B/0/comdare/research/comdare-prt-art/tests/unit/test_serialization_and_buffer.cpp: In member function ‘virtual void LinearValueBuffer_ShouldCompactAboveThreshold_Test::TestBody()’:
2026-08-24T12:24:37.618657Z 01O /home/gitlab-runner/builds/GjoKPir1B/0/comdare/research/comdare-prt-art/tests/unit/test_serialization_and_buffer.cpp:153:41: warning: ignoring return value of ‘uint64_t comdare::prt_art::value_buffer::LinearValueBuffer::append(std::span<const std::byte>)’, declared with attribute ‘nodiscard’ [-Wunused-result]
2026-08-24T12:24:37.618658Z 01O   153 |     for (int i = 0; i < 5; ++i) b.append(std::span<std::byte const>(v.data(), v.size()));
2026-08-24T12:24:37.618658Z 01O       |                                 ~~~~~~~~^~~~~~~~~~~~~~~~~~~~~~~~~~~~~~~~~~~~~~~~~~~~~~~~
2026-08-24T12:24:37.618658Z 01O /home/gitlab-runner/builds/GjoKPir1B/0/comdare/research/comdare-prt-art/prt_art/include/prt_art/value_buffer/linear_value_buffer.hpp:25:33: note: declared here
2026-08-24T12:24:37.618671Z 01O    25 |     [[nodiscard]] std::uint64_t append(std::span<std::byte const> payload) {
2026-08-24T12:24:37.618671Z 01O       |                                 ^~~~~~
2026-08-24T12:24:37.647982Z 01O [45/60] Building CXX object tests/unit/CMakeFiles/test_measurement.dir/test_measurement.cpp.o
2026-08-24T12:24:37.683162Z 01O [46/60] Linking CXX executable tests/unit/test_internal_search
2026-08-24T12:24:37.684192Z 01O [47/60] Linking CXX executable tests/unit/test_value_handle
2026-08-24T12:24:37.712091Z 01O [48/60] Linking CXX executable tests/unit/test_memory_layout
2026-08-24T12:24:37.743257Z 01O [49/60] Building CXX object tests/unit/CMakeFiles/test_lizenz_konsistenz.dir/test_lizenz_konsistenz.cpp.o
2026-08-24T12:24:37.745185Z 01O [50/60] Linking CXX executable tests/unit/test_olc_with_reserved_blocks
2026-08-24T12:24:37.745662Z 01O [51/60] Linking CXX executable tests/unit/test_allocator_pools
2026-08-24T12:24:37.772037Z 01O [52/60] Linking CXX executable tests/unit/test_prefetch_strategies
2026-08-24T12:24:37.803048Z 01O [53/60] Linking CXX executable tests/unit/test_serialization_and_buffer
2026-08-24T12:24:37.806713Z 01O [54/60] Linking CXX executable tests/unit/test_lizenz_konsistenz
2026-08-24T12:24:37.806721Z 01O [55/60] Linking CXX executable tests/unit/test_measurement
2026-08-24T12:24:37.825417Z 01O [56/60] Linking CXX executable tests/unit/test_default_lookup_registry
2026-08-24T12:24:38.405415Z 01O [57/60] Building CXX object tests/unit/CMakeFiles/test_leaf_only_counter.dir/test_leaf_only_counter.cpp.o
2026-08-24T12:24:38.460859Z 01O [58/60] Linking CXX executable tests/unit/test_leaf_only_counter
2026-08-24T12:24:38.755086Z 01O [59/60] Building CXX object tests/unit/CMakeFiles/test_prt_art_identity.dir/test_prt_art_identity.cpp.o
2026-08-24T12:24:38.826878Z 01O [60/60] Linking CXX executable tests/unit/test_prt_art_identity
2026-08-24T12:24:38.827834Z 01O [32;1m$ ctest --test-dir build-dbg --output-on-failure[0;m
2026-08-24T12:24:38.829992Z 01O Test project /home/gitlab-runner/builds/GjoKPir1B/0/comdare/research/comdare-prt-art/build-dbg
2026-08-24T12:24:38.832532Z 01O         Start   1: RedirectNode.PriorityIsP0
2026-08-24T12:24:38.833353Z 01O   1/224 Test   #1: RedirectNode.PriorityIsP0 .................................................   Passed    0.00 sec
2026-08-24T12:24:38.833434Z 01O         Start   2: RedirectNode.StoresRestSuffix
2026-08-24T12:24:38.834153Z 01O   2/224 Test   #2: RedirectNode.StoresRestSuffix .............................................   Passed    0.00 sec
2026-08-24T12:24:38.834197Z 01O         Start   3: RedirectNode.FullMatchReturnsAllBytes
2026-08-24T12:24:38.835028Z 01O   3/224 Test   #3: RedirectNode.FullMatchReturnsAllBytes .....................................   Passed    0.00 sec
2026-08-24T12:24:38.835071Z 01O         Start   4: RedirectNode.PartialMatchReturnsMatchedPrefixLen
2026-08-24T12:24:38.836308Z 01O   4/224 Test   #4: RedirectNode.PartialMatchReturnsMatchedPrefixLen ..........................   Passed    0.00 sec
2026-08-24T12:24:38.836372Z 01O         Start   5: RedirectNode.ShortKeyReturnsLengthOfKey
2026-08-24T12:24:38.837393Z 01O   5/224 Test   #5: RedirectNode.ShortKeyReturnsLengthOfKey ...................................   Passed    0.00 sec
2026-08-24T12:24:38.837451Z 01O         Start   6: BPlusNode.PriorityIsP0
2026-08-24T12:24:38.838246Z 01O   6/224 Test   #6: BPlusNode.PriorityIsP0 ....................................................   Passed    0.00 sec
2026-08-24T12:24:38.838284Z 01O         Start   7: BPlusNode.DefaultKindIsArray256
2026-08-24T12:24:38.839091Z 01O   7/224 Test   #7: BPlusNode.DefaultKindIsArray256 ...........................................   Passed    0.00 sec
2026-08-24T12:24:38.839126Z 01O         Start   8: BPlusNode.InsertSlotIncrementsKeyCount
2026-08-24T12:24:38.840109Z 01O   8/224 Test   #8: BPlusNode.InsertSlotIncrementsKeyCount ....................................   Passed    0.00 sec
2026-08-24T12:24:38.840170Z 01O         Start   9: BPlusNode.DensityCalculationMatchesCapacity
2026-08-24T12:24:38.841120Z 01O   9/224 Test   #9: BPlusNode.DensityCalculationMatchesCapacity ...............................   Passed    0.00 sec
2026-08-24T12:24:38.841158Z 01O         Start  10: BPlusNode.RecommendedKindFollowsThresholds
2026-08-24T12:24:38.842062Z 01O  10/224 Test  #10: BPlusNode.RecommendedKindFollowsThresholds ................................   Passed    0.00 sec
2026-08-24T12:24:38.842130Z 01O         Start  11: BPlusNode.CapacityForKindMatchesSpec
2026-08-24T12:24:38.843021Z 01O  11/224 Test  #11: BPlusNode.CapacityForKindMatchesSpec ......................................   Passed    0.00 sec
2026-08-24T12:24:38.843063Z 01O         Start  12: BPlusNode.FourInternalSearchKindsAreDistinct
2026-08-24T12:24:38.843828Z 01O  12/224 Test  #12: BPlusNode.FourInternalSearchKindsAreDistinct ..............................   Passed    0.00 sec
2026-08-24T12:24:38.843860Z 01O         Start  13: Array256.CapacityAndDensityThreshold
2026-08-24T12:24:38.844635Z 01O  13/224 Test  #13: Array256.CapacityAndDensityThreshold ......................................   Passed    0.00 sec
2026-08-24T12:24:38.844661Z 01O         Start  14: Array256.EmptyLookupReturnsNullopt
2026-08-24T12:24:38.845378Z 01O  14/224 Test  #14: Array256.EmptyLookupReturnsNullopt ........................................   Passed    0.00 sec
2026-08-24T12:24:38.845406Z 01O         Start  15: Array256.InsertAndLookup
2026-08-24T12:24:38.846374Z 01O  15/224 Test  #15: Array256.InsertAndLookup ..................................................   Passed    0.00 sec
2026-08-24T12:24:38.846428Z 01O         Start  16: Array256.EraseRemovesEntry
2026-08-24T12:24:38.847383Z 01O  16/224 Test  #16: Array256.EraseRemovesEntry ................................................   Passed    0.00 sec
2026-08-24T12:24:38.847428Z 01O         Start  17: Array256.DensityCalculation
2026-08-24T12:24:38.848170Z 01O  17/224 Test  #17: Array256.DensityCalculation ...............................................   Passed    0.00 sec
2026-08-24T12:24:38.848198Z 01O         Start  18: Array65535.CapacityAndDensityThresholds
2026-08-24T12:24:38.848947Z 01O  18/224 Test  #18: Array65535.CapacityAndDensityThresholds ...................................   Passed    0.00 sec
2026-08-24T12:24:38.848982Z 01O         Start  19: Array65535.InsertAndLookup
2026-08-24T12:24:38.849892Z 01O  19/224 Test  #19: Array65535.InsertAndLookup ................................................   Passed    0.00 sec
2026-08-24T12:24:38.849919Z 01O         Start  20: Array65535.MaxDiscriminator65535InBounds
2026-08-24T12:24:38.850897Z 01O  20/224 Test  #20: Array65535.MaxDiscriminator65535InBounds ..................................   Passed    0.00 sec
2026-08-24T12:24:38.850943Z 01O         Start  21: Array65535.EmptyLookupReturnsNullopt
2026-08-24T12:24:38.851910Z 01O  21/224 Test  #21: Array65535.EmptyLookupReturnsNullopt ......................................   Passed    0.00 sec
2026-08-24T12:24:38.851948Z 01O         Start  22: VectorU8U8.CapacityAndDensityThresholds
2026-08-24T12:24:38.852712Z 01O  22/224 Test  #22: VectorU8U8.CapacityAndDensityThresholds ...................................   Passed    0.00 sec
2026-08-24T12:24:38.852738Z 01O         Start  23: VectorU8U8.InsertSortedByDiscriminator
2026-08-24T12:24:38.853469Z 01O  23/224 Test  #23: VectorU8U8.InsertSortedByDiscriminator ....................................   Passed    0.00 sec
2026-08-24T12:24:38.853497Z 01O         Start  24: VectorU8U8.LookupViaBinarySearch
2026-08-24T12:24:38.854230Z 01O  24/224 Test  #24: VectorU8U8.LookupViaBinarySearch ..........................................   Passed    0.00 sec
2026-08-24T12:24:38.854262Z 01O         Start  25: VectorU8U8.EraseRemovesEntry
2026-08-24T12:24:38.855026Z 01O  25/224 Test  #25: VectorU8U8.EraseRemovesEntry ..............................................   Passed    0.00 sec
2026-08-24T12:24:38.855059Z 01O         Start  26: VectorU16U16.CapacityAndDensityThreshold
2026-08-24T12:24:38.855969Z 01O  26/224 Test  #26: VectorU16U16.CapacityAndDensityThreshold ..................................   Passed    0.00 sec
2026-08-24T12:24:38.856004Z 01O         Start  27: VectorU16U16.InsertAndLookup
2026-08-24T12:24:38.856995Z 01O  27/224 Test  #27: VectorU16U16.InsertAndLookup ..............................................   Passed    0.00 sec
2026-08-24T12:24:38.857034Z 01O         Start  28: VectorU16U16.EntriesSortedByDiscriminator
2026-08-24T12:24:38.857965Z 01O  28/224 Test  #28: VectorU16U16.EntriesSortedByDiscriminator .................................   Passed    0.00 sec
2026-08-24T12:24:38.858025Z 01O         Start  29: InternalSearch.DensityThresholdsFormPartition
2026-08-24T12:24:38.859051Z 01O  29/224 Test  #29: InternalSearch.DensityThresholdsFormPartition .............................   Passed    0.00 sec
2026-08-24T12:24:38.859112Z 01O         Start  30: InlineHandle.DefaultConstructorEmpty
2026-08-24T12:24:38.860042Z 01O  30/224 Test  #30: InlineHandle.DefaultConstructorEmpty ......................................   Passed    0.00 sec
2026-08-24T12:24:38.860093Z 01O         Start  31: InlineHandle.StoreAndRead
2026-08-24T12:24:38.860868Z 01O  31/224 Test  #31: InlineHandle.StoreAndRead .................................................   Passed    0.00 sec
2026-08-24T12:24:38.860915Z 01O         Start  32: InlineHandle.FitsCheck
2026-08-24T12:24:38.861947Z 01O  32/224 Test  #32: InlineHandle.FitsCheck ....................................................   Passed    0.00 sec
2026-08-24T12:24:38.861995Z 01O         Start  33: InlineHandle.OversizedStoreTruncates
2026-08-24T12:24:38.862877Z 01O  33/224 Test  #33: InlineHandle.OversizedStoreTruncates ......................................   Passed    0.00 sec
2026-08-24T12:24:38.862934Z 01O         Start  34: ExternalHandle.DefaultIsInvalid
2026-08-24T12:24:38.863920Z 01O  34/224 Test  #34: ExternalHandle.DefaultIsInvalid ...........................................   Passed    0.00 sec
2026-08-24T12:24:38.863967Z 01O         Start  35: ExternalHandle.StoresOffsetAndSize
2026-08-24T12:24:38.864883Z 01O  35/224 Test  #35: ExternalHandle.StoresOffsetAndSize ........................................   Passed    0.00 sec
2026-08-24T12:24:38.864934Z 01O         Start  36: ExternalHandle.InvalidateClears
2026-08-24T12:24:38.865956Z 01O  36/224 Test  #36: ExternalHandle.InvalidateClears ...........................................   Passed    0.00 sec
2026-08-24T12:24:38.866001Z 01O         Start  37: ChainRefHandle.DefaultIsEmpty
2026-08-24T12:24:38.866999Z 01O  37/224 Test  #37: ChainRefHandle.DefaultIsEmpty .............................................   Passed    0.00 sec
2026-08-24T12:24:38.867050Z 01O         Start  38: ChainRefHandle.ConstructWithChainHead
2026-08-24T12:24:38.868042Z 01O  38/224 Test  #38: ChainRefHandle.ConstructWithChainHead .....................................   Passed    0.00 sec
2026-08-24T12:24:38.868103Z 01O         Start  39: ChainRefHandle.PrependIncrements
2026-08-24T12:24:38.868893Z 01O  39/224 Test  #39: ChainRefHandle.PrependIncrements ..........................................   Passed    0.00 sec
2026-08-24T12:24:38.868934Z 01O         Start  40: ValueHandle.DefaultIsInline
2026-08-24T12:24:38.869729Z 01O  40/224 Test  #40: ValueHandle.DefaultIsInline ...............................................   Passed    0.00 sec
2026-08-24T12:24:38.869766Z 01O         Start  41: ValueHandle.ConstructFromExternal
2026-08-24T12:24:38.870530Z 01O  41/224 Test  #41: ValueHandle.ConstructFromExternal .........................................   Passed    0.00 sec
2026-08-24T12:24:38.870561Z 01O         Start  42: ValueHandle.ConstructFromChainRef
2026-08-24T12:24:38.871463Z 01O  42/224 Test  #42: ValueHandle.ConstructFromChainRef .........................................   Passed    0.00 sec
2026-08-24T12:24:38.871518Z 01O         Start  43: ValueHandle.VisitorPattern
2026-08-24T12:24:38.872422Z 01O  43/224 Test  #43: ValueHandle.VisitorPattern ................................................   Passed    0.00 sec
2026-08-24T12:24:38.872463Z 01O         Start  44: CostModel.InlineFitsCheck
2026-08-24T12:24:38.873242Z 01O  44/224 Test  #44: CostModel.InlineFitsCheck .................................................   Passed    0.00 sec
2026-08-24T12:24:38.873275Z 01O         Start  45: CostModel.RecommendChainRefForMultiValue
2026-08-24T12:24:38.874029Z 01O  45/224 Test  #45: CostModel.RecommendChainRefForMultiValue ..................................   Passed    0.00 sec
2026-08-24T12:24:38.874064Z 01O         Start  46: CostModel.RecommendExternalForLargeValues
2026-08-24T12:24:38.874991Z 01O  46/224 Test  #46: CostModel.RecommendExternalForLargeValues .................................   Passed    0.00 sec
2026-08-24T12:24:38.875047Z 01O         Start  47: CostModel.RecommendInlineForSmallSingleAccess
2026-08-24T12:24:38.876077Z 01O  47/224 Test  #47: CostModel.RecommendInlineForSmallSingleAccess .............................   Passed    0.00 sec
2026-08-24T12:24:38.876116Z 01O         Start  48: CostModel.InlineRemainsCheaperThanExternalForSmallValues
2026-08-24T12:24:38.877033Z 01O  48/224 Test  #48: CostModel.InlineRemainsCheaperThanExternalForSmallValues ..................   Passed    0.00 sec
2026-08-24T12:24:38.877085Z 01O         Start  49: CostModel.ExternalIsRecommendedOnceValueExceedsCapacity
2026-08-24T12:24:38.878092Z 01O  49/224 Test  #49: CostModel.ExternalIsRecommendedOnceValueExceedsCapacity ...................   Passed    0.00 sec
2026-08-24T12:24:38.878134Z 01O         Start  50: CostModel.EstimateCostsAreNonNegative
2026-08-24T12:24:38.878889Z 01O  50/224 Test  #50: CostModel.EstimateCostsAreNonNegative .....................................   Passed    0.00 sec
2026-08-24T12:24:38.878921Z 01O         Start  51: VirtualOffsetAddress.EmptyKeyReturnsZero
2026-08-24T12:24:38.879830Z 01O  51/224 Test  #51: VirtualOffsetAddress.EmptyKeyReturnsZero ..................................   Passed    0.00 sec
2026-08-24T12:24:38.879881Z 01O         Start  52: VirtualOffsetAddress.SingleByteIsValue
2026-08-24T12:24:38.880822Z 01O  52/224 Test  #52: VirtualOffsetAddress.SingleByteIsValue ....................................   Passed    0.00 sec
2026-08-24T12:24:38.880856Z 01O         Start  53: VirtualOffsetAddress.TwoBytesA_B_IsAtimes256PlusB
2026-08-24T12:24:38.881744Z 01O  53/224 Test  #53: VirtualOffsetAddress.TwoBytesA_B_IsAtimes256PlusB .........................   Passed    0.00 sec
2026-08-24T12:24:38.881817Z 01O         Start  54: VirtualOffsetAddress.ThreeBytesFollowsHornerRule
2026-08-24T12:24:38.882871Z 01O  54/224 Test  #54: VirtualOffsetAddress.ThreeBytesFollowsHornerRule ..........................   Passed    0.00 sec
2026-08-24T12:24:38.882923Z 01O         Start  55: VirtualOffsetAddress.CapacityFor3Is16M
2026-08-24T12:24:38.883867Z 01O  55/224 Test  #55: VirtualOffsetAddress.CapacityFor3Is16M ....................................   Passed    0.00 sec
2026-08-24T12:24:38.883922Z 01O         Start  56: VirtualOffsetAddress.CapacityFor0Is0
2026-08-24T12:24:38.884914Z 01O  56/224 Test  #56: VirtualOffsetAddress.CapacityFor0Is0 ......................................   Passed    0.00 sec
2026-08-24T12:24:38.884972Z 01O         Start  57: VirtualOffsetAddress.DecomposeIsInverse
2026-08-24T12:24:38.885763Z 01O  57/224 Test  #57: VirtualOffsetAddress.DecomposeIsInverse ...................................   Passed    0.00 sec
2026-08-24T12:24:38.885800Z 01O         Start  58: VirtualOffsetAddress.KeyLongerThanMaxIsClamped
2026-08-24T12:24:38.886571Z 01O  58/224 Test  #58: VirtualOffsetAddress.KeyLongerThanMaxIsClamped ............................   Passed    0.00 sec
2026-08-24T12:24:38.886607Z 01O         Start  59: BytePath.DefaultIsExhausted
2026-08-24T12:24:38.887459Z 01O  59/224 Test  #59: BytePath.DefaultIsExhausted ...............................................   Passed    0.00 sec
2026-08-24T12:24:38.887493Z 01O         Start  60: BytePath.ConsumeAdvancesCursor
2026-08-24T12:24:38.888259Z 01O  60/224 Test  #60: BytePath.ConsumeAdvancesCursor ............................................   Passed    0.00 sec
2026-08-24T12:24:38.888286Z 01O         Start  61: BytePath.PeekDoesNotAdvance
2026-08-24T12:24:38.889071Z 01O  61/224 Test  #61: BytePath.PeekDoesNotAdvance ...............................................   Passed    0.00 sec
2026-08-24T12:24:38.889122Z 01O         Start  62: BytePath.ConsumeMoreThanAvailableClamps
2026-08-24T12:24:38.889873Z 01O  62/224 Test  #62: BytePath.ConsumeMoreThanAvailableClamps ...................................   Passed    0.00 sec
2026-08-24T12:24:38.889903Z 01O         Start  63: BytePath.ResetReturnsToStart
2026-08-24T12:24:38.890695Z 01O  63/224 Test  #63: BytePath.ResetReturnsToStart ..............................................   Passed    0.00 sec
2026-08-24T12:24:38.890729Z 01O         Start  64: CacheLineAlignedLayout.AlignedOffsetMultipleOf64
2026-08-24T12:24:38.891451Z 01O  64/224 Test  #64: CacheLineAlignedLayout.AlignedOffsetMultipleOf64 ..........................   Passed    0.00 sec
2026-08-24T12:24:38.891486Z 01O         Start  65: CacheLineAlignedLayout.PaddingComputation
2026-08-24T12:24:38.892347Z 01O  65/224 Test  #65: CacheLineAlignedLayout.PaddingComputation .................................   Passed    0.00 sec
2026-08-24T12:24:38.892386Z 01O         Start  66: CacheLineAlignedLayout.LinesNeeded
2026-08-24T12:24:38.893259Z 01O  66/224 Test  #66: CacheLineAlignedLayout.LinesNeeded ........................................   Passed    0.00 sec
2026-08-24T12:24:38.893302Z 01O         Start  67: CacheLineAlignedLayout.IsAlignedCheck
2026-08-24T12:24:38.894236Z 01O  67/224 Test  #67: CacheLineAlignedLayout.IsAlignedCheck .....................................   Passed    0.00 sec
2026-08-24T12:24:38.894323Z 01O         Start  68: CacheLineAlignedLayout.SlotViewReturnsCorrectSubspan
2026-08-24T12:24:38.895187Z 01O  68/224 Test  #68: CacheLineAlignedLayout.SlotViewReturnsCorrectSubspan ......................   Passed    0.00 sec
2026-08-24T12:24:38.895229Z 01O         Start  69: MultiLevelLayout.DefaultBudgetsMatchExpectations
2026-08-24T12:24:38.896186Z 01O  69/224 Test  #69: MultiLevelLayout.DefaultBudgetsMatchExpectations ..........................   Passed    0.00 sec
2026-08-24T12:24:38.896243Z 01O         Start  70: MultiLevelLayout.TierClassificationByOffset
2026-08-24T12:24:38.897182Z 01O  70/224 Test  #70: MultiLevelLayout.TierClassificationByOffset ...............................   Passed    0.00 sec
2026-08-24T12:24:38.897240Z 01O         Start  71: MultiLevelLayout.ResolveAddressUsesAlignedSlot
2026-08-24T12:24:38.898228Z 01O  71/224 Test  #71: MultiLevelLayout.ResolveAddressUsesAlignedSlot ............................   Passed    0.00 sec
2026-08-24T12:24:38.898278Z 01O         Start  72: MultiLevelLayout.KeyAtZeroIsHotTier
2026-08-24T12:24:38.899157Z 01O  72/224 Test  #72: MultiLevelLayout.KeyAtZeroIsHotTier .......................................   Passed    0.00 sec
2026-08-24T12:24:38.899206Z 01O         Start  73: MultiLevelLayout.BudgetCanBeChanged
2026-08-24T12:24:38.900104Z 01O  73/224 Test  #73: MultiLevelLayout.BudgetCanBeChanged .......................................   Passed    0.00 sec
2026-08-24T12:24:38.900153Z 01O         Start  74: PoolDescriptor.KindNamesAreSpecific
2026-08-24T12:24:38.900946Z 01O  74/224 Test  #74: PoolDescriptor.KindNamesAreSpecific .......................................   Passed    0.00 sec
2026-08-24T12:24:38.900982Z 01O         Start  75: PoolStatistics.OnAllocIncrementsCounters
2026-08-24T12:24:38.902004Z 01O  75/224 Test  #75: PoolStatistics.OnAllocIncrementsCounters ..................................   Passed    0.00 sec
2026-08-24T12:24:38.902056Z 01O         Start  76: PoolStatistics.OnDeallocReducesInUse
2026-08-24T12:24:38.902997Z 01O  76/224 Test  #76: PoolStatistics.OnDeallocReducesInUse ......................................   Passed    0.00 sec
2026-08-24T12:24:38.903047Z 01O         Start  77: PoolStatistics.OnDeallocClampsAtZero
2026-08-24T12:24:38.904049Z 01O  77/224 Test  #77: PoolStatistics.OnDeallocClampsAtZero ......................................   Passed    0.00 sec
2026-08-24T12:24:38.904099Z 01O         Start  78: PoolSet.SevenPoolsExist
2026-08-24T12:24:38.905079Z 01O  78/224 Test  #78: PoolSet.SevenPoolsExist ...................................................   Passed    0.00 sec
2026-08-24T12:24:38.905135Z 01O         Start  79: PoolSet.EachPoolKindIsAccessible
2026-08-24T12:24:38.905915Z 01O  79/224 Test  #79: PoolSet.EachPoolKindIsAccessible ..........................................   Passed    0.00 sec
2026-08-24T12:24:38.905951Z 01O         Start  80: PoolSet.ConfigureSetsSlotSizeAndCapacity
2026-08-24T12:24:38.906735Z 01O  80/224 Test  #80: PoolSet.ConfigureSetsSlotSizeAndCapacity ..................................   Passed    0.00 sec
2026-08-24T12:24:38.906765Z 01O         Start  81: PoolSet.NoteAllocAggregatesAcrossPools
2026-08-24T12:24:38.907478Z 01O  81/224 Test  #81: PoolSet.NoteAllocAggregatesAcrossPools ....................................   Passed    0.00 sec
2026-08-24T12:24:38.907519Z 01O         Start  82: PoolSet.NoteDeallocReducesInUse
2026-08-24T12:24:38.908241Z 01O  82/224 Test  #82: PoolSet.NoteDeallocReducesInUse ...........................................   Passed    0.00 sec
2026-08-24T12:24:38.908269Z 01O         Start  83: PoolRouter.RoutePageEncodingsToCorrectPools
2026-08-24T12:24:38.908983Z 01O  83/224 Test  #83: PoolRouter.RoutePageEncodingsToCorrectPools ...............................   Passed    0.00 sec
2026-08-24T12:24:38.909026Z 01O         Start  84: PoolRouter.RouteValueHandlesToValuePools
2026-08-24T12:24:38.909923Z 01O  84/224 Test  #84: PoolRouter.RouteValueHandlesToValuePools ..................................   Passed    0.00 sec
2026-08-24T12:24:38.909976Z 01O         Start  85: PoolRouter.MiscRoutesToRestPool
2026-08-24T12:24:38.910919Z 01O  85/224 Test  #85: PoolRouter.MiscRoutesToRestPool ...........................................   Passed    0.00 sec
2026-08-24T12:24:38.910959Z 01O         Start  86: OlcWithReservedValueBlocks.InitialVersionIsZero
2026-08-24T12:24:38.911734Z 01O  86/224 Test  #86: OlcWithReservedValueBlocks.InitialVersionIsZero ...........................   Passed    0.00 sec
2026-08-24T12:24:38.911768Z 01O         Start  87: OlcWithReservedValueBlocks.ValidateUnchangedVersion
2026-08-24T12:24:38.912492Z 01O  87/224 Test  #87: OlcWithReservedValueBlocks.ValidateUnchangedVersion .......................   Passed    0.00 sec
2026-08-24T12:24:38.912519Z 01O         Start  88: OlcWithReservedValueBlocks.BeginWriteSetsWriteMarker
2026-08-24T12:24:38.913330Z 01O  88/224 Test  #88: OlcWithReservedValueBlocks.BeginWriteSetsWriteMarker ......................   Passed    0.00 sec
2026-08-24T12:24:38.913378Z 01O         Start  89: OlcWithReservedValueBlocks.EndWriteIncrementsAndClearsMarker
2026-08-24T12:24:38.914309Z 01O  89/224 Test  #89: OlcWithReservedValueBlocks.EndWriteIncrementsAndClearsMarker ..............   Passed    0.00 sec
2026-08-24T12:24:38.914351Z 01O         Start  90: OlcWithReservedValueBlocks.ValidateFailsAfterWrite
2026-08-24T12:24:38.915333Z 01O  90/224 Test  #90: OlcWithReservedValueBlocks.ValidateFailsAfterWrite ........................   Passed    0.00 sec
2026-08-24T12:24:38.915379Z 01O         Start  91: OlcWithReservedValueBlocks.ReserveBlockReturnsUniqueIds
2026-08-24T12:24:38.916481Z 01O  91/224 Test  #91: OlcWithReservedValueBlocks.ReserveBlockReturnsUniqueIds ...................   Passed    0.00 sec
2026-08-24T12:24:38.916536Z 01O         Start  92: OlcWithReservedValueBlocks.ResetClearsState
2026-08-24T12:24:38.917439Z 01O  92/224 Test  #92: OlcWithReservedValueBlocks.ResetClearsState ...............................   Passed    0.00 sec
2026-08-24T12:24:38.917485Z 01O         Start  93: OlcWithReservedValueBlocks.SecondWriterCannotEnterWhileFirstActive
2026-08-24T12:24:38.938361Z 01O  93/224 Test  #93: OlcWithReservedValueBlocks.SecondWriterCannotEnterWhileFirstActive ........   Passed    0.02 sec
2026-08-24T12:24:38.938407Z 01O         Start  94: OlcWithReservedValueBlocks.ConcurrentWritersKeepMonotoneEvenGenerations
2026-08-24T12:24:38.939593Z 01O  94/224 Test  #94: OlcWithReservedValueBlocks.ConcurrentWritersKeepMonotoneEvenGenerations ...   Passed    0.00 sec
2026-08-24T12:24:38.939697Z 01O         Start  95: WriteGuard.AcquiresAndReleasesAutomatically
2026-08-24T12:24:38.940572Z 01O  95/224 Test  #95: WriteGuard.AcquiresAndReleasesAutomatically ...............................   Passed    0.00 sec
2026-08-24T12:24:38.940605Z 01O         Start  96: WriteGuard.EachGuardReservesNewBlock
2026-08-24T12:24:38.941495Z 01O  96/224 Test  #96: WriteGuard.EachGuardReservesNewBlock ......................................   Passed    0.00 sec
2026-08-24T12:24:38.941538Z 01O         Start  97: DistanceEstimator.MinAndMaxBoundsAreEnforced
2026-08-24T12:24:38.942353Z 01O  97/224 Test  #97: DistanceEstimator.MinAndMaxBoundsAreEnforced ..............................   Passed    0.00 sec
2026-08-24T12:24:38.942403Z 01O         Start  98: DistanceEstimator.SparseHighLatencyHasLargerDistance
2026-08-24T12:24:38.943463Z 01O  98/224 Test  #98: DistanceEstimator.SparseHighLatencyHasLargerDistance ......................   Passed    0.00 sec
2026-08-24T12:24:38.943509Z 01O         Start  99: DistanceEstimator.DistanceIsAlwaysWithinBounds
2026-08-24T12:24:38.944564Z 01O  99/224 Test  #99: DistanceEstimator.DistanceIsAlwaysWithinBounds ............................   Passed    0.00 sec
2026-08-24T12:24:38.944614Z 01O         Start 100: PathOrientedPrefetch.EmptyQueueAfterConstruction
2026-08-24T12:24:38.945394Z 01O 100/224 Test #100: PathOrientedPrefetch.EmptyQueueAfterConstruction ..........................   Passed    0.00 sec
2026-08-24T12:24:38.945434Z 01O         Start 101: PathOrientedPrefetch.EnqueueIncrementsCounters
2026-08-24T12:24:38.946187Z 01O 101/224 Test #101: PathOrientedPrefetch.EnqueueIncrementsCounters ............................   Passed    0.00 sec
2026-08-24T12:24:38.946219Z 01O         Start 102: PathOrientedPrefetch.SuggestExtrapolates
2026-08-24T12:24:38.947023Z 01O 102/224 Test #102: PathOrientedPrefetch.SuggestExtrapolates ..................................   Passed    0.00 sec
2026-08-24T12:24:38.947054Z 01O         Start 103: PathOrientedPrefetch.QueueIsBoundedAt16
2026-08-24T12:24:38.947860Z 01O 103/224 Test #103: PathOrientedPrefetch.QueueIsBoundedAt16 ...................................   Passed    0.00 sec
2026-08-24T12:24:38.947908Z 01O         Start 104: PathOrientedPrefetch.ResetClearsQueue
2026-08-24T12:24:38.948808Z 01O 104/224 Test #104: PathOrientedPrefetch.ResetClearsQueue .....................................   Passed    0.00 sec
2026-08-24T12:24:38.948850Z 01O         Start 105: RedirectPrefetch.ScheduleTracksAddress
2026-08-24T12:24:38.949896Z 01O 105/224 Test #105: RedirectPrefetch.ScheduleTracksAddress ....................................   Passed    0.00 sec
2026-08-24T12:24:38.949947Z 01O         Start 106: RedirectPrefetch.FanOutSlotsRespectCacheLineSize
2026-08-24T12:24:38.950706Z 01O 106/224 Test #106: RedirectPrefetch.FanOutSlotsRespectCacheLineSize ..........................   Passed    0.00 sec
2026-08-24T12:24:38.950744Z 01O         Start 107: RedirectPrefetch.NegativeOffsetIsClampedAtZero
2026-08-24T12:24:38.951450Z 01O 107/224 Test #107: RedirectPrefetch.NegativeOffsetIsClampedAtZero ............................   Passed    0.00 sec
2026-08-24T12:24:38.951482Z 01O         Start 108: RedirectPrefetch.ResetClearsState
2026-08-24T12:24:38.952240Z 01O 108/224 Test #108: RedirectPrefetch.ResetClearsState .........................................   Passed    0.00 sec
2026-08-24T12:24:38.952270Z 01O         Start 109: DensityTracker.EmptyAfterConstruction
2026-08-24T12:24:38.953175Z 01O 109/224 Test #109: DensityTracker.EmptyAfterConstruction .....................................   Passed    0.00 sec
2026-08-24T12:24:38.953213Z 01O         Start 110: DensityTracker.RecordAndQuery
2026-08-24T12:24:38.954167Z 01O 110/224 Test #110: DensityTracker.RecordAndQuery .............................................   Passed    0.00 sec
2026-08-24T12:24:38.954221Z 01O         Start 111: DensityTracker.Histogram4BucketsByThresholds
2026-08-24T12:24:38.955036Z 01O 111/224 Test #111: DensityTracker.Histogram4BucketsByThresholds ..............................   Passed    0.00 sec
2026-08-24T12:24:38.955068Z 01O         Start 112: DensityTracker.ResetClearsHistory
2026-08-24T12:24:38.955786Z 01O 112/224 Test #112: DensityTracker.ResetClearsHistory .........................................   Passed    0.00 sec
2026-08-24T12:24:38.955817Z 01O         Start 113: H1PageTypeCost.NoteLookupBuildsOnlineMean
2026-08-24T12:24:38.956558Z 01O 113/224 Test #113: H1PageTypeCost.NoteLookupBuildsOnlineMean .................................   Passed    0.00 sec
2026-08-24T12:24:38.956588Z 01O         Start 114: H1PageTypeCost.MultiplePageTypesTrackedSeparately
2026-08-24T12:24:38.957485Z 01O 114/224 Test #114: H1PageTypeCost.MultiplePageTypesTrackedSeparately .........................   Passed    0.00 sec
2026-08-24T12:24:38.957520Z 01O         Start 115: H2CodeQuality.ScoreAndNote
2026-08-24T12:24:38.958438Z 01O 115/224 Test #115: H2CodeQuality.ScoreAndNote ................................................   Passed    0.00 sec
2026-08-24T12:24:38.958475Z 01O         Start 116: H3InlineVsExternal.EmptyTotalIsZero
2026-08-24T12:24:38.959380Z 01O 116/224 Test #116: H3InlineVsExternal.EmptyTotalIsZero .......................................   Passed    0.00 sec
2026-08-24T12:24:38.959413Z 01O         Start 117: H3InlineVsExternal.SharesSumToOne
2026-08-24T12:24:38.960272Z 01O 117/224 Test #117: H3InlineVsExternal.SharesSumToOne .........................................   Passed    0.00 sec
2026-08-24T12:24:38.960343Z 01O         Start 118: PrtArtHypothesisMetrics.AllThreeAccessible
2026-08-24T12:24:38.961257Z 01O 118/224 Test #118: PrtArtHypothesisMetrics.AllThreeAccessible ................................   Passed    0.00 sec
2026-08-24T12:24:38.961289Z 01O         Start 119: PrtArtIdentity.FlagsAreNonEmpty
2026-08-24T12:24:38.962316Z 01O 119/224 Test #119: PrtArtIdentity.FlagsAreNonEmpty ...........................................   Passed    0.00 sec
2026-08-24T12:24:38.962369Z 01O         Start 120: PrtArtIdentity.FlagsAreValidCombination
2026-08-24T12:24:38.963493Z 01O 120/224 Test #120: PrtArtIdentity.FlagsAreValidCombination ...................................   Passed    0.00 sec
2026-08-24T12:24:38.963529Z 01O         Start 121: PrtArtIdentity.FlagsHaveAllBanksFilled
2026-08-24T12:24:38.964642Z 01O 121/224 Test #121: PrtArtIdentity.FlagsHaveAllBanksFilled ....................................   Passed    0.00 sec
2026-08-24T12:24:38.964680Z 01O         Start 122: PrtArtIdentity.IdentifierIsHexString
2026-08-24T12:24:38.965576Z 01O 122/224 Test #122: PrtArtIdentity.IdentifierIsHexString ......................................   Passed    0.00 sec
2026-08-24T12:24:38.965628Z 01O         Start 123: PrtArtIdentity.FlagsContainPrtartSpecificPageBits
2026-08-24T12:24:38.966704Z 01O 123/224 Test #123: PrtArtIdentity.FlagsContainPrtartSpecificPageBits .........................   Passed    0.00 sec
2026-08-24T12:24:38.966753Z 01O         Start 124: PrtArtIdentity.ContainsPrtArtBPlusAndRedirectNodes
2026-08-24T12:24:38.967740Z 01O 124/224 Test #124: PrtArtIdentity.ContainsPrtArtBPlusAndRedirectNodes ........................   Passed    0.00 sec
2026-08-24T12:24:38.967838Z 01O         Start 125: PrtArtIdentity.OlcConcurrencyIsSet
2026-08-24T12:24:38.969020Z 01O 125/224 Test #125: PrtArtIdentity.OlcConcurrencyIsSet ........................................   Passed    0.00 sec
2026-08-24T12:24:38.969077Z 01O         Start 126: MapApi.EmptyAfterConstruction
2026-08-24T12:24:38.970189Z 01O 126/224 Test #126: MapApi.EmptyAfterConstruction .............................................   Passed    0.00 sec
2026-08-24T12:24:38.970241Z 01O         Start 127: MapApi.IdentityFlagsMatchFreeFunction
2026-08-24T12:24:38.971113Z 01O 127/224 Test #127: MapApi.IdentityFlagsMatchFreeFunction .....................................   Passed    0.00 sec
2026-08-24T12:24:38.971145Z 01O         Start 128: MapApi.IdentifierMatchesFreeFunction
2026-08-24T12:24:38.972082Z 01O 128/224 Test #128: MapApi.IdentifierMatchesFreeFunction ......................................   Passed    0.00 sec
2026-08-24T12:24:38.972129Z 01O         Start 129: MapApi.PoolsConfiguredFor7Slots
2026-08-24T12:24:38.973147Z 01O 129/224 Test #129: MapApi.PoolsConfiguredFor7Slots ...........................................   Passed    0.00 sec
2026-08-24T12:24:38.973209Z 01O         Start 130: MapApi.InsertReturnsStatusOk
2026-08-24T12:24:38.974043Z 01O 130/224 Test #130: MapApi.InsertReturnsStatusOk ..............................................   Passed    0.00 sec
2026-08-24T12:24:38.974079Z 01O         Start 131: MapApi.InsertExistingReturnsKeyAlreadyExists
2026-08-24T12:24:38.974936Z 01O 131/224 Test #131: MapApi.InsertExistingReturnsKeyAlreadyExists ..............................   Passed    0.00 sec
2026-08-24T12:24:38.974969Z 01O         Start 132: MapApi.SetUpdatesExistingKey
2026-08-24T12:24:38.975807Z 01O 132/224 Test #132: MapApi.SetUpdatesExistingKey ..............................................   Passed    0.00 sec
2026-08-24T12:24:38.975850Z 01O         Start 133: MapApi.LookupOnEmptyReturnsNullopt
2026-08-24T12:24:38.976846Z 01O 133/224 Test #133: MapApi.LookupOnEmptyReturnsNullopt ........................................   Passed    0.00 sec
2026-08-24T12:24:38.976892Z 01O         Start 134: MapApi.LookupAfterInsertRoundtrip
2026-08-24T12:24:38.978045Z 01O 134/224 Test #134: MapApi.LookupAfterInsertRoundtrip .........................................   Passed    0.00 sec
2026-08-24T12:24:38.978096Z 01O         Start 135: MapApi.EraseRemovesEntryAndReturnsOk
2026-08-24T12:24:38.979100Z 01O 135/224 Test #135: MapApi.EraseRemovesEntryAndReturnsOk ......................................   Passed    0.00 sec
2026-08-24T12:24:38.979147Z 01O         Start 136: MapApi.EraseNonExistentReturnsKeyNotFound
2026-08-24T12:24:38.980159Z 01O 136/224 Test #136: MapApi.EraseNonExistentReturnsKeyNotFound .................................   Passed    0.00 sec
2026-08-24T12:24:38.980212Z 01O         Start 137: MapApi.ClearRemovesAll
2026-08-24T12:24:38.981140Z 01O 137/224 Test #137: MapApi.ClearRemovesAll ....................................................   Passed    0.00 sec
2026-08-24T12:24:38.981173Z 01O         Start 138: MapApi.ContainsAndCount
2026-08-24T12:24:38.981996Z 01O 138/224 Test #138: MapApi.ContainsAndCount ...................................................   Passed    0.00 sec
2026-08-24T12:24:38.982050Z 01O         Start 139: MapApi.RangeScanReturnsNonEmpty
2026-08-24T12:24:38.982964Z 01O 139/224 Test #139: MapApi.RangeScanReturnsNonEmpty ...........................................   Passed    0.00 sec
2026-08-24T12:24:38.983005Z 01O         Start 140: MapApi.StringKeyAndStringValueWorks
2026-08-24T12:24:38.983857Z 01O 140/224 Test #140: MapApi.StringKeyAndStringValueWorks .......................................   Passed    0.00 sec
2026-08-24T12:24:38.983891Z 01O         Start 141: MapApi.DensityTrackerReceivesUpdatesOnInserts
2026-08-24T12:24:38.984894Z 01O 141/224 Test #141: MapApi.DensityTrackerReceivesUpdatesOnInserts .............................   Passed    0.00 sec
2026-08-24T12:24:38.984930Z 01O         Start 142: MapApi.OlcReservedBlocksGrowWithWrites
2026-08-24T12:24:38.985991Z 01O 142/224 Test #142: MapApi.OlcReservedBlocksGrowWithWrites ....................................   Passed    0.00 sec
2026-08-24T12:24:38.986024Z 01O         Start 143: MapApi.MultiThreadedInsertsAreConsistent
2026-08-24T12:24:38.987705Z 01O 143/224 Test #143: MapApi.MultiThreadedInsertsAreConsistent ..................................   Passed    0.00 sec
2026-08-24T12:24:38.987735Z 01O         Start 144: MapApi.HitMissCountersTracked
2026-08-24T12:24:38.988729Z 01O 144/224 Test #144: MapApi.HitMissCountersTracked .............................................   Passed    0.00 sec
2026-08-24T12:24:38.988781Z 01O         Start 145: MapApi.ComponentAccessorsAreReachable
2026-08-24T12:24:38.989648Z 01O 145/224 Test #145: MapApi.ComponentAccessorsAreReachable .....................................   Passed    0.00 sec
2026-08-24T12:24:38.989692Z 01O         Start 146: TupleApi.MappedTypeIsTuple
2026-08-24T12:24:38.990495Z 01O 146/224 Test #146: TupleApi.MappedTypeIsTuple ................................................   Passed    0.00 sec
2026-08-24T12:24:38.990539Z 01O         Start 147: TupleApi.InsertWithMultipleValuesPacksIntoTuple
2026-08-24T12:24:38.991523Z 01O 147/224 Test #147: TupleApi.InsertWithMultipleValuesPacksIntoTuple ...........................   Passed    0.00 sec
2026-08-24T12:24:38.991569Z 01O         Start 148: TupleApi.DuplicateInsertReturnsKeyAlreadyExists
2026-08-24T12:24:38.992676Z 01O 148/224 Test #148: TupleApi.DuplicateInsertReturnsKeyAlreadyExists ...........................   Passed    0.00 sec
2026-08-24T12:24:38.992724Z 01O         Start 149: TupleApi.EraseInTupleMode
2026-08-24T12:24:38.993759Z 01O 149/224 Test #149: TupleApi.EraseInTupleMode .................................................   Passed    0.00 sec
2026-08-24T12:24:38.993811Z 01O         Start 150: VectorApi.EmptyAfterConstruction
2026-08-24T12:24:38.994836Z 01O 150/224 Test #150: VectorApi.EmptyAfterConstruction ..........................................   Passed    0.00 sec
2026-08-24T12:24:38.994886Z 01O         Start 151: VectorApi.PushBackReturnsStatusOk
2026-08-24T12:24:38.995915Z 01O 151/224 Test #151: VectorApi.PushBackReturnsStatusOk .........................................   Passed    0.00 sec
2026-08-24T12:24:38.995958Z 01O         Start 152: VectorApi.AtAndFrontBackReadAccess
2026-08-24T12:24:38.996788Z 01O 152/224 Test #152: VectorApi.AtAndFrontBackReadAccess ........................................   Passed    0.00 sec
2026-08-24T12:24:38.996818Z 01O         Start 153: VectorApi.AtOutOfRangeReturnsNullopt
2026-08-24T12:24:38.997697Z 01O 153/224 Test #153: VectorApi.AtOutOfRangeReturnsNullopt ......................................   Passed    0.00 sec
2026-08-24T12:24:38.997726Z 01O         Start 154: VectorApi.FrontBackOnEmptyReturnNullopt
2026-08-24T12:24:38.998713Z 01O 154/224 Test #154: VectorApi.FrontBackOnEmptyReturnNullopt ...................................   Passed    0.00 sec
2026-08-24T12:24:38.998748Z 01O         Start 155: VectorApi.PopBackRemovesLast
2026-08-24T12:24:38.999613Z 01O 155/224 Test #155: VectorApi.PopBackRemovesLast ..............................................   Passed    0.00 sec
2026-08-24T12:24:38.999638Z 01O         Start 156: VectorApi.PopBackOnEmptyReturnsEmptyContainer
2026-08-24T12:24:39.000481Z 01O 156/224 Test #156: VectorApi.PopBackOnEmptyReturnsEmptyContainer .............................   Passed    0.00 sec
2026-08-24T12:24:39.000524Z 01O         Start 157: VectorApi.SetAtUpdatesElement
2026-08-24T12:24:39.001366Z 01O 157/224 Test #157: VectorApi.SetAtUpdatesElement .............................................   Passed    0.00 sec
2026-08-24T12:24:39.001400Z 01O         Start 158: VectorApi.SetAtOutOfRangeReturnsError
2026-08-24T12:24:39.002271Z 01O 158/224 Test #158: VectorApi.SetAtOutOfRangeReturnsError .....................................   Passed    0.00 sec
2026-08-24T12:24:39.002317Z 01O         Start 159: VectorApi.InsertAtInTheMiddle
2026-08-24T12:24:39.003196Z 01O 159/224 Test #159: VectorApi.InsertAtInTheMiddle .............................................   Passed    0.00 sec
2026-08-24T12:24:39.003240Z 01O         Start 160: VectorApi.EraseAtRemovesElement
2026-08-24T12:24:39.004081Z 01O 160/224 Test #160: VectorApi.EraseAtRemovesElement ...........................................   Passed    0.00 sec
2026-08-24T12:24:39.004110Z 01O         Start 161: VectorApi.ClearAndReserveAndResize
2026-08-24T12:24:39.004958Z 01O 161/224 Test #161: VectorApi.ClearAndReserveAndResize ........................................   Passed    0.00 sec
2026-08-24T12:24:39.004985Z 01O         Start 162: VectorApi.AssignReplacesAll
2026-08-24T12:24:39.005968Z 01O 162/224 Test #162: VectorApi.AssignReplacesAll ...............................................   Passed    0.00 sec
2026-08-24T12:24:39.006007Z 01O         Start 163: VectorApi.ShrinkToFitOk
2026-08-24T12:24:39.006828Z 01O 163/224 Test #163: VectorApi.ShrinkToFitOk ...................................................   Passed    0.00 sec
2026-08-24T12:24:39.006859Z 01O         Start 164: VectorApi.DataPointerAccess
2026-08-24T12:24:39.007661Z 01O 164/224 Test #164: VectorApi.DataPointerAccess ...............................................   Passed    0.00 sec
2026-08-24T12:24:39.007706Z 01O         Start 165: VectorApi.IteratorsTraverse
2026-08-24T12:24:39.008576Z 01O 165/224 Test #165: VectorApi.IteratorsTraverse ...............................................   Passed    0.00 sec
2026-08-24T12:24:39.008640Z 01O         Start 166: VectorApi.IdentityFlagsMatchEvenInVectorMode
2026-08-24T12:24:39.009706Z 01O 166/224 Test #166: VectorApi.IdentityFlagsMatchEvenInVectorMode ..............................   Passed    0.00 sec
2026-08-24T12:24:39.009755Z 01O         Start 167: VectorApi.ComponentAccessorsAreReachable
2026-08-24T12:24:39.010897Z 01O 167/224 Test #167: VectorApi.ComponentAccessorsAreReachable ..................................   Passed    0.00 sec
2026-08-24T12:24:39.010955Z 01O         Start 168: VectorApi.MultiThreadedPushBackIsConsistent
2026-08-24T12:24:39.012311Z 01O 168/224 Test #168: VectorApi.MultiThreadedPushBackIsConsistent ...............................   Passed    0.00 sec
2026-08-24T12:24:39.012363Z 01O         Start 169: Status.ConstantsAreDistinct
2026-08-24T12:24:39.013217Z 01O 169/224 Test #169: Status.ConstantsAreDistinct ...............................................   Passed    0.00 sec
2026-08-24T12:24:39.013253Z 01O         Start 170: VectorApi_V12.OperatorBracketReturnsValueAtIndex
2026-08-24T12:24:39.014267Z 01O 170/224 Test #170: VectorApi_V12.OperatorBracketReturnsValueAtIndex ..........................   Passed    0.00 sec
2026-08-24T12:24:39.014309Z 01O         Start 171: VectorApi_V12.EmplaceBackWithArgs
2026-08-24T12:24:39.015390Z 01O 171/224 Test #171: VectorApi_V12.EmplaceBackWithArgs .........................................   Passed    0.00 sec
2026-08-24T12:24:39.015437Z 01O         Start 172: VectorApi_V12.SwapTwoEngines
2026-08-24T12:24:39.016283Z 01O 172/224 Test #172: VectorApi_V12.SwapTwoEngines ..............................................   Passed    0.00 sec
2026-08-24T12:24:39.016318Z 01O         Start 173: VectorApi_V12.ReverseIteratorsTraverseInReverseOrder
2026-08-24T12:24:39.017161Z 01O 173/224 Test #173: VectorApi_V12.ReverseIteratorsTraverseInReverseOrder ......................   Passed    0.00 sec
2026-08-24T12:24:39.017195Z 01O         Start 174: VectorApi_V12.AssignFromRange
2026-08-24T12:24:39.018163Z 01O 174/224 Test #174: VectorApi_V12.AssignFromRange .............................................   Passed    0.00 sec
2026-08-24T12:24:39.018210Z 01O         Start 175: MapApi_V12.OperatorBracketLookup
2026-08-24T12:24:39.019056Z 01O 175/224 Test #175: MapApi_V12.OperatorBracketLookup ..........................................   Passed    0.00 sec
2026-08-24T12:24:39.019091Z 01O         Start 176: MapApi_V12.EmplaceWithArgs
2026-08-24T12:24:39.020145Z 01O 176/224 Test #176: MapApi_V12.EmplaceWithArgs ................................................   Passed    0.00 sec
2026-08-24T12:24:39.020193Z 01O         Start 177: MapApi_V12.TryEmplaceFailsOnExistingKey
2026-08-24T12:24:39.021033Z 01O 177/224 Test #177: MapApi_V12.TryEmplaceFailsOnExistingKey ...................................   Passed    0.00 sec
2026-08-24T12:24:39.021065Z 01O         Start 178: MapApi_V12.InsertOrAssignOverwrites
2026-08-24T12:24:39.022100Z 01O 178/224 Test #178: MapApi_V12.InsertOrAssignOverwrites .......................................   Passed    0.00 sec
2026-08-24T12:24:39.022165Z 01O         Start 179: MapApi_V12.SwapTwoMaps
2026-08-24T12:24:39.023086Z 01O 179/224 Test #179: MapApi_V12.SwapTwoMaps ....................................................   Passed    0.00 sec
2026-08-24T12:24:39.023116Z 01O         Start 180: MapApi_V12.MaxSizeIsPositive
2026-08-24T12:24:39.024222Z 01O 180/224 Test #180: MapApi_V12.MaxSizeIsPositive ..............................................   Passed    0.00 sec
2026-08-24T12:24:39.024269Z 01O         Start 181: MapApi_V12.KeyCompAndValueCompCallable
2026-08-24T12:24:39.025137Z 01O 181/224 Test #181: MapApi_V12.KeyCompAndValueCompCallable ....................................   Passed    0.00 sec
2026-08-24T12:24:39.025171Z 01O         Start 182: MapApi_V13.MergeTakesOnlyUniqueKeys
2026-08-24T12:24:39.026176Z 01O 182/224 Test #182: MapApi_V13.MergeTakesOnlyUniqueKeys .......................................   Passed    0.00 sec
2026-08-24T12:24:39.026209Z 01O         Start 183: MapApi_V13.ExtractReturnsValueAndRemoves
2026-08-24T12:24:39.027218Z 01O 183/224 Test #183: MapApi_V13.ExtractReturnsValueAndRemoves ..................................   Passed    0.00 sec
2026-08-24T12:24:39.027254Z 01O         Start 184: MapApi_V13.ExtractMissingKeyReturnsNullopt
2026-08-24T12:24:39.028192Z 01O 184/224 Test #184: MapApi_V13.ExtractMissingKeyReturnsNullopt ................................   Passed    0.00 sec
2026-08-24T12:24:39.028225Z 01O         Start 185: VarLenEncoder.EncodesSmallValuesIn1Byte
2026-08-24T12:24:39.029005Z 01O 185/224 Test #185: VarLenEncoder.EncodesSmallValuesIn1Byte ...................................   Passed    0.00 sec
2026-08-24T12:24:39.029054Z 01O         Start 186: VarLenEncoder.EncodesLargerValuesInMultipleBytes
2026-08-24T12:24:39.029813Z 01O 186/224 Test #186: VarLenEncoder.EncodesLargerValuesInMultipleBytes ..........................   Passed    0.00 sec
2026-08-24T12:24:39.029840Z 01O         Start 187: VarLenEncoder.EncodeDecodeRoundtrip
2026-08-24T12:24:39.030802Z 01O 187/224 Test #187: VarLenEncoder.EncodeDecodeRoundtrip .......................................   Passed    0.00 sec
2026-08-24T12:24:39.030832Z 01O         Start 188: SignalingStream.EmptyOnConstruction
2026-08-24T12:24:39.031665Z 01O 188/224 Test #188: SignalingStream.EmptyOnConstruction .......................................   Passed    0.00 sec
2026-08-24T12:24:39.031690Z 01O         Start 189: SignalingStream.AppendNormalEntry
2026-08-24T12:24:39.032632Z 01O 189/224 Test #189: SignalingStream.AppendNormalEntry .........................................   Passed    0.00 sec
2026-08-24T12:24:39.032668Z 01O         Start 190: SignalingStream.DecodeRoundtripSingleEntry
2026-08-24T12:24:39.033637Z 01O 190/224 Test #190: SignalingStream.DecodeRoundtripSingleEntry ................................   Passed    0.00 sec
2026-08-24T12:24:39.033683Z 01O         Start 191: SignalingStream.MultipleEntriesIterable
2026-08-24T12:24:39.034501Z 01O 191/224 Test #191: SignalingStream.MultipleEntriesIterable ...................................   Passed    0.00 sec
2026-08-24T12:24:39.034540Z 01O         Start 192: SignalingStream.ClearResets
2026-08-24T12:24:39.035362Z 01O 192/224 Test #192: SignalingStream.ClearResets ...............................................   Passed    0.00 sec
2026-08-24T12:24:39.035403Z 01O         Start 193: LinearValueBuffer.EmptyOnConstruction
2026-08-24T12:24:39.036300Z 01O 193/224 Test #193: LinearValueBuffer.EmptyOnConstruction .....................................   Passed    0.00 sec
2026-08-24T12:24:39.036345Z 01O         Start 194: LinearValueBuffer.AppendAndRead
2026-08-24T12:24:39.037269Z 01O 194/224 Test #194: LinearValueBuffer.AppendAndRead ...........................................   Passed    0.00 sec
2026-08-24T12:24:39.037310Z 01O         Start 195: LinearValueBuffer.EraseMarksTombstone
2026-08-24T12:24:39.038239Z 01O 195/224 Test #195: LinearValueBuffer.EraseMarksTombstone .....................................   Passed    0.00 sec
2026-08-24T12:24:39.038280Z 01O         Start 196: LinearValueBuffer.EraseTwiceIsSafe
2026-08-24T12:24:39.039080Z 01O 196/224 Test #196: LinearValueBuffer.EraseTwiceIsSafe ........................................   Passed    0.00 sec
2026-08-24T12:24:39.039122Z 01O         Start 197: LinearValueBuffer.ShouldCompactBelowThreshold
2026-08-24T12:24:39.039970Z 01O 197/224 Test #197: LinearValueBuffer.ShouldCompactBelowThreshold .............................   Passed    0.00 sec
2026-08-24T12:24:39.040008Z 01O         Start 198: LinearValueBuffer.ShouldCompactAboveThreshold
2026-08-24T12:24:39.040934Z 01O 198/224 Test #198: LinearValueBuffer.ShouldCompactAboveThreshold .............................   Passed    0.00 sec
2026-08-24T12:24:39.040980Z 01O         Start 199: LinearValueBuffer.CompactRemovesTombstonesAndRemaps
2026-08-24T12:24:39.041964Z 01O 199/224 Test #199: LinearValueBuffer.CompactRemovesTombstonesAndRemaps .......................   Passed    0.00 sec
2026-08-24T12:24:39.042015Z 01O         Start 200: LizenzKonsistenz.KeinFremderSpdxBezeichnerImEigencode
2026-08-24T12:24:39.045283Z 01O 200/224 Test #200: LizenzKonsistenz.KeinFremderSpdxBezeichnerImEigencode .....................   Passed    0.00 sec
2026-08-24T12:24:39.045337Z 01O         Start 201: LizenzKonsistenz.LicenseUndNoticeNennenDenselbenBezeichner
2026-08-24T12:24:39.046543Z 01O 201/224 Test #201: LizenzKonsistenz.LicenseUndNoticeNennenDenselbenBezeichner ................   Passed    0.00 sec
2026-08-24T12:24:39.046596Z 01O         Start 202: LizenzKonsistenz.ChangeDateStehtUndIstDerEntschiedene
2026-08-24T12:24:39.047530Z 01O 202/224 Test #202: LizenzKonsistenz.ChangeDateStehtUndIstDerEntschiedene .....................   Passed    0.00 sec
2026-08-24T12:24:39.047581Z 01O         Start 203: LizenzKonsistenz.ChangeDateIstEinIsoDatumNachOf1
2026-08-24T12:24:39.048651Z 01O 203/224 Test #203: LizenzKonsistenz.ChangeDateIstEinIsoDatumNachOf1 ..........................   Passed    0.00 sec
2026-08-24T12:24:39.048703Z 01O         Start 204: LizenzKonsistenz.ChangeDateStehtInNoticeUndReadmeOhnePlatzhalterRest
2026-08-24T12:24:39.049770Z 01O 204/224 Test #204: LizenzKonsistenz.ChangeDateStehtInNoticeUndReadmeOhnePlatzhalterRest ......   Passed    0.00 sec
2026-08-24T12:24:39.049823Z 01O         Start 205: LizenzKonsistenzKoeder.SaubererBaumIstGruen
2026-08-24T12:24:39.050968Z 01O 205/224 Test #205: LizenzKonsistenzKoeder.SaubererBaumIstGruen ...............................   Passed    0.00 sec
2026-08-24T12:24:39.051016Z 01O         Start 206: LizenzKonsistenzKoeder.FremderSpdxBezeichnerWirdGefunden
2026-08-24T12:24:39.052281Z 01O 206/224 Test #206: LizenzKonsistenzKoeder.FremderSpdxBezeichnerWirdGefunden ..................   Passed    0.00 sec
2026-08-24T12:24:39.052319Z 01O         Start 207: LizenzKonsistenzKoeder.NoticeMitApacheBehauptungWirdGefunden
2026-08-24T12:24:39.053463Z 01O 207/224 Test #207: LizenzKonsistenzKoeder.NoticeMitApacheBehauptungWirdGefunden ..............   Passed    0.00 sec
2026-08-24T12:24:39.053515Z 01O         Start 208: LizenzKonsistenzKoeder.VergessenerOf1PlatzhalterInNoticeWirdGefunden
2026-08-24T12:24:39.054872Z 01O 208/224 Test #208: LizenzKonsistenzKoeder.VergessenerOf1PlatzhalterInNoticeWirdGefunden ......   Passed    0.00 sec
2026-08-24T12:24:39.054918Z 01O         Start 209: DefaultLookupRegistry.EnumeratesNineAxes
2026-08-24T12:24:39.055764Z 01O 209/224 Test #209: DefaultLookupRegistry.EnumeratesNineAxes ..................................   Passed    0.00 sec
2026-08-24T12:24:39.055800Z 01O         Start 210: DefaultLookupRegistry.KnownAxesAreFlagged
2026-08-24T12:24:39.056663Z 01O 210/224 Test #210: DefaultLookupRegistry.KnownAxesAreFlagged .................................   Passed    0.00 sec
2026-08-24T12:24:39.056706Z 01O         Start 211: DefaultLookupRegistry.PrtArtEigeneAchsenSindNichtDefaultLookup
2026-08-24T12:24:39.057571Z 01O 211/224 Test #211: DefaultLookupRegistry.PrtArtEigeneAchsenSindNichtDefaultLookup ............   Passed    0.00 sec
2026-08-24T12:24:39.057604Z 01O         Start 212: DefaultLookupRegistry.UnknownAxisIsNotDefaultLookup
2026-08-24T12:24:39.058301Z 01O 212/224 Test #212: DefaultLookupRegistry.UnknownAxisIsNotDefaultLookup .......................   Passed    0.00 sec
2026-08-24T12:24:39.058331Z 01O         Start 213: DefaultLookupRegistry.EachAxisHasCeLibraryPath
2026-08-24T12:24:39.059147Z 01O 213/224 Test #213: DefaultLookupRegistry.EachAxisHasCeLibraryPath ............................   Passed    0.00 sec
2026-08-24T12:24:39.059193Z 01O         Start 214: LeafOnlyCounter.InnerNodeAccessIsNoOp
2026-08-24T12:24:39.060179Z 01O 214/224 Test #214: LeafOnlyCounter.InnerNodeAccessIsNoOp .....................................   Passed    0.00 sec
2026-08-24T12:24:39.060232Z 01O         Start 215: LeafOnlyCounter.LeafAccessIncrements
2026-08-24T12:24:39.061203Z 01O 215/224 Test #215: LeafOnlyCounter.LeafAccessIncrements ......................................   Passed    0.00 sec
2026-08-24T12:24:39.061275Z 01O         Start 216: LeafOnlyCounter.MixedLeafAndInnerNodes
2026-08-24T12:24:39.062214Z 01O 216/224 Test #216: LeafOnlyCounter.MixedLeafAndInnerNodes ....................................   Passed    0.00 sec
2026-08-24T12:24:39.062279Z 01O         Start 217: LeafOnlyCounter.CachePressureEstimate
2026-08-24T12:24:39.063079Z 01O 217/224 Test #217: LeafOnlyCounter.CachePressureEstimate .....................................   Passed    0.00 sec
2026-08-24T12:24:39.063152Z 01O         Start 218: LeafOnlyCounter.EmptyCounterPressureZero
2026-08-24T12:24:39.063891Z 01O 218/224 Test #218: LeafOnlyCounter.EmptyCounterPressureZero ..................................   Passed    0.00 sec
2026-08-24T12:24:39.063929Z 01O         Start 219: LeafOnlyCounter.ConcurrentAccessIsThreadSafeOnSameLeaf
2026-08-24T12:24:39.065055Z 01O 219/224 Test #219: LeafOnlyCounter.ConcurrentAccessIsThreadSafeOnSameLeaf ....................   Passed    0.00 sec
2026-08-24T12:24:39.065104Z 01O         Start 220: LeafOnlyCounter.Reset
2026-08-24T12:24:39.065878Z 01O 220/224 Test #220: LeafOnlyCounter.Reset .....................................................   Passed    0.00 sec
2026-08-24T12:24:39.065908Z 01O         Start 221: LeafOnlyCounter.ConcurrentResetAndRecordNoUseAfterFree
2026-08-24T12:24:39.157592Z 01O 221/224 Test #221: LeafOnlyCounter.ConcurrentResetAndRecordNoUseAfterFree ....................   Passed    0.09 sec
2026-08-24T12:24:39.157639Z 01O         Start 222: PerNodeCounter.IncrementsAllNodesInclInner
2026-08-24T12:24:39.158867Z 01O 222/224 Test #222: PerNodeCounter.IncrementsAllNodesInclInner ................................   Passed    0.00 sec
2026-08-24T12:24:39.158904Z 01O         Start 223: PerNodeCounter.TrackedNodesGrowsLinearlyWithUniqueAccesses
2026-08-24T12:24:39.159700Z 01O 223/224 Test #223: PerNodeCounter.TrackedNodesGrowsLinearlyWithUniqueAccesses ................   Passed    0.00 sec
2026-08-24T12:24:39.159739Z 01O         Start 224: KuehnComparison.LeafOnlyTracksFewerNodesThanPerNode
2026-08-24T12:24:39.160621Z 01O 224/224 Test #224: KuehnComparison.LeafOnlyTracksFewerNodesThanPerNode .......................   Passed    0.00 sec
2026-08-24T12:24:39.160850Z 01O 
2026-08-24T12:24:39.160850Z 01O 100% tests passed, 0 tests failed out of 224
2026-08-24T12:24:39.160852Z 01O 
2026-08-24T12:24:39.160852Z 01O Total Test time (real) =   0.33 sec
2026-08-24T12:24:39.161534Z 01O [32;1m$ rm -rf "${CI_BUILDS_DIR:-/var/lib/gitlab-runner/builds}/.gitiso-${CI_JOB_ID}"[0;m
2026-08-24T12:24:39.163196Z 00O section_end:1787574279:step_script[0K
2026-08-24T12:24:39.163678Z 00O+section_start:1787574279:archive_cache[0K
2026-08-24T12:24:39.163682Z 00O+[0K[36;1mSaving cache for successful job[0;m[0;m
2026-08-24T12:24:39.214463Z 01O [32;1mCreating cache ccache-comdare-prt-art-gcc-dbg-protected...[0;m
2026-08-24T12:24:39.240137Z 01E Runtime platform                                  [0;m  arch[0;m=amd64 os[0;m=linux pid[0;m=2329773 revision[0;m=24b9b726 version[0;m=19.1.1
2026-08-24T12:24:39.241603Z 01E .ccache: found 376 matching artifact files and directories[0;m 
2026-08-24T12:24:39.279520Z 01E Using presigned URL for cache upload              [0;m 
2026-08-24T12:24:39.279523Z 01E Uploading cache.zip to https://minio.comdare.de:9000/buildsystem-cache/project/287/ccache-comdare-prt-art-gcc-dbg-protected[0;m 
2026-08-24T12:24:39.737046Z 01O [32;1mCreated cache[0;m
2026-08-24T12:24:39.738472Z 00O section_end:1787574279:archive_cache[0K
2026-08-24T12:24:39.738663Z 00O+section_start:1787574279:cleanup_file_variables[0K
2026-08-24T12:24:39.738666Z 00O+[0K[36;1mCleaning up project directory and file based variables[0;m[0;m
2026-08-24T12:24:39.770588Z 00O section_end:1787574279:cleanup_file_variables[0K
2026-08-24T12:24:39.770643Z 00O [32;1mJob succeeded[0;m
