2026-08-24T12:24:05.731336Z 00O [0KRunning with gitlab-runner 19.1.1 (24b9b726)[0;m
2026-08-24T12:24:05.731341Z 00O [0K  on prod-baremetal-prod1 GjoKPir1B, system ID: s_409f14fb9041[0;m
2026-08-24T12:24:05.731344Z 00O [0K  feature flags: FF_USE_LEGACY_S3_CACHE_ADAPTER:true[0;m
2026-08-24T12:24:05.731358Z 00O section_start:1787574245:prepare_executor[0K
2026-08-24T12:24:05.731359Z 00O+[0K[36;1mPreparing the "shell" executor[0;m[0;m
2026-08-24T12:24:05.731408Z 00O [0KUsing Shell (bash) executor...[0;m
2026-08-24T12:24:05.731409Z 00O section_end:1787574245:prepare_executor[0K
2026-08-24T12:24:05.731481Z 00O+section_start:1787574245:prepare_script[0K
2026-08-24T12:24:05.731483Z 00O+[0K[36;1mPreparing environment[0;m[0;m
2026-08-24T12:24:05.758374Z 01O Running on prod1...
2026-08-24T12:24:05.759675Z 00O section_end:1787574245:prepare_script[0K
2026-08-24T12:24:05.759945Z 00O+section_start:1787574245:get_sources[0K
2026-08-24T12:24:05.759947Z 00O+[0K[36;1mGetting source from Git repository[0;m[0;m
2026-08-24T12:24:05.770594Z 01O [32;1m$ export GIT_CONFIG_SYSTEM=/dev/null # collapsed multi-line command[0;m
2026-08-24T12:24:05.778792Z 01O [32;1mGitaly correlation ID: 01M0SVMMT22F80H3STRGECBH1W[0;m
2026-08-24T12:24:05.781214Z 01O [32;1mFetching changes with git depth set to 20...[0;m
2026-08-24T12:24:05.782058Z 01O Reinitialized existing Git repository in /home/gitlab-runner/builds/GjoKPir1B/2/comdare/research/comdare-prt-art/.git/
2026-08-24T12:24:06.887267Z 01O [32;1mChecking out 16c90628 as detached HEAD (ref is development)...[0;m
2026-08-24T12:24:06.917849Z 01O Removing .ccache/
2026-08-24T12:24:06.917857Z 01O Removing build-san/
2026-08-24T12:24:06.920045Z 01O [32;1mUpdating/initializing submodules recursively with git depth set to 20...[0;m
2026-08-24T12:24:06.961484Z 01O [32;1mUpdated submodules[0;m
2026-08-24T12:24:06.977445Z 01O [32;1mConfiguring submodules to use parent git credentials...[0;m
2026-08-24T12:24:06.988217Z 00O section_end:1787574246:get_sources[0K
2026-08-24T12:24:06.988821Z 00O+section_start:1787574246:restore_cache[0K
2026-08-24T12:24:06.988827Z 00O+[0K[36;1mRestoring cache[0;m[0;m
2026-08-24T12:24:07.044714Z 01O [32;1mChecking cache for ccache-comdare-prt-art-clang-protected...[0;m
2026-08-24T12:24:07.072543Z 01E Runtime platform                                  [0;m  arch[0;m=amd64 os[0;m=linux pid[0;m=2325485 revision[0;m=24b9b726 version[0;m=19.1.1
2026-08-24T12:24:07.072586Z 01E Using presigned URL for cache download            [0;m 
2026-08-24T12:24:07.119285Z 01E Selecting primary cache URL                       [0;m  alternate_modified[0;m=0001-01-01 00:00:00 +0000 UTC alternate_url[0;m=https://minio.comdare.de:9000/buildsystem-cache/project/287/48/48e2f0a1897918834f820830243f2be41294f8e1dae18529d00c7a9d43b15ec2 primary_modified[0;m=2026-08-20 13:19:37 +0000 UTC primary_url[0;m=https://minio.comdare.de:9000/buildsystem-cache/project/287/ccache-comdare-prt-art-clang-protected
2026-08-24T12:24:07.172094Z 01E cache.zip is up to date                           [0;m 
2026-08-24T12:24:07.184403Z 01O [32;1mSuccessfully extracted cache[0;m
2026-08-24T12:24:07.185795Z 00O section_end:1787574247:restore_cache[0K
2026-08-24T12:24:07.186231Z 00O+section_start:1787574247:step_script[0K
2026-08-24T12:24:07.186240Z 00O+[0K[36;1mExecuting "step_script" stage of the job script[0;m[0;m
2026-08-24T12:24:07.212565Z 01O [32;1m$ export GIT_CONFIG_SYSTEM=/dev/null # collapsed multi-line command[0;m
2026-08-24T12:24:07.213110Z 01O [32;1m$ cmake --version; (g++ --version || c++ --version || echo "KEIN C++-Compiler"); (ninja --version || echo "kein ninja")[0;m
2026-08-24T12:24:07.216024Z 01O cmake version 4.3.4
2026-08-24T12:24:07.216028Z 01O 
2026-08-24T12:24:07.216028Z 01O CMake suite maintained and supported by Kitware (kitware.com/cmake).
2026-08-24T12:24:07.216930Z 01O g++ (GCC) 15.3.0
2026-08-24T12:24:07.216931Z 01O Copyright (C) 2025 Free Software Foundation, Inc.
2026-08-24T12:24:07.216932Z 01O This is free software; see the source for copying conditions.  There is NO
2026-08-24T12:24:07.216949Z 01O warranty; not even for MERCHANTABILITY or FITNESS FOR A PARTICULAR PURPOSE.
2026-08-24T12:24:07.216950Z 01O 
2026-08-24T12:24:07.217626Z 01O 1.13.1
2026-08-24T12:24:07.217944Z 01O [32;1m$ git clone --no-checkout --reference-if-able ../comdare-cache-engine --dissociate "https://gitlab-ci-token:${CI_JOB_TOKEN}@${CI_SERVER_HOST}/${CI_PROJECT_PATH%/*}/comdare-cache-engine.git" ce-pin[0;m
2026-08-24T12:24:07.218579Z 01E Cloning into 'ce-pin'...
2026-08-24T12:24:07.219073Z 01E info: Could not add alternate for '../comdare-cache-engine': reference repository '../comdare-cache-engine' is shallow
2026-08-24T12:24:13.947161Z 01O [32;1m$ git -C ce-pin checkout --detach "$COMDARE_CE_PIN_SHA"[0;m
2026-08-24T12:24:14.272849Z 01E HEAD is now at 66de5c09 Fixture-Spiegel fuer den super-XSD-Verbund-Patch (L4-Atomaritaet; fixture_sync-Wache), Abnahme 1 Zelle deklariert (XML-only).
2026-08-24T12:24:14.274862Z 01O [32;1m$ echo "ce-Pin ausgecheckt: $(git -C ce-pin rev-parse HEAD) (SOLL $COMDARE_CE_PIN_SHA)"[0;m
2026-08-24T12:24:14.275814Z 01O ce-Pin ausgecheckt: 66de5c0972290ec1ae3d219988ecc207d8f5de6b (SOLL 66de5c0972290ec1ae3d219988ecc207d8f5de6b)
2026-08-24T12:24:14.275822Z 01O [32;1m$ set -euo pipefail # collapsed multi-line command[0;m
2026-08-24T12:24:14.286817Z 01O GNU-Bauweg (clang): CC=clang-22 CXX=clang++-22 (Ubuntu clang version 22.1.8 (++20260613092238+e80beda6e255-1~exp1~20260613092253.78))
2026-08-24T12:24:14.369018Z 01O -- The CXX compiler identification is Clang 22.1.8
2026-08-24T12:24:14.374593Z 01O -- Detecting CXX compiler ABI info
2026-08-24T12:24:14.421670Z 01O -- Detecting CXX compiler ABI info - done
2026-08-24T12:24:14.427326Z 01O -- Check for working CXX compiler: /usr/bin/clang++-22 - skipped
2026-08-24T12:24:14.427533Z 01O -- Detecting CXX compile features
2026-08-24T12:24:14.427985Z 01O -- Detecting CXX compile features - done
2026-08-24T12:24:14.572276Z 01O -- The C compiler identification is Clang 22.1.8
2026-08-24T12:24:14.575349Z 01O -- Detecting C compiler ABI info
2026-08-24T12:24:14.602895Z 01O -- Detecting C compiler ABI info - done
2026-08-24T12:24:14.607790Z 01O -- Check for working C compiler: /usr/bin/clang-22 - skipped
2026-08-24T12:24:14.607948Z 01O -- Detecting C compile features
2026-08-24T12:24:14.608140Z 01O -- Detecting C compile features - done
2026-08-24T12:24:14.614341Z 01O -- Performing Test CMAKE_HAVE_LIBC_PTHREAD
2026-08-24T12:24:14.660694Z 01O -- Performing Test CMAKE_HAVE_LIBC_PTHREAD - Success
2026-08-24T12:24:14.661217Z 01O -- Found Threads: TRUE
2026-08-24T12:24:14.665528Z 01O -- [PRT-ART V9.4] legacy_reimpl/ skipped (default OFF).
2026-08-24T12:24:14.665899Z 01E CMake Warning at prt_art/registry_gen/CMakeLists.txt:29 (message):
2026-08-24T12:24:14.665901Z 01E   prt_art_axis_registry_gen: COMDARE_CE_GENERATED_DIR nicht gesetzt.
2026-08-24T12:24:14.665901Z 01E 
2026-08-24T12:24:14.665901Z 01E   Das golden-verdrahtete PathCompression-Organ zieht die CMake-generierte
2026-08-24T12:24:14.665902Z 01E   flags.hpp der cache-engine.
2026-08-24T12:24:14.665902Z 01E 
2026-08-24T12:24:14.665902Z 01E   Setze -DCOMDARE_CE_GENERATED_DIR=<cache-engine-build>/generated (Build
2026-08-24T12:24:14.665903Z 01E   zuvor konfigurieren).
2026-08-24T12:24:14.665903Z 01E 
2026-08-24T12:24:14.665903Z 01E 
2026-08-24T12:24:14.665923Z 01O -- ──────────────────────────────────────────────────────────
2026-08-24T12:24:14.665925Z 01O -- comdare-prt-art 0.1.0
2026-08-24T12:24:14.665927Z 01O --   C++ Standard            : 23
2026-08-24T12:24:14.665931Z 01O --   Cache-Engine Werkzeug   : /home/gitlab-runner/builds/GjoKPir1B/2/comdare/research/comdare-prt-art/ce-pin
2026-08-24T12:24:14.665932Z 01O --   Use Cache-Engine sub    : OFF
2026-08-24T12:24:14.665936Z 01O --   Build Tests             : ON
2026-08-24T12:24:14.665937Z 01O --   Build Legacy-Reimpl V9.4: OFF
2026-08-24T12:24:14.665941Z 01O -- ──────────────────────────────────────────────────────────
2026-08-24T12:24:14.666113Z 01O -- Configuring done (0.4s)
2026-08-24T12:24:14.677135Z 01O -- Generating done (0.0s)
2026-08-24T12:24:14.677305Z 01O -- Build files have been written to: /home/gitlab-runner/builds/GjoKPir1B/2/comdare/research/comdare-prt-art/build-clang
2026-08-24T12:24:14.691845Z 01O [1/60] Building CXX object _deps/googletest-build/googletest/CMakeFiles/gtest.dir/src/gtest-all.cc.o
2026-08-24T12:24:14.691850Z 01O In file included from /home/gitlab-runner/builds/GjoKPir1B/2/comdare/research/comdare-prt-art/build-clang/_deps/googletest-src/googletest/src/gtest-all.cc:38:
2026-08-24T12:24:14.691872Z 01O In file included from /home/gitlab-runner/builds/GjoKPir1B/2/comdare/research/comdare-prt-art/build-clang/_deps/googletest-src/googletest/include/gtest/gtest.h:64:
2026-08-24T12:24:14.691873Z 01O In file included from /home/gitlab-runner/builds/GjoKPir1B/2/comdare/research/comdare-prt-art/build-clang/_deps/googletest-src/googletest/include/gtest/gtest-death-test.h:43:
2026-08-24T12:24:14.691873Z 01O In file included from /home/gitlab-runner/builds/GjoKPir1B/2/comdare/research/comdare-prt-art/build-clang/_deps/googletest-src/googletest/include/gtest/internal/gtest-death-test-internal.h:47:
2026-08-24T12:24:14.691874Z 01O In file included from /home/gitlab-runner/builds/GjoKPir1B/2/comdare/research/comdare-prt-art/build-clang/_deps/googletest-src/googletest/include/gtest/gtest-matchers.h:49:
2026-08-24T12:24:14.691874Z 01O /home/gitlab-runner/builds/GjoKPir1B/2/comdare/research/comdare-prt-art/build-clang/_deps/googletest-src/googletest/include/gtest/gtest-printers.h:524:35: warning: implicit conversion from 'char8_t' to 'char32_t' may change the meaning of the represented code unit [-Wcharacter-conversion]
2026-08-24T12:24:14.691875Z 01O   524 |   PrintTo(ImplicitCast_<char32_t>(c), os);
2026-08-24T12:24:14.691876Z 01O       |           ~~~~~~~~~~~~~           ^
2026-08-24T12:24:14.691876Z 01O 1 warning generated.
2026-08-24T12:24:14.722110Z 01O [2/60] Scanning /home/gitlab-runner/builds/GjoKPir1B/2/comdare/research/comdare-prt-art/tests/unit/test_prt_art_nodes.cpp for CXX dependencies
2026-08-24T12:24:14.723569Z 01O [3/60] Scanning /home/gitlab-runner/builds/GjoKPir1B/2/comdare/research/comdare-prt-art/tests/unit/test_internal_search.cpp for CXX dependencies
2026-08-24T12:24:14.725174Z 01O [4/60] Scanning /home/gitlab-runner/builds/GjoKPir1B/2/comdare/research/comdare-prt-art/tests/unit/test_value_handle.cpp for CXX dependencies
2026-08-24T12:24:14.725494Z 01O [5/60] Scanning /home/gitlab-runner/builds/GjoKPir1B/2/comdare/research/comdare-prt-art/tests/unit/test_memory_layout.cpp for CXX dependencies
2026-08-24T12:24:14.728343Z 01O [6/60] Scanning /home/gitlab-runner/builds/GjoKPir1B/2/comdare/research/comdare-prt-art/tests/unit/test_olc_with_reserved_blocks.cpp for CXX dependencies
2026-08-24T12:24:14.734240Z 01O [7/60] Scanning /home/gitlab-runner/builds/GjoKPir1B/2/comdare/research/comdare-prt-art/tests/unit/test_allocator_pools.cpp for CXX dependencies
2026-08-24T12:24:14.759146Z 01O [8/60] Scanning /home/gitlab-runner/builds/GjoKPir1B/2/comdare/research/comdare-prt-art/tests/unit/test_measurement.cpp for CXX dependencies
2026-08-24T12:24:14.762445Z 01O [9/60] Scanning /home/gitlab-runner/builds/GjoKPir1B/2/comdare/research/comdare-prt-art/tests/unit/test_prefetch_strategies.cpp for CXX dependencies
2026-08-24T12:24:14.763767Z 01O [10/60] Scanning /home/gitlab-runner/builds/GjoKPir1B/2/comdare/research/comdare-prt-art/tests/unit/test_lizenz_konsistenz.cpp for CXX dependencies
2026-08-24T12:24:14.766980Z 01O [11/60] Building CXX object _deps/googletest-build/googlemock/CMakeFiles/gmock.dir/src/gmock-all.cc.o
2026-08-24T12:24:14.767178Z 01O [12/60] Scanning /home/gitlab-runner/builds/GjoKPir1B/2/comdare/research/comdare-prt-art/tests/unit/test_serialization_and_buffer.cpp for CXX dependencies
2026-08-24T12:24:14.769222Z 01O [13/60] Scanning /home/gitlab-runner/builds/GjoKPir1B/2/comdare/research/comdare-prt-art/tests/unit/test_default_lookup_registry.cpp for CXX dependencies
2026-08-24T12:24:14.769893Z 01O [14/60] Building CXX object _deps/googletest-build/googletest/CMakeFiles/gtest_main.dir/src/gtest_main.cc.o
2026-08-24T12:24:14.770218Z 01O [15/60] Generating CXX dyndep file tests/unit/CMakeFiles/test_prt_art_nodes.dir/CXX.dd
2026-08-24T12:24:14.770796Z 01O [16/60] Scanning /home/gitlab-runner/builds/GjoKPir1B/2/comdare/research/comdare-prt-art/tests/unit/test_prt_art_identity.cpp for CXX dependencies
2026-08-24T12:24:14.772007Z 01O [17/60] Generating CXX dyndep file tests/unit/CMakeFiles/test_internal_search.dir/CXX.dd
2026-08-24T12:24:14.773000Z 01O [18/60] Generating CXX dyndep file tests/unit/CMakeFiles/test_value_handle.dir/CXX.dd
2026-08-24T12:24:14.773330Z 01O [19/60] Generating CXX dyndep file tests/unit/CMakeFiles/test_memory_layout.dir/CXX.dd
2026-08-24T12:24:14.773512Z 01O [20/60] Generating CXX dyndep file tests/unit/CMakeFiles/test_allocator_pools.dir/CXX.dd
2026-08-24T12:24:14.775692Z 01O [21/60] Generating CXX dyndep file tests/unit/CMakeFiles/test_olc_with_reserved_blocks.dir/CXX.dd
2026-08-24T12:24:14.776234Z 01O [22/60] Generating CXX dyndep file tests/unit/CMakeFiles/test_prefetch_strategies.dir/CXX.dd
2026-08-24T12:24:14.776484Z 01O [23/60] Generating CXX dyndep file tests/unit/CMakeFiles/test_prt_art_identity.dir/CXX.dd
2026-08-24T12:24:14.777717Z 01O [24/60] Linking CXX static library lib/libgtest.a
2026-08-24T12:24:14.778509Z 01O [25/60] Generating CXX dyndep file tests/unit/CMakeFiles/test_serialization_and_buffer.dir/CXX.dd
2026-08-24T12:24:14.778773Z 01O [26/60] Generating CXX dyndep file tests/unit/CMakeFiles/test_measurement.dir/CXX.dd
2026-08-24T12:24:14.779085Z 01O [27/60] Generating CXX dyndep file tests/unit/CMakeFiles/test_lizenz_konsistenz.dir/CXX.dd
2026-08-24T12:24:14.779351Z 01O [28/60] Generating CXX dyndep file tests/unit/CMakeFiles/test_default_lookup_registry.dir/CXX.dd
2026-08-24T12:24:14.781651Z 01O [29/60] Building CXX object _deps/googletest-build/googlemock/CMakeFiles/gmock_main.dir/src/gmock_main.cc.o
2026-08-24T12:24:14.788399Z 01O [30/60] Linking CXX static library lib/libgmock.a
2026-08-24T12:24:14.796203Z 01O [31/60] Linking CXX static library lib/libgtest_main.a
2026-08-24T12:24:14.804534Z 01O [32/60] Scanning /home/gitlab-runner/builds/GjoKPir1B/2/comdare/research/comdare-prt-art/tests/unit/test_leaf_only_counter.cpp for CXX dependencies
2026-08-24T12:24:14.808053Z 01O [33/60] Generating CXX dyndep file tests/unit/CMakeFiles/test_leaf_only_counter.dir/CXX.dd
2026-08-24T12:24:14.863005Z 01O [34/60] Building CXX object tests/unit/CMakeFiles/test_prt_art_nodes.dir/test_prt_art_nodes.cpp.o
2026-08-24T12:24:14.870383Z 01O [35/60] Building CXX object tests/unit/CMakeFiles/test_memory_layout.dir/test_memory_layout.cpp.o
2026-08-24T12:24:14.876976Z 01O [36/60] Building CXX object tests/unit/CMakeFiles/test_internal_search.dir/test_internal_search.cpp.o
2026-08-24T12:24:14.878864Z 01O [37/60] Building CXX object tests/unit/CMakeFiles/test_value_handle.dir/test_value_handle.cpp.o
2026-08-24T12:24:14.879185Z 01O [38/60] Building CXX object tests/unit/CMakeFiles/test_allocator_pools.dir/test_allocator_pools.cpp.o
2026-08-24T12:24:14.905932Z 01O [39/60] Building CXX object tests/unit/CMakeFiles/test_olc_with_reserved_blocks.dir/test_olc_with_reserved_blocks.cpp.o
2026-08-24T12:24:14.909502Z 01O [40/60] Building CXX object tests/unit/CMakeFiles/test_default_lookup_registry.dir/test_default_lookup_registry.cpp.o
2026-08-24T12:24:14.912906Z 01O [41/60] Building CXX object tests/unit/CMakeFiles/test_leaf_only_counter.dir/test_leaf_only_counter.cpp.o
2026-08-24T12:24:14.930136Z 01O [42/60] Linking CXX static library lib/libgmock_main.a
2026-08-24T12:24:14.962353Z 01O [43/60] Building CXX object tests/unit/CMakeFiles/test_measurement.dir/test_measurement.cpp.o
2026-08-24T12:24:14.977314Z 01O [44/60] Linking CXX executable tests/unit/test_prt_art_nodes
2026-08-24T12:24:14.981970Z 01O [45/60] Building CXX object tests/unit/CMakeFiles/test_serialization_and_buffer.dir/test_serialization_and_buffer.cpp.o
2026-08-24T12:24:14.981978Z 01O /home/gitlab-runner/builds/GjoKPir1B/2/comdare/research/comdare-prt-art/tests/unit/test_serialization_and_buffer.cpp:145:33: warning: ignoring return value of function declared with 'nodiscard' attribute [-Wunused-result]
2026-08-24T12:24:14.981980Z 01O   145 |     for (int i = 0; i < 5; ++i) b.append(std::span<std::byte const>(v.data(), v.size()));
2026-08-24T12:24:14.981981Z 01O       |                                 ^~~~~~~~~~~~~~~~~~~~~~~~~~~~~~~~~~~~~~~~~~~~~~~~~~~~~~~~
2026-08-24T12:24:14.981982Z 01O /home/gitlab-runner/builds/GjoKPir1B/2/comdare/research/comdare-prt-art/tests/unit/test_serialization_and_buffer.cpp:153:33: warning: ignoring return value of function declared with 'nodiscard' attribute [-Wunused-result]
2026-08-24T12:24:14.982000Z 01O   153 |     for (int i = 0; i < 5; ++i) b.append(std::span<std::byte const>(v.data(), v.size()));
2026-08-24T12:24:14.982001Z 01O       |                                 ^~~~~~~~~~~~~~~~~~~~~~~~~~~~~~~~~~~~~~~~~~~~~~~~~~~~~~~~
2026-08-24T12:24:14.982001Z 01O 2 warnings generated.
2026-08-24T12:24:14.998818Z 01O [46/60] Building CXX object tests/unit/CMakeFiles/test_prefetch_strategies.dir/test_prefetch_strategies.cpp.o
2026-08-24T12:24:15.015568Z 01O [47/60] Linking CXX executable tests/unit/test_internal_search
2026-08-24T12:24:15.041806Z 01O [48/60] Linking CXX executable tests/unit/test_memory_layout
2026-08-24T12:24:15.050705Z 01O [49/60] Linking CXX executable tests/unit/test_value_handle
2026-08-24T12:24:15.062765Z 01O [50/60] Linking CXX executable tests/unit/test_olc_with_reserved_blocks
2026-08-24T12:24:15.077520Z 01O [51/60] Linking CXX executable tests/unit/test_allocator_pools
2026-08-24T12:24:15.088395Z 01O [52/60] Linking CXX executable tests/unit/test_prefetch_strategies
2026-08-24T12:24:15.097920Z 01O [53/60] Linking CXX executable tests/unit/test_measurement
2026-08-24T12:24:15.117033Z 01O [54/60] Linking CXX executable tests/unit/test_serialization_and_buffer
2026-08-24T12:24:15.121075Z 01O [55/60] Linking CXX executable tests/unit/test_default_lookup_registry
2026-08-24T12:24:15.139399Z 01O [56/60] Linking CXX executable tests/unit/test_leaf_only_counter
2026-08-24T12:24:17.043431Z 01O [57/60] Building CXX object tests/unit/CMakeFiles/test_lizenz_konsistenz.dir/test_lizenz_konsistenz.cpp.o
2026-08-24T12:24:17.094033Z 01O [58/60] Linking CXX executable tests/unit/test_lizenz_konsistenz
2026-08-24T12:24:18.612130Z 01O [59/60] Building CXX object tests/unit/CMakeFiles/test_prt_art_identity.dir/test_prt_art_identity.cpp.o
2026-08-24T12:24:18.669724Z 01O [60/60] Linking CXX executable tests/unit/test_prt_art_identity
2026-08-24T12:24:18.673901Z 01O Test project /home/gitlab-runner/builds/GjoKPir1B/2/comdare/research/comdare-prt-art/build-clang
2026-08-24T12:24:18.677337Z 01O         Start   1: RedirectNode.PriorityIsP0
2026-08-24T12:24:18.678274Z 01O   1/224 Test   #1: RedirectNode.PriorityIsP0 .................................................   Passed    0.00 sec
2026-08-24T12:24:18.678364Z 01O         Start   2: RedirectNode.StoresRestSuffix
2026-08-24T12:24:18.679152Z 01O   2/224 Test   #2: RedirectNode.StoresRestSuffix .............................................   Passed    0.00 sec
2026-08-24T12:24:18.679219Z 01O         Start   3: RedirectNode.FullMatchReturnsAllBytes
2026-08-24T12:24:18.680008Z 01O   3/224 Test   #3: RedirectNode.FullMatchReturnsAllBytes .....................................   Passed    0.00 sec
2026-08-24T12:24:18.680055Z 01O         Start   4: RedirectNode.PartialMatchReturnsMatchedPrefixLen
2026-08-24T12:24:18.680834Z 01O   4/224 Test   #4: RedirectNode.PartialMatchReturnsMatchedPrefixLen ..........................   Passed    0.00 sec
2026-08-24T12:24:18.680887Z 01O         Start   5: RedirectNode.ShortKeyReturnsLengthOfKey
2026-08-24T12:24:18.681725Z 01O   5/224 Test   #5: RedirectNode.ShortKeyReturnsLengthOfKey ...................................   Passed    0.00 sec
2026-08-24T12:24:18.681777Z 01O         Start   6: BPlusNode.PriorityIsP0
2026-08-24T12:24:18.682571Z 01O   6/224 Test   #6: BPlusNode.PriorityIsP0 ....................................................   Passed    0.00 sec
2026-08-24T12:24:18.682629Z 01O         Start   7: BPlusNode.DefaultKindIsArray256
2026-08-24T12:24:18.683343Z 01O   7/224 Test   #7: BPlusNode.DefaultKindIsArray256 ...........................................   Passed    0.00 sec
2026-08-24T12:24:18.683397Z 01O         Start   8: BPlusNode.InsertSlotIncrementsKeyCount
2026-08-24T12:24:18.684118Z 01O   8/224 Test   #8: BPlusNode.InsertSlotIncrementsKeyCount ....................................   Passed    0.00 sec
2026-08-24T12:24:18.684172Z 01O         Start   9: BPlusNode.DensityCalculationMatchesCapacity
2026-08-24T12:24:18.684914Z 01O   9/224 Test   #9: BPlusNode.DensityCalculationMatchesCapacity ...............................   Passed    0.00 sec
2026-08-24T12:24:18.684972Z 01O         Start  10: BPlusNode.RecommendedKindFollowsThresholds
2026-08-24T12:24:18.685661Z 01O  10/224 Test  #10: BPlusNode.RecommendedKindFollowsThresholds ................................   Passed    0.00 sec
2026-08-24T12:24:18.685707Z 01O         Start  11: BPlusNode.CapacityForKindMatchesSpec
2026-08-24T12:24:18.686440Z 01O  11/224 Test  #11: BPlusNode.CapacityForKindMatchesSpec ......................................   Passed    0.00 sec
2026-08-24T12:24:18.686494Z 01O         Start  12: BPlusNode.FourInternalSearchKindsAreDistinct
2026-08-24T12:24:18.687241Z 01O  12/224 Test  #12: BPlusNode.FourInternalSearchKindsAreDistinct ..............................   Passed    0.00 sec
2026-08-24T12:24:18.687301Z 01O         Start  13: Array256.CapacityAndDensityThreshold
2026-08-24T12:24:18.688132Z 01O  13/224 Test  #13: Array256.CapacityAndDensityThreshold ......................................   Passed    0.00 sec
2026-08-24T12:24:18.688180Z 01O         Start  14: Array256.EmptyLookupReturnsNullopt
2026-08-24T12:24:18.688928Z 01O  14/224 Test  #14: Array256.EmptyLookupReturnsNullopt ........................................   Passed    0.00 sec
2026-08-24T12:24:18.688995Z 01O         Start  15: Array256.InsertAndLookup
2026-08-24T12:24:18.689721Z 01O  15/224 Test  #15: Array256.InsertAndLookup ..................................................   Passed    0.00 sec
2026-08-24T12:24:18.689776Z 01O         Start  16: Array256.EraseRemovesEntry
2026-08-24T12:24:18.690529Z 01O  16/224 Test  #16: Array256.EraseRemovesEntry ................................................   Passed    0.00 sec
2026-08-24T12:24:18.690565Z 01O         Start  17: Array256.DensityCalculation
2026-08-24T12:24:18.691293Z 01O  17/224 Test  #17: Array256.DensityCalculation ...............................................   Passed    0.00 sec
2026-08-24T12:24:18.691343Z 01O         Start  18: Array65535.CapacityAndDensityThresholds
2026-08-24T12:24:18.692177Z 01O  18/224 Test  #18: Array65535.CapacityAndDensityThresholds ...................................   Passed    0.00 sec
2026-08-24T12:24:18.692233Z 01O         Start  19: Array65535.InsertAndLookup
2026-08-24T12:24:18.692962Z 01O  19/224 Test  #19: Array65535.InsertAndLookup ................................................   Passed    0.00 sec
2026-08-24T12:24:18.693007Z 01O         Start  20: Array65535.MaxDiscriminator65535InBounds
2026-08-24T12:24:18.693738Z 01O  20/224 Test  #20: Array65535.MaxDiscriminator65535InBounds ..................................   Passed    0.00 sec
2026-08-24T12:24:18.693797Z 01O         Start  21: Array65535.EmptyLookupReturnsNullopt
2026-08-24T12:24:18.694499Z 01O  21/224 Test  #21: Array65535.EmptyLookupReturnsNullopt ......................................   Passed    0.00 sec
2026-08-24T12:24:18.694551Z 01O         Start  22: VectorU8U8.CapacityAndDensityThresholds
2026-08-24T12:24:18.695298Z 01O  22/224 Test  #22: VectorU8U8.CapacityAndDensityThresholds ...................................   Passed    0.00 sec
2026-08-24T12:24:18.695337Z 01O         Start  23: VectorU8U8.InsertSortedByDiscriminator
2026-08-24T12:24:18.696143Z 01O  23/224 Test  #23: VectorU8U8.InsertSortedByDiscriminator ....................................   Passed    0.00 sec
2026-08-24T12:24:18.696209Z 01O         Start  24: VectorU8U8.LookupViaBinarySearch
2026-08-24T12:24:18.696956Z 01O  24/224 Test  #24: VectorU8U8.LookupViaBinarySearch ..........................................   Passed    0.00 sec
2026-08-24T12:24:18.697004Z 01O         Start  25: VectorU8U8.EraseRemovesEntry
2026-08-24T12:24:18.697731Z 01O  25/224 Test  #25: VectorU8U8.EraseRemovesEntry ..............................................   Passed    0.00 sec
2026-08-24T12:24:18.697768Z 01O         Start  26: VectorU16U16.CapacityAndDensityThreshold
2026-08-24T12:24:18.698452Z 01O  26/224 Test  #26: VectorU16U16.CapacityAndDensityThreshold ..................................   Passed    0.00 sec
2026-08-24T12:24:18.698491Z 01O         Start  27: VectorU16U16.InsertAndLookup
2026-08-24T12:24:18.699192Z 01O  27/224 Test  #27: VectorU16U16.InsertAndLookup ..............................................   Passed    0.00 sec
2026-08-24T12:24:18.699228Z 01O         Start  28: VectorU16U16.EntriesSortedByDiscriminator
2026-08-24T12:24:18.699906Z 01O  28/224 Test  #28: VectorU16U16.EntriesSortedByDiscriminator .................................   Passed    0.00 sec
2026-08-24T12:24:18.699957Z 01O         Start  29: InternalSearch.DensityThresholdsFormPartition
2026-08-24T12:24:18.700761Z 01O  29/224 Test  #29: InternalSearch.DensityThresholdsFormPartition .............................   Passed    0.00 sec
2026-08-24T12:24:18.700792Z 01O         Start  30: InlineHandle.DefaultConstructorEmpty
2026-08-24T12:24:18.701527Z 01O  30/224 Test  #30: InlineHandle.DefaultConstructorEmpty ......................................   Passed    0.00 sec
2026-08-24T12:24:18.701562Z 01O         Start  31: InlineHandle.StoreAndRead
2026-08-24T12:24:18.702272Z 01O  31/224 Test  #31: InlineHandle.StoreAndRead .................................................   Passed    0.00 sec
2026-08-24T12:24:18.702303Z 01O         Start  32: InlineHandle.FitsCheck
2026-08-24T12:24:18.702962Z 01O  32/224 Test  #32: InlineHandle.FitsCheck ....................................................   Passed    0.00 sec
2026-08-24T12:24:18.703021Z 01O         Start  33: InlineHandle.OversizedStoreTruncates
2026-08-24T12:24:18.703789Z 01O  33/224 Test  #33: InlineHandle.OversizedStoreTruncates ......................................   Passed    0.00 sec
2026-08-24T12:24:18.703841Z 01O         Start  34: ExternalHandle.DefaultIsInvalid
2026-08-24T12:24:18.704554Z 01O  34/224 Test  #34: ExternalHandle.DefaultIsInvalid ...........................................   Passed    0.00 sec
2026-08-24T12:24:18.704593Z 01O         Start  35: ExternalHandle.StoresOffsetAndSize
2026-08-24T12:24:18.705291Z 01O  35/224 Test  #35: ExternalHandle.StoresOffsetAndSize ........................................   Passed    0.00 sec
2026-08-24T12:24:18.705322Z 01O         Start  36: ExternalHandle.InvalidateClears
2026-08-24T12:24:18.705990Z 01O  36/224 Test  #36: ExternalHandle.InvalidateClears ...........................................   Passed    0.00 sec
2026-08-24T12:24:18.706025Z 01O         Start  37: ChainRefHandle.DefaultIsEmpty
2026-08-24T12:24:18.706681Z 01O  37/224 Test  #37: ChainRefHandle.DefaultIsEmpty .............................................   Passed    0.00 sec
2026-08-24T12:24:18.706712Z 01O         Start  38: ChainRefHandle.ConstructWithChainHead
2026-08-24T12:24:18.707399Z 01O  38/224 Test  #38: ChainRefHandle.ConstructWithChainHead .....................................   Passed    0.00 sec
2026-08-24T12:24:18.707437Z 01O         Start  39: ChainRefHandle.PrependIncrements
2026-08-24T12:24:18.708155Z 01O  39/224 Test  #39: ChainRefHandle.PrependIncrements ..........................................   Passed    0.00 sec
2026-08-24T12:24:18.708182Z 01O         Start  40: ValueHandle.DefaultIsInline
2026-08-24T12:24:18.708874Z 01O  40/224 Test  #40: ValueHandle.DefaultIsInline ...............................................   Passed    0.00 sec
2026-08-24T12:24:18.708908Z 01O         Start  41: ValueHandle.ConstructFromExternal
2026-08-24T12:24:18.709682Z 01O  41/224 Test  #41: ValueHandle.ConstructFromExternal .........................................   Passed    0.00 sec
2026-08-24T12:24:18.709735Z 01O         Start  42: ValueHandle.ConstructFromChainRef
2026-08-24T12:24:18.710417Z 01O  42/224 Test  #42: ValueHandle.ConstructFromChainRef .........................................   Passed    0.00 sec
2026-08-24T12:24:18.710478Z 01O         Start  43: ValueHandle.VisitorPattern
2026-08-24T12:24:18.711148Z 01O  43/224 Test  #43: ValueHandle.VisitorPattern ................................................   Passed    0.00 sec
2026-08-24T12:24:18.711198Z 01O         Start  44: CostModel.InlineFitsCheck
2026-08-24T12:24:18.711918Z 01O  44/224 Test  #44: CostModel.InlineFitsCheck .................................................   Passed    0.00 sec
2026-08-24T12:24:18.711972Z 01O         Start  45: CostModel.RecommendChainRefForMultiValue
2026-08-24T12:24:18.712712Z 01O  45/224 Test  #45: CostModel.RecommendChainRefForMultiValue ..................................   Passed    0.00 sec
2026-08-24T12:24:18.712762Z 01O         Start  46: CostModel.RecommendExternalForLargeValues
2026-08-24T12:24:18.713510Z 01O  46/224 Test  #46: CostModel.RecommendExternalForLargeValues .................................   Passed    0.00 sec
2026-08-24T12:24:18.713556Z 01O         Start  47: CostModel.RecommendInlineForSmallSingleAccess
2026-08-24T12:24:18.714321Z 01O  47/224 Test  #47: CostModel.RecommendInlineForSmallSingleAccess .............................   Passed    0.00 sec
2026-08-24T12:24:18.714368Z 01O         Start  48: CostModel.InlineRemainsCheaperThanExternalForSmallValues
2026-08-24T12:24:18.715101Z 01O  48/224 Test  #48: CostModel.InlineRemainsCheaperThanExternalForSmallValues ..................   Passed    0.00 sec
2026-08-24T12:24:18.715156Z 01O         Start  49: CostModel.ExternalIsRecommendedOnceValueExceedsCapacity
2026-08-24T12:24:18.716024Z 01O  49/224 Test  #49: CostModel.ExternalIsRecommendedOnceValueExceedsCapacity ...................   Passed    0.00 sec
2026-08-24T12:24:18.716084Z 01O         Start  50: CostModel.EstimateCostsAreNonNegative
2026-08-24T12:24:18.716816Z 01O  50/224 Test  #50: CostModel.EstimateCostsAreNonNegative .....................................   Passed    0.00 sec
2026-08-24T12:24:18.716861Z 01O         Start  51: VirtualOffsetAddress.EmptyKeyReturnsZero
2026-08-24T12:24:18.717593Z 01O  51/224 Test  #51: VirtualOffsetAddress.EmptyKeyReturnsZero ..................................   Passed    0.00 sec
2026-08-24T12:24:18.717633Z 01O         Start  52: VirtualOffsetAddress.SingleByteIsValue
2026-08-24T12:24:18.718333Z 01O  52/224 Test  #52: VirtualOffsetAddress.SingleByteIsValue ....................................   Passed    0.00 sec
2026-08-24T12:24:18.718390Z 01O         Start  53: VirtualOffsetAddress.TwoBytesA_B_IsAtimes256PlusB
2026-08-24T12:24:18.719113Z 01O  53/224 Test  #53: VirtualOffsetAddress.TwoBytesA_B_IsAtimes256PlusB .........................   Passed    0.00 sec
2026-08-24T12:24:18.719160Z 01O         Start  54: VirtualOffsetAddress.ThreeBytesFollowsHornerRule
2026-08-24T12:24:18.719884Z 01O  54/224 Test  #54: VirtualOffsetAddress.ThreeBytesFollowsHornerRule ..........................   Passed    0.00 sec
2026-08-24T12:24:18.719941Z 01O         Start  55: VirtualOffsetAddress.CapacityFor3Is16M
2026-08-24T12:24:18.720661Z 01O  55/224 Test  #55: VirtualOffsetAddress.CapacityFor3Is16M ....................................   Passed    0.00 sec
2026-08-24T12:24:18.720705Z 01O         Start  56: VirtualOffsetAddress.CapacityFor0Is0
2026-08-24T12:24:18.721375Z 01O  56/224 Test  #56: VirtualOffsetAddress.CapacityFor0Is0 ......................................   Passed    0.00 sec
2026-08-24T12:24:18.721416Z 01O         Start  57: VirtualOffsetAddress.DecomposeIsInverse
2026-08-24T12:24:18.722068Z 01O  57/224 Test  #57: VirtualOffsetAddress.DecomposeIsInverse ...................................   Passed    0.00 sec
2026-08-24T12:24:18.722106Z 01O         Start  58: VirtualOffsetAddress.KeyLongerThanMaxIsClamped
2026-08-24T12:24:18.722804Z 01O  58/224 Test  #58: VirtualOffsetAddress.KeyLongerThanMaxIsClamped ............................   Passed    0.00 sec
2026-08-24T12:24:18.722843Z 01O         Start  59: BytePath.DefaultIsExhausted
2026-08-24T12:24:18.723537Z 01O  59/224 Test  #59: BytePath.DefaultIsExhausted ...............................................   Passed    0.00 sec
2026-08-24T12:24:18.723575Z 01O         Start  60: BytePath.ConsumeAdvancesCursor
2026-08-24T12:24:18.724219Z 01O  60/224 Test  #60: BytePath.ConsumeAdvancesCursor ............................................   Passed    0.00 sec
2026-08-24T12:24:18.724257Z 01O         Start  61: BytePath.PeekDoesNotAdvance
2026-08-24T12:24:18.724903Z 01O  61/224 Test  #61: BytePath.PeekDoesNotAdvance ...............................................   Passed    0.00 sec
2026-08-24T12:24:18.724941Z 01O         Start  62: BytePath.ConsumeMoreThanAvailableClamps
2026-08-24T12:24:18.725658Z 01O  62/224 Test  #62: BytePath.ConsumeMoreThanAvailableClamps ...................................   Passed    0.00 sec
2026-08-24T12:24:18.725714Z 01O         Start  63: BytePath.ResetReturnsToStart
2026-08-24T12:24:18.726419Z 01O  63/224 Test  #63: BytePath.ResetReturnsToStart ..............................................   Passed    0.00 sec
2026-08-24T12:24:18.726463Z 01O         Start  64: CacheLineAlignedLayout.AlignedOffsetMultipleOf64
2026-08-24T12:24:18.727172Z 01O  64/224 Test  #64: CacheLineAlignedLayout.AlignedOffsetMultipleOf64 ..........................   Passed    0.00 sec
2026-08-24T12:24:18.727222Z 01O         Start  65: CacheLineAlignedLayout.PaddingComputation
2026-08-24T12:24:18.727926Z 01O  65/224 Test  #65: CacheLineAlignedLayout.PaddingComputation .................................   Passed    0.00 sec
2026-08-24T12:24:18.727984Z 01O         Start  66: CacheLineAlignedLayout.LinesNeeded
2026-08-24T12:24:18.728719Z 01O  66/224 Test  #66: CacheLineAlignedLayout.LinesNeeded ........................................   Passed    0.00 sec
2026-08-24T12:24:18.728772Z 01O         Start  67: CacheLineAlignedLayout.IsAlignedCheck
2026-08-24T12:24:18.729463Z 01O  67/224 Test  #67: CacheLineAlignedLayout.IsAlignedCheck .....................................   Passed    0.00 sec
2026-08-24T12:24:18.729514Z 01O         Start  68: CacheLineAlignedLayout.SlotViewReturnsCorrectSubspan
2026-08-24T12:24:18.730314Z 01O  68/224 Test  #68: CacheLineAlignedLayout.SlotViewReturnsCorrectSubspan ......................   Passed    0.00 sec
2026-08-24T12:24:18.730355Z 01O         Start  69: MultiLevelLayout.DefaultBudgetsMatchExpectations
2026-08-24T12:24:18.731068Z 01O  69/224 Test  #69: MultiLevelLayout.DefaultBudgetsMatchExpectations ..........................   Passed    0.00 sec
2026-08-24T12:24:18.731108Z 01O         Start  70: MultiLevelLayout.TierClassificationByOffset
2026-08-24T12:24:18.731842Z 01O  70/224 Test  #70: MultiLevelLayout.TierClassificationByOffset ...............................   Passed    0.00 sec
2026-08-24T12:24:18.731887Z 01O         Start  71: MultiLevelLayout.ResolveAddressUsesAlignedSlot
2026-08-24T12:24:18.732575Z 01O  71/224 Test  #71: MultiLevelLayout.ResolveAddressUsesAlignedSlot ............................   Passed    0.00 sec
2026-08-24T12:24:18.732607Z 01O         Start  72: MultiLevelLayout.KeyAtZeroIsHotTier
2026-08-24T12:24:18.733255Z 01O  72/224 Test  #72: MultiLevelLayout.KeyAtZeroIsHotTier .......................................   Passed    0.00 sec
2026-08-24T12:24:18.733285Z 01O         Start  73: MultiLevelLayout.BudgetCanBeChanged
2026-08-24T12:24:18.733959Z 01O  73/224 Test  #73: MultiLevelLayout.BudgetCanBeChanged .......................................   Passed    0.00 sec
2026-08-24T12:24:18.733987Z 01O         Start  74: PoolDescriptor.KindNamesAreSpecific
2026-08-24T12:24:18.734645Z 01O  74/224 Test  #74: PoolDescriptor.KindNamesAreSpecific .......................................   Passed    0.00 sec
2026-08-24T12:24:18.734682Z 01O         Start  75: PoolStatistics.OnAllocIncrementsCounters
2026-08-24T12:24:18.735404Z 01O  75/224 Test  #75: PoolStatistics.OnAllocIncrementsCounters ..................................   Passed    0.00 sec
2026-08-24T12:24:18.735456Z 01O         Start  76: PoolStatistics.OnDeallocReducesInUse
2026-08-24T12:24:18.736196Z 01O  76/224 Test  #76: PoolStatistics.OnDeallocReducesInUse ......................................   Passed    0.00 sec
2026-08-24T12:24:18.736231Z 01O         Start  77: PoolStatistics.OnDeallocClampsAtZero
2026-08-24T12:24:18.736866Z 01O  77/224 Test  #77: PoolStatistics.OnDeallocClampsAtZero ......................................   Passed    0.00 sec
2026-08-24T12:24:18.736904Z 01O         Start  78: PoolSet.SevenPoolsExist
2026-08-24T12:24:18.737602Z 01O  78/224 Test  #78: PoolSet.SevenPoolsExist ...................................................   Passed    0.00 sec
2026-08-24T12:24:18.737637Z 01O         Start  79: PoolSet.EachPoolKindIsAccessible
2026-08-24T12:24:18.738332Z 01O  79/224 Test  #79: PoolSet.EachPoolKindIsAccessible ..........................................   Passed    0.00 sec
2026-08-24T12:24:18.738361Z 01O         Start  80: PoolSet.ConfigureSetsSlotSizeAndCapacity
2026-08-24T12:24:18.739049Z 01O  80/224 Test  #80: PoolSet.ConfigureSetsSlotSizeAndCapacity ..................................   Passed    0.00 sec
2026-08-24T12:24:18.739082Z 01O         Start  81: PoolSet.NoteAllocAggregatesAcrossPools
2026-08-24T12:24:18.739784Z 01O  81/224 Test  #81: PoolSet.NoteAllocAggregatesAcrossPools ....................................   Passed    0.00 sec
2026-08-24T12:24:18.739818Z 01O         Start  82: PoolSet.NoteDeallocReducesInUse
2026-08-24T12:24:18.740508Z 01O  82/224 Test  #82: PoolSet.NoteDeallocReducesInUse ...........................................   Passed    0.00 sec
2026-08-24T12:24:18.740538Z 01O         Start  83: PoolRouter.RoutePageEncodingsToCorrectPools
2026-08-24T12:24:18.741293Z 01O  83/224 Test  #83: PoolRouter.RoutePageEncodingsToCorrectPools ...............................   Passed    0.00 sec
2026-08-24T12:24:18.741342Z 01O         Start  84: PoolRouter.RouteValueHandlesToValuePools
2026-08-24T12:24:18.742061Z 01O  84/224 Test  #84: PoolRouter.RouteValueHandlesToValuePools ..................................   Passed    0.00 sec
2026-08-24T12:24:18.742111Z 01O         Start  85: PoolRouter.MiscRoutesToRestPool
2026-08-24T12:24:18.742835Z 01O  85/224 Test  #85: PoolRouter.MiscRoutesToRestPool ...........................................   Passed    0.00 sec
2026-08-24T12:24:18.742872Z 01O         Start  86: OlcWithReservedValueBlocks.InitialVersionIsZero
2026-08-24T12:24:18.743605Z 01O  86/224 Test  #86: OlcWithReservedValueBlocks.InitialVersionIsZero ...........................   Passed    0.00 sec
2026-08-24T12:24:18.743657Z 01O         Start  87: OlcWithReservedValueBlocks.ValidateUnchangedVersion
2026-08-24T12:24:18.744420Z 01O  87/224 Test  #87: OlcWithReservedValueBlocks.ValidateUnchangedVersion .......................   Passed    0.00 sec
2026-08-24T12:24:18.744469Z 01O         Start  88: OlcWithReservedValueBlocks.BeginWriteSetsWriteMarker
2026-08-24T12:24:18.745145Z 01O  88/224 Test  #88: OlcWithReservedValueBlocks.BeginWriteSetsWriteMarker ......................   Passed    0.00 sec
2026-08-24T12:24:18.745179Z 01O         Start  89: OlcWithReservedValueBlocks.EndWriteIncrementsAndClearsMarker
2026-08-24T12:24:18.745894Z 01O  89/224 Test  #89: OlcWithReservedValueBlocks.EndWriteIncrementsAndClearsMarker ..............   Passed    0.00 sec
2026-08-24T12:24:18.745940Z 01O         Start  90: OlcWithReservedValueBlocks.ValidateFailsAfterWrite
2026-08-24T12:24:18.746678Z 01O  90/224 Test  #90: OlcWithReservedValueBlocks.ValidateFailsAfterWrite ........................   Passed    0.00 sec
2026-08-24T12:24:18.746731Z 01O         Start  91: OlcWithReservedValueBlocks.ReserveBlockReturnsUniqueIds
2026-08-24T12:24:18.747384Z 01O  91/224 Test  #91: OlcWithReservedValueBlocks.ReserveBlockReturnsUniqueIds ...................   Passed    0.00 sec
2026-08-24T12:24:18.747449Z 01O         Start  92: OlcWithReservedValueBlocks.ResetClearsState
2026-08-24T12:24:18.748140Z 01O  92/224 Test  #92: OlcWithReservedValueBlocks.ResetClearsState ...............................   Passed    0.00 sec
2026-08-24T12:24:18.748188Z 01O         Start  93: OlcWithReservedValueBlocks.SecondWriterCannotEnterWhileFirstActive
2026-08-24T12:24:18.769038Z 01O  93/224 Test  #93: OlcWithReservedValueBlocks.SecondWriterCannotEnterWhileFirstActive ........   Passed    0.02 sec
2026-08-24T12:24:18.769086Z 01O         Start  94: OlcWithReservedValueBlocks.ConcurrentWritersKeepMonotoneEvenGenerations
2026-08-24T12:24:18.769903Z 01O  94/224 Test  #94: OlcWithReservedValueBlocks.ConcurrentWritersKeepMonotoneEvenGenerations ...   Passed    0.00 sec
2026-08-24T12:24:18.769940Z 01O         Start  95: WriteGuard.AcquiresAndReleasesAutomatically
2026-08-24T12:24:18.770648Z 01O  95/224 Test  #95: WriteGuard.AcquiresAndReleasesAutomatically ...............................   Passed    0.00 sec
2026-08-24T12:24:18.770686Z 01O         Start  96: WriteGuard.EachGuardReservesNewBlock
2026-08-24T12:24:18.771329Z 01O  96/224 Test  #96: WriteGuard.EachGuardReservesNewBlock ......................................   Passed    0.00 sec
2026-08-24T12:24:18.771357Z 01O         Start  97: DistanceEstimator.MinAndMaxBoundsAreEnforced
2026-08-24T12:24:18.772191Z 01O  97/224 Test  #97: DistanceEstimator.MinAndMaxBoundsAreEnforced ..............................   Passed    0.00 sec
2026-08-24T12:24:18.772226Z 01O         Start  98: DistanceEstimator.SparseHighLatencyHasLargerDistance
2026-08-24T12:24:18.772910Z 01O  98/224 Test  #98: DistanceEstimator.SparseHighLatencyHasLargerDistance ......................   Passed    0.00 sec
2026-08-24T12:24:18.772944Z 01O         Start  99: DistanceEstimator.DistanceIsAlwaysWithinBounds
2026-08-24T12:24:18.773586Z 01O  99/224 Test  #99: DistanceEstimator.DistanceIsAlwaysWithinBounds ............................   Passed    0.00 sec
2026-08-24T12:24:18.773630Z 01O         Start 100: PathOrientedPrefetch.EmptyQueueAfterConstruction
2026-08-24T12:24:18.774332Z 01O 100/224 Test #100: PathOrientedPrefetch.EmptyQueueAfterConstruction ..........................   Passed    0.00 sec
2026-08-24T12:24:18.774369Z 01O         Start 101: PathOrientedPrefetch.EnqueueIncrementsCounters
2026-08-24T12:24:18.775007Z 01O 101/224 Test #101: PathOrientedPrefetch.EnqueueIncrementsCounters ............................   Passed    0.00 sec
2026-08-24T12:24:18.775035Z 01O         Start 102: PathOrientedPrefetch.SuggestExtrapolates
2026-08-24T12:24:18.775762Z 01O 102/224 Test #102: PathOrientedPrefetch.SuggestExtrapolates ..................................   Passed    0.00 sec
2026-08-24T12:24:18.775795Z 01O         Start 103: PathOrientedPrefetch.QueueIsBoundedAt16
2026-08-24T12:24:18.776446Z 01O 103/224 Test #103: PathOrientedPrefetch.QueueIsBoundedAt16 ...................................   Passed    0.00 sec
2026-08-24T12:24:18.776494Z 01O         Start 104: PathOrientedPrefetch.ResetClearsQueue
2026-08-24T12:24:18.777212Z 01O 104/224 Test #104: PathOrientedPrefetch.ResetClearsQueue .....................................   Passed    0.00 sec
2026-08-24T12:24:18.777261Z 01O         Start 105: RedirectPrefetch.ScheduleTracksAddress
2026-08-24T12:24:18.777958Z 01O 105/224 Test #105: RedirectPrefetch.ScheduleTracksAddress ....................................   Passed    0.00 sec
2026-08-24T12:24:18.777994Z 01O         Start 106: RedirectPrefetch.FanOutSlotsRespectCacheLineSize
2026-08-24T12:24:18.778693Z 01O 106/224 Test #106: RedirectPrefetch.FanOutSlotsRespectCacheLineSize ..........................   Passed    0.00 sec
2026-08-24T12:24:18.778728Z 01O         Start 107: RedirectPrefetch.NegativeOffsetIsClampedAtZero
2026-08-24T12:24:18.779405Z 01O 107/224 Test #107: RedirectPrefetch.NegativeOffsetIsClampedAtZero ............................   Passed    0.00 sec
2026-08-24T12:24:18.779486Z 01O         Start 108: RedirectPrefetch.ResetClearsState
2026-08-24T12:24:18.780196Z 01O 108/224 Test #108: RedirectPrefetch.ResetClearsState .........................................   Passed    0.00 sec
2026-08-24T12:24:18.780245Z 01O         Start 109: DensityTracker.EmptyAfterConstruction
2026-08-24T12:24:18.781097Z 01O 109/224 Test #109: DensityTracker.EmptyAfterConstruction .....................................   Passed    0.00 sec
2026-08-24T12:24:18.781140Z 01O         Start 110: DensityTracker.RecordAndQuery
2026-08-24T12:24:18.781952Z 01O 110/224 Test #110: DensityTracker.RecordAndQuery .............................................   Passed    0.00 sec
2026-08-24T12:24:18.782033Z 01O         Start 111: DensityTracker.Histogram4BucketsByThresholds
2026-08-24T12:24:18.782798Z 01O 111/224 Test #111: DensityTracker.Histogram4BucketsByThresholds ..............................   Passed    0.00 sec
2026-08-24T12:24:18.782840Z 01O         Start 112: DensityTracker.ResetClearsHistory
2026-08-24T12:24:18.783539Z 01O 112/224 Test #112: DensityTracker.ResetClearsHistory .........................................   Passed    0.00 sec
2026-08-24T12:24:18.783587Z 01O         Start 113: H1PageTypeCost.NoteLookupBuildsOnlineMean
2026-08-24T12:24:18.784292Z 01O 113/224 Test #113: H1PageTypeCost.NoteLookupBuildsOnlineMean .................................   Passed    0.00 sec
2026-08-24T12:24:18.784323Z 01O         Start 114: H1PageTypeCost.MultiplePageTypesTrackedSeparately
2026-08-24T12:24:18.785044Z 01O 114/224 Test #114: H1PageTypeCost.MultiplePageTypesTrackedSeparately .........................   Passed    0.00 sec
2026-08-24T12:24:18.785073Z 01O         Start 115: H2CodeQuality.ScoreAndNote
2026-08-24T12:24:18.785714Z 01O 115/224 Test #115: H2CodeQuality.ScoreAndNote ................................................   Passed    0.00 sec
2026-08-24T12:24:18.785742Z 01O         Start 116: H3InlineVsExternal.EmptyTotalIsZero
2026-08-24T12:24:18.786378Z 01O 116/224 Test #116: H3InlineVsExternal.EmptyTotalIsZero .......................................   Passed    0.00 sec
2026-08-24T12:24:18.786407Z 01O         Start 117: H3InlineVsExternal.SharesSumToOne
2026-08-24T12:24:18.787106Z 01O 117/224 Test #117: H3InlineVsExternal.SharesSumToOne .........................................   Passed    0.00 sec
2026-08-24T12:24:18.787133Z 01O         Start 118: PrtArtHypothesisMetrics.AllThreeAccessible
2026-08-24T12:24:18.787777Z 01O 118/224 Test #118: PrtArtHypothesisMetrics.AllThreeAccessible ................................   Passed    0.00 sec
2026-08-24T12:24:18.787805Z 01O         Start 119: PrtArtIdentity.FlagsAreNonEmpty
2026-08-24T12:24:18.788495Z 01O 119/224 Test #119: PrtArtIdentity.FlagsAreNonEmpty ...........................................   Passed    0.00 sec
2026-08-24T12:24:18.788523Z 01O         Start 120: PrtArtIdentity.FlagsAreValidCombination
2026-08-24T12:24:18.789202Z 01O 120/224 Test #120: PrtArtIdentity.FlagsAreValidCombination ...................................   Passed    0.00 sec
2026-08-24T12:24:18.789223Z 01O         Start 121: PrtArtIdentity.FlagsHaveAllBanksFilled
2026-08-24T12:24:18.789932Z 01O 121/224 Test #121: PrtArtIdentity.FlagsHaveAllBanksFilled ....................................   Passed    0.00 sec
2026-08-24T12:24:18.789976Z 01O         Start 122: PrtArtIdentity.IdentifierIsHexString
2026-08-24T12:24:18.790672Z 01O 122/224 Test #122: PrtArtIdentity.IdentifierIsHexString ......................................   Passed    0.00 sec
2026-08-24T12:24:18.790702Z 01O         Start 123: PrtArtIdentity.FlagsContainPrtartSpecificPageBits
2026-08-24T12:24:18.791358Z 01O 123/224 Test #123: PrtArtIdentity.FlagsContainPrtartSpecificPageBits .........................   Passed    0.00 sec
2026-08-24T12:24:18.791385Z 01O         Start 124: PrtArtIdentity.ContainsPrtArtBPlusAndRedirectNodes
2026-08-24T12:24:18.792053Z 01O 124/224 Test #124: PrtArtIdentity.ContainsPrtArtBPlusAndRedirectNodes ........................   Passed    0.00 sec
2026-08-24T12:24:18.792079Z 01O         Start 125: PrtArtIdentity.OlcConcurrencyIsSet
2026-08-24T12:24:18.792746Z 01O 125/224 Test #125: PrtArtIdentity.OlcConcurrencyIsSet ........................................   Passed    0.00 sec
2026-08-24T12:24:18.792772Z 01O         Start 126: MapApi.EmptyAfterConstruction
2026-08-24T12:24:18.793520Z 01O 126/224 Test #126: MapApi.EmptyAfterConstruction .............................................   Passed    0.00 sec
2026-08-24T12:24:18.793553Z 01O         Start 127: MapApi.IdentityFlagsMatchFreeFunction
2026-08-24T12:24:18.794276Z 01O 127/224 Test #127: MapApi.IdentityFlagsMatchFreeFunction .....................................   Passed    0.00 sec
2026-08-24T12:24:18.794318Z 01O         Start 128: MapApi.IdentifierMatchesFreeFunction
2026-08-24T12:24:18.795055Z 01O 128/224 Test #128: MapApi.IdentifierMatchesFreeFunction ......................................   Passed    0.00 sec
2026-08-24T12:24:18.795098Z 01O         Start 129: MapApi.PoolsConfiguredFor7Slots
2026-08-24T12:24:18.795799Z 01O 129/224 Test #129: MapApi.PoolsConfiguredFor7Slots ...........................................   Passed    0.00 sec
2026-08-24T12:24:18.795837Z 01O         Start 130: MapApi.InsertReturnsStatusOk
2026-08-24T12:24:18.796553Z 01O 130/224 Test #130: MapApi.InsertReturnsStatusOk ..............................................   Passed    0.00 sec
2026-08-24T12:24:18.796593Z 01O         Start 131: MapApi.InsertExistingReturnsKeyAlreadyExists
2026-08-24T12:24:18.797314Z 01O 131/224 Test #131: MapApi.InsertExistingReturnsKeyAlreadyExists ..............................   Passed    0.00 sec
2026-08-24T12:24:18.797359Z 01O         Start 132: MapApi.SetUpdatesExistingKey
2026-08-24T12:24:18.798110Z 01O 132/224 Test #132: MapApi.SetUpdatesExistingKey ..............................................   Passed    0.00 sec
2026-08-24T12:24:18.798156Z 01O         Start 133: MapApi.LookupOnEmptyReturnsNullopt
2026-08-24T12:24:18.798934Z 01O 133/224 Test #133: MapApi.LookupOnEmptyReturnsNullopt ........................................   Passed    0.00 sec
2026-08-24T12:24:18.798968Z 01O         Start 134: MapApi.LookupAfterInsertRoundtrip
2026-08-24T12:24:18.799756Z 01O 134/224 Test #134: MapApi.LookupAfterInsertRoundtrip .........................................   Passed    0.00 sec
2026-08-24T12:24:18.799788Z 01O         Start 135: MapApi.EraseRemovesEntryAndReturnsOk
2026-08-24T12:24:18.800523Z 01O 135/224 Test #135: MapApi.EraseRemovesEntryAndReturnsOk ......................................   Passed    0.00 sec
2026-08-24T12:24:18.800560Z 01O         Start 136: MapApi.EraseNonExistentReturnsKeyNotFound
2026-08-24T12:24:18.801263Z 01O 136/224 Test #136: MapApi.EraseNonExistentReturnsKeyNotFound .................................   Passed    0.00 sec
2026-08-24T12:24:18.801308Z 01O         Start 137: MapApi.ClearRemovesAll
2026-08-24T12:24:18.802096Z 01O 137/224 Test #137: MapApi.ClearRemovesAll ....................................................   Passed    0.00 sec
2026-08-24T12:24:18.802144Z 01O         Start 138: MapApi.ContainsAndCount
2026-08-24T12:24:18.802870Z 01O 138/224 Test #138: MapApi.ContainsAndCount ...................................................   Passed    0.00 sec
2026-08-24T12:24:18.802916Z 01O         Start 139: MapApi.RangeScanReturnsNonEmpty
2026-08-24T12:24:18.803640Z 01O 139/224 Test #139: MapApi.RangeScanReturnsNonEmpty ...........................................   Passed    0.00 sec
2026-08-24T12:24:18.803689Z 01O         Start 140: MapApi.StringKeyAndStringValueWorks
2026-08-24T12:24:18.804446Z 01O 140/224 Test #140: MapApi.StringKeyAndStringValueWorks .......................................   Passed    0.00 sec
2026-08-24T12:24:18.804493Z 01O         Start 141: MapApi.DensityTrackerReceivesUpdatesOnInserts
2026-08-24T12:24:18.805202Z 01O 141/224 Test #141: MapApi.DensityTrackerReceivesUpdatesOnInserts .............................   Passed    0.00 sec
2026-08-24T12:24:18.805243Z 01O         Start 142: MapApi.OlcReservedBlocksGrowWithWrites
2026-08-24T12:24:18.805982Z 01O 142/224 Test #142: MapApi.OlcReservedBlocksGrowWithWrites ....................................   Passed    0.00 sec
2026-08-24T12:24:18.806023Z 01O         Start 143: MapApi.MultiThreadedInsertsAreConsistent
2026-08-24T12:24:18.807052Z 01O 143/224 Test #143: MapApi.MultiThreadedInsertsAreConsistent ..................................   Passed    0.00 sec
2026-08-24T12:24:18.807094Z 01O         Start 144: MapApi.HitMissCountersTracked
2026-08-24T12:24:18.807841Z 01O 144/224 Test #144: MapApi.HitMissCountersTracked .............................................   Passed    0.00 sec
2026-08-24T12:24:18.807893Z 01O         Start 145: MapApi.ComponentAccessorsAreReachable
2026-08-24T12:24:18.808618Z 01O 145/224 Test #145: MapApi.ComponentAccessorsAreReachable .....................................   Passed    0.00 sec
2026-08-24T12:24:18.808665Z 01O         Start 146: TupleApi.MappedTypeIsTuple
2026-08-24T12:24:18.809492Z 01O 146/224 Test #146: TupleApi.MappedTypeIsTuple ................................................   Passed    0.00 sec
2026-08-24T12:24:18.809536Z 01O         Start 147: TupleApi.InsertWithMultipleValuesPacksIntoTuple
2026-08-24T12:24:18.810244Z 01O 147/224 Test #147: TupleApi.InsertWithMultipleValuesPacksIntoTuple ...........................   Passed    0.00 sec
2026-08-24T12:24:18.810286Z 01O         Start 148: TupleApi.DuplicateInsertReturnsKeyAlreadyExists
2026-08-24T12:24:18.810983Z 01O 148/224 Test #148: TupleApi.DuplicateInsertReturnsKeyAlreadyExists ...........................   Passed    0.00 sec
2026-08-24T12:24:18.811026Z 01O         Start 149: TupleApi.EraseInTupleMode
2026-08-24T12:24:18.811820Z 01O 149/224 Test #149: TupleApi.EraseInTupleMode .................................................   Passed    0.00 sec
2026-08-24T12:24:18.811859Z 01O         Start 150: VectorApi.EmptyAfterConstruction
2026-08-24T12:24:18.812587Z 01O 150/224 Test #150: VectorApi.EmptyAfterConstruction ..........................................   Passed    0.00 sec
2026-08-24T12:24:18.812622Z 01O         Start 151: VectorApi.PushBackReturnsStatusOk
2026-08-24T12:24:18.813375Z 01O 151/224 Test #151: VectorApi.PushBackReturnsStatusOk .........................................   Passed    0.00 sec
2026-08-24T12:24:18.813429Z 01O         Start 152: VectorApi.AtAndFrontBackReadAccess
2026-08-24T12:24:18.814201Z 01O 152/224 Test #152: VectorApi.AtAndFrontBackReadAccess ........................................   Passed    0.00 sec
2026-08-24T12:24:18.814235Z 01O         Start 153: VectorApi.AtOutOfRangeReturnsNullopt
2026-08-24T12:24:18.815038Z 01O 153/224 Test #153: VectorApi.AtOutOfRangeReturnsNullopt ......................................   Passed    0.00 sec
2026-08-24T12:24:18.815084Z 01O         Start 154: VectorApi.FrontBackOnEmptyReturnNullopt
2026-08-24T12:24:18.815837Z 01O 154/224 Test #154: VectorApi.FrontBackOnEmptyReturnNullopt ...................................   Passed    0.00 sec
2026-08-24T12:24:18.815870Z 01O         Start 155: VectorApi.PopBackRemovesLast
2026-08-24T12:24:18.816604Z 01O 155/224 Test #155: VectorApi.PopBackRemovesLast ..............................................   Passed    0.00 sec
2026-08-24T12:24:18.816636Z 01O         Start 156: VectorApi.PopBackOnEmptyReturnsEmptyContainer
2026-08-24T12:24:18.817369Z 01O 156/224 Test #156: VectorApi.PopBackOnEmptyReturnsEmptyContainer .............................   Passed    0.00 sec
2026-08-24T12:24:18.817399Z 01O         Start 157: VectorApi.SetAtUpdatesElement
2026-08-24T12:24:18.818146Z 01O 157/224 Test #157: VectorApi.SetAtUpdatesElement .............................................   Passed    0.00 sec
2026-08-24T12:24:18.818180Z 01O         Start 158: VectorApi.SetAtOutOfRangeReturnsError
2026-08-24T12:24:18.818868Z 01O 158/224 Test #158: VectorApi.SetAtOutOfRangeReturnsError .....................................   Passed    0.00 sec
2026-08-24T12:24:18.818899Z 01O         Start 159: VectorApi.InsertAtInTheMiddle
2026-08-24T12:24:18.819595Z 01O 159/224 Test #159: VectorApi.InsertAtInTheMiddle .............................................   Passed    0.00 sec
2026-08-24T12:24:18.819629Z 01O         Start 160: VectorApi.EraseAtRemovesElement
2026-08-24T12:24:18.820321Z 01O 160/224 Test #160: VectorApi.EraseAtRemovesElement ...........................................   Passed    0.00 sec
2026-08-24T12:24:18.820352Z 01O         Start 161: VectorApi.ClearAndReserveAndResize
2026-08-24T12:24:18.821036Z 01O 161/224 Test #161: VectorApi.ClearAndReserveAndResize ........................................   Passed    0.00 sec
2026-08-24T12:24:18.821069Z 01O         Start 162: VectorApi.AssignReplacesAll
2026-08-24T12:24:18.821757Z 01O 162/224 Test #162: VectorApi.AssignReplacesAll ...............................................   Passed    0.00 sec
2026-08-24T12:24:18.821784Z 01O         Start 163: VectorApi.ShrinkToFitOk
2026-08-24T12:24:18.822462Z 01O 163/224 Test #163: VectorApi.ShrinkToFitOk ...................................................   Passed    0.00 sec
2026-08-24T12:24:18.822489Z 01O         Start 164: VectorApi.DataPointerAccess
2026-08-24T12:24:18.823225Z 01O 164/224 Test #164: VectorApi.DataPointerAccess ...............................................   Passed    0.00 sec
2026-08-24T12:24:18.823250Z 01O         Start 165: VectorApi.IteratorsTraverse
2026-08-24T12:24:18.823981Z 01O 165/224 Test #165: VectorApi.IteratorsTraverse ...............................................   Passed    0.00 sec
2026-08-24T12:24:18.824007Z 01O         Start 166: VectorApi.IdentityFlagsMatchEvenInVectorMode
2026-08-24T12:24:18.824722Z 01O 166/224 Test #166: VectorApi.IdentityFlagsMatchEvenInVectorMode ..............................   Passed    0.00 sec
2026-08-24T12:24:18.824748Z 01O         Start 167: VectorApi.ComponentAccessorsAreReachable
2026-08-24T12:24:18.825448Z 01O 167/224 Test #167: VectorApi.ComponentAccessorsAreReachable ..................................   Passed    0.00 sec
2026-08-24T12:24:18.825473Z 01O         Start 168: VectorApi.MultiThreadedPushBackIsConsistent
2026-08-24T12:24:18.826329Z 01O 168/224 Test #168: VectorApi.MultiThreadedPushBackIsConsistent ...............................   Passed    0.00 sec
2026-08-24T12:24:18.826363Z 01O         Start 169: Status.ConstantsAreDistinct
2026-08-24T12:24:18.827037Z 01O 169/224 Test #169: Status.ConstantsAreDistinct ...............................................   Passed    0.00 sec
2026-08-24T12:24:18.827065Z 01O         Start 170: VectorApi_V12.OperatorBracketReturnsValueAtIndex
2026-08-24T12:24:18.827729Z 01O 170/224 Test #170: VectorApi_V12.OperatorBracketReturnsValueAtIndex ..........................   Passed    0.00 sec
2026-08-24T12:24:18.827762Z 01O         Start 171: VectorApi_V12.EmplaceBackWithArgs
2026-08-24T12:24:18.828483Z 01O 171/224 Test #171: VectorApi_V12.EmplaceBackWithArgs .........................................   Passed    0.00 sec
2026-08-24T12:24:18.828570Z 01O         Start 172: VectorApi_V12.SwapTwoEngines
2026-08-24T12:24:18.829382Z 01O 172/224 Test #172: VectorApi_V12.SwapTwoEngines ..............................................   Passed    0.00 sec
2026-08-24T12:24:18.829478Z 01O         Start 173: VectorApi_V12.ReverseIteratorsTraverseInReverseOrder
2026-08-24T12:24:18.830276Z 01O 173/224 Test #173: VectorApi_V12.ReverseIteratorsTraverseInReverseOrder ......................   Passed    0.00 sec
2026-08-24T12:24:18.830326Z 01O         Start 174: VectorApi_V12.AssignFromRange
2026-08-24T12:24:18.831074Z 01O 174/224 Test #174: VectorApi_V12.AssignFromRange .............................................   Passed    0.00 sec
2026-08-24T12:24:18.831123Z 01O         Start 175: MapApi_V12.OperatorBracketLookup
2026-08-24T12:24:18.832249Z 01O 175/224 Test #175: MapApi_V12.OperatorBracketLookup ..........................................   Passed    0.00 sec
2026-08-24T12:24:18.832337Z 01O         Start 176: MapApi_V12.EmplaceWithArgs
2026-08-24T12:24:18.833520Z 01O 176/224 Test #176: MapApi_V12.EmplaceWithArgs ................................................   Passed    0.00 sec
2026-08-24T12:24:18.833571Z 01O         Start 177: MapApi_V12.TryEmplaceFailsOnExistingKey
2026-08-24T12:24:18.834321Z 01O 177/224 Test #177: MapApi_V12.TryEmplaceFailsOnExistingKey ...................................   Passed    0.00 sec
2026-08-24T12:24:18.834364Z 01O         Start 178: MapApi_V12.InsertOrAssignOverwrites
2026-08-24T12:24:18.835095Z 01O 178/224 Test #178: MapApi_V12.InsertOrAssignOverwrites .......................................   Passed    0.00 sec
2026-08-24T12:24:18.835125Z 01O         Start 179: MapApi_V12.SwapTwoMaps
2026-08-24T12:24:18.835897Z 01O 179/224 Test #179: MapApi_V12.SwapTwoMaps ....................................................   Passed    0.00 sec
2026-08-24T12:24:18.835948Z 01O         Start 180: MapApi_V12.MaxSizeIsPositive
2026-08-24T12:24:18.836828Z 01O 180/224 Test #180: MapApi_V12.MaxSizeIsPositive ..............................................   Passed    0.00 sec
2026-08-24T12:24:18.836882Z 01O         Start 181: MapApi_V12.KeyCompAndValueCompCallable
2026-08-24T12:24:18.837662Z 01O 181/224 Test #181: MapApi_V12.KeyCompAndValueCompCallable ....................................   Passed    0.00 sec
2026-08-24T12:24:18.837708Z 01O         Start 182: MapApi_V13.MergeTakesOnlyUniqueKeys
2026-08-24T12:24:18.838412Z 01O 182/224 Test #182: MapApi_V13.MergeTakesOnlyUniqueKeys .......................................   Passed    0.00 sec
2026-08-24T12:24:18.838446Z 01O         Start 183: MapApi_V13.ExtractReturnsValueAndRemoves
2026-08-24T12:24:18.839200Z 01O 183/224 Test #183: MapApi_V13.ExtractReturnsValueAndRemoves ..................................   Passed    0.00 sec
2026-08-24T12:24:18.839268Z 01O         Start 184: MapApi_V13.ExtractMissingKeyReturnsNullopt
2026-08-24T12:24:18.839986Z 01O 184/224 Test #184: MapApi_V13.ExtractMissingKeyReturnsNullopt ................................   Passed    0.00 sec
2026-08-24T12:24:18.840026Z 01O         Start 185: VarLenEncoder.EncodesSmallValuesIn1Byte
2026-08-24T12:24:18.840798Z 01O 185/224 Test #185: VarLenEncoder.EncodesSmallValuesIn1Byte ...................................   Passed    0.00 sec
2026-08-24T12:24:18.840844Z 01O         Start 186: VarLenEncoder.EncodesLargerValuesInMultipleBytes
2026-08-24T12:24:18.841572Z 01O 186/224 Test #186: VarLenEncoder.EncodesLargerValuesInMultipleBytes ..........................   Passed    0.00 sec
2026-08-24T12:24:18.841649Z 01O         Start 187: VarLenEncoder.EncodeDecodeRoundtrip
2026-08-24T12:24:18.842389Z 01O 187/224 Test #187: VarLenEncoder.EncodeDecodeRoundtrip .......................................   Passed    0.00 sec
2026-08-24T12:24:18.842437Z 01O         Start 188: SignalingStream.EmptyOnConstruction
2026-08-24T12:24:18.843147Z 01O 188/224 Test #188: SignalingStream.EmptyOnConstruction .......................................   Passed    0.00 sec
2026-08-24T12:24:18.843193Z 01O         Start 189: SignalingStream.AppendNormalEntry
2026-08-24T12:24:18.843918Z 01O 189/224 Test #189: SignalingStream.AppendNormalEntry .........................................   Passed    0.00 sec
2026-08-24T12:24:18.843966Z 01O         Start 190: SignalingStream.DecodeRoundtripSingleEntry
2026-08-24T12:24:18.844701Z 01O 190/224 Test #190: SignalingStream.DecodeRoundtripSingleEntry ................................   Passed    0.00 sec
2026-08-24T12:24:18.844743Z 01O         Start 191: SignalingStream.MultipleEntriesIterable
2026-08-24T12:24:18.845514Z 01O 191/224 Test #191: SignalingStream.MultipleEntriesIterable ...................................   Passed    0.00 sec
2026-08-24T12:24:18.845565Z 01O         Start 192: SignalingStream.ClearResets
2026-08-24T12:24:18.846262Z 01O 192/224 Test #192: SignalingStream.ClearResets ...............................................   Passed    0.00 sec
2026-08-24T12:24:18.846292Z 01O         Start 193: LinearValueBuffer.EmptyOnConstruction
2026-08-24T12:24:18.846995Z 01O 193/224 Test #193: LinearValueBuffer.EmptyOnConstruction .....................................   Passed    0.00 sec
2026-08-24T12:24:18.847039Z 01O         Start 194: LinearValueBuffer.AppendAndRead
2026-08-24T12:24:18.847776Z 01O 194/224 Test #194: LinearValueBuffer.AppendAndRead ...........................................   Passed    0.00 sec
2026-08-24T12:24:18.847808Z 01O         Start 195: LinearValueBuffer.EraseMarksTombstone
2026-08-24T12:24:18.848567Z 01O 195/224 Test #195: LinearValueBuffer.EraseMarksTombstone .....................................   Passed    0.00 sec
2026-08-24T12:24:18.848599Z 01O         Start 196: LinearValueBuffer.EraseTwiceIsSafe
2026-08-24T12:24:18.849269Z 01O 196/224 Test #196: LinearValueBuffer.EraseTwiceIsSafe ........................................   Passed    0.00 sec
2026-08-24T12:24:18.849311Z 01O         Start 197: LinearValueBuffer.ShouldCompactBelowThreshold
2026-08-24T12:24:18.850086Z 01O 197/224 Test #197: LinearValueBuffer.ShouldCompactBelowThreshold .............................   Passed    0.00 sec
2026-08-24T12:24:18.850131Z 01O         Start 198: LinearValueBuffer.ShouldCompactAboveThreshold
2026-08-24T12:24:18.850842Z 01O 198/224 Test #198: LinearValueBuffer.ShouldCompactAboveThreshold .............................   Passed    0.00 sec
2026-08-24T12:24:18.850875Z 01O         Start 199: LinearValueBuffer.CompactRemovesTombstonesAndRemaps
2026-08-24T12:24:18.851587Z 01O 199/224 Test #199: LinearValueBuffer.CompactRemovesTombstonesAndRemaps .......................   Passed    0.00 sec
2026-08-24T12:24:18.851620Z 01O         Start 200: LizenzKonsistenz.KeinFremderSpdxBezeichnerImEigencode
2026-08-24T12:24:18.859173Z 01O 200/224 Test #200: LizenzKonsistenz.KeinFremderSpdxBezeichnerImEigencode .....................   Passed    0.01 sec
2026-08-24T12:24:18.859226Z 01O         Start 201: LizenzKonsistenz.LicenseUndNoticeNennenDenselbenBezeichner
2026-08-24T12:24:18.860163Z 01O 201/224 Test #201: LizenzKonsistenz.LicenseUndNoticeNennenDenselbenBezeichner ................   Passed    0.00 sec
2026-08-24T12:24:18.860213Z 01O         Start 202: LizenzKonsistenz.ChangeDateStehtUndIstDerEntschiedene
2026-08-24T12:24:18.860965Z 01O 202/224 Test #202: LizenzKonsistenz.ChangeDateStehtUndIstDerEntschiedene .....................   Passed    0.00 sec
2026-08-24T12:24:18.861007Z 01O         Start 203: LizenzKonsistenz.ChangeDateIstEinIsoDatumNachOf1
2026-08-24T12:24:18.861696Z 01O 203/224 Test #203: LizenzKonsistenz.ChangeDateIstEinIsoDatumNachOf1 ..........................   Passed    0.00 sec
2026-08-24T12:24:18.861733Z 01O         Start 204: LizenzKonsistenz.ChangeDateStehtInNoticeUndReadmeOhnePlatzhalterRest
2026-08-24T12:24:18.862481Z 01O 204/224 Test #204: LizenzKonsistenz.ChangeDateStehtInNoticeUndReadmeOhnePlatzhalterRest ......   Passed    0.00 sec
2026-08-24T12:24:18.862517Z 01O         Start 205: LizenzKonsistenzKoeder.SaubererBaumIstGruen
2026-08-24T12:24:18.863716Z 01O 205/224 Test #205: LizenzKonsistenzKoeder.SaubererBaumIstGruen ...............................   Passed    0.00 sec
2026-08-24T12:24:18.863764Z 01O         Start 206: LizenzKonsistenzKoeder.FremderSpdxBezeichnerWirdGefunden
2026-08-24T12:24:18.864683Z 01O 206/224 Test #206: LizenzKonsistenzKoeder.FremderSpdxBezeichnerWirdGefunden ..................   Passed    0.00 sec
2026-08-24T12:24:18.864724Z 01O         Start 207: LizenzKonsistenzKoeder.NoticeMitApacheBehauptungWirdGefunden
2026-08-24T12:24:18.865554Z 01O 207/224 Test #207: LizenzKonsistenzKoeder.NoticeMitApacheBehauptungWirdGefunden ..............   Passed    0.00 sec
2026-08-24T12:24:18.865591Z 01O         Start 208: LizenzKonsistenzKoeder.VergessenerOf1PlatzhalterInNoticeWirdGefunden
2026-08-24T12:24:18.866456Z 01O 208/224 Test #208: LizenzKonsistenzKoeder.VergessenerOf1PlatzhalterInNoticeWirdGefunden ......   Passed    0.00 sec
2026-08-24T12:24:18.866487Z 01O         Start 209: DefaultLookupRegistry.EnumeratesNineAxes
2026-08-24T12:24:18.867176Z 01O 209/224 Test #209: DefaultLookupRegistry.EnumeratesNineAxes ..................................   Passed    0.00 sec
2026-08-24T12:24:18.867211Z 01O         Start 210: DefaultLookupRegistry.KnownAxesAreFlagged
2026-08-24T12:24:18.867895Z 01O 210/224 Test #210: DefaultLookupRegistry.KnownAxesAreFlagged .................................   Passed    0.00 sec
2026-08-24T12:24:18.867951Z 01O         Start 211: DefaultLookupRegistry.PrtArtEigeneAchsenSindNichtDefaultLookup
2026-08-24T12:24:18.868707Z 01O 211/224 Test #211: DefaultLookupRegistry.PrtArtEigeneAchsenSindNichtDefaultLookup ............   Passed    0.00 sec
2026-08-24T12:24:18.868773Z 01O         Start 212: DefaultLookupRegistry.UnknownAxisIsNotDefaultLookup
2026-08-24T12:24:18.869533Z 01O 212/224 Test #212: DefaultLookupRegistry.UnknownAxisIsNotDefaultLookup .......................   Passed    0.00 sec
2026-08-24T12:24:18.869600Z 01O         Start 213: DefaultLookupRegistry.EachAxisHasCeLibraryPath
2026-08-24T12:24:18.870338Z 01O 213/224 Test #213: DefaultLookupRegistry.EachAxisHasCeLibraryPath ............................   Passed    0.00 sec
2026-08-24T12:24:18.870420Z 01O         Start 214: LeafOnlyCounter.InnerNodeAccessIsNoOp
2026-08-24T12:24:18.871200Z 01O 214/224 Test #214: LeafOnlyCounter.InnerNodeAccessIsNoOp .....................................   Passed    0.00 sec
2026-08-24T12:24:18.871257Z 01O         Start 215: LeafOnlyCounter.LeafAccessIncrements
2026-08-24T12:24:18.872051Z 01O 215/224 Test #215: LeafOnlyCounter.LeafAccessIncrements ......................................   Passed    0.00 sec
2026-08-24T12:24:18.872124Z 01O         Start 216: LeafOnlyCounter.MixedLeafAndInnerNodes
2026-08-24T12:24:18.872896Z 01O 216/224 Test #216: LeafOnlyCounter.MixedLeafAndInnerNodes ....................................   Passed    0.00 sec
2026-08-24T12:24:18.872975Z 01O         Start 217: LeafOnlyCounter.CachePressureEstimate
2026-08-24T12:24:18.873736Z 01O 217/224 Test #217: LeafOnlyCounter.CachePressureEstimate .....................................   Passed    0.00 sec
2026-08-24T12:24:18.873809Z 01O         Start 218: LeafOnlyCounter.EmptyCounterPressureZero
2026-08-24T12:24:18.874551Z 01O 218/224 Test #218: LeafOnlyCounter.EmptyCounterPressureZero ..................................   Passed    0.00 sec
2026-08-24T12:24:18.874608Z 01O         Start 219: LeafOnlyCounter.ConcurrentAccessIsThreadSafeOnSameLeaf
2026-08-24T12:24:18.875666Z 01O 219/224 Test #219: LeafOnlyCounter.ConcurrentAccessIsThreadSafeOnSameLeaf ....................   Passed    0.00 sec
2026-08-24T12:24:18.875717Z 01O         Start 220: LeafOnlyCounter.Reset
2026-08-24T12:24:18.876425Z 01O 220/224 Test #220: LeafOnlyCounter.Reset .....................................................   Passed    0.00 sec
2026-08-24T12:24:18.876463Z 01O         Start 221: LeafOnlyCounter.ConcurrentResetAndRecordNoUseAfterFree
2026-08-24T12:24:18.905534Z 01O 221/224 Test #221: LeafOnlyCounter.ConcurrentResetAndRecordNoUseAfterFree ....................   Passed    0.03 sec
2026-08-24T12:24:18.905585Z 01O         Start 222: PerNodeCounter.IncrementsAllNodesInclInner
2026-08-24T12:24:18.906284Z 01O 222/224 Test #222: PerNodeCounter.IncrementsAllNodesInclInner ................................   Passed    0.00 sec
2026-08-24T12:24:18.906322Z 01O         Start 223: PerNodeCounter.TrackedNodesGrowsLinearlyWithUniqueAccesses
2026-08-24T12:24:18.906969Z 01O 223/224 Test #223: PerNodeCounter.TrackedNodesGrowsLinearlyWithUniqueAccesses ................   Passed    0.00 sec
2026-08-24T12:24:18.907030Z 01O         Start 224: KuehnComparison.LeafOnlyTracksFewerNodesThanPerNode
2026-08-24T12:24:18.907776Z 01O 224/224 Test #224: KuehnComparison.LeafOnlyTracksFewerNodesThanPerNode .......................   Passed    0.00 sec
2026-08-24T12:24:18.908080Z 01O 
2026-08-24T12:24:18.908080Z 01O 100% tests passed, 0 tests failed out of 224
2026-08-24T12:24:18.908085Z 01O 
2026-08-24T12:24:18.908085Z 01O Total Test time (real) =   0.23 sec
2026-08-24T12:24:18.909163Z 01O [32;1m$ rm -rf "${CI_BUILDS_DIR:-/var/lib/gitlab-runner/builds}/.gitiso-${CI_JOB_ID}"[0;m
2026-08-24T12:24:18.911284Z 00O section_end:1787574258:step_script[0K
2026-08-24T12:24:18.911665Z 00O+section_start:1787574258:archive_cache[0K
2026-08-24T12:24:18.911668Z 00O+[0K[36;1mSaving cache for successful job[0;m[0;m
2026-08-24T12:24:18.974385Z 01O [32;1mCreating cache ccache-comdare-prt-art-clang-protected...[0;m
2026-08-24T12:24:19.002767Z 01E Runtime platform                                  [0;m  arch[0;m=amd64 os[0;m=linux pid[0;m=2326765 revision[0;m=24b9b726 version[0;m=19.1.1
2026-08-24T12:24:19.004401Z 01E .ccache: found 359 matching artifact files and directories[0;m 
2026-08-24T12:24:19.031295Z 01E Using presigned URL for cache upload              [0;m 
2026-08-24T12:24:19.031299Z 01E Uploading cache.zip to https://minio.comdare.de:9000/buildsystem-cache/project/287/ccache-comdare-prt-art-clang-protected[0;m 
2026-08-24T12:24:19.312541Z 01O [32;1mCreated cache[0;m
2026-08-24T12:24:19.313982Z 00O section_end:1787574259:archive_cache[0K
2026-08-24T12:24:19.314308Z 00O+section_start:1787574259:cleanup_file_variables[0K
2026-08-24T12:24:19.314312Z 00O+[0K[36;1mCleaning up project directory and file based variables[0;m[0;m
2026-08-24T12:24:19.351573Z 00O section_end:1787574259:cleanup_file_variables[0K
2026-08-24T12:24:19.351633Z 00O [32;1mJob succeeded[0;m
