== ctest -N Gesamt ==

Total Tests: 534
== die zwei pmcpaket-Tests im Register ==
  Test #533: test_pmc_startup_pruefung
  Test #534: test_pmc_raw_event_katalog
== Z03-Abnahme-ctest-Zahl (Vor-Merge-Stand) ==
/home/comdare/backups-workflow/20260822-lande-zug/Z03/ctest-harmonisierung-nachbarn.log:100% tests passed, 0 tests failed out of 5
/home/comdare/backups-workflow/20260822-lande-zug/Z03/ctest-voll-lauf2-nach-harmonisierung.log:100% tests passed, 0 tests failed out of 532
/home/comdare/backups-workflow/20260822-lande-zug/Z03/ctest-voll.log:99% tests passed, 1 tests failed out of 532
bau-all.log
bau-j0b-configure.log
bau-j1-werkzeuge.log
bau-reconfigure.log
bau-tests.log
ctest-harmonisierung-nachbarn.log
ctest-voll-lauf2-nach-harmonisierung.log
ctest-voll.log
ENDSTAND.log
EXPLORE-BEFUND.md
harmonisierung-beweis.log
merge-commit-b283f86c.log
