== Suche stringop-overflow/test_v41_topic_traversal in juengsten Kombibau-Logs ==
ci16085-job382984-trace.txt
ci16085-job382997-trace.txt
clang-dbg-build.log
clang-dbg-configure.log
clang-dbg-ctest.log
clang-rel-build.log
clang-rel-configure.log
clang-rel-ctest.log
floor-logs2
floor-messung2.log
gcc-dbg-build.log
gcc-dbg-configure.log
gcc-dbg-ctest.log
gcc-rel-build.log
gcc-rel-configure.log
gcc-rel-ctest.log
kombibau-cifix-varwache.sh
kombibau-haupt-lauf2.log
kombibau-haupt.log
/home/comdare/backups-workflow/20260822-lande-cifix-varwache/ci16085-job382997-trace.txt
/home/comdare/backups-workflow/20260821-w1l-landung/lande-ce.md
/home/comdare/backups-workflow/20260822-lande-cifix-varwache/gcc-rel-build.log
/home/comdare/backups-workflow/20260821-w1l-landung/kombibau.log
/home/comdare/backups-workflow/20260822-lande-cifix-varwache/floor-logs2/all.out
/home/comdare/backups-workflow/20260821-w1l-landung/cifix_gcc-release_all.out
/home/comdare/backups-workflow/20260821-w1l-landung/ci-16069-rote-jobs/test-coverage-guard-382833.trace.log
/home/comdare/backups-workflow/20260821-w1l-landung/ci16069-rotlogs/job382833.log
/home/comdare/backups-workflow/20260821-w1l-landung/kombibau-logs/a-gcc-release-all.out
/home/comdare/backups-workflow/20260821-w1l-landung/floor-logs/all.out
GREP_L_RC=0
--- /home/comdare/backups-workflow/20260821-w1l-landung/kombibau.log:
1
--- /home/comdare/backups-workflow/20260822-lande-cifix-varwache/gcc-rel-build.log:
1
traegt auch test_v41_topic_traversal-Kontext
--- /home/comdare/backups-workflow/20260822-lande-cifix-varwache/floor-logs2/all.out:
1
traegt auch test_v41_topic_traversal-Kontext
--- /home/comdare/backups-workflow/20260821-w1l-landung/cifix_gcc-release_all.out:
1
traegt auch test_v41_topic_traversal-Kontext
--- /home/comdare/backups-workflow/20260822-lande-cifix-varwache/ci16085-job382997-trace.txt:
2
traegt auch test_v41_topic_traversal-Kontext
--- /home/comdare/backups-workflow/20260821-w1l-landung/lande-ce.md:
2
--- /home/comdare/backups-workflow/20260821-w1l-landung/ci-16069-rote-jobs/test-coverage-guard-382833.trace.log:
1
traegt auch test_v41_topic_traversal-Kontext
--- /home/comdare/backups-workflow/20260821-w1l-landung/kombibau-logs/a-gcc-release-all.out:
1
traegt auch test_v41_topic_traversal-Kontext
--- /home/comdare/backups-workflow/20260821-w1l-landung/ci16069-rotlogs/job382833.log:
1
traegt auch test_v41_topic_traversal-Kontext
--- /home/comdare/backups-workflow/20260821-w1l-landung/floor-logs/all.out:
1
traegt auch test_v41_topic_traversal-Kontext
