== merge-base lande vs bau/pmcpaket ==
MB=66de5c0972290ec1ae3d219988ecc207d8f5de6b
== ist 1d38263b schon enthalten? ==
ENTHALTEN=NEIN (rc=1)
== pmcpaket-Diffflaeche (MB..1d38263b) name-status ==
M	libs/cache_engine/builder/experiment_tree/cache_engine_builder_iterator.hpp
M	libs/cache_engine/builder/linux_perf_pmc_source.hpp
A	libs/cache_engine/builder/pmc_startup_pruefung.hpp
A	libs/cache_engine/include/cache_engine/measurement/pmc_event_biss.hpp
M	libs/cache_engine/include/cache_engine/measurement/pmc_event_set.hpp
A	libs/cache_engine/include/cache_engine/measurement/pmc_raw_event_katalog.hpp
M	libs/cache_engine/include/cache_engine/measurement/pmc_source.hpp
M	libs/cache_engine/profile_facade/planner/experiment_plan_director.hpp
M	libs/cache_engine/profile_facade/planner/pmc_host_probe.hpp
M	tests/unit/CMakeLists.txt
M	tests/unit/test_a8s3_csv_klasse_c.cpp
A	tests/unit/test_pmc_raw_event_katalog.cpp
A	tests/unit/test_pmc_startup_pruefung.cpp
M	tests/unit/thesis_tiere/linux_perf_pmc_smoke.cpp
M	tests/unit/thesis_tiere/m3v2_pmc_smoke.cpp
M	tests/unit/thesis_tiere/test_experiment_plan_director.cpp
== Anzahl ==
16
== UEBERLAPPUNG: Dateien die BEIDE Seiten anfassen ==
libs/cache_engine/builder/experiment_tree/cache_engine_builder_iterator.hpp
libs/cache_engine/profile_facade/planner/pmc_host_probe.hpp
tests/unit/CMakeLists.txt
== Ende Ueberlappung ==
