== pmc_zelle Token-Haerte (pmcpaket P-03: kein available-Gate) ==
1042:    // EIGENES Quellen-Flag (PmcCounters::*_source_available) sagt, dass GENAU DIESER Zaehler wirklich
1060:    auto                   pmc_zelle = [&](std::uint64_t value, bool source_available) {
1063:        } else if (!source_available) {
1075:    pmc_zelle(row.pmc.cache_misses_l1, row.pmc.cache_misses_l1_source_available);
1077:    pmc_zelle(row.pmc.cache_misses_l2, row.pmc.cache_misses_l2_source_available);
1079:    pmc_zelle(row.pmc.cache_misses_l3, row.pmc.cache_misses_l3_source_available);
1081:    pmc_zelle(row.pmc.dtlb_misses, row.pmc.dtlb_misses_source_available);
1083:    pmc_zelle(row.pmc.coherence_invalidations, row.pmc.coherence_invalidations_source_available);

== Gegeneingang-Einbau collect_ordered-Vorfeld (pmcpaket P-04) ==
59:#include "../pmc_startup_pruefung.hpp"              // #83 C-1(c): CEB-Gegeneingang am Lauf-Host (Warn-Drei-Wege)
3287:    // [PMC-WARN] Teil-Lauf; NICHT einkompiliert, aber der Host-Koeder beisst -> [PMC-WARN] "PMC

== messfenster C-11 (xlsx-INFO-Warnkanal, mess_warnungen) ==
1312:    std::vector<std::string> mess_warnungen;
3091:                                                // [T-15-KLAMMER]
3098:                                                // [T-15-KLAMMER-ENDE]
3313:            // [T-15B-RETRY]
3320:            // [T-15B-RETRY-ENDE]
3328:    // Warnzeile je Lauf in den Traeger LazyRunResult::mess_warnungen (Entry -> MappenNaht ->
3338:            result.mess_warnungen.push_back(
3342:            std::cerr << result.mess_warnungen.back() << "\n" << std::flush;

== s13 PerBinaryMappe (Z03) ==
82:#include <string_view> // S13-03(a): PerBinaryMappeFn reicht Header/Blob als string_view
102:// Funktion (lager_naht::mach_per_binary_mappe_sink), gerufen an der per-Binary-Synchron-Naht mit (bin_dir, binary_id,
104:using PerBinaryMappeFn = std::function<void(std::filesystem::path const& bin_dir, std::string const& binary_id,
283:    // S13-03(a): je GEMESSENER Binary EINE Ergebnis-Mappe (Fassaden-Sink, s. PerBinaryMappeFn oben). Gerufen an der
286:    PerBinaryMappeFn per_binary_mappe;
3170:        // (test_s13_03_per_binary_mappe), die genau dafuer beissen. Die AUSWERTE-CSV je Binary ist
