Auto-merging libs/cache_engine/builder/experiment_tree/cache_engine_builder_iterator.hpp
Auto-merging libs/cache_engine/profile_facade/planner/pmc_host_probe.hpp
CONFLICT (content): Merge conflict in libs/cache_engine/profile_facade/planner/pmc_host_probe.hpp
Auto-merging tests/unit/CMakeLists.txt
CONFLICT (content): Merge conflict in tests/unit/CMakeLists.txt
Automatic merge failed; fix conflicts and then commit the result.
MERGE_RC=1
== status ==
M  libs/cache_engine/builder/experiment_tree/cache_engine_builder_iterator.hpp
M  libs/cache_engine/builder/linux_perf_pmc_source.hpp
A  libs/cache_engine/builder/pmc_startup_pruefung.hpp
A  libs/cache_engine/include/cache_engine/measurement/pmc_event_biss.hpp
M  libs/cache_engine/include/cache_engine/measurement/pmc_event_set.hpp
A  libs/cache_engine/include/cache_engine/measurement/pmc_raw_event_katalog.hpp
M  libs/cache_engine/include/cache_engine/measurement/pmc_source.hpp
M  libs/cache_engine/profile_facade/planner/experiment_plan_director.hpp
UU libs/cache_engine/profile_facade/planner/pmc_host_probe.hpp
UU tests/unit/CMakeLists.txt
M  tests/unit/test_a8s3_csv_klasse_c.cpp
A  tests/unit/test_pmc_raw_event_katalog.cpp
A  tests/unit/test_pmc_startup_pruefung.cpp
M  tests/unit/thesis_tiere/linux_perf_pmc_smoke.cpp
M  tests/unit/thesis_tiere/m3v2_pmc_smoke.cpp
M  tests/unit/thesis_tiere/test_experiment_plan_director.cpp
