== Z11 PRUEF-2 2026-08-23T20:51:11Z ==
=== /home/comdare/wt-ce-s8kopf ===
status--ignored-rc=0 zeilen=26
    | !! ext/allocator/axis_06_allocator/paper_a04_mimalloc/.extracted.marker
    | !! ext/allocator/axis_06_allocator/paper_a04_mimalloc/src/
    | !! ext/allocator/axis_06_allocator/paper_a05_jemalloc/.extracted.marker
    | !! ext/allocator/axis_06_allocator/paper_a05_jemalloc/src/
    | !! ext/allocator/axis_06_allocator/paper_a07_snmalloc/.extracted.marker
    | !! ext/allocator/axis_06_allocator/paper_a07_snmalloc/src/
    | !! ext/allocator/axis_06_allocator/paper_a10_rpmalloc/.extracted.marker
    | !! ext/allocator/axis_06_allocator/paper_a10_rpmalloc/rpmalloc/
    | !! ext/allocator/axis_06_allocator/paper_a11_lrmalloc/.extracted.marker
    | !! ext/allocator/axis_06_allocator/paper_a11_lrmalloc/lrmalloc.cpp
    | !! ext/allocator/axis_06_allocator/paper_a20_dlmalloc/.extracted.marker
    | !! ext/allocator/axis_06_allocator/paper_a20_dlmalloc/malloc.c
    | !! ext/traversal/axis_03a_search_algo/paper_p01_art/.extracted.marker
    | !! ext/traversal/axis_03a_search_algo/paper_p01_art/art.hpp
    | !! ext/traversal/axis_03a_search_algo/paper_p02_hot/.extracted.marker
    | !! ext/traversal/axis_03a_search_algo/paper_p02_hot/hot/
    | !! ext/traversal/axis_03a_search_algo/paper_p03_masstree/.extracted.marker
    | !! ext/traversal/axis_03a_search_algo/paper_p03_masstree/masstree_get.hh
    | !! ext/traversal/axis_03a_search_algo/paper_p03_masstree/masstree_insert.hh
    | !! ext/traversal/axis_03a_search_algo/paper_p03_masstree/masstree_remove.hh
    | !! ext/traversal/axis_03a_search_algo/paper_p05_start/.extracted.marker
    | !! ext/traversal/axis_03a_search_algo/paper_p05_start/START/
    | !! ext/traversal/axis_03a_search_algo/paper_p07_wormhole/.extracted.marker
    | !! ext/traversal/axis_03a_search_algo/paper_p07_wormhole/wh.c
    | !! ext/traversal/axis_03a_search_algo/paper_p10_surf/.extracted.marker
csv/xlsx-ganzer-baum-ausser-_deps: getrackte+untracked gesamt=8
davon-getrackt-im-index=8
UNGETRACKTE-messdateien=0
=== /home/comdare/wt-ce-s13schema ===
status--ignored-rc=0 zeilen=26
    | !! ext/allocator/axis_06_allocator/paper_a04_mimalloc/.extracted.marker
    | !! ext/allocator/axis_06_allocator/paper_a04_mimalloc/src/
    | !! ext/allocator/axis_06_allocator/paper_a05_jemalloc/.extracted.marker
    | !! ext/allocator/axis_06_allocator/paper_a05_jemalloc/src/
    | !! ext/allocator/axis_06_allocator/paper_a07_snmalloc/.extracted.marker
    | !! ext/allocator/axis_06_allocator/paper_a07_snmalloc/src/
    | !! ext/allocator/axis_06_allocator/paper_a10_rpmalloc/.extracted.marker
    | !! ext/allocator/axis_06_allocator/paper_a10_rpmalloc/rpmalloc/
    | !! ext/allocator/axis_06_allocator/paper_a11_lrmalloc/.extracted.marker
    | !! ext/allocator/axis_06_allocator/paper_a11_lrmalloc/lrmalloc.cpp
    | !! ext/allocator/axis_06_allocator/paper_a20_dlmalloc/.extracted.marker
    | !! ext/allocator/axis_06_allocator/paper_a20_dlmalloc/malloc.c
    | !! ext/traversal/axis_03a_search_algo/paper_p01_art/.extracted.marker
    | !! ext/traversal/axis_03a_search_algo/paper_p01_art/art.hpp
    | !! ext/traversal/axis_03a_search_algo/paper_p02_hot/.extracted.marker
    | !! ext/traversal/axis_03a_search_algo/paper_p02_hot/hot/
    | !! ext/traversal/axis_03a_search_algo/paper_p03_masstree/.extracted.marker
    | !! ext/traversal/axis_03a_search_algo/paper_p03_masstree/masstree_get.hh
    | !! ext/traversal/axis_03a_search_algo/paper_p03_masstree/masstree_insert.hh
    | !! ext/traversal/axis_03a_search_algo/paper_p03_masstree/masstree_remove.hh
    | !! ext/traversal/axis_03a_search_algo/paper_p05_start/.extracted.marker
    | !! ext/traversal/axis_03a_search_algo/paper_p05_start/START/
    | !! ext/traversal/axis_03a_search_algo/paper_p07_wormhole/.extracted.marker
    | !! ext/traversal/axis_03a_search_algo/paper_p07_wormhole/wh.c
    | !! ext/traversal/axis_03a_search_algo/paper_p10_surf/.extracted.marker
csv/xlsx-ganzer-baum-ausser-_deps: getrackte+untracked gesamt=8
davon-getrackt-im-index=8
UNGETRACKTE-messdateien=0
=== /home/comdare/wt-ce-pmcpaket ===
status--ignored-rc=0 zeilen=26
    | !! ext/allocator/axis_06_allocator/paper_a04_mimalloc/.extracted.marker
    | !! ext/allocator/axis_06_allocator/paper_a04_mimalloc/src/
    | !! ext/allocator/axis_06_allocator/paper_a05_jemalloc/.extracted.marker
    | !! ext/allocator/axis_06_allocator/paper_a05_jemalloc/src/
    | !! ext/allocator/axis_06_allocator/paper_a07_snmalloc/.extracted.marker
    | !! ext/allocator/axis_06_allocator/paper_a07_snmalloc/src/
    | !! ext/allocator/axis_06_allocator/paper_a10_rpmalloc/.extracted.marker
    | !! ext/allocator/axis_06_allocator/paper_a10_rpmalloc/rpmalloc/
    | !! ext/allocator/axis_06_allocator/paper_a11_lrmalloc/.extracted.marker
    | !! ext/allocator/axis_06_allocator/paper_a11_lrmalloc/lrmalloc.cpp
    | !! ext/allocator/axis_06_allocator/paper_a20_dlmalloc/.extracted.marker
    | !! ext/allocator/axis_06_allocator/paper_a20_dlmalloc/malloc.c
    | !! ext/traversal/axis_03a_search_algo/paper_p01_art/.extracted.marker
    | !! ext/traversal/axis_03a_search_algo/paper_p01_art/art.hpp
    | !! ext/traversal/axis_03a_search_algo/paper_p02_hot/.extracted.marker
    | !! ext/traversal/axis_03a_search_algo/paper_p02_hot/hot/
    | !! ext/traversal/axis_03a_search_algo/paper_p03_masstree/.extracted.marker
    | !! ext/traversal/axis_03a_search_algo/paper_p03_masstree/masstree_get.hh
    | !! ext/traversal/axis_03a_search_algo/paper_p03_masstree/masstree_insert.hh
    | !! ext/traversal/axis_03a_search_algo/paper_p03_masstree/masstree_remove.hh
    | !! ext/traversal/axis_03a_search_algo/paper_p05_start/.extracted.marker
    | !! ext/traversal/axis_03a_search_algo/paper_p05_start/START/
    | !! ext/traversal/axis_03a_search_algo/paper_p07_wormhole/.extracted.marker
    | !! ext/traversal/axis_03a_search_algo/paper_p07_wormhole/wh.c
    | !! ext/traversal/axis_03a_search_algo/paper_p10_surf/.extracted.marker
csv/xlsx-ganzer-baum-ausser-_deps: getrackte+untracked gesamt=8
davon-getrackt-im-index=8
UNGETRACKTE-messdateien=0
=== /home/comdare/wt-ce-vollzug91 ===
status--ignored-rc=0 zeilen=26
    | !! ext/allocator/axis_06_allocator/paper_a04_mimalloc/.extracted.marker
    | !! ext/allocator/axis_06_allocator/paper_a04_mimalloc/src/
    | !! ext/allocator/axis_06_allocator/paper_a05_jemalloc/.extracted.marker
    | !! ext/allocator/axis_06_allocator/paper_a05_jemalloc/src/
    | !! ext/allocator/axis_06_allocator/paper_a07_snmalloc/.extracted.marker
    | !! ext/allocator/axis_06_allocator/paper_a07_snmalloc/src/
    | !! ext/allocator/axis_06_allocator/paper_a10_rpmalloc/.extracted.marker
    | !! ext/allocator/axis_06_allocator/paper_a10_rpmalloc/rpmalloc/
    | !! ext/allocator/axis_06_allocator/paper_a11_lrmalloc/.extracted.marker
    | !! ext/allocator/axis_06_allocator/paper_a11_lrmalloc/lrmalloc.cpp
    | !! ext/allocator/axis_06_allocator/paper_a20_dlmalloc/.extracted.marker
    | !! ext/allocator/axis_06_allocator/paper_a20_dlmalloc/malloc.c
    | !! ext/traversal/axis_03a_search_algo/paper_p01_art/.extracted.marker
    | !! ext/traversal/axis_03a_search_algo/paper_p01_art/art.hpp
    | !! ext/traversal/axis_03a_search_algo/paper_p02_hot/.extracted.marker
    | !! ext/traversal/axis_03a_search_algo/paper_p02_hot/hot/
    | !! ext/traversal/axis_03a_search_algo/paper_p03_masstree/.extracted.marker
    | !! ext/traversal/axis_03a_search_algo/paper_p03_masstree/masstree_get.hh
    | !! ext/traversal/axis_03a_search_algo/paper_p03_masstree/masstree_insert.hh
    | !! ext/traversal/axis_03a_search_algo/paper_p03_masstree/masstree_remove.hh
    | !! ext/traversal/axis_03a_search_algo/paper_p05_start/.extracted.marker
    | !! ext/traversal/axis_03a_search_algo/paper_p05_start/START/
    | !! ext/traversal/axis_03a_search_algo/paper_p07_wormhole/.extracted.marker
    | !! ext/traversal/axis_03a_search_algo/paper_p07_wormhole/wh.c
    | !! ext/traversal/axis_03a_search_algo/paper_p10_surf/.extracted.marker
csv/xlsx-ganzer-baum-ausser-_deps: getrackte+untracked gesamt=8
davon-getrackt-im-index=8
UNGETRACKTE-messdateien=0
=== /home/comdare/wt-ce-ph89 ===
status--ignored-rc=0 zeilen=27
    | !! build/
    | !! ext/allocator/axis_06_allocator/paper_a04_mimalloc/.extracted.marker
    | !! ext/allocator/axis_06_allocator/paper_a04_mimalloc/src/
    | !! ext/allocator/axis_06_allocator/paper_a05_jemalloc/.extracted.marker
    | !! ext/allocator/axis_06_allocator/paper_a05_jemalloc/src/
    | !! ext/allocator/axis_06_allocator/paper_a07_snmalloc/.extracted.marker
    | !! ext/allocator/axis_06_allocator/paper_a07_snmalloc/src/
    | !! ext/allocator/axis_06_allocator/paper_a10_rpmalloc/.extracted.marker
    | !! ext/allocator/axis_06_allocator/paper_a10_rpmalloc/rpmalloc/
    | !! ext/allocator/axis_06_allocator/paper_a11_lrmalloc/.extracted.marker
    | !! ext/allocator/axis_06_allocator/paper_a11_lrmalloc/lrmalloc.cpp
    | !! ext/allocator/axis_06_allocator/paper_a20_dlmalloc/.extracted.marker
    | !! ext/allocator/axis_06_allocator/paper_a20_dlmalloc/malloc.c
    | !! ext/traversal/axis_03a_search_algo/paper_p01_art/.extracted.marker
    | !! ext/traversal/axis_03a_search_algo/paper_p01_art/art.hpp
    | !! ext/traversal/axis_03a_search_algo/paper_p02_hot/.extracted.marker
    | !! ext/traversal/axis_03a_search_algo/paper_p02_hot/hot/
    | !! ext/traversal/axis_03a_search_algo/paper_p03_masstree/.extracted.marker
    | !! ext/traversal/axis_03a_search_algo/paper_p03_masstree/masstree_get.hh
    | !! ext/traversal/axis_03a_search_algo/paper_p03_masstree/masstree_insert.hh
    | !! ext/traversal/axis_03a_search_algo/paper_p03_masstree/masstree_remove.hh
    | !! ext/traversal/axis_03a_search_algo/paper_p05_start/.extracted.marker
    | !! ext/traversal/axis_03a_search_algo/paper_p05_start/START/
    | !! ext/traversal/axis_03a_search_algo/paper_p07_wormhole/.extracted.marker
    | !! ext/traversal/axis_03a_search_algo/paper_p07_wormhole/wh.c
csv/xlsx-ganzer-baum-ausser-_deps: getrackte+untracked gesamt=8
davon-getrackt-im-index=8
UNGETRACKTE-messdateien=0
=== /home/comdare/wt-ce-trigfix ===
status--ignored-rc=0 zeilen=26
    | !! ext/allocator/axis_06_allocator/paper_a04_mimalloc/.extracted.marker
    | !! ext/allocator/axis_06_allocator/paper_a04_mimalloc/src/
    | !! ext/allocator/axis_06_allocator/paper_a05_jemalloc/.extracted.marker
    | !! ext/allocator/axis_06_allocator/paper_a05_jemalloc/src/
    | !! ext/allocator/axis_06_allocator/paper_a07_snmalloc/.extracted.marker
    | !! ext/allocator/axis_06_allocator/paper_a07_snmalloc/src/
    | !! ext/allocator/axis_06_allocator/paper_a10_rpmalloc/.extracted.marker
    | !! ext/allocator/axis_06_allocator/paper_a10_rpmalloc/rpmalloc/
    | !! ext/allocator/axis_06_allocator/paper_a11_lrmalloc/.extracted.marker
    | !! ext/allocator/axis_06_allocator/paper_a11_lrmalloc/lrmalloc.cpp
    | !! ext/allocator/axis_06_allocator/paper_a20_dlmalloc/.extracted.marker
    | !! ext/allocator/axis_06_allocator/paper_a20_dlmalloc/malloc.c
    | !! ext/traversal/axis_03a_search_algo/paper_p01_art/.extracted.marker
    | !! ext/traversal/axis_03a_search_algo/paper_p01_art/art.hpp
    | !! ext/traversal/axis_03a_search_algo/paper_p02_hot/.extracted.marker
    | !! ext/traversal/axis_03a_search_algo/paper_p02_hot/hot/
    | !! ext/traversal/axis_03a_search_algo/paper_p03_masstree/.extracted.marker
    | !! ext/traversal/axis_03a_search_algo/paper_p03_masstree/masstree_get.hh
    | !! ext/traversal/axis_03a_search_algo/paper_p03_masstree/masstree_insert.hh
    | !! ext/traversal/axis_03a_search_algo/paper_p03_masstree/masstree_remove.hh
    | !! ext/traversal/axis_03a_search_algo/paper_p05_start/.extracted.marker
    | !! ext/traversal/axis_03a_search_algo/paper_p05_start/START/
    | !! ext/traversal/axis_03a_search_algo/paper_p07_wormhole/.extracted.marker
    | !! ext/traversal/axis_03a_search_algo/paper_p07_wormhole/wh.c
    | !! ext/traversal/axis_03a_search_algo/paper_p10_surf/.extracted.marker
csv/xlsx-ganzer-baum-ausser-_deps: getrackte+untracked gesamt=8
davon-getrackt-im-index=8
UNGETRACKTE-messdateien=0
=== /home/comdare/wt-ce-skip97 ===
status--ignored-rc=0 zeilen=26
    | !! ext/allocator/axis_06_allocator/paper_a04_mimalloc/.extracted.marker
    | !! ext/allocator/axis_06_allocator/paper_a04_mimalloc/src/
    | !! ext/allocator/axis_06_allocator/paper_a05_jemalloc/.extracted.marker
    | !! ext/allocator/axis_06_allocator/paper_a05_jemalloc/src/
    | !! ext/allocator/axis_06_allocator/paper_a07_snmalloc/.extracted.marker
    | !! ext/allocator/axis_06_allocator/paper_a07_snmalloc/src/
    | !! ext/allocator/axis_06_allocator/paper_a10_rpmalloc/.extracted.marker
    | !! ext/allocator/axis_06_allocator/paper_a10_rpmalloc/rpmalloc/
    | !! ext/allocator/axis_06_allocator/paper_a11_lrmalloc/.extracted.marker
    | !! ext/allocator/axis_06_allocator/paper_a11_lrmalloc/lrmalloc.cpp
    | !! ext/allocator/axis_06_allocator/paper_a20_dlmalloc/.extracted.marker
    | !! ext/allocator/axis_06_allocator/paper_a20_dlmalloc/malloc.c
    | !! ext/traversal/axis_03a_search_algo/paper_p01_art/.extracted.marker
    | !! ext/traversal/axis_03a_search_algo/paper_p01_art/art.hpp
    | !! ext/traversal/axis_03a_search_algo/paper_p02_hot/.extracted.marker
    | !! ext/traversal/axis_03a_search_algo/paper_p02_hot/hot/
    | !! ext/traversal/axis_03a_search_algo/paper_p03_masstree/.extracted.marker
    | !! ext/traversal/axis_03a_search_algo/paper_p03_masstree/masstree_get.hh
    | !! ext/traversal/axis_03a_search_algo/paper_p03_masstree/masstree_insert.hh
    | !! ext/traversal/axis_03a_search_algo/paper_p03_masstree/masstree_remove.hh
    | !! ext/traversal/axis_03a_search_algo/paper_p05_start/.extracted.marker
    | !! ext/traversal/axis_03a_search_algo/paper_p05_start/START/
    | !! ext/traversal/axis_03a_search_algo/paper_p07_wormhole/.extracted.marker
    | !! ext/traversal/axis_03a_search_algo/paper_p07_wormhole/wh.c
    | !! ext/traversal/axis_03a_search_algo/paper_p10_surf/.extracted.marker
csv/xlsx-ganzer-baum-ausser-_deps: getrackte+untracked gesamt=8
davon-getrackt-im-index=8
UNGETRACKTE-messdateien=0
=== /home/comdare/wt-ce-kampvor ===
status--ignored-rc=0 zeilen=26
    | !! ext/allocator/axis_06_allocator/paper_a04_mimalloc/.extracted.marker
    | !! ext/allocator/axis_06_allocator/paper_a04_mimalloc/src/
    | !! ext/allocator/axis_06_allocator/paper_a05_jemalloc/.extracted.marker
    | !! ext/allocator/axis_06_allocator/paper_a05_jemalloc/src/
    | !! ext/allocator/axis_06_allocator/paper_a07_snmalloc/.extracted.marker
    | !! ext/allocator/axis_06_allocator/paper_a07_snmalloc/src/
    | !! ext/allocator/axis_06_allocator/paper_a10_rpmalloc/.extracted.marker
    | !! ext/allocator/axis_06_allocator/paper_a10_rpmalloc/rpmalloc/
    | !! ext/allocator/axis_06_allocator/paper_a11_lrmalloc/.extracted.marker
    | !! ext/allocator/axis_06_allocator/paper_a11_lrmalloc/lrmalloc.cpp
    | !! ext/allocator/axis_06_allocator/paper_a20_dlmalloc/.extracted.marker
    | !! ext/allocator/axis_06_allocator/paper_a20_dlmalloc/malloc.c
    | !! ext/traversal/axis_03a_search_algo/paper_p01_art/.extracted.marker
    | !! ext/traversal/axis_03a_search_algo/paper_p01_art/art.hpp
    | !! ext/traversal/axis_03a_search_algo/paper_p02_hot/.extracted.marker
    | !! ext/traversal/axis_03a_search_algo/paper_p02_hot/hot/
    | !! ext/traversal/axis_03a_search_algo/paper_p03_masstree/.extracted.marker
    | !! ext/traversal/axis_03a_search_algo/paper_p03_masstree/masstree_get.hh
    | !! ext/traversal/axis_03a_search_algo/paper_p03_masstree/masstree_insert.hh
    | !! ext/traversal/axis_03a_search_algo/paper_p03_masstree/masstree_remove.hh
    | !! ext/traversal/axis_03a_search_algo/paper_p05_start/.extracted.marker
    | !! ext/traversal/axis_03a_search_algo/paper_p05_start/START/
    | !! ext/traversal/axis_03a_search_algo/paper_p07_wormhole/.extracted.marker
    | !! ext/traversal/axis_03a_search_algo/paper_p07_wormhole/wh.c
    | !! ext/traversal/axis_03a_search_algo/paper_p10_surf/.extracted.marker
csv/xlsx-ganzer-baum-ausser-_deps: getrackte+untracked gesamt=8
davon-getrackt-im-index=8
UNGETRACKTE-messdateien=0
== ph89 DOPPEL-BEDINGUNG build/ ==
build-groesse=23M
Bedingung-1 git-ls-files-rc=0 getrackte-dateien-unter-build=0
Bedingung-2 csv/xlsx-ausserhalb-_deps=0
csv/xlsx INNERHALB _deps (nur Info)=0
build-inhalt (top-level):
    gcc-release
== ENDE PRUEF-2 ==
