=============================================================================
PROBE FRISCHE-WACHE
  Pruefling : /home/comdare/wt-super-landung/ci/frische_wache.sh
  Werkbank  : /tmp/tmp.H84GvkVyFG
  Modus     : --selbstbiss
=============================================================================
  [ OK ]  F1  1 Zelle dieses Laufs mit 6 Datenzeile(n) -> rc=0 mit Nenner
  [ OK ]  F2  nur Altbestand (fremde Kennung 62550-6842) -> rc=1, csv_dieser_lauf=0
        Koeder: gleiche Pipeline-Id (46908), verschiedene Job-Ids (2846 vs 2850).
  [ OK ]  F3  Retry: Pipeline 46908, Job 2846 -> 2850 -> Vorversuch ist Altbestand
  [ OK ]  F4  1 CSV ohne Marker neben 1 frischen -> csv_ohne_marker=1, rc=0
  [ OK ]  F5  Koeder Richtung A: Alt(4 Zeilen) + Neu(6 Zeilen) -> rc=0
        Gegenstueck: ci/mess_ausbeute_wache.sh auf demselben Baum -> rc=1 (dokumentiert)
        |   4 Datenzeile(n) insgesamt, gefordert waren mindestens 1.
  [ OK ]  F6  Koeder Richtung B: Alt(4 Zeilen) + Neu(0 Zeilen, modus=voll) -> rc=1
  [ OK ]  F6b Alt(5 Zeilen) + Neu(nur Kopf + 3 LEERZEILEN, modus=voll) -> rc=1
  [ OK ]  F7  wie F6, aber modus=provision_only -> rc=0 (misst per Bauart nicht)
        Altbestand unveraendert (sha256 0a5286e49d21a32781914c7db863cfc14f4ab78ee9123a3abaa9e09684603f8f), Koeder-Token 38a95a10d994de2e noch drin.
        statisch: 1 von 152 Code-Zeilen mit rm/mv/unlink/-delete,
                  davon 1 der mktemp-trap. (Kommentare ausgeschnitten.)
        Koeder beisst: eingeschmuggeltes 'rm -rf' wird gefunden (1 von 1).
  [ OK ]  F8  Altbestand ueberlebt den Lauf der Wache (Datei UND Inhalt unveraendert)
  [ OK ]  F9  Naht: Marker vom echten ci/lauf_marker.sh -> wird als 'dieser Lauf' erkannt
  [ OK ]  F9b 0 CSV unter der Wurzel -> rc=2 (kein Gruen ohne Pruefung)
  [ OK ]  F9c Wurzel existiert nicht -> rc=2
        Koeder beisst: 3 gewuerfelte Vorkommen geschrieben, 3 gefunden.
        1 Aufruf(e) in .gitlab-ci.yml.
        Job-Block 'test:frische-wache-probe:': 13 Zeilen, davon 0 mit allow_failure.
  [ OK ]  F10 eigene Registrierung in .gitlab-ci.yml, ohne allow_failure
        .gitlab-ci.yml: 2 Aufruf(e) (Nenner: 2 Mess-Jobs -- smoke + golden-320).
  [ OK ]  F11 Abnahme: 'frische_wache.sh pruefen' in BEIDEN Mess-Jobs
=============================================================================
NENNER: 14 Faelle gefahren, 14 gehalten, 0 gerissen.
        Pruefling: /home/comdare/wt-super-landung/ci/frische_wache.sh
=============================================================================
PROBE GRUEN: 14 von 14 Faellen gehalten.

=============================================================================
SELBSTBISS: Wegwerf-Mutanten der Wache -- die Probe MUSS an ihnen rot werden.
=============================================================================
  Pruefling: 284 Zeilen (Nenner der Mutation).

  --- Mutant 'M1  ohne exit 1 im Altbestands-Gate (F2/F3 muessen beissen)' (283 Zeilen) ---
  [ OK ]  Mutant 'M1  ohne exit 1 im Altbestands-Gate (F2/F3 muessen beissen)' wird gefangen (Probe rc=1). Literale Ausgabe:
          | PROBE FRISCHE-WACHE
          |         RISS: rc=0, gefordert war rc=1
          |   [ROT ]  F2  nur Altbestand (fremde Kennung 25285-3418) -> rc=1, csv_dieser_lauf=0
          |         RISS: rc=0, gefordert war rc=1
          |   [ROT ]  F3  Retry: Pipeline 5171, Job 835 -> 886 -> Vorversuch ist Altbestand
          | NENNER: 14 Faelle gefahren, 12 gehalten, 2 gerissen.
          | PROBE ROT: 2 von 14 Faellen gerissen.

  --- Mutant 'M2  ohne exit 1 im Maskierungs-Gate (nur F6 toetet ihn)' (283 Zeilen) ---
  [ OK ]  Mutant 'M2  ohne exit 1 im Maskierungs-Gate (nur F6 toetet ihn)' wird gefangen (Probe rc=1). Literale Ausgabe:
          | PROBE FRISCHE-WACHE
          |         RISS: rc=0, gefordert war rc=1
          |   [ROT ]  F6  Koeder Richtung B: Alt(4 Zeilen) + Neu(0 Zeilen, modus=voll) -> rc=1
          |         RISS: rc=0, gefordert war rc=1
          |   [ROT ]  F6b Alt(1 Zeilen) + Neu(nur Kopf + 3 LEERZEILEN, modus=voll) -> rc=1
          | NENNER: 14 Faelle gefahren, 12 gehalten, 2 gerissen.
          | PROBE ROT: 2 von 14 Faellen gerissen.

  --- Mutant 'M3  ohne Kennungs-Vergleich (jede CSV gilt als frisch)' (284 Zeilen) ---
  [ OK ]  Mutant 'M3  ohne Kennungs-Vergleich (jede CSV gilt als frisch)' wird gefangen (Probe rc=1). Literale Ausgabe:
          | PROBE FRISCHE-WACHE
          |         RISS: rc=0, gefordert war rc=1
          |         RISS: Text fehlt in _stdout: >>csv_dieser_lauf=0<<
          |         RISS: Text fehlt in _stdout: >>csv_altbestand=1<<
          |         RISS: Text fehlt in _stdout: >>lauf_kennung=22728-50829<<
          |         RISS: Text fehlt in _stdout: >>GEMELDET, NIE GELOESCHT<<
          |         RISS: Text fehlt in _stderr: >>csv_dieser_lauf=0 bei csv_gesamt=1<<
          |   [ROT ]  F2  nur Altbestand (fremde Kennung 22728-50829) -> rc=1, csv_dieser_lauf=0
          |         RISS: rc=0, gefordert war rc=1
          |         RISS: Text fehlt in _stdout: >>csv_altbestand=1<<
          |         RISS: Text fehlt in _stdout: >>lauf_kennung=58899-2515<<
          |   [ROT ]  F3  Retry: Pipeline 58899, Job 2515 -> 2523 -> Vorversuch ist Altbestand
          |         RISS: Text fehlt in _stdout: >>datenzeilen_dieser_lauf=6<<
          |         RISS: Text fehlt in _stdout: >>datenzeilen_altbestand=2<<
          |   [ROT ]  F5  Koeder Richtung A: Alt(2 Zeilen) + Neu(6 Zeilen) -> rc=0
          |         RISS: rc=0, gefordert war rc=1
          |         RISS: Text fehlt in _stdout: >>csv_dieser_lauf=1<<
          |         RISS: Text fehlt in _stdout: >>datenzeilen_dieser_lauf=0<<
          |         RISS: Text fehlt in _stdout: >>datenzeilen_altbestand=2<<
          |         RISS: Text fehlt in _stderr: >>aus FREMDEN Laeufen liegen im selben Verzeichnis<<
          |   [ROT ]  F6  Koeder Richtung B: Alt(2 Zeilen) + Neu(0 Zeilen, modus=voll) -> rc=1
          |         RISS: rc=0, gefordert war rc=1
          |         RISS: Text fehlt in _stdout: >>csv_dieser_lauf=1<<
          |         RISS: Text fehlt in _stdout: >>datenzeilen_dieser_lauf=0<<
          |         RISS: Text fehlt in _stdout: >>datenzeilen_altbestand=1<<
          |         RISS: Text fehlt in _stderr: >>aus FREMDEN Laeufen liegen im selben Verzeichnis<<
          |   [ROT ]  F6b Alt(1 Zeilen) + Neu(nur Kopf + 3 LEERZEILEN, modus=voll) -> rc=1
          |         RISS: Text fehlt in _stdout: >>davon 0 Datei(en) dieses Laufs mit modus=voll<<
          |   [ROT ]  F7  wie F6, aber modus=provision_only -> rc=0 (misst per Bauart nicht)
          | NENNER: 14 Faelle gefahren, 8 gehalten, 6 gerissen.
          | PROBE ROT: 6 von 14 Faellen gerissen.

  --- Mutant 'M4  Datenzeilen konstant 1 (Maskierung wird unsichtbar)' (284 Zeilen) ---
  [ OK ]  Mutant 'M4  Datenzeilen konstant 1 (Maskierung wird unsichtbar)' wird gefangen (Probe rc=1). Literale Ausgabe:
          | PROBE FRISCHE-WACHE
          |         RISS: Text fehlt in _stdout: >>datenzeilen_dieser_lauf=2<<
          |   [ROT ]  F1  1 Zelle dieses Laufs mit 2 Datenzeile(n) -> rc=0 mit Nenner
          |         RISS: Text fehlt in _stdout: >>datenzeilen_dieser_lauf=2<<
          |         RISS: Text fehlt in _stdout: >>datenzeilen_altbestand=5<<
          |   [ROT ]  F5  Koeder Richtung A: Alt(5 Zeilen) + Neu(2 Zeilen) -> rc=0
          |         RISS: rc=0, gefordert war rc=1
          |         RISS: Text fehlt in _stdout: >>datenzeilen_dieser_lauf=0<<
          |         RISS: Text fehlt in _stdout: >>datenzeilen_altbestand=4<<
          |         RISS: Text fehlt in _stderr: >>aus FREMDEN Laeufen liegen im selben Verzeichnis<<
          |   [ROT ]  F6  Koeder Richtung B: Alt(4 Zeilen) + Neu(0 Zeilen, modus=voll) -> rc=1
          |         RISS: rc=0, gefordert war rc=1
          |         RISS: Text fehlt in _stdout: >>datenzeilen_dieser_lauf=0<<
          |         RISS: Text fehlt in _stdout: >>datenzeilen_altbestand=4<<
          |         RISS: Text fehlt in _stdout: >>datenzeilen_verworfen=3<<
          |         RISS: Text fehlt in _stderr: >>aus FREMDEN Laeufen liegen im selben Verzeichnis<<
          |   [ROT ]  F6b Alt(4 Zeilen) + Neu(nur Kopf + 3 LEERZEILEN, modus=voll) -> rc=1
          |         RISS: Text fehlt in _stdout: >>datenzeilen_dieser_lauf=3<<
          |   [ROT ]  F9  Naht: Marker vom echten ci/lauf_marker.sh -> wird als 'dieser Lauf' erkannt
          | NENNER: 14 Faelle gefahren, 9 gehalten, 5 gerissen.
          | PROBE ROT: 5 von 14 Faellen gerissen.

=============================================================================
NENNER SELBSTBISS: 4 Mutanten gefahren, 4 gefangen.
=============================================================================
SELBSTBISS GRUEN: alle 4 Mutanten gefangen -- die Probe beisst.
