=============================================================================
PROBE FRISCHE-WACHE
  Pruefling : /home/comdare/wt-super-landung/ci/frische_wache.sh
  Werkbank  : /tmp/tmp.rdYrtmugH4
  Modus     : nur-faelle
=============================================================================
  [ OK ]  F1  1 Zelle dieses Laufs mit 4 Datenzeile(n) -> rc=0 mit Nenner
  [ OK ]  F2  nur Altbestand (fremde Kennung 9543-21181) -> rc=1, csv_dieser_lauf=0
        Koeder: gleiche Pipeline-Id (2309), verschiedene Job-Ids (3004 vs 3052).
  [ OK ]  F3  Retry: Pipeline 2309, Job 3004 -> 3052 -> Vorversuch ist Altbestand
  [ OK ]  F4  1 CSV ohne Marker neben 1 frischen -> csv_ohne_marker=1, rc=0
  [ OK ]  F5  Koeder Richtung A: Alt(6 Zeilen) + Neu(1 Zeilen) -> rc=0
        Gegenstueck: ci/mess_ausbeute_wache.sh auf demselben Baum -> rc=1
        RISS: die Ausbeute-Wache ist hier rot (rc=1) -- dann belegt F6 keine Maskierung
        |   5 Datenzeile(n) insgesamt, gefordert waren mindestens 1.
  [ROT ]  F6  Koeder Richtung B: Alt(5 Zeilen) + Neu(0 Zeilen, modus=voll) -> rc=1
        ----- literale Ausgabe (stdout) -----
        | -----------------------------------------------------------------------------
        | FRISCHE-WACHE   Wurzel=/tmp/tmp.rdYrtmugH4/f6
        |                 Lauf-Kennung dieses Laufs: 97666-66329
        | -----------------------------------------------------------------------------
        |   ALTBESTAND    /tmp/tmp.rdYrtmugH4/f6/altzelle/measurements.csv  (5 Datenzeile(n), lauf_kennung=18936-4214)
        |   DIESER LAUF   /tmp/tmp.rdYrtmugH4/f6/neuzelle/measurements.csv  (0 Datenzeile(n), modus=voll)
        | -----------------------------------------------------------------------------
        | NENNER (nie eine nackte Null):
        |   csv_gesamt=2
        |   csv_dieser_lauf=1          datenzeilen_dieser_lauf=0
        |   csv_altbestand=1           datenzeilen_altbestand=5
        |   csv_ohne_marker=0          datenzeilen_ohne_marker=0
        |   davon 1 Datei(en) dieses Laufs mit modus=voll (nur die SOLLTEN messen).
        |   datenzeilen_verworfen=0  (leer oder nur Leerraum -- kein Messwert)
        |   (die drei Teilmengen ergeben zusammen csv_gesamt -- keine Datei faellt
        |    zwischen zwei Wachen hindurch.)
        | -----------------------------------------------------------------------------
        | ALTBESTAND, namentlich (GEMELDET, NIE GELOESCHT -- Messdaten bleiben):
        |     /tmp/tmp.rdYrtmugH4/f6/altzelle/measurements.csv  (lauf_kennung=18936-4214, 5 Datenzeile(n))
        |   Ursache, nicht Verdacht: das Mess-Verzeichnis ist vom Aufraeumen
        |   ausgenommen (GIT_CLEAN_FLAGS '-ffdx -e Code/measure_out', ce
        |   experiment_plan_director.hpp:1194-1203). Diese Dateien SOLLEN
        |   ueberleben; sie duerfen nur nicht als Ausbeute dieses Laufs gelten.
        ----- literale Ausgabe (stderr) -----
        | FEHLER: dieser Lauf hat 0 Datenzeile(n) erzeugt, aber 5 Datenzeile(n)
        |         aus FREMDEN Laeufen liegen im selben Verzeichnis.
        |         datenzeilen_dieser_lauf=0 / datenzeilen_altbestand=5
        |         (1 Datei(en) dieses Laufs stehen auf modus=voll -- er SOLLTE messen.)
        |         Die Ausbeute-Wache summiert ueber ALLE Dateien und liest die fremden
        |         Zeilen als Ausbeute dieses Laufs. Genau diese Maskierung ist der
        |         Grund fuer diese Wache; ohne sie waeren beide Gates gruen.
        -------------------------------------
  [ OK ]  F6b Alt(6 Zeilen) + Neu(nur Kopf + 3 LEERZEILEN, modus=voll) -> rc=1
  [ OK ]  F7  wie F6, aber modus=provision_only -> rc=0 (misst per Bauart nicht)
        Altbestand unveraendert (sha256 403d5d17762137e1f22a8d75c3e7d2d078b6efdc89a7dd169de7c3b6ddd6b9a9), Koeder-Token 4c793d1730f3a60b noch drin.
        statisch: 1 von 152 Code-Zeilen mit rm/mv/unlink/-delete,
                  davon 1 der mktemp-trap. (Kommentare ausgeschnitten.)
        Koeder beisst: eingeschmuggeltes 'rm -rf' wird gefunden (1 von 1).
  [ OK ]  F8  Altbestand ueberlebt den Lauf der Wache (Datei UND Inhalt unveraendert)
  [ OK ]  F9  Naht: Marker vom echten ci/lauf_marker.sh -> wird als 'dieser Lauf' erkannt
  [ OK ]  F9b 0 CSV unter der Wurzel -> rc=2 (kein Gruen ohne Pruefung)
  [ OK ]  F9c Wurzel existiert nicht -> rc=2
        Koeder beisst: 1 gewuerfelte Vorkommen geschrieben, 1 gefunden.
        1 Aufruf(e) in .gitlab-ci.yml.
        Job-Block 'test:frische-wache-probe:': 13 Zeilen, davon 0 mit allow_failure.
  [ OK ]  F10 eigene Registrierung in .gitlab-ci.yml, ohne allow_failure
        .gitlab-ci.yml: 2 Aufruf(e) (Nenner: 2 Mess-Jobs -- smoke + golden-320).
  [ OK ]  F11 Abnahme: 'frische_wache.sh pruefen' in BEIDEN Mess-Jobs
=============================================================================
NENNER: 14 Faelle gefahren, 13 gehalten, 1 gerissen.
        Pruefling: /home/comdare/wt-super-landung/ci/frische_wache.sh
=============================================================================
PROBE ROT: 1 von 14 Faellen gerissen.
