=== FIX-BEWEIS cifix2 test_vl3_debug_stdout_bytegleich (22.08.2026) ===
Stand: ce development @ ed9f1a3c + Arbeitsbaum-Fix (2 Dateien, +57/-13, KEIN Commit)
  M libs/cache_engine/profile_facade/planner/pmc_host_probe.hpp   (event_beisst: TIME_RUNNING-Fenster-Retry, kKoederFenster=5)
  M libs/cache_engine/profile_facade/profile_run_facade.cpp        (PMC-Vermerk os->std::cerr in construct_plan_into)

--- (0) ROT-ZUERST (unfixierter Stand) ---
CI 16073 Job 382856 (test:unit:debug, gcc-15 Debug, Intel-Runner): 509 test_vl3_debug_stdout_bytegleich ***Failed
  Drei verschiedene PMC-Vektoren in EINEM Job (literal, s. repro.log + Trace-Vollkopie):
    events=3/4 biss=[...dtlb_misses=0...] | events=4/4 biss=[...dtlb_misses=1...] | events=2/4 biss=[...l3_ll=0...]
  Bruch schon am Determinismus-Anker OHNE --debug (Zeile 115) => kein --debug-Defekt, PMC-Proben-Flattern.
LOKALE REPRO-GRENZE (laut deklariert): prod1 = AMD Zen 5; unfixierter Stand lokal GRUEN und
  141/141 Laeufe byte-stabil "events=3/4" (40 seriell + 36 parallel + 40 Kern-0-gepinnt + 25 unter
  6x perf-stat-Kontention mit je 8 Events auf Kern 0). Das Intel-Multiplexing-Loch ist auf dieser
  Hardware nicht kippbar; der Nichtdeterminismus-Beweis ist der CI-Trace selbst.

--- (1) GRUEN NACH FIX: gcc-15 DEBUG (build-dbg, CI-Zellen-Form: configure.sh --with-generator=Ninja
        --enable-build-tests --with-build-type=Debug --build-dir=build-dbg, CC=gcc-15 CXX=g++-15) ---
1/3 Test #356: test_experiment_plan_director ......   Passed    0.10 sec
2/3 Test #504: test_vl3_debug_flag_sperre .........   Passed    0.03 sec
3/3 Test #509: test_vl3_debug_stdout_bytegleich ...   Passed    0.03 sec
100% tests passed, 0 tests failed out of 3
Kanalprobe (Debug-Binary):
  stdout Zeile 1: "# comdare-experiment-plan v1.1"   (KEIN PMC-Vermerk mehr auf dem Datenkanal)
  stderr:         "[dump-plan] PMC-BEFUND lage=amd vendor=AuthenticAMD events=3/4 biss=[cache_misses_l1=1;cache_misses_l3_ll=0;dtlb_misses=1;branch_misses=1] quelle=perf_event_open+cpuid+koeder beweist-nicht=runner-host"
Stabilitaet: 40/40 stdout-sha256 identisch (0e30d32489d169a6...)

--- (2) GRUEN NACH FIX: gcc-15 RELEASE (build-cifix2-rel, CI-Release-Zellen-Form: configure.sh
        Default Release, Ninja, --enable-build-tests, CC=gcc-15 CXX=g++-15) ---
1/3 Test #356: test_experiment_plan_director ......   Passed    0.03 sec
2/3 Test #504: test_vl3_debug_flag_sperre .........   Passed    0.02 sec
3/3 Test #509: test_vl3_debug_stdout_bytegleich ...   Passed    0.02 sec
100% tests passed, 0 tests failed out of 3
Kanalprobe: stdout Zeile 1 = Plan-Kopf; PMC-Vermerk auf stderr (identischer Wortlaut wie Debug).
Stabilitaet: 40/40 stdout-sha256 identisch -- UND identisch zum Debug-Hash (0e30d32489d169a6...):
  der Plan-Text ist auf diesem Host jetzt sogar BAUFORM-uebergreifend byte-gleich.

--- (3) clang-22 RELEASE (build-clang-cifix2, CI-clang-Zellen-Form) ---
1/3 Test #356: test_experiment_plan_director ......   Passed    0.06 sec
2/3 Test #504: test_vl3_debug_flag_sperre .........   Passed    0.03 sec
3/3 Test #509: test_vl3_debug_stdout_bytegleich ...   Passed    0.04 sec
100% tests passed, 0 tests failed out of 3
Kanalprobe clang: stdout Zeile 1 + stderr-Vermerk:
# comdare-experiment-plan v1.1
[dump-plan] PMC-BEFUND lage=amd vendor=AuthenticAMD events=3/4 biss=[cache_misses_l1=1;cache_misses_l3_ll=0;dtlb_misses=1;branch_misses=1] quelle=perf_event_open+cpuid+koeder beweist-nicht=runner-host
20x clang: stdout-Hash:
     20 0e30d32489d169a6103ebd26128ea75eef8d7c4a51f56b3ea9a5de378e77b75c  -

--- (4) clang-format-22 ---
~/.local/bin/clang-format-22 --dry-run -Werror ueber beide geaenderte Dateien: rc=0 (SAUBER).
ASCII-Gate: pmc_host_probe.hpp 0 Non-ASCII; profile_run_facade.cpp neue Zeilen 0 Non-ASCII
  (Alt-Bestand der Datei traegt historische Umlaute/Paragraphen in fremden Kommentaren, unberuehrt).

--- (5) Test-Datei UNVERAENDERT ---
tests/unit/test_vl3_debug_stdout_bytegleich.cpp: 0 Aenderungen (git diff leer fuer tests/);
kein Skip, keine Aufweichung; Fake-Strategien und probe_pmc_host-Signatur unveraendert
(PmcHostProbe.*-Suite inkl. RealeProbeStimmtMitProcCpuinfoUeberein deckt den Umbau in #356 mit).
