Test project /home/comdare/Projekte/Research/probst-diplomarbeit-cache-engine/Code/external/comdare-cache-engine/build-dbg
    Start 514: test_vl3_debug_stdout_bytegleich
1/1 Test #514: test_vl3_debug_stdout_bytegleich ...***Failed    0.06 sec
[==========] Running 8 tests from 1 test suite.
[----------] Global test environment set-up.
[----------] 8 tests from Vl3DebugStdoutByteGleich
[ RUN      ] Vl3DebugStdoutByteGleich.DeterminismusAnkerZweiGleicheLaeufe
[       OK ] Vl3DebugStdoutByteGleich.DeterminismusAnkerZweiGleicheLaeufe (26 ms)
[ RUN      ] Vl3DebugStdoutByteGleich.PlanDumpBytegleich
[       OK ] Vl3DebugStdoutByteGleich.PlanDumpBytegleich (7 ms)
[ RUN      ] Vl3DebugStdoutByteGleich.PlanCiBytegleich
[       OK ] Vl3DebugStdoutByteGleich.PlanCiBytegleich (6 ms)
[ RUN      ] Vl3DebugStdoutByteGleich.PlanCmakeBytegleich
[       OK ] Vl3DebugStdoutByteGleich.PlanCmakeBytegleich (6 ms)
[ RUN      ] Vl3DebugStdoutByteGleich.ValidateBytegleich
[       OK ] Vl3DebugStdoutByteGleich.ValidateBytegleich (4 ms)
[ RUN      ] Vl3DebugStdoutByteGleich.MaskierungFormCDecktDefineKippGenau
/home/comdare/Projekte/Research/probst-diplomarbeit-cache-engine/Code/external/comdare-cache-engine/tests/unit/test_vl3_debug_stdout_bytegleich.cpp:186: Failure
Expected equality of these values:
  mi.text
    Which is: "stages:\n    - cmake -B build -G Ninja -DCOMDARE_V32_ENABLE=ON -DCOMDARE_ENABLE_PMC=ON -DCOMDARE_PMC_VENDOR=intel -DCMAKE_BUILD_TYPE=Release\n"
  oh.text
    Which is: "stages:\n    - cmake -B build -G Ninja -DCOMDARE_V32_ENABLE=ON -DCMAKE_BUILD_TYPE=Release\n"
With diff:
@@ -1,2 +1,2 @@
 stages:
-    - cmake -B build -G Ninja -DCOMDARE_V32_ENABLE=ON -DCOMDARE_ENABLE_PMC=ON -DCOMDARE_PMC_VENDOR=intel -DCMAKE_BUILD_TYPE=Release\n
+    - cmake -B build -G Ninja -DCOMDARE_V32_ENABLE=ON -DCMAKE_BUILD_TYPE=Release\n

Form (c) muss den intel-Define-Kipp beidseitig normalisieren

/home/comdare/Projekte/Research/probst-diplomarbeit-cache-engine/Code/external/comdare-cache-engine/tests/unit/test_vl3_debug_stdout_bytegleich.cpp:187: Failure
Expected equality of these values:
  mi.pmc_define_tokens
    Which is: 0
  1u
    Which is: 1

[  FAILED  ] Vl3DebugStdoutByteGleich.MaskierungFormCDecktDefineKippGenau (0 ms)
[ RUN      ] Vl3DebugStdoutByteGleich.ExitAchtSperreLaesstStdoutLeer
[       OK ] Vl3DebugStdoutByteGleich.ExitAchtSperreLaesstStdoutLeer (0 ms)
[ RUN      ] Vl3DebugStdoutByteGleich.ExitSechsGateAbbruchIdentischMitUndOhneFlag
[       OK ] Vl3DebugStdoutByteGleich.ExitSechsGateAbbruchIdentischMitUndOhneFlag (2 ms)
[----------] 8 tests from Vl3DebugStdoutByteGleich (55 ms total)

[----------] Global test environment tear-down
[==========] 8 tests from 1 test suite ran. (55 ms total)
[  PASSED  ] 7 tests.
[  FAILED  ] 1 test, listed below:
[  FAILED  ] Vl3DebugStdoutByteGleich.MaskierungFormCDecktDefineKippGenau

 1 FAILED TEST


0% tests passed, 1 tests failed out of 1

Label Time Summary:
bytegleich      =   0.06 sec*proc (1 test)
cli             =   0.06 sec*proc (1 test)
debug           =   0.06 sec*proc (1 test)
planer          =   0.06 sec*proc (1 test)
prozessprobe    =   0.06 sec*proc (1 test)
standalone      =   0.06 sec*proc (1 test)
vl3             =   0.06 sec*proc (1 test)

Total Test time (real) =   0.06 sec

The following tests FAILED:
	514 - test_vl3_debug_stdout_bytegleich (Failed)         bytegleich cli debug planer prozessprobe standalone vl3
Errors while running CTest
