== r4 ZELLE gcc-dbg @ 3841d717 2026-08-23T13:58:31Z ==
-- J-1 7er-Liste literal --
[0/2] Re-checking globbed directories...
[1/6] comdare E-E: Overlay-Quell-Hash (Glied [7] des Tier-Fingerprints)
[overlay_source_hash_gen] 712 Dateien, 3420405 Bytes, sha512=9c3a0bb29a31a523... (unveraendert)
J-1 RC=0 (7 Werkzeuge)
-- RE-CONFIGURE --
CMake Warning at cmake/fetchcontent_stale_cleanup.cmake:39 (message):
  FetchContent stale subbuild-Cache erkannt fuer 'googletest'.

    Cached source : /home/comdare/Projekte/Research/probst-diplomarbeit-cache-engine/Code/external/comdare-cache-engine/build-dbg/_deps/googletest-subbuild
    Current source: /home/comdare/Projekte/Research/probst-diplomarbeit-cache-engine/Code/external/comdare-cache-engine
    Auto-Bereinigung: loesche /home/comdare/Projekte/Research/probst-diplomarbeit-cache-engine/Code/external/comdare-cache-engine/build-dbg/_deps/googletest-subbuild (sicher, betrifft nur FetchContent-Subbuild).
Call Stack (most recent call first):
  cmake/gtest_setup.cmake:10 (comdare_clean_stale_fetchcontent_subbuild)
  CMakeLists.txt:555 (include)


CMake Warning at cmake/check_submodules.cmake:36 (message):
  
  ──────────────────────────────────────────────────────
Call Stack (most recent call first):
  CMakeLists.txt:571 (include)


CMake Warning at cmake/check_submodules.cmake:37 (message):
  Fehlende cache-engine-interne Module (Skelett-Inkonsistenz):
Call Stack (most recent call first):
  CMakeLists.txt:571 (include)


CMake Warning at cmake/check_submodules.cmake:39 (message):
    - modules/comdare-search-engine
Call Stack (most recent call first):
  CMakeLists.txt:571 (include)


CMake Warning at cmake/check_submodules.cmake:39 (message):
    - modules/comdare-cache-engine-core
Call Stack (most recent call first):
  CMakeLists.txt:571 (include)


CMake Warning at cmake/check_submodules.cmake:39 (message):
    - modules/comdare-measurement
Call Stack (most recent call first):
  CMakeLists.txt:571 (include)


CMake Warning at cmake/check_submodules.cmake:39 (message):
    - modules/comdare-isa-dispatch
Call Stack (most recent call first):
  CMakeLists.txt:571 (include)


CMake Warning at cmake/check_submodules.cmake:39 (message):
    - modules/comdare-build-tools
Call Stack (most recent call first):
  CMakeLists.txt:571 (include)


CMake Warning at cmake/check_submodules.cmake:39 (message):
    - modules/comdare-test-system
Call Stack (most recent call first):
  CMakeLists.txt:571 (include)


CMake Warning at cmake/check_submodules.cmake:41 (message):
    Erwarteter Inhalt pro Modul: CMakeLists.txt + README.md
Call Stack (most recent call first):
  CMakeLists.txt:571 (include)


CMake Warning at cmake/check_submodules.cmake:42 (message):
  
  ──────────────────────────────────────────────────────
Call Stack (most recent call first):
  CMakeLists.txt:571 (include)


RE-CONFIGURE RC=0
-- Vollbau all --
all RC=0
-- Facade-Target --
[overlay_source_hash_gen] 712 Dateien, 3420405 Bytes, sha512=9c3a0bb29a31a523... (unveraendert)
-- comdare_tests --
comdare_tests RC=0
-- Voll-ctest --
zwei-welten               =   0.00 sec*proc (1 test)

Total Test time (real) =  84.94 sec
-- Test-509 3x (Debug-Zelle) --
GGG (3x)
== ZELLE gcc-dbg GRUEN ==
