[0/2] Re-checking globbed directories...
[1/51] Generating CXX dyndep file tools/overlay_source_hash_gen/CMakeFiles/comdare_overlay_source_hash_gen.dir/CXX.dd
[2/49] comdare E-E: Overlay-Quell-Hash (Glied [7] des Tier-Fingerprints)
[overlay_source_hash_gen] 712 Dateien, 3420405 Bytes, sha512=9c3a0bb29a31a523... (unveraendert)
[3/49] Generating CXX dyndep file apps/is_original_validator/CMakeFiles/is_original_validator.dir/CXX.dd
[4/31] Generating CXX dyndep file libs/cache_engine/builder/anatomy_codegen_tool/CMakeFiles/comdare_anatomy_codegen_tool.dir/CXX.dd
[5/29] Generating CXX dyndep file tools/system_axis_registry_gen/CMakeFiles/comdare_system_axis_registry_gen.dir/CXX.dd
[6/27] Generating CXX dyndep file apps/adhoc_emitter/CMakeFiles/comdare_adhoc_emitter_cli.dir/CXX.dd
[7/25] Generating CXX dyndep file apps/anatomy_codegen_tool/CMakeFiles/comdare_anatomy_codegen_cli.dir/CXX.dd
[8/23] Generating CXX dyndep file tools/axis_registry_gen/CMakeFiles/comdare_axis_registry_gen.dir/CXX.dd
[9/21] Scanning /home/comdare/Projekte/Research/probst-diplomarbeit-cache-engine/Code/external/comdare-cache-engine/tools/measurement_axis_registry_gen/main.cpp for CXX dependencies
[10/21] Scanning /home/comdare/Projekte/Research/probst-diplomarbeit-cache-engine/Code/external/comdare-cache-engine/libs/common/serialization/xml_config_parser/xml_config_parser.cpp for CXX dependencies
[11/21] Generating CXX dyndep file tools/measurement_axis_registry_gen/CMakeFiles/comdare_measurement_axis_registry_gen.dir/CXX.dd
[12/21] Generating CXX dyndep file libs/common/serialization/xml_config_parser/CMakeFiles/comdare_builder_xml_config_parser.dir/CXX.dd
[13/21] Scanning /home/comdare/Projekte/Research/probst-diplomarbeit-cache-engine/Code/external/comdare-cache-engine/apps/catalog_codegen_tool/main.cpp for CXX dependencies
[14/21] Generating CXX dyndep file apps/catalog_codegen_tool/CMakeFiles/comdare_catalog_codegen_cli.dir/CXX.dd
[15/21] Building CXX object tools/measurement_axis_registry_gen/CMakeFiles/comdare_measurement_axis_registry_gen.dir/main.cpp.o
[16/21] Linking CXX executable tools/measurement_axis_registry_gen/comdare_measurement_axis_registry_gen
[17/21] Building CXX object libs/common/serialization/xml_config_parser/CMakeFiles/comdare_builder_xml_config_parser.dir/xml_config_parser.cpp.o
[18/21] Linking CXX static library libs/common/serialization/xml_config_parser/libcomdare_builder_xml_config_parser.a
[19/21] Building CXX object apps/catalog_codegen_tool/CMakeFiles/comdare_catalog_codegen_cli.dir/main.cpp.o
[20/21] Linking CXX executable apps/catalog_codegen_tool/comdare-catalog-codegen
