=============================================================================
 DIFF-HYGIENE-WACHE: ASCII + Spaltenbreite  (scripts/ci_diff_ascii_width_guard.sh)
=============================================================================

MODUS: --bereich (KUMULATIV -- der ganze Stand, der nach 'f729b93a' ginge,
       NICHT ein einzelner Push)
BEREICH (Teil der Aussage, nicht Beiwerk):
  BASIS      f729b93a = f729b93aab08bbf3cacd0c8b62ab29545e74e5f9
  SPITZE     b4c593f5 = b4c593f5fa65201a6b3876dc3703649be5f7e478
  ABZWEIGUNG (merge-base) = f729b93aab08bbf3cacd0c8b62ab29545e74e5f9
  24 Commit(s) im Bereich; 0 Commit(s) nur auf der BASIS (Divergenz).

MODUS: git diff selbst ausgefuehrt (Repo: /home/comdare/wt-ce-lande)
ARGUMENTE: git diff -U0 --no-color --no-ext-diff f729b93aab08bbf3cacd0c8b62ab29545e74e5f9 b4c593f5fa65201a6b3876dc3703649be5f7e478

VERSTOESSE (falls vorhanden):
  NICHT-ASCII   libs/cache_engine/builder/build_orchestrator/build_orchestrator.hpp:967
  NICHT-ASCII   libs/cache_engine/builder/build_orchestrator/build_orchestrator.hpp:968
  NICHT-ASCII   libs/cache_engine/builder/build_orchestrator/build_orchestrator.hpp:969
  NICHT-ASCII   libs/cache_engine/builder/build_orchestrator/build_orchestrator.hpp:970
  >120-SPALTEN  libs/cache_engine/builder/selektiver_rebuild.hpp:48 (123 Byte)
  >120-SPALTEN  tests/unit/CMakeLists.txt:7902 (144 Byte)
  >120-SPALTEN  tests/unit/CMakeLists.txt:7904 (124 Byte)
  >120-SPALTEN  tests/unit/CMakeLists.txt:7905 (136 Byte)
  >120-SPALTEN  tests/unit/CMakeLists.txt:7906 (147 Byte)
  >120-SPALTEN  tests/unit/CMakeLists.txt:8187 (121 Byte)

-----------------------------------------------------------------------------
NENNER (nie eine nackte Null):
  11049 Zusatzzeilen in selbst verfasstem Code geprueft, davon 4 Nicht-ASCII,
  davon 6 ueber 120 Spalten.
  11121 Zusatzzeilen insgesamt im Diff; 72 davon uebersprungen.
  GEPRUEFT WIRD ALLES; VOLL ausgenommen sind genau zwei Klassen, je Datei
  unten mit GRUND benannt: Doku-Prosa *.md und Vendor-Baeume. *.xml ist NUR
  von der BREITEN-Regel frei (16.08.2026, s. Kopf) und bleibt ASCII-geprueft.
  Die frueher hier gedruckte Sammelbezeichnung "(Doku-Prosa/Sonstiges)" war
  irrefuehrend -- darunter lagen 143 getrackte *.sh mit 10.084 Zeilen Quelltext.
  Uebersprungene Dateien (namentlich MIT GRUND, keine zweite stille Null):
    - docs/architecture/20260821-d09-pruefling-drittes-konzept-s19-input.md  [Doku-Prosa *.md, Sprachdoktrin]
  BREITEN-AUSNAHME (nicht still): 3 Zeile(n) ueber 120 Byte in *.xml
  NICHT als Breiten-Verstoss gezaehlt -- ASCII wurde an ihnen GEPRUEFT.
  Je Datei mit GRUND (printf statt echo: s. Begruendung oben):
    - libs/cache_engine/algorithm_profiles/paper_experiments/bender_cacheoblivious.experiment.xml  [XML-Markup *.xml, nur Breite frei (ASCII gilt)]
    - libs/cache_engine/algorithm_profiles/paper_experiments/saikkonen_layoutinvariant.experiment.xml  [XML-Markup *.xml, nur Breite frei (ASCII gilt)]
    - libs/cache_engine/algorithm_profiles/paper_experiments/saikkonen_multilevel.experiment.xml  [XML-Markup *.xml, nur Breite frei (ASCII gilt)]
  VENDOR-AUSNAHME (nicht still): diese Baeume tragen COMDARE-VENDOR-PROVENANCE.md
  und werden als Fremdcode NICHT auf ASCII/Breite geprueft --
    - ext/io/liburing/
    - ext/io/libxlsxwriter/
    - ext/io/zlib/
  Eigener Code in diesen Baeumen (Wrapper, CMakeLists) liegt AUSSERHALB und
  wird weiter geprueft.
  GRENZE (ungedeckt, ausdruecklich): geprueft ist der ZUWACHS in diesem Diff,
  nicht der Bestand der beruehrten Dateien und nicht der des Baums. Wer ueber
  eine DATEI urteilen will, misst die Datei -- nicht diesen Bereich.
-----------------------------------------------------------------------------

DIFF-HYGIENE-WACHE: ROT.  KUMULATIV ueber f729b93aab08bbf3cacd0c8b62ab29545e74e5f9..b4c593f5fa65201a6b3876dc3703649be5f7e478 (24 Commits)
