== Z10 WIEDERANLAUF KURZ-VERIFIKATION (Zug-Schritt Z10, 2026-08-23T20:42:09Z) ==
-- ce HEAD / Branch / porcelain --
3841d7175086d5141fb28d6a401ae1ab4d137b30
development
porcelain_rc=0 (Ausgabe daruber leer = clean)
-- ls-remote origin development --
3841d7175086d5141fb28d6a401ae1ab4d137b30	refs/heads/development
rc_origin=0
-- ls-remote github development --
3841d7175086d5141fb28d6a401ae1ab4d137b30	refs/heads/development
rc_github=0
-- Ketten-Anker vorhanden + Vorfahr von HEAD (ancestor_rc=0 gefordert) --
kurz=5ddda4e5 voll=5ddda4e57c994ac3c9b94eae26d1accaae716fa1 ancestor_rc=0
kurz=1f0424a2 voll=1f0424a205571b6154d8b5127a2a7339c7646b79 ancestor_rc=0
kurz=db66714a voll=db66714a38ad68812bcd56d9275d145b0cba02b3 ancestor_rc=0
kurz=b6698eaf voll=b6698eaf6dbe89760e7c1de741186f8190f65347 ancestor_rc=0
kurz=b247a339 voll=b247a339654e67828cba47f0c1ec5d5f545d1af2 ancestor_rc=0
kurz=1f51eb3d voll=1f51eb3db96018ca3f4b661beeb420acc11f1619 ancestor_rc=0
kurz=3841d717 voll=3841d7175086d5141fb28d6a401ae1ab4d137b30 ancestor_rc=0
kurz=b4c593f5fa65201a6b3876dc3703649be5f7e478 voll=b4c593f5fa65201a6b3876dc3703649be5f7e478 ancestor_rc=0
-- CI Pipeline 16101 (API 286) --
{"id":16101,"iid":1814,"project_id":286,"sha":"3841d7175086d5141fb28d6a401ae1ab4d137b30","ref":"development","status":"success","source":"push","created_at":"2026-08-23T14:01:57.880Z","updated_at":"2026-08-23T14:43:46.493Z","web_url":"https://gitlab.comdare.local/comdare/research/comdare-cache-engine/-/pipelines/16101","before_sha":"b247a339654e67828cba47f0c1ec5d5f545d1af2","tag":false,"yaml_errors":null,"user":{"id":1,"username":"root","public_email":null,"name":"Administrator","state":"active","locked":false,"avatar_url":"https://secure.gravatar.com/avatar/cda9ed339d5b94a8b88b886590d2618a3812352a04a9b5f27d1df736a4cde221?s=80\u0026d=identicon","web_url":"https://gitlab.comdare.local/root"},"started_at":"2026-08-23T14:02:03.252Z","finished_at":"2026-08-23T14:43:46.468Z","committed_at":null,"duration":2503,"queued_duration":5,"coverage":null,"detailed_status":{"icon":"status_success","text":"Passed","label":"passed","group":"success","tooltip":"passed","has_details":false,"details_path":"/comdare/research/comdare-cache-engine/-/pipelines/16101","illustration":null,"favicon":"/assets/ci_favicons/favicon_status_success-8451333011eee8ce9f2ab25dc487fe24a8758c694827a582f17f42b0a90446a2.png"},"archived":false,"name":null}
curl_rc=0
-- Beweisorte --
-rw-rw-r-- 1 comdare comdare 13526 Aug 23 20:12 /home/comdare/backups-workflow/20260822-lande-zug/Z10/endstand-beweis/INDEX.md
-rw-rw-r-- 1 comdare comdare 10163 Aug 23 08:49 /home/comdare/backups-workflow/20260822-lande-zug/Z10/Z10-PROTOKOLL.md
-rw-rw-r-- 1 comdare comdare 59922 Aug 23 20:18 /home/comdare/backups-workflow/20260822-lande-zug/ZUG-BILANZ.md
drwxrwxr-x 3 comdare comdare 4096 Aug 23 20:08 /home/comdare/backups-workflow/20260821-w1l-landung/cifix2-vl3debug
drwxrwxr-x 2 comdare comdare 4096 Aug 23 20:13 /home/comdare/backups-workflow/20260821-w1l-landung/cifix2-vl3debug/endstand-pruefer
