=== Z18 ABNAHME AM OBJEKT c27af110 (2026-08-24T12:54:22Z) ===
--- Merge-Commit:
c27af110ceea53d05f07cd935ec84a009102bd3a
e80286b0ac8c20a0dc3ed885c9ce7b2d4ee92246 a6fa04dae76777ece26d335c95eee2e031facf22
Merge fix/vorlagenfenster-r1 @ a6fa04da in development -- super-Phase Merge 3 (Z18): VF-HARMONISIERUNG statt Blind-Merge (T1/L-02/S-2d)
--- a6fa04da jetzt Ancestor von development?
JA rc=0
--- Diff-Stat gegen Erst-Elter e80286b0 (soll: NUR FINAL, 5+/7-):
 .../20260821-F2-VORLAGEN-FENSTER-FINAL-konsolidiert.md       | 12 +++++-------
 1 file changed, 5 insertions(+), 7 deletions(-)
--- TABU-Probe (soll 0 Treffer):
0
0 Treffer rc=1 OK
--- Gitlink im Merge unveraendert (soll leer):
(leer=OK)
--- HEAD:FINAL D-Bloecke (soll 12 streng aufsteigend):
20:### D-01 · HY-Ebene4a / 4.-Ebenen-Entscheid (G01; OV-3-Nachfassung) [ENTSCHEID]
25:### D-02 · type_phase_rank-Rename (G02; R73/A-06) [ENTSCHEID: GO]
30:### D-03 · B5-Zug-Freigabe + B3-CEB-Glied-Nachzug (G05; ergaenzt V-13-Datum) [ENTSCHEID]
36:### D-04 · Break-Even-Buendel OV-1 + OV-6 + D4f (G11) [ENTSCHEID, EIN Satz]
41:### D-05 · G-1-Restfragen 9/12 + S-18-DREIPHASIG-mess (G13) [ENTSCHEID]
45:### D-06 · ce-Standalone-SCHEMA-Bein (G14; Task#16-Luecke4) [ENTSCHEID]
48:### D-07 · OF-1-Rest-Fork cp/ce-Klammerformen (G15) [ENTSCHEID]
52:### D-08 · V-06 Stempel-Pflicht-Weite (G16; NICHT die Fenster-Nummer V-06!) [ENTSCHEID]
56:### D-09 · G-5 run_methodology-Enum-Ordnung (G17; V-12 der Rest-Vorlage 17.08.) [ENTSCHEID]
60:### D-10 · OV-16 + OV-17 (G18; W0b-D3-Blocker) [ENTSCHEID x2]
66:### D-11 · Sammel: K2-P/E-Core-Platz + Alt-Owner-Posten (G20+G22) [KENNTNISNAHME/DISPOSITION]
72:### D-12 · R-1/OV-10 Steuerdock-Zahl (Synthese-Dedup-Pruefung, s8-Strang F-17) [ENTSCHEID]
--- L-2-Objektzaehlung grep -c '^### D-' (soll 12):
12
--- Elfer-Nullproben FINAL/FREEZE (soll 0/0):
0
0
--- 12er-Treffer FINAL/FREEZE (soll 2/3):
2
3
--- ORDNUNGSNOTIZ in HEAD:FINAL (soll 0):
0
--- VF-A1-Nachzug-Historie (soll Z.17):
17:DELTAS (nur in der BAULISTE; hiermit ins Fenster gehoben — D-01..D-12; VF-A1-Nachzug 22.08.:
--- Zeilenzahlen FINAL/FREEZE (soll 89/109):
89
109
--- FREEZE byte-identisch zur Lead-Fassung (soll leer):
(leer=OK)
--- Sortier-Differenz FINAL e80286b0 vs HEAD (soll: NUR 2 Ordnungsnotiz-Zeilen):
74d73
< <!-- ORDNUNGSNOTIZ (VF-A2, 22.08.): D-12 nachgetragen 21.08. 09:26 per 8aae5cd2 — Reihenfolge
88d86
<      vor D-11 historisch, kein Versehen. -->
--- Blockregion HEAD Z.60-76 == Branch a6fa04da Z.59-75 (soll identisch):
BLOCKREGION-BYTE-IDENTISCH rc=0
--- Nicht-ASCII-Byte-Bilanz FINAL (dev-Fassung vs HEAD):
155
152
--- Status nach Merge:
 M Code/external/comdare-cache-engine
?? build-l4/
