=== Z18 VORHER-EXPLORE (24.08.2026, 2026-08-24T12:52:36Z) ===
--- HEAD:
e80286b0ac8c20a0dc3ed885c9ce7b2d4ee92246
e80286b0 Merge bau/cidual @ 223ab518 in development -- super-Phase Merge 2 (Z17): CI-DUAL #106 R1+R2 (S1-L-04 / S2-S-2b)
--- Topologie:
5b5a818f0c7715c25e96967d3a2572a899558cd8
a6fa04da docs(sessions): F2-Fenster Delta-Zaehler 11->12 an 4 Stellen + D-11/D-12-Reihenfolge (A2.5-Fix V1-01/V1-02)
a6fa04dae76777ece26d335c95eee2e031facf22	refs/heads/fix/vorlagenfenster-r1
--- Beruehrer der 2 Dateien seit 5b5a818f:
8ed8b268 docs: Zwischendoku Vollpruefung offene/vergessene Arbeit + VF-A1/VF-A2-Delta-Zaehler-Fix (11->12, D-12-Ordnungsnotiz)
--- dev FINAL D-Bloecke:
20:### D-01 · HY-Ebene4a / 4.-Ebenen-Entscheid (G01; OV-3-Nachfassung) [ENTSCHEID]
25:### D-02 · type_phase_rank-Rename (G02; R73/A-06) [ENTSCHEID: GO]
30:### D-03 · B5-Zug-Freigabe + B3-CEB-Glied-Nachzug (G05; ergaenzt V-13-Datum) [ENTSCHEID]
36:### D-04 · Break-Even-Buendel OV-1 + OV-6 + D4f (G11) [ENTSCHEID, EIN Satz]
41:### D-05 · G-1-Restfragen 9/12 + S-18-DREIPHASIG-mess (G13) [ENTSCHEID]
45:### D-06 · ce-Standalone-SCHEMA-Bein (G14; Task#16-Luecke4) [ENTSCHEID]
48:### D-07 · OF-1-Rest-Fork cp/ce-Klammerformen (G15) [ENTSCHEID]
52:### D-08 · V-06 Stempel-Pflicht-Weite (G16; NICHT die Fenster-Nummer V-06!) [ENTSCHEID]
56:### D-09 · G-5 run_methodology-Enum-Ordnung (G17; V-12 der Rest-Vorlage 17.08.) [ENTSCHEID]
60:### D-10 · OV-16 + OV-17 (G18; W0b-D3-Blocker) [ENTSCHEID x2]
68:### D-12 · R-1/OV-10 Steuerdock-Zahl (Synthese-Dedup-Pruefung, s8-Strang F-17) [ENTSCHEID]
73:### D-11 · Sammel: K2-P/E-Core-Platz + Alt-Owner-Posten (G20+G22) [KENNTNISNAHME/DISPOSITION]
--- dev Treffer 12er (FINAL dann FREEZE):
2
3
--- Elfer-Nullproben (je 0):
0
0
--- merge-tree Konflikt-Vorschau:
8b8449689ddd8869440a20b2e071df3c4f1c4a89
100644 35c477900bb0e013384a6dabe14eba0197da7f06 1	docs/sessions/20260821-F2-FREEZE-CHECK-PROTOKOLL.md
100644 d3f39d8ce51d0803d5e999fc4cce7d1124779f4b 2	docs/sessions/20260821-F2-FREEZE-CHECK-PROTOKOLL.md
100644 f4b348f04fc71b846c26bbe995188b4a861fe196 3	docs/sessions/20260821-F2-FREEZE-CHECK-PROTOKOLL.md
100644 f2bea99ebf1ce869cc66806a71bcb94f0ae54b0f 1	docs/sessions/20260821-F2-VORLAGEN-FENSTER-FINAL-konsolidiert.md
100644 997c4d35908784cc237496ce258222ffd758fd09 2	docs/sessions/20260821-F2-VORLAGEN-FENSTER-FINAL-konsolidiert.md
100644 274dd12661a2dcaaecfb29e8082f601ab4edf105 3	docs/sessions/20260821-F2-VORLAGEN-FENSTER-FINAL-konsolidiert.md

Auto-merging docs/sessions/20260821-F2-FREEZE-CHECK-PROTOKOLL.md
CONFLICT (content): Merge conflict in docs/sessions/20260821-F2-FREEZE-CHECK-PROTOKOLL.md
Auto-merging docs/sessions/20260821-F2-VORLAGEN-FENSTER-FINAL-konsolidiert.md
CONFLICT (content): Merge conflict in docs/sessions/20260821-F2-VORLAGEN-FENSTER-FINAL-konsolidiert.md
MERGE-TREE-RC=1 (Konflikte, erwartet)
