[  1%] Built target comdare_module_loader
[  1%] Built target comdare_workload_generator
[  1%] Built target is_original_validator
[  2%] Built target comdare_builder_xml_config_parser
[  2%] Built target gtest
[  2%] Built target comdare_latex_anhang_lib
[  2%] Built target comdare_perm_mock_test
[  3%] Built target comdare_workload_driver
[  3%] Built target perm_view_d11
[  3%] Built target comdare_hdr_histogram_wrapper
[  3%] Built target comdare_anatomy_module_loader
[  3%] Built target perm_set_d9
[  3%] Built target perm_sequence_d10
[  3%] Built target perm_adapter_d12
[  4%] Built target perm_major7_neue_magic
[  4%] Built target perm_set_defekt_d13
[  5%] Built target perm_alt_major7
[  5%] Built target perm_buildvariant_real_avx2
[  5%] Built target perm_buildvariant_avx512
[  5%] Built target perm_buildvariant_avx2
[  5%] Built target perm_buildvariant_real_avx512
[  6%] Built target comdare_paper_p03_masstree_codegen
[  6%] Built target comdare_vendored_liburing
[  6%] Built target comdare_paper_a04_mimalloc_codegen
[  6%] Built target comdare_paper_a07_snmalloc_codegen
[  6%] Built target comdare_paper_a05_jemalloc_codegen
[  6%] Built target comdare_paper_a20_dlmalloc_codegen
[  6%] Built target comdare_paper_a10_rpmalloc_codegen
[  6%] Built target comdare_paper_a11_lrmalloc_codegen
[  6%] Built target comdare_paper_p01_art_codegen
[  6%] Built target comdare_paper_p02_hot_codegen
[  6%] Built target comdare_paper_p05_start_codegen
[  6%] Built target comdare_paper_p07_wormhole_codegen
[  6%] Built target comdare_paper_p10_surf_codegen
[  6%] Built target comdare_experiment
[  6%] Built target gtest_main
[  6%] Built target comdare_ycsb_cli_lib
[  6%] Built target comdare_builder_codegen
[  6%] Built target comdare_paper_codegen_all
[  6%] Built target comdare_builder_permutation_loop
[  7%] Built target comdare_measurement_axis_registry_gen
[  7%] Built target test_p_cacheline_store_line_source
[  7%] Built target comdare_system_axis_registry_gen
[  7%] Built target test_pressure_state
[  7%] Built target test_cache_recommendation
[  7%] Built target comdare_axis_registry_gen
[  7%] Built target test_permutation_flags
[  7%] Built target test_cpuid_probe
[  7%] Built target test_observer_registry
[  7%] Built target test_decision_trees
[  8%] Built target test_decision_lambda_registry
[  9%] Built target test_event_hierarchy
[  9%] Built target test_concurrency_disciplines
[  9%] Built target test_telemetry_strategies
[  9%] Built target test_platform_concepts
[  9%] Built target test_measurement_buffer
[  9%] Built target test_cache_hierarchy_and_mode
[  9%] Built target test_sub_engines
[  9%] Built target test_chaos_drift_gate
[ 10%] Built target test_test_data_accumulation
[ 11%] Built target test_abi_interface
[ 12%] Built target test_benchmark_suite
[ 12%] Built target test_config_durability
[ 12%] Built target test_allocator_concepts
[ 12%] Built target test_workload_and_experiment
[ 13%] Built target test_ycsb_cli
[ 13%] Built target test_codegen_from_profile
[ 13%] Built target test_allocator_full_matrix
[ 13%] Built target test_builder_codegen
[ 13%] Built target comdare_builder_experiment_driver
[ 13%] Built target test_permutation_sampling
[ 13%] Built target test_latex_anhang
[ 13%] Built target test_rcu_concurrency
[ 13%] Built target test_succinct
[ 13%] Built target test_rcu
[ 13%] Built target test_hbm_hierarchy
[ 13%] Built target test_module_loader
[ 13%] Built target test_v31_adapters
[ 13%] Built target test_v41_indexes
[ 13%] Built target test_v41_topic_allocator_axis_06
[ 13%] Built target test_v41_topic_traversal
[ 13%] Built target test_v41_topic_queuing
[ 13%] Built target test_ctsha512
[ 13%] Built target test_v41_paper_legacy_code
[ 13%] Built target test_v41_compositions
[ 14%] Built target test_v41_topics_fundament
[ 14%] Built target test_v41_anatomy_r4_driver
[ 14%] Built target test_v41_anatomy
[ 15%] Built target test_v41_anatomy_observer
[ 15%] Built target test_v41_axis_03a_cross_variant_equivalence
[ 15%] Built target test_ap7_swisstable
[ 15%] Built target test_v41_tier_observe_trace
[ 15%] Built target test_ap7b_swiss_organ
[ 15%] Built target test_ap7b3_swiss_isa_group_match
[ 15%] Built target test_ap8_hdr_histogram
[ 15%] Built target test_vampir_nfp_allocator
[ 15%] Built target test_v41_anatomy_pruefling_merge
[ 15%] Built target test_v41_axis_03a_tier_organ_equivalence
[ 15%] Built target test_v41_anatomy_base
[ 15%] Built target test_v41_execution_engine
[ 15%] Built target test_v41_search_algorithm_permutation_engine
[ 15%] Built target test_v41_anatomy_module_abi
[ 15%] Built target anatomy_codegen_pilot_wormhole_shared
[ 15%] Built target anatomy_codegen_pilot_hot
[ 15%] Built target anatomy_multi_pilot_5
[ 15%] Built target anatomy_multi_pilot_0
[ 15%] Built target anatomy_multi_pilot_1
[ 15%] Built target anatomy_multi_pilot_2
[ 16%] Built target anatomy_multi_pilot_3
[ 16%] Built target anatomy_multi_pilot_4
[ 16%] Built target comdare_anatomy_codegen_tool
[ 16%] Built target test_v41_workload_generator
[ 17%] Built target test_v41_axis_12_general_hardware
[ 17%] Built target test_v41_axis_05_memory_layout
[ 17%] Built target test_v41_axis_02_axis_04_nodes
[ 18%] Built target test_v41_axis_07_prefetch
[ 18%] Built target test_v41_axis_11_telemetry
[ 18%] Built target test_v41_axis_10_serialization
[ 18%] Built target test_v41_axis_14_value_handle
[ 18%] Built target test_v41_axis_08_concurrency
[ 20%] Built target test_v41_status_code
[ 20%] Built target test_v41_serialization_primitives
[ 21%] Built target test_v41_axis_01_page_type
[ 21%] Built target test_v41_pruefling_registry
[ 21%] Built target test_v41_axis_filter
[ 21%] Built target test_v41_axis_filter_surf_organ
[ 21%] Built target test_v41_axis_filter_surf_louds_organ
[ 21%] Built target test_v41_axis_migration
[ 22%] Built target test_v41_axis_io
[ 22%] Built target test_v41_axis_01_index_organization
[ 22%] Built target test_v41_axis_09_isa
[ 22%] Built target test_v41_axis_09b_simd_extension
[ 22%] Built target test_v41_r5c3_isa_simd_cross_constraint
[ 22%] Built target r5i_configure_pilot_2
[ 23%] Built target r5i_configure_pilot_0
[ 23%] Built target r5i_configure_pilot_1
[ 24%] Built target f15_measurement_pilot_1
[ 24%] Built target f15_measurement_pilot_0
[ 24%] Built target test_v5_conformance_gate
[ 25%] Built target test_v41_anatomy_adhoc_codegen_macro
[ 26%] Built target test_v41_pruef_dock_search_algorithm
[ 26%] Built target test_v5_memento_axis
[ 26%] Built target test_v5_two_phase_driver
[ 26%] Built target test_v5_workload_orchestrator
[ 27%] Built target test_v5_measurement_snapshot
[ 27%] Built target test_heuristik_spline_break_even
[ 27%] Built target test_ap9_provenance_manifest
[ 28%] Built target test_ap10_dataset_akte
[ 28%] Built target test_ap13_thread_pinning
[ 28%] Built target test_184_dataset_loader_wiring
[ 28%] Built target test_25_kanon_dataset_akten
[ 29%] Built target test_45_sosd_uint64_loader
[ 29%] Built target test_v5_disk_memento
[ 29%] Built target test_v5_ycsb_distribution
[ 30%] Built target test_v5_ycsb_op_set
[ 30%] Built target test_v41_scan_range_organ
[ 30%] Built target test_v5_organ_memento
[ 30%] Built target test_v41_cache_engine_tools_facade
[ 31%] Built target test_v41_codegen_type_name
[ 31%] Built target test_v41_cache_engine_facade
[ 31%] Built target perm_adhoc_buildvariant
[ 31%] Built target test_v41_codegen_all_axes_umbrella
[ 32%] Built target comdare_r5g_adhoc_perm
[ 32%] Built target comdare_r5g_autobuilt_perm_47
[ 32%] Built target comdare_r5g_autobuilt_perm_0
[ 32%] Built target comdare_r5g_autobuilt_perm_1
[ 32%] Built target comdare_r5g_autobuilt_perm_2
[ 32%] Built target comdare_r5g_autobuilt_perm_3
[ 32%] Built target comdare_r5g_autobuilt_perm_4
[ 32%] Built target comdare_r5g_autobuilt_perm_5
[ 32%] Built target comdare_r5g_autobuilt_perm_6
[ 32%] Built target comdare_r5g_autobuilt_perm_7
[ 33%] Built target comdare_r5g_autobuilt_perm_8
[ 33%] Built target comdare_r5g_autobuilt_perm_9
[ 33%] Built target comdare_r5g_autobuilt_perm_11
[ 33%] Built target comdare_r5g_autobuilt_perm_10
[ 33%] Built target comdare_r5g_autobuilt_perm_13
[ 34%] Built target comdare_r5g_autobuilt_perm_12
[ 34%] Built target comdare_r5g_autobuilt_perm_14
[ 34%] Built target comdare_r5g_autobuilt_perm_15
[ 35%] Built target comdare_r5g_autobuilt_perm_16
[ 35%] Built target comdare_r5g_autobuilt_perm_17
[ 35%] Built target comdare_r5g_autobuilt_perm_18
[ 35%] Built target comdare_r5g_autobuilt_perm_19
[ 35%] Built target comdare_r5g_autobuilt_perm_21
[ 35%] Built target comdare_r5g_autobuilt_perm_20
[ 36%] Built target comdare_r5g_autobuilt_perm_22
[ 36%] Built target comdare_r5g_autobuilt_perm_23
[ 36%] Built target comdare_r5g_autobuilt_perm_24
[ 36%] Built target comdare_r5g_autobuilt_perm_25
[ 36%] Built target comdare_r5g_autobuilt_perm_26
[ 37%] Built target comdare_r5g_autobuilt_perm_27
[ 37%] Built target comdare_r5g_autobuilt_perm_28
[ 37%] Built target comdare_r5g_autobuilt_perm_29
[ 37%] Built target comdare_r5g_autobuilt_perm_30
[ 38%] Built target comdare_r5g_autobuilt_perm_31
[ 38%] Built target comdare_r5g_autobuilt_perm_32
[ 38%] Built target comdare_r5g_autobuilt_perm_33
[ 38%] Built target comdare_r5g_autobuilt_perm_34
[ 38%] Built target comdare_r5g_autobuilt_perm_36
[ 38%] Built target comdare_r5g_autobuilt_perm_35
[ 40%] Built target comdare_r5g_autobuilt_perm_37
[ 40%] Built target comdare_r5g_autobuilt_perm_38
[ 40%] Built target comdare_r5g_autobuilt_perm_39
[ 40%] Built target comdare_r5g_autobuilt_perm_40
[ 41%] Built target comdare_r5g_autobuilt_perm_41
[ 41%] Built target comdare_r5g_autobuilt_perm_42
[ 41%] Built target comdare_r5g_autobuilt_perm_43
[ 41%] Built target comdare_r5g_autobuilt_perm_44
[ 41%] Built target comdare_r5g_autobuilt_perm_45
[ 42%] Built target test_d1_d2_selection
[ 42%] Built target test_d3_ceb_generator
[ 42%] Built target test_d7_build_variant
[ 43%] Built target comdare_r5g_autobuilt_perm_46
[ 43%] Built target test_d7a_build_inspection
[ 43%] Built target test_d7b_definition_per_node
[ 43%] Built target test_d9_set
[ 44%] Built target test_d8_operability
[ 44%] Built target test_d9_set_adapter
[ 44%] Built target test_d10_sequence
[ 44%] Built target test_d11_view
[ 44%] Built target test_genus_docks
[ 44%] Built target test_d12_virus
[ 44%] Built target test_d13_runtime_measure
[ 45%] Built target test_d14_result_ingest
[ 45%] Built target test_d14b_perm_runner
[ 45%] Built target test_a1_load_profile_opmix
[ 45%] Built target test_d14c_e2e_pipeline
[ 45%] Built target test_cmd2_container_attribution
[ 45%] Built target test_d15_selection_filter_chain
[ 45%] Built target test_container_dock
[ 46%] Built target test_container_genus
[ 46%] Built target test_d_v42_probe
[ 46%] Built target test_d_v42_probe2
[ 46%] Built target test_d_v42_telemetry_observable
[ 46%] Built target test_d_v42_memory_layout_observable
[ 46%] Built target test_d_v42_serialization_observable
[ 46%] Built target test_d_v42_telemetry_registry_observable
[ 47%] Built target test_d_v42_node_type_observable
[ 47%] Built target test_genus_permutation_engines
[ 47%] Built target test_axis_growth_policies
[ 47%] Built target test_axis_view_policies
[ 48%] Built target test_e24_c0_organ_concept
[ 48%] Built target test_e24_c1_organ_concept
[ 48%] Built target test_e24_c2_set_permutation_engine
[ 48%] Built target test_e24_c2_sequence_permutation_engine
[ 48%] Built target test_e24_c2_view_permutation_engine
[ 48%] Built target test_e24_c2_adapter_permutation_engine
[ 48%] Built target test_e24_c3_set_anatomy
[ 48%] Built target test_e24_c3_sequence_anatomy
[ 48%] Built target test_e24_c3_view_anatomy
[ 48%] Built target test_e24_c3_adapter_anatomy
[ 49%] Built target test_e24_c3_cross_genus
[ 50%] Built target test_e24_c4_genus_conformance_gates
[ 50%] Built target test_e24_c5_fk8_genus_baupfad_d1
[ 50%] Built target test_e24_c6v_growth_statistics
[ 51%] Built target test_a8s3_sa_organ_member_vollstaendigkeit
[ 51%] Built target test_e24_c6v_view_statistics
[ 51%] Built target test_e24_c6v_inner_container_statistics
[ 51%] Built target test_e24_c6v_set_ehrlichkeit
[ 51%] Built target test_e24_c6_genus_observer_aggregate
[ 52%] Built target test_e24_c6_axis_row_writer
[ 52%] Built target test_e24_c6_set_wire_aggregate
[ 52%] Built target test_e24_c6_sequence_wire_aggregate
[ 52%] Built target test_e24_c6_adapter_wire_aggregate
[ 53%] Built target test_e24_c6_view_wire_aggregate
[ 53%] Built target test_e24_c6_set_algebra_abi
[ 53%] Built target test_e24_c7_gattung_map_umbenennung
[ 53%] Built target test_e24_c7_container_gattungs_kern
[ 54%] Built target test_e24_c7_element_type_vertrag
[ 54%] Built target test_e24_c7_symmetrie_und_benennung
[ 54%] Built target test_e24_c7_gattung_abi_sichtbar
[ 54%] Built target test_e24_c4_genus_pruef_docks
[ 54%] Built target test_e24_c5_fk7_dock_fehlerklassen
[ 54%] Built target test_migration_two_tier
[ 54%] Built target test_seg_coverage
[ 54%] Built target test_filter_real_from_keys
[ 54%] Built target test_patricia_real
[ 54%] Built target test_value_handle_real
[ 55%] Built target test_prefetch_real
[ 55%] Built target test_prefetch_adversarial_verify
[ 55%] Built target test_prefetch_patha_t7
[ 55%] Built target test_s5_04_execution_alloc_conformance
[ 55%] Built target test_a8s1_t17_vollzaehligkeit
[ 55%] Built target test_a8s3_t17_stats_lesezeitpunkt
[ 55%] Built target test_s5_04_execution_perf_sanity
[ 55%] Built target test_s5_03_placement_alloc_conformance
[ 55%] Built target test_s5_03_placement_perf_sanity
[ 56%] Built target test_s5_01d_traversal_alloc_conformance
[ 56%] Built target test_s5_01d_traversal_perf_sanity
[ 56%] Built target test_s5_02a_layout_alloc_conformance
[ 56%] Built target test_s5_02a_layout_perf_sanity
[ 56%] Built target test_s5_01a_pool_stores_alloc_conformance
[ 56%] Built target test_s5_02b_filter_alloc_conformance
[ 57%] Built target test_s5_02b_filter_perf_sanity
[ 57%] Built target test_s5_01a_pool_stores_perf_sanity
[ 57%] Built target test_s5_01b_composable_alloc_conformance
[ 57%] Built target test_s5_01b_composable_perf_sanity
[ 57%] Built target test_s5_01c_fassaden_conformance
[ 58%] Built target test_s5_05q_queuing_alloc_conformance
[ 58%] Built target test_h64_allocator_adapter_failure_contract
[ 60%] Built target test_h81_allocator_statistics_forwarder_recursion
[ 60%] Built target test_s5_05q_queuing_perf_sanity
[ 60%] Built target test_cow_memento
[ 61%] Built target test_cuckoo_eviction_correctness
[ 61%] Built target test_hash_lookup_backward_shift
[ 61%] Built target test_scalloc_realloc_alignment
[ 61%] Built target test_br1_subset
[ 61%] Built target test_br2_descriptor_foundation
[ 61%] Built target test_br1_full22_count
[ 62%] Built target test_br2_roundtrip
[ 62%] Built target test_clu_per_layout
[ 62%] Built target test_br3_obs22
[ 62%] Built target test_br_kf15_real
[ 62%] Built target test_cow_capable_wrappers
[ 62%] Built target test_d4b_container_adapter
[ 62%] Built target test_genus_binding
[ 63%] Built target test_genus_organ_binding
[ 63%] Built target test_kf4_resource_control
[ 63%] Built target test_kf5_cacheline_weave
[ 64%] Built target test_kf6_node_run_body
[ 64%] Built target test_kf7_runtime_loop
[ 64%] Built target test_kf8_ceb_generator
[ 64%] Built target test_kf9_experiment_tree
[ 64%] Built target test_kf10_repetition_plan
[ 64%] Built target test_kf12_kf13_slurm_prepare
[ 64%] Built target test_kf15_inverse_signature
[ 64%] Built target test_kf11_telemetry_silent
[ 65%] Built target test_kf16_build_orchestrator
[ 65%] Built target test_kf16b_build_resilience
[ 65%] Built target test_w6_parallel_provision
[ 65%] Built target test_s5_artifact_cache_bounded
[ 65%] Built target test_w11_async_push_pump
[ 65%] Built target test_s1_cache_key_prefix
[ 66%] Built target test_s2_pull_tier_binary
[ 66%] Built target test_45_parallel_measure_loop
[ 66%] Built target test_e24_c10_g6_identitaets_bilanz
[ 66%] Built target test_r2_suffix_wachen
[ 66%] Built target test_cache_mc_timeout
[ 66%] Built target test_w10_c4_zellwert_naht
[ 66%] Built target test_e24_c9_fk5_fehlerraum
[ 66%] Built target test_resthygiene2_organ_fingerprint
[ 66%] Built target test_obs_phaseB_t11_t12_iso
[ 66%] Built target test_br3_observer
[ 66%] Built target test_m8_storetrav_segment
[ 66%] Built target test_all19_segment_timer
[ 67%] Built target test_obs_phaseB_t14_t16
[ 68%] Built target test_pathb_segment_timer
[ 68%] Built target test_segment_timer_differentiation
[ 68%] Built target test_obs_phaseA
[ 68%] Built target test_obs_phaseB_t11_t12
[ 68%] Built target test_obs_phaseB_pilot
[ 68%] Built target test_d_v42_abi_telemetry_coupling
[ 68%] Built target test_a8s4_konstitutiv_kette
[ 68%] Built target test_kf1_thesis_profile_parser
[ 68%] Built target test_v5_io_real_fixture
[ 68%] Built target test_q1_lockfree_concurrency
[ 68%] Built target test_winsorized_mean
[ 68%] Built target test_a8s4_release_pfad_neutralitaet
[ 68%] Built target test_conformance_gate
[ 69%] Built target test_188_4bb0_pool_organ_wide_key_conformance
[ 69%] Built target test_188_4bbV_pool_adapter_flip_compile
[ 70%] Built target test_phase_b_effective_search_algo_contrast
[ 70%] Built target test_ap15_2_get_allocator_proxy
[ 70%] Built target test_s7_1_bst_pool_allocator_deg
[ 70%] Built target test_ap15_3_driveable_map_contract
[ 70%] Built target test_striktheit_axis_dach_guard
[ 70%] Built target test_29_container_framework
[ 71%] Built target test_s7_2_btree_pool_allocator_deg
[ 71%] Built target test_a14_os_sub_axes_guard
[ 71%] Built target test_meta_meta_halbordnung
[ 72%] Built target test_234_va_shaped_adapter
[ 73%] Built target test_axis_error_taxonomy
[ 73%] Built target test_rf3_betriebssystem_feature_fehlt
[ 73%] Built target test_striktheit_abi_pod_guard
[ 73%] Built target test_striktheit_scan_kernel_purity
[ 74%] Built target test_striktheit_metaprog_guard
[ 74%] Built target test_striktheit_axes_guard
[ 74%] Built target test_cmd1_a_axis_command_base
[ 74%] Built target test_234_vb_rest_families_shaped
[ 74%] Built target test_s7_3_skip_list_pool_allocator_deg
[ 74%] Built target test_s7_4_hash_pool_allocator_deg
[ 74%] Built target test_s7_6_hot_pool_allocator_deg
[ 74%] Built target test_s7_5_art_pool_allocator_deg
[ 74%] Built target test_s7_7_start_pool_allocator_deg
[ 75%] Built target test_s7_8_wormhole_pool_allocator_deg
[ 75%] Built target test_s7_9_surf_pool_allocator_deg
[ 75%] Built target test_s7_10_swiss_pool_allocator_deg
[ 75%] Built target test_234_f1_btree_order_shape
[ 75%] Built target test_234_f2_skip_list_shape
[ 75%] Built target test_234_f3_bst_shape
[ 75%] Built target test_234_f4_hash_probe_shape
[ 75%] Built target test_188_4a_eytzinger_organ
[ 75%] Built target test_216h2_stat_reset_after_load
[ 75%] Built target test_188_4c0_known_compositions_conformance
[ 75%] Built target test_abi_adapter_g3_batch2
[ 76%] Built target test_221_rc_prefetch_distance
[ 76%] Built target test_e1_contract_rc_konsum
[ 76%] Built target test_188_4cii_flat_wrapper_traversal
[ 76%] Built target m3v2_pmc_smoke
[ 76%] Built target test_217_2a_capacity_guard
[ 76%] Built target test_harness_compile
[ 76%] Built target test_f3_lager_key_provider_iterator
[ 76%] Built target test_tp1_planer_filter_iterator
[ 76%] Built target test_experiment_dock_payload
[ 76%] Built target test_progress_delta
[ 77%] Built target test_w5_status_reader
[ 77%] Built target test_lazy_resume_binary
[ 77%] Built target test_gn_cell_filter
[ 77%] Built target test_profile_coverage
[ 77%] Built target test_axis_sweep_coverage
[ 77%] Built target test_ap2_katalog_pfad_stubfrei
[ 77%] Built target test_org18_persistence_target
[ 77%] Built target test_smoke_coverage_profile
[ 77%] Built target test_wdk_datasets_fairness
[ 78%] Built target test_measurement_categories
[ 78%] Built target test_experiment_parser
[ 78%] Built target test_experiment_kern_seam
[ 80%] Built target test_experiment_projection
[ 80%] Built target test_merge_plan_directive
[ 80%] Built target test_experiment_plan_director
[ 80%] Built target test_h2_score_akte
[ 80%] Built target linux_perf_pmc_smoke
[ 80%] Built target test_sota_st2_dedup
[ 80%] Built target test_validate_profile
[ 80%] Built target test_dgenus_dll
[ 80%] Built target test_e24_c10_genus_dll_roundtrip
[ 80%] Built target test_e24_c10_g5_lade_wache
[ 81%] Built target test_buildvariant_dll
[ 82%] Built target test_ap5_simd_extension_coherence
[ 82%] Built target test_d13_dll_runtime_measure
[ 82%] Built target test_w3_mess_interface_testate_dock
[ 83%] Built target test_load_profile_writer
[ 83%] Built target test_w3_mess_interface_testate_biss
[ 84%] Built target test_cacheline_policy_selector
[ 84%] Built target test_kf3_cacheline_subaxis
[ 84%] Built target test_ff2_node_width_subaxis
[ 84%] Built target test_fb_alloc_hw_subaxis
[ 85%] Built target test_best_binary_selector_parse_rank
[ 85%] Built target test_hybrid_spline_selector_scaffold
[ 85%] Built target test_e4_contract_xml_to_axislevels
[ 85%] Built target test_e3_contract_conformance_gate_wirksam
[ 85%] Built target test_e3_contract_binary_id_bijektion
[ 86%] Built target test_e2_contract_abi_vertrag
[ 86%] Built target test_m_simd_feature_flag_catalog
[ 86%] Built target test_p2_ram_probe_chain
[ 86%] Built target test_p1_spd_ddr5_parser
[ 86%] Built target test_m_contract_system_axis_wurzel
[ 87%] Built target test_p2_ram_identity_verdict
[ 87%] Built target test_os_u3_probe
[ 88%] Built target test_c3a_gate_scharfschaltung
[ 88%] Built target test_p3_boot_cache_dmi
[ 88%] Built target test_od10_numa_page_probe
[ 88%] Built target test_o4_machine_identity
[ 88%] Built target test_m_w12_stamp_bausteine
[ 89%] Built target test_w10_system_cell_values
[ 89%] Built target test_g1_binary_version_stamp
[ 89%] Built target test_progress_heartbeat
[ 89%] Built target test_parser_konsolidierung
[ 89%] Built target comdare_catalog_codegen_cli
[ 89%] Built target test_phase6_vorbau
[ 89%] Built target test_simd_field_sum_dispatch
[ 90%] Built target test_simd_field_sum_dispatch_avx512
[ 90%] Built target test_simd_field_sum_dispatch_avx2
[ 91%] Built target test_simd_add_u64_carry
[ 91%] Built target test_simd_add_u64_carry_avx2
[ 91%] Built target test_profile_roundtrip
[ 91%] Built target test_simd_add_u64_carry_avx512
[ 91%] Built target test_planner_version_flag_grammatik
[ 91%] Built target test_reflect_versions_all_registered
[ 92%] Built target test_reflect_versions_all17
[ 93%] Built target test_g3_bestandslog_document
[ 93%] Built target test_g3_bestandslog_lock
[ 93%] Built target test_g3_eta_estimator
[ 93%] Built target test_g3_reservation_lifecycle
[ 93%] Built target test_g3_batch_planner
[ 93%] Built target test_g3_ram_spool_writer
[ 94%] Built target test_g3_writer_backend_io_uring
[ 94%] Built target test_g2_variant_sidecar
[ 94%] Built target test_a2_sha512_skip_gate
[ 94%] Built target test_g3_sha512_index
[ 94%] Built target test_g3_builder_registration
[ 94%] Built target test_g3_takeover_sweep
[ 94%] Built target test_lb0_lager_pfad_grammatik
[ 94%] Built target test_lb1_knoten_heuristik_log
[ 94%] Built target test_ge3_messwert_genus_und_ziel
[ 94%] Built target test_ge1_claim_check_und_sidecar
[ 94%] Built target test_g3_planer_driven
[ 95%] Built target test_g3_prune
[ 95%] Built target test_g3_artifact_cache_transport
[ 95%] Built target test_g3_lager_presence
[ 96%] Built target test_fk1_nicht_gebaut_marker
[ 96%] Built target test_a8s3_csv_klasse_c
[ 96%] Built target test_e04_slice_marker
[ 96%] Built target test_experiment_driver_v13
[ 96%] Built target test_v41_anatomy_module_loader
[ 96%] Built target test_v41_anatomy_multi_codegen
[ 96%] Built target test_v41_anatomy_codegen
[ 96%] Built target test_v41_anatomy_codegen_tool
[ 96%] Built target test_v41_anatomy_codegen_tool_traits
[ 97%] Built target test_v41_anatomy_codegen_tool_mp_list
[ 97%] Built target test_v41_anatomy_r5i_configure_codegen
[ 97%] Built target test_adhoc_buildvariant_dll
[ 97%] Built target test_v41_anatomy_adhoc_dll_load
[ 97%] Built target test_v41_anatomy_f15_measurement
[ 98%] Built target test_pruef_only_gate
[ 98%] Built target test_v41_anatomy_adhoc_autobuilt_load
[ 98%] Built target comdare_limits_generated_source_catalog
[ 98%] Built target test_limits_entkopplung_vorstufe
[100%] Built target test_lazy_adhoc_source_gen
[100%] Built target test_w2_combo_ct_stamp
[100%] Built target comdare_tests
[ 50%] Built target is_original_validator
[ 50%] Built target comdare_paper_a05_jemalloc_codegen
[ 50%] Built target comdare_paper_a04_mimalloc_codegen
[100%] Built target comdare_paper_p03_masstree_codegen
[100%] Built target comdare_paper_a07_snmalloc_codegen
[100%] Built target comdare_paper_a10_rpmalloc_codegen
[100%] Built target comdare_paper_a20_dlmalloc_codegen
[100%] Built target comdare_paper_p01_art_codegen
[100%] Built target comdare_paper_a11_lrmalloc_codegen
[100%] Built target comdare_paper_p05_start_codegen
[100%] Built target comdare_paper_p02_hot_codegen
[100%] Built target comdare_paper_p07_wormhole_codegen
[100%] Built target comdare_paper_p10_surf_codegen
[100%] Built target comdare_paper_codegen_all
[100%] Built target comdare_axis_registry_gen
[ 50%] Built target is_original_validator
[100%] Built target comdare_paper_p03_masstree_codegen
[100%] Built target comdare_paper_a05_jemalloc_codegen
[100%] Built target comdare_paper_a04_mimalloc_codegen
[100%] Built target comdare_paper_a10_rpmalloc_codegen
[100%] Built target comdare_paper_a07_snmalloc_codegen
[100%] Built target comdare_paper_a20_dlmalloc_codegen
[100%] Built target comdare_paper_p01_art_codegen
[100%] Built target comdare_paper_a11_lrmalloc_codegen
[100%] Built target comdare_paper_p02_hot_codegen
[100%] Built target comdare_paper_p05_start_codegen
[100%] Built target comdare_paper_p07_wormhole_codegen
[100%] Built target comdare_paper_p10_surf_codegen
[100%] Built target comdare_paper_codegen_all
[100%] Built target comdare_system_axis_registry_gen
[ 33%] Built target is_original_validator
[ 33%] Built target comdare_paper_a07_snmalloc_codegen
[ 33%] Built target comdare_paper_a04_mimalloc_codegen
[ 33%] Built target comdare_paper_a10_rpmalloc_codegen
[ 33%] Built target comdare_paper_a20_dlmalloc_codegen
[ 33%] Built target comdare_paper_a05_jemalloc_codegen
[ 66%] Built target comdare_paper_p03_masstree_codegen
[ 66%] Built target comdare_paper_a11_lrmalloc_codegen
[ 66%] Built target comdare_paper_p02_hot_codegen
[ 66%] Built target comdare_paper_p01_art_codegen
[ 66%] Built target comdare_paper_p07_wormhole_codegen
[ 66%] Built target comdare_paper_p10_surf_codegen
[ 66%] Built target comdare_paper_p05_start_codegen
[ 66%] Built target comdare_paper_codegen_all
[100%] Built target comdare_measurement_axis_registry_gen
[ 25%] Built target comdare_workload_driver
[ 50%] Built target comdare_builder_xml_config_parser
[ 75%] Built target is_original_validator
[ 75%] Built target comdare_anatomy_module_loader
[ 75%] Built target comdare_paper_a07_snmalloc_codegen
[ 75%] Built target comdare_paper_a05_jemalloc_codegen
[ 75%] Built target comdare_paper_a04_mimalloc_codegen
[ 75%] Built target comdare_paper_a10_rpmalloc_codegen
[100%] Built target comdare_paper_p03_masstree_codegen
[100%] Built target comdare_paper_a20_dlmalloc_codegen
[100%] Built target comdare_paper_p05_start_codegen
[100%] Built target comdare_paper_p01_art_codegen
[100%] Built target comdare_paper_a11_lrmalloc_codegen
[100%] Built target comdare_paper_p02_hot_codegen
[100%] Built target comdare_paper_p10_surf_codegen
[100%] Built target comdare_paper_p07_wormhole_codegen
[100%] Built target comdare_paper_codegen_all
[100%] Built target test_profile_roundtrip
MAKE_ZUSATZ_RC=0
