[  0%] Built target comdare_workload_generator
[  1%] Built target comdare_module_loader
[  2%] Built target is_original_validator
[  2%] Built target comdare_builder_xml_config_parser
[  2%] Built target gtest
[  2%] Built target comdare_latex_anhang_lib
[  2%] Built target comdare_perm_mock_test
[  3%] Built target comdare_workload_driver
[  3%] Built target perm_view_d11
[  3%] Built target comdare_hdr_histogram_wrapper
[  3%] Built target comdare_anatomy_module_loader
[  3%] Built target perm_set_d9
[  3%] Built target perm_sequence_d10
[  4%] Built target perm_major7_neue_magic
[  4%] Built target perm_set_defekt_d13
[  5%] Built target perm_alt_major7
[  5%] Built target perm_adapter_d12
[  5%] Built target perm_buildvariant_real_avx2
[  5%] Built target perm_buildvariant_avx512
[  5%] Built target perm_buildvariant_avx2
[  5%] Built target comdare_paper_a04_mimalloc_codegen
[  6%] Built target comdare_paper_p03_masstree_codegen
[  6%] Built target comdare_vendored_liburing
[  6%] Built target perm_buildvariant_real_avx512
[  6%] Built target comdare_paper_a05_jemalloc_codegen
[  6%] Built target comdare_paper_a07_snmalloc_codegen
[  6%] Built target comdare_paper_a20_dlmalloc_codegen
[  6%] Built target comdare_paper_a11_lrmalloc_codegen
[  6%] Built target comdare_paper_p01_art_codegen
[  6%] Built target comdare_paper_a10_rpmalloc_codegen
[  6%] Built target comdare_paper_p02_hot_codegen
[  6%] Built target comdare_paper_p05_start_codegen
[  6%] Built target comdare_paper_p07_wormhole_codegen
[  6%] Built target comdare_paper_p10_surf_codegen
[  6%] Built target comdare_experiment
[  6%] Built target gtest_main
[  6%] Built target comdare_ycsb_cli_lib
[  6%] Built target comdare_builder_codegen
[  6%] Built target comdare_paper_codegen_all
[  6%] Built target comdare_builder_permutation_loop
[  6%] Building CXX object tools/system_axis_registry_gen/CMakeFiles/comdare_system_axis_registry_gen.dir/main.cpp.o
[  7%] Built target test_pressure_state
[  7%] Built target comdare_measurement_axis_registry_gen
[  7%] Built target test_p_cacheline_store_line_source
[  7%] Built target test_cache_recommendation
[  7%] Built target comdare_axis_registry_gen
[  7%] Built target test_cpuid_probe
[  7%] Built target test_observer_registry
[  7%] Built target test_permutation_flags
[  8%] Built target test_event_hierarchy
[  8%] Built target test_decision_trees
[  9%] Built target test_decision_lambda_registry
[  9%] Built target test_concurrency_disciplines
[  9%] Built target test_telemetry_strategies
[  9%] Built target test_platform_concepts
[  9%] Built target test_cache_hierarchy_and_mode
[  9%] Built target test_measurement_buffer
[  9%] Built target test_sub_engines
[  9%] Built target test_allocator_concepts
[ 10%] Built target test_abi_interface
[ 10%] Built target test_config_durability
[ 10%] Built target test_chaos_drift_gate
[ 11%] Built target test_test_data_accumulation
[ 12%] Built target test_benchmark_suite
[ 12%] Built target test_allocator_full_matrix
[ 12%] Built target test_workload_and_experiment
[ 13%] Built target test_builder_codegen
[ 13%] Built target test_ycsb_cli
[ 13%] Built target test_codegen_from_profile
[ 13%] Built target comdare_builder_experiment_driver
[ 13%] Built target test_permutation_sampling
[ 13%] Built target test_rcu
[ 13%] Built target test_latex_anhang
[ 13%] Built target test_rcu_concurrency
[ 13%] Built target test_succinct
[ 13%] Built target test_hbm_hierarchy
[ 13%] Built target test_v31_adapters
[ 13%] Built target test_module_loader
[ 13%] Built target test_v41_indexes
[ 13%] Built target test_v41_topic_allocator_axis_06
[ 13%] Built target test_v41_topic_queuing
[ 13%] Built target test_ctsha512
[ 13%] Built target test_v41_paper_legacy_code
[ 13%] Built target test_v41_topic_traversal
[ 13%] Built target test_v41_compositions
[ 14%] Built target test_v41_topics_fundament
[ 14%] Built target test_v41_anatomy
[ 14%] Built target test_v41_anatomy_r4_driver
[ 15%] Built target test_v41_anatomy_observer
[ 15%] Built target test_v41_axis_03a_cross_variant_equivalence
[ 15%] Built target test_v41_tier_observe_trace
[ 15%] Built target test_ap7_swisstable
[ 15%] Built target test_ap7b_swiss_organ
[ 15%] Built target test_ap7b3_swiss_isa_group_match
[ 15%] Built target test_ap8_hdr_histogram
[ 15%] Built target test_vampir_nfp_allocator
[ 15%] Built target test_v41_axis_03a_tier_organ_equivalence
[ 15%] Built target test_v41_anatomy_pruefling_merge
[ 15%] Built target test_v41_anatomy_base
[ 15%] Built target test_v41_execution_engine
[ 15%] Built target test_v41_search_algorithm_permutation_engine
[ 15%] Building CXX object tests/unit/CMakeFiles/test_v41_anatomy_module_abi.dir/test_v41_anatomy_module_abi.cpp.o
[ 15%] Building CXX object tests/unit/CMakeFiles/anatomy_codegen_pilot_hot.dir/__/__/generated/anatomy_modules/anatomy_perm_hot_pilot.cpp.o
[ 15%] Building CXX object tests/unit/CMakeFiles/anatomy_codegen_pilot_wormhole_shared.dir/__/__/generated/anatomy_modules/anatomy_perm_wormhole_pilot.cpp.o
[ 15%] Building CXX object tests/unit/CMakeFiles/anatomy_multi_pilot_0.dir/__/__/generated/anatomy_modules_multi/anatomy_perm_anatomy_multi_pilot_0.cpp.o
[ 15%] Building CXX object tests/unit/CMakeFiles/anatomy_multi_pilot_5.dir/__/__/generated/anatomy_modules_multi/anatomy_perm_anatomy_multi_pilot_5.cpp.o
In file included from /home/comdare/wt-b2-neuanker/libs/cache_engine/include/cache_engine/abi/anatomy_stamp_entries.hpp:96,
                 from /home/comdare/wt-b2-neuanker/libs/cache_engine/include/cache_engine/abi/anatomy_module_abi_v1.hpp:26,
                 from /home/comdare/wt-b2-neuanker/tests/unit/test_v41_anatomy_module_abi.cpp:23:
/home/comdare/wt-b2-neuanker/libs/cache_engine/include/cache_engine/measurement/algo_semver.hpp:94:1: warning: multi-line comment [-Wcomment]
   94 | ///     grep -rn 'ce_owned_version_satisfies_cpu_enforce\|ce_owned_version_is_wellformed' \
      | ^
In file included from /home/comdare/wt-b2-neuanker/cmake/../libs/cache_engine/include/cache_engine/abi/anatomy_module_abi_v1.hpp:25,
                 from /home/comdare/wt-b2-neuanker/build/gate/generated/anatomy_modules/anatomy_perm_wormhole_pilot.cpp:27:
/home/comdare/wt-b2-neuanker/cmake/../libs/cache_engine/include/cache_engine/abi/anatomy_fingerprint.hpp:454:77: error: call of overloaded ‘ToolchainGlied(<brace-enclosed initializer list>)’ is ambiguous
  454 | static_assert(anatomy_fingerprint_glieder("O", "S", "M", ToolchainGlied{"TC"}, BvsetGlied{"BV"},
      |                                                                             ^
/home/comdare/wt-b2-neuanker/cmake/../libs/cache_engine/include/cache_engine/abi/anatomy_fingerprint.hpp:454:77: note: there are 2 candidates
/home/comdare/wt-b2-neuanker/cmake/../libs/cache_engine/include/cache_engine/abi/anatomy_fingerprint.hpp:290:14: note: candidate 1: ‘comdare::cache_engine::abi::ToolchainGlied::ToolchainGlied(std::string&&)’ (deleted)
  290 |     explicit ToolchainGlied(std::string&&) = delete;
      |              ^~~~~~~~~~~~~~
/home/comdare/wt-b2-neuanker/cmake/../libs/cache_engine/include/cache_engine/abi/anatomy_fingerprint.hpp:288:24: note: candidate 2: ‘constexpr comdare::cache_engine::abi::ToolchainGlied::ToolchainGlied(std::string_view)’
  288 |     constexpr explicit ToolchainGlied(std::string_view v) : wert_{v} { require_injizierter_glied_wert("toolchain", v); }
      |                        ^~~~~~~~~~~~~~
/home/comdare/wt-b2-neuanker/cmake/../libs/cache_engine/include/cache_engine/abi/anatomy_fingerprint.hpp:454:95: error: call of overloaded ‘BvsetGlied(<brace-enclosed initializer list>)’ is ambiguous
  454 | static_assert(anatomy_fingerprint_glieder("O", "S", "M", ToolchainGlied{"TC"}, BvsetGlied{"BV"},
      |                                                                                               ^
/home/comdare/wt-b2-neuanker/cmake/../libs/cache_engine/include/cache_engine/abi/anatomy_fingerprint.hpp:454:95: note: there are 2 candidates
/home/comdare/wt-b2-neuanker/cmake/../libs/cache_engine/include/cache_engine/abi/anatomy_fingerprint.hpp:302:14: note: candidate 1: ‘comdare::cache_engine::abi::BvsetGlied::BvsetGlied(std::string&&)’ (deleted)
  302 |     explicit BvsetGlied(std::string&&) = delete;
      |              ^~~~~~~~~~
/home/comdare/wt-b2-neuanker/cmake/../libs/cache_engine/include/cache_engine/abi/anatomy_fingerprint.hpp:300:24: note: candidate 2: ‘constexpr comdare::cache_engine::abi::BvsetGlied::BvsetGlied(std::string_view)’
  300 |     constexpr explicit BvsetGlied(std::string_view v) : wert_{v} { require_injizierter_glied_wert("bvset", v); }
      |                        ^~~~~~~~~~
/home/comdare/wt-b2-neuanker/cmake/../libs/cache_engine/include/cache_engine/abi/anatomy_fingerprint.hpp:455:59: error: call of overloaded ‘OverlayHash(<brace-enclosed initializer list>)’ is ambiguous
  455 |                                           OverlayHash{"OV"})[kAnatomyFingerprintToolchainGlied] == "TC",
      |                                                           ^
/home/comdare/wt-b2-neuanker/cmake/../libs/cache_engine/include/cache_engine/abi/anatomy_fingerprint.hpp:455:59: note: there are 2 candidates
/home/comdare/wt-b2-neuanker/cmake/../libs/cache_engine/include/cache_engine/abi/anatomy_fingerprint.hpp:222:14: note: candidate 1: ‘comdare::cache_engine::abi::OverlayHash::OverlayHash(std::string&&)’ (deleted)
  222 |     explicit OverlayHash(std::string&&) = delete;
      |              ^~~~~~~~~~~
/home/comdare/wt-b2-neuanker/cmake/../libs/cache_engine/include/cache_engine/abi/anatomy_fingerprint.hpp:220:24: note: candidate 2: ‘constexpr comdare::cache_engine::abi::OverlayHash::OverlayHash(std::string_view)’
  220 |     constexpr explicit OverlayHash(std::string_view v) : wert_{v} { require_injizierter_glied_wert("overlay", v); }
      |                        ^~~~~~~~~~~
/home/comdare/wt-b2-neuanker/cmake/../libs/cache_engine/include/cache_engine/abi/anatomy_fingerprint.hpp:457:77: error: call of overloaded ‘ToolchainGlied(<brace-enclosed initializer list>)’ is ambiguous
  457 | static_assert(anatomy_fingerprint_glieder("O", "S", "M", ToolchainGlied{"TC"}, BvsetGlied{"BV"},
      |                                                                             ^
/home/comdare/wt-b2-neuanker/cmake/../libs/cache_engine/include/cache_engine/abi/anatomy_fingerprint.hpp:457:77: note: there are 2 candidates
/home/comdare/wt-b2-neuanker/cmake/../libs/cache_engine/include/cache_engine/abi/anatomy_fingerprint.hpp:290:14: note: candidate 1: ‘comdare::cache_engine::abi::ToolchainGlied::ToolchainGlied(std::string&&)’ (deleted)
  290 |     explicit ToolchainGlied(std::string&&) = delete;
      |              ^~~~~~~~~~~~~~
/home/comdare/wt-b2-neuanker/cmake/../libs/cache_engine/include/cache_engine/abi/anatomy_fingerprint.hpp:288:24: note: candidate 2: ‘constexpr comdare::cache_engine::abi::ToolchainGlied::ToolchainGlied(std::string_view)’
  288 |     constexpr explicit ToolchainGlied(std::string_view v) : wert_{v} { require_injizierter_glied_wert("toolchain", v); }
      |                        ^~~~~~~~~~~~~~
/home/comdare/wt-b2-neuanker/cmake/../libs/cache_engine/include/cache_engine/abi/anatomy_fingerprint.hpp:457:95: error: call of overloaded ‘BvsetGlied(<brace-enclosed initializer list>)’ is ambiguous
  457 | static_assert(anatomy_fingerprint_glieder("O", "S", "M", ToolchainGlied{"TC"}, BvsetGlied{"BV"},
      |                                                                                               ^
/home/comdare/wt-b2-neuanker/cmake/../libs/cache_engine/include/cache_engine/abi/anatomy_fingerprint.hpp:457:95: note: there are 2 candidates
/home/comdare/wt-b2-neuanker/cmake/../libs/cache_engine/include/cache_engine/abi/anatomy_fingerprint.hpp:302:14: note: candidate 1: ‘comdare::cache_engine::abi::BvsetGlied::BvsetGlied(std::string&&)’ (deleted)
  302 |     explicit BvsetGlied(std::string&&) = delete;
      |              ^~~~~~~~~~
/home/comdare/wt-b2-neuanker/cmake/../libs/cache_engine/include/cache_engine/abi/anatomy_fingerprint.hpp:300:24: note: candidate 2: ‘constexpr comdare::cache_engine::abi::BvsetGlied::BvsetGlied(std::string_view)’
  300 |     constexpr explicit BvsetGlied(std::string_view v) : wert_{v} { require_injizierter_glied_wert("bvset", v); }
      |                        ^~~~~~~~~~
/home/comdare/wt-b2-neuanker/cmake/../libs/cache_engine/include/cache_engine/abi/anatomy_fingerprint.hpp:458:59: error: call of overloaded ‘OverlayHash(<brace-enclosed initializer list>)’ is ambiguous
  458 |                                           OverlayHash{"OV"})[kAnatomyFingerprintBvsetGlied] == "BV",
      |                                                           ^
/home/comdare/wt-b2-neuanker/cmake/../libs/cache_engine/include/cache_engine/abi/anatomy_fingerprint.hpp:458:59: note: there are 2 candidates
/home/comdare/wt-b2-neuanker/cmake/../libs/cache_engine/include/cache_engine/abi/anatomy_fingerprint.hpp:222:14: note: candidate 1: ‘comdare::cache_engine::abi::OverlayHash::OverlayHash(std::string&&)’ (deleted)
  222 |     explicit OverlayHash(std::string&&) = delete;
      |              ^~~~~~~~~~~
/home/comdare/wt-b2-neuanker/cmake/../libs/cache_engine/include/cache_engine/abi/anatomy_fingerprint.hpp:220:24: note: candidate 2: ‘constexpr comdare::cache_engine::abi::OverlayHash::OverlayHash(std::string_view)’
  220 |     constexpr explicit OverlayHash(std::string_view v) : wert_{v} { require_injizierter_glied_wert("overlay", v); }
      |                        ^~~~~~~~~~~
/home/comdare/wt-b2-neuanker/cmake/../libs/cache_engine/include/cache_engine/abi/anatomy_fingerprint.hpp:460:77: error: call of overloaded ‘ToolchainGlied(<brace-enclosed initializer list>)’ is ambiguous
  460 | static_assert(anatomy_fingerprint_glieder("O", "S", "M", ToolchainGlied{"TC"}, BvsetGlied{"BV"},
      |                                                                             ^
/home/comdare/wt-b2-neuanker/cmake/../libs/cache_engine/include/cache_engine/abi/anatomy_fingerprint.hpp:460:77: note: there are 2 candidates
/home/comdare/wt-b2-neuanker/cmake/../libs/cache_engine/include/cache_engine/abi/anatomy_fingerprint.hpp:290:14: note: candidate 1: ‘comdare::cache_engine::abi::ToolchainGlied::ToolchainGlied(std::string&&)’ (deleted)
  290 |     explicit ToolchainGlied(std::string&&) = delete;
      |              ^~~~~~~~~~~~~~
/home/comdare/wt-b2-neuanker/cmake/../libs/cache_engine/include/cache_engine/abi/anatomy_fingerprint.hpp:288:24: note: candidate 2: ‘constexpr comdare::cache_engine::abi::ToolchainGlied::ToolchainGlied(std::string_view)’
  288 |     constexpr explicit ToolchainGlied(std::string_view v) : wert_{v} { require_injizierter_glied_wert("toolchain", v); }
      |                        ^~~~~~~~~~~~~~
/home/comdare/wt-b2-neuanker/cmake/../libs/cache_engine/include/cache_engine/abi/anatomy_fingerprint.hpp:460:95: error: call of overloaded ‘BvsetGlied(<brace-enclosed initializer list>)’ is ambiguous
  460 | static_assert(anatomy_fingerprint_glieder("O", "S", "M", ToolchainGlied{"TC"}, BvsetGlied{"BV"},
      |                                                                                               ^
/home/comdare/wt-b2-neuanker/cmake/../libs/cache_engine/include/cache_engine/abi/anatomy_fingerprint.hpp:460:95: note: there are 2 candidates
/home/comdare/wt-b2-neuanker/cmake/../libs/cache_engine/include/cache_engine/abi/anatomy_fingerprint.hpp:302:14: note: candidate 1: ‘comdare::cache_engine::abi::BvsetGlied::BvsetGlied(std::string&&)’ (deleted)
  302 |     explicit BvsetGlied(std::string&&) = delete;
      |              ^~~~~~~~~~
/home/comdare/wt-b2-neuanker/cmake/../libs/cache_engine/include/cache_engine/abi/anatomy_fingerprint.hpp:300:24: note: candidate 2: ‘constexpr comdare::cache_engine::abi::BvsetGlied::BvsetGlied(std::string_view)’
  300 |     constexpr explicit BvsetGlied(std::string_view v) : wert_{v} { require_injizierter_glied_wert("bvset", v); }
      |                        ^~~~~~~~~~
/home/comdare/wt-b2-neuanker/cmake/../libs/cache_engine/include/cache_engine/abi/anatomy_fingerprint.hpp:461:59: error: call of overloaded ‘OverlayHash(<brace-enclosed initializer list>)’ is ambiguous
  461 |                                           OverlayHash{"OV"})[kAnatomyFingerprintOverlayGlied] == "OV",
      |                                                           ^
/home/comdare/wt-b2-neuanker/cmake/../libs/cache_engine/include/cache_engine/abi/anatomy_fingerprint.hpp:461:59: note: there are 2 candidates
/home/comdare/wt-b2-neuanker/cmake/../libs/cache_engine/include/cache_engine/abi/anatomy_fingerprint.hpp:222:14: note: candidate 1: ‘comdare::cache_engine::abi::OverlayHash::OverlayHash(std::string&&)’ (deleted)
  222 |     explicit OverlayHash(std::string&&) = delete;
      |              ^~~~~~~~~~~
/home/comdare/wt-b2-neuanker/cmake/../libs/cache_engine/include/cache_engine/abi/anatomy_fingerprint.hpp:220:24: note: candidate 2: ‘constexpr comdare::cache_engine::abi::OverlayHash::OverlayHash(std::string_view)’
  220 |     constexpr explicit OverlayHash(std::string_view v) : wert_{v} { require_injizierter_glied_wert("overlay", v); }
      |                        ^~~~~~~~~~~
In file included from /home/comdare/wt-b2-neuanker/cmake/../libs/cache_engine/include/cache_engine/abi/anatomy_module_abi_v1.hpp:25,
                 from /home/comdare/wt-b2-neuanker/build/gate/generated/anatomy_modules/anatomy_perm_hot_pilot.cpp:27:
/home/comdare/wt-b2-neuanker/cmake/../libs/cache_engine/include/cache_engine/abi/anatomy_fingerprint.hpp:454:77: error: call of overloaded ‘ToolchainGlied(<brace-enclosed initializer list>)’ is ambiguous
  454 | static_assert(anatomy_fingerprint_glieder("O", "S", "M", ToolchainGlied{"TC"}, BvsetGlied{"BV"},
      |                                                                             ^
/home/comdare/wt-b2-neuanker/cmake/../libs/cache_engine/include/cache_engine/abi/anatomy_fingerprint.hpp:454:77: note: there are 2 candidates
/home/comdare/wt-b2-neuanker/cmake/../libs/cache_engine/include/cache_engine/abi/anatomy_fingerprint.hpp:290:14: note: candidate 1: ‘comdare::cache_engine::abi::ToolchainGlied::ToolchainGlied(std::string&&)’ (deleted)
  290 |     explicit ToolchainGlied(std::string&&) = delete;
      |              ^~~~~~~~~~~~~~
/home/comdare/wt-b2-neuanker/cmake/../libs/cache_engine/include/cache_engine/abi/anatomy_fingerprint.hpp:288:24: note: candidate 2: ‘constexpr comdare::cache_engine::abi::ToolchainGlied::ToolchainGlied(std::string_view)’
  288 |     constexpr explicit ToolchainGlied(std::string_view v) : wert_{v} { require_injizierter_glied_wert("toolchain", v); }
      |                        ^~~~~~~~~~~~~~
/home/comdare/wt-b2-neuanker/cmake/../libs/cache_engine/include/cache_engine/abi/anatomy_fingerprint.hpp:454:95: error: call of overloaded ‘BvsetGlied(<brace-enclosed initializer list>)’ is ambiguous
  454 | static_assert(anatomy_fingerprint_glieder("O", "S", "M", ToolchainGlied{"TC"}, BvsetGlied{"BV"},
      |                                                                                               ^
/home/comdare/wt-b2-neuanker/cmake/../libs/cache_engine/include/cache_engine/abi/anatomy_fingerprint.hpp:454:95: note: there are 2 candidates
/home/comdare/wt-b2-neuanker/cmake/../libs/cache_engine/include/cache_engine/abi/anatomy_fingerprint.hpp:302:14: note: candidate 1: ‘comdare::cache_engine::abi::BvsetGlied::BvsetGlied(std::string&&)’ (deleted)
  302 |     explicit BvsetGlied(std::string&&) = delete;
      |              ^~~~~~~~~~
/home/comdare/wt-b2-neuanker/cmake/../libs/cache_engine/include/cache_engine/abi/anatomy_fingerprint.hpp:300:24: note: candidate 2: ‘constexpr comdare::cache_engine::abi::BvsetGlied::BvsetGlied(std::string_view)’
  300 |     constexpr explicit BvsetGlied(std::string_view v) : wert_{v} { require_injizierter_glied_wert("bvset", v); }
      |                        ^~~~~~~~~~
/home/comdare/wt-b2-neuanker/cmake/../libs/cache_engine/include/cache_engine/abi/anatomy_fingerprint.hpp:455:59: error: call of overloaded ‘OverlayHash(<brace-enclosed initializer list>)’ is ambiguous
  455 |                                           OverlayHash{"OV"})[kAnatomyFingerprintToolchainGlied] == "TC",
      |                                                           ^
/home/comdare/wt-b2-neuanker/cmake/../libs/cache_engine/include/cache_engine/abi/anatomy_fingerprint.hpp:455:59: note: there are 2 candidates
/home/comdare/wt-b2-neuanker/cmake/../libs/cache_engine/include/cache_engine/abi/anatomy_fingerprint.hpp:222:14: note: candidate 1: ‘comdare::cache_engine::abi::OverlayHash::OverlayHash(std::string&&)’ (deleted)
  222 |     explicit OverlayHash(std::string&&) = delete;
      |              ^~~~~~~~~~~
/home/comdare/wt-b2-neuanker/cmake/../libs/cache_engine/include/cache_engine/abi/anatomy_fingerprint.hpp:220:24: note: candidate 2: ‘constexpr comdare::cache_engine::abi::OverlayHash::OverlayHash(std::string_view)’
  220 |     constexpr explicit OverlayHash(std::string_view v) : wert_{v} { require_injizierter_glied_wert("overlay", v); }
      |                        ^~~~~~~~~~~
/home/comdare/wt-b2-neuanker/cmake/../libs/cache_engine/include/cache_engine/abi/anatomy_fingerprint.hpp:457:77: error: call of overloaded ‘ToolchainGlied(<brace-enclosed initializer list>)’ is ambiguous
  457 | static_assert(anatomy_fingerprint_glieder("O", "S", "M", ToolchainGlied{"TC"}, BvsetGlied{"BV"},
      |                                                                             ^
/home/comdare/wt-b2-neuanker/cmake/../libs/cache_engine/include/cache_engine/abi/anatomy_fingerprint.hpp:457:77: note: there are 2 candidates
/home/comdare/wt-b2-neuanker/cmake/../libs/cache_engine/include/cache_engine/abi/anatomy_fingerprint.hpp:290:14: note: candidate 1: ‘comdare::cache_engine::abi::ToolchainGlied::ToolchainGlied(std::string&&)’ (deleted)
  290 |     explicit ToolchainGlied(std::string&&) = delete;
      |              ^~~~~~~~~~~~~~
/home/comdare/wt-b2-neuanker/cmake/../libs/cache_engine/include/cache_engine/abi/anatomy_fingerprint.hpp:288:24: note: candidate 2: ‘constexpr comdare::cache_engine::abi::ToolchainGlied::ToolchainGlied(std::string_view)’
  288 |     constexpr explicit ToolchainGlied(std::string_view v) : wert_{v} { require_injizierter_glied_wert("toolchain", v); }
      |                        ^~~~~~~~~~~~~~
/home/comdare/wt-b2-neuanker/cmake/../libs/cache_engine/include/cache_engine/abi/anatomy_fingerprint.hpp:457:95: error: call of overloaded ‘BvsetGlied(<brace-enclosed initializer list>)’ is ambiguous
  457 | static_assert(anatomy_fingerprint_glieder("O", "S", "M", ToolchainGlied{"TC"}, BvsetGlied{"BV"},
      |                                                                                               ^
/home/comdare/wt-b2-neuanker/cmake/../libs/cache_engine/include/cache_engine/abi/anatomy_fingerprint.hpp:457:95: note: there are 2 candidates
/home/comdare/wt-b2-neuanker/cmake/../libs/cache_engine/include/cache_engine/abi/anatomy_fingerprint.hpp:302:14: note: candidate 1: ‘comdare::cache_engine::abi::BvsetGlied::BvsetGlied(std::string&&)’ (deleted)
  302 |     explicit BvsetGlied(std::string&&) = delete;
      |              ^~~~~~~~~~
/home/comdare/wt-b2-neuanker/cmake/../libs/cache_engine/include/cache_engine/abi/anatomy_fingerprint.hpp:300:24: note: candidate 2: ‘constexpr comdare::cache_engine::abi::BvsetGlied::BvsetGlied(std::string_view)’
  300 |     constexpr explicit BvsetGlied(std::string_view v) : wert_{v} { require_injizierter_glied_wert("bvset", v); }
      |                        ^~~~~~~~~~
/home/comdare/wt-b2-neuanker/cmake/../libs/cache_engine/include/cache_engine/abi/anatomy_fingerprint.hpp:458:59: error: call of overloaded ‘OverlayHash(<brace-enclosed initializer list>)’ is ambiguous
  458 |                                           OverlayHash{"OV"})[kAnatomyFingerprintBvsetGlied] == "BV",
      |                                                           ^
/home/comdare/wt-b2-neuanker/cmake/../libs/cache_engine/include/cache_engine/abi/anatomy_fingerprint.hpp:458:59: note: there are 2 candidates
/home/comdare/wt-b2-neuanker/cmake/../libs/cache_engine/include/cache_engine/abi/anatomy_fingerprint.hpp:222:14: note: candidate 1: ‘comdare::cache_engine::abi::OverlayHash::OverlayHash(std::string&&)’ (deleted)
  222 |     explicit OverlayHash(std::string&&) = delete;
      |              ^~~~~~~~~~~
/home/comdare/wt-b2-neuanker/cmake/../libs/cache_engine/include/cache_engine/abi/anatomy_fingerprint.hpp:220:24: note: candidate 2: ‘constexpr comdare::cache_engine::abi::OverlayHash::OverlayHash(std::string_view)’
  220 |     constexpr explicit OverlayHash(std::string_view v) : wert_{v} { require_injizierter_glied_wert("overlay", v); }
      |                        ^~~~~~~~~~~
/home/comdare/wt-b2-neuanker/cmake/../libs/cache_engine/include/cache_engine/abi/anatomy_fingerprint.hpp:460:77: error: call of overloaded ‘ToolchainGlied(<brace-enclosed initializer list>)’ is ambiguous
  460 | static_assert(anatomy_fingerprint_glieder("O", "S", "M", ToolchainGlied{"TC"}, BvsetGlied{"BV"},
      |                                                                             ^
/home/comdare/wt-b2-neuanker/cmake/../libs/cache_engine/include/cache_engine/abi/anatomy_fingerprint.hpp:460:77: note: there are 2 candidates
/home/comdare/wt-b2-neuanker/cmake/../libs/cache_engine/include/cache_engine/abi/anatomy_fingerprint.hpp:290:14: note: candidate 1: ‘comdare::cache_engine::abi::ToolchainGlied::ToolchainGlied(std::string&&)’ (deleted)
  290 |     explicit ToolchainGlied(std::string&&) = delete;
      |              ^~~~~~~~~~~~~~
/home/comdare/wt-b2-neuanker/cmake/../libs/cache_engine/include/cache_engine/abi/anatomy_fingerprint.hpp:288:24: note: candidate 2: ‘constexpr comdare::cache_engine::abi::ToolchainGlied::ToolchainGlied(std::string_view)’
  288 |     constexpr explicit ToolchainGlied(std::string_view v) : wert_{v} { require_injizierter_glied_wert("toolchain", v); }
      |                        ^~~~~~~~~~~~~~
/home/comdare/wt-b2-neuanker/cmake/../libs/cache_engine/include/cache_engine/abi/anatomy_fingerprint.hpp:460:95: error: call of overloaded ‘BvsetGlied(<brace-enclosed initializer list>)’ is ambiguous
  460 | static_assert(anatomy_fingerprint_glieder("O", "S", "M", ToolchainGlied{"TC"}, BvsetGlied{"BV"},
      |                                                                                               ^
/home/comdare/wt-b2-neuanker/cmake/../libs/cache_engine/include/cache_engine/abi/anatomy_fingerprint.hpp:460:95: note: there are 2 candidates
/home/comdare/wt-b2-neuanker/cmake/../libs/cache_engine/include/cache_engine/abi/anatomy_fingerprint.hpp:302:14: note: candidate 1: ‘comdare::cache_engine::abi::BvsetGlied::BvsetGlied(std::string&&)’ (deleted)
  302 |     explicit BvsetGlied(std::string&&) = delete;
      |              ^~~~~~~~~~
/home/comdare/wt-b2-neuanker/cmake/../libs/cache_engine/include/cache_engine/abi/anatomy_fingerprint.hpp:300:24: note: candidate 2: ‘constexpr comdare::cache_engine::abi::BvsetGlied::BvsetGlied(std::string_view)’
  300 |     constexpr explicit BvsetGlied(std::string_view v) : wert_{v} { require_injizierter_glied_wert("bvset", v); }
      |                        ^~~~~~~~~~
/home/comdare/wt-b2-neuanker/cmake/../libs/cache_engine/include/cache_engine/abi/anatomy_fingerprint.hpp:461:59: error: call of overloaded ‘OverlayHash(<brace-enclosed initializer list>)’ is ambiguous
  461 |                                           OverlayHash{"OV"})[kAnatomyFingerprintOverlayGlied] == "OV",
      |                                                           ^
/home/comdare/wt-b2-neuanker/cmake/../libs/cache_engine/include/cache_engine/abi/anatomy_fingerprint.hpp:461:59: note: there are 2 candidates
/home/comdare/wt-b2-neuanker/cmake/../libs/cache_engine/include/cache_engine/abi/anatomy_fingerprint.hpp:222:14: note: candidate 1: ‘comdare::cache_engine::abi::OverlayHash::OverlayHash(std::string&&)’ (deleted)
  222 |     explicit OverlayHash(std::string&&) = delete;
      |              ^~~~~~~~~~~
/home/comdare/wt-b2-neuanker/cmake/../libs/cache_engine/include/cache_engine/abi/anatomy_fingerprint.hpp:220:24: note: candidate 2: ‘constexpr comdare::cache_engine::abi::OverlayHash::OverlayHash(std::string_view)’
  220 |     constexpr explicit OverlayHash(std::string_view v) : wert_{v} { require_injizierter_glied_wert("overlay", v); }
      |                        ^~~~~~~~~~~
In file included from /home/comdare/wt-b2-neuanker/cmake/../libs/cache_engine/include/cache_engine/abi/anatomy_module_abi_v1.hpp:25,
                 from /home/comdare/wt-b2-neuanker/build/gate/generated/anatomy_modules_multi/anatomy_perm_anatomy_multi_pilot_5.cpp:27:
/home/comdare/wt-b2-neuanker/cmake/../libs/cache_engine/include/cache_engine/abi/anatomy_fingerprint.hpp:454:77: error: call of overloaded ‘ToolchainGlied(<brace-enclosed initializer list>)’ is ambiguous
  454 | static_assert(anatomy_fingerprint_glieder("O", "S", "M", ToolchainGlied{"TC"}, BvsetGlied{"BV"},
      |                                                                             ^
/home/comdare/wt-b2-neuanker/cmake/../libs/cache_engine/include/cache_engine/abi/anatomy_fingerprint.hpp:454:77: note: there are 2 candidates
/home/comdare/wt-b2-neuanker/cmake/../libs/cache_engine/include/cache_engine/abi/anatomy_fingerprint.hpp:290:14: note: candidate 1: ‘comdare::cache_engine::abi::ToolchainGlied::ToolchainGlied(std::string&&)’ (deleted)
  290 |     explicit ToolchainGlied(std::string&&) = delete;
      |              ^~~~~~~~~~~~~~
/home/comdare/wt-b2-neuanker/cmake/../libs/cache_engine/include/cache_engine/abi/anatomy_fingerprint.hpp:288:24: note: candidate 2: ‘constexpr comdare::cache_engine::abi::ToolchainGlied::ToolchainGlied(std::string_view)’
  288 |     constexpr explicit ToolchainGlied(std::string_view v) : wert_{v} { require_injizierter_glied_wert("toolchain", v); }
      |                        ^~~~~~~~~~~~~~
/home/comdare/wt-b2-neuanker/cmake/../libs/cache_engine/include/cache_engine/abi/anatomy_fingerprint.hpp:454:95: error: call of overloaded ‘BvsetGlied(<brace-enclosed initializer list>)’ is ambiguous
  454 | static_assert(anatomy_fingerprint_glieder("O", "S", "M", ToolchainGlied{"TC"}, BvsetGlied{"BV"},
      |                                                                                               ^
/home/comdare/wt-b2-neuanker/cmake/../libs/cache_engine/include/cache_engine/abi/anatomy_fingerprint.hpp:454:95: note: there are 2 candidates
/home/comdare/wt-b2-neuanker/cmake/../libs/cache_engine/include/cache_engine/abi/anatomy_fingerprint.hpp:302:14: note: candidate 1: ‘comdare::cache_engine::abi::BvsetGlied::BvsetGlied(std::string&&)’ (deleted)
  302 |     explicit BvsetGlied(std::string&&) = delete;
      |              ^~~~~~~~~~
/home/comdare/wt-b2-neuanker/cmake/../libs/cache_engine/include/cache_engine/abi/anatomy_fingerprint.hpp:300:24: note: candidate 2: ‘constexpr comdare::cache_engine::abi::BvsetGlied::BvsetGlied(std::string_view)’
  300 |     constexpr explicit BvsetGlied(std::string_view v) : wert_{v} { require_injizierter_glied_wert("bvset", v); }
      |                        ^~~~~~~~~~
/home/comdare/wt-b2-neuanker/cmake/../libs/cache_engine/include/cache_engine/abi/anatomy_fingerprint.hpp:455:59: error: call of overloaded ‘OverlayHash(<brace-enclosed initializer list>)’ is ambiguous
  455 |                                           OverlayHash{"OV"})[kAnatomyFingerprintToolchainGlied] == "TC",
      |                                                           ^
/home/comdare/wt-b2-neuanker/cmake/../libs/cache_engine/include/cache_engine/abi/anatomy_fingerprint.hpp:455:59: note: there are 2 candidates
/home/comdare/wt-b2-neuanker/cmake/../libs/cache_engine/include/cache_engine/abi/anatomy_fingerprint.hpp:222:14: note: candidate 1: ‘comdare::cache_engine::abi::OverlayHash::OverlayHash(std::string&&)’ (deleted)
  222 |     explicit OverlayHash(std::string&&) = delete;
      |              ^~~~~~~~~~~
/home/comdare/wt-b2-neuanker/cmake/../libs/cache_engine/include/cache_engine/abi/anatomy_fingerprint.hpp:220:24: note: candidate 2: ‘constexpr comdare::cache_engine::abi::OverlayHash::OverlayHash(std::string_view)’
  220 |     constexpr explicit OverlayHash(std::string_view v) : wert_{v} { require_injizierter_glied_wert("overlay", v); }
      |                        ^~~~~~~~~~~
/home/comdare/wt-b2-neuanker/cmake/../libs/cache_engine/include/cache_engine/abi/anatomy_fingerprint.hpp:457:77: error: call of overloaded ‘ToolchainGlied(<brace-enclosed initializer list>)’ is ambiguous
  457 | static_assert(anatomy_fingerprint_glieder("O", "S", "M", ToolchainGlied{"TC"}, BvsetGlied{"BV"},
      |                                                                             ^
/home/comdare/wt-b2-neuanker/cmake/../libs/cache_engine/include/cache_engine/abi/anatomy_fingerprint.hpp:457:77: note: there are 2 candidates
/home/comdare/wt-b2-neuanker/cmake/../libs/cache_engine/include/cache_engine/abi/anatomy_fingerprint.hpp:290:14: note: candidate 1: ‘comdare::cache_engine::abi::ToolchainGlied::ToolchainGlied(std::string&&)’ (deleted)
  290 |     explicit ToolchainGlied(std::string&&) = delete;
      |              ^~~~~~~~~~~~~~
/home/comdare/wt-b2-neuanker/cmake/../libs/cache_engine/include/cache_engine/abi/anatomy_fingerprint.hpp:288:24: note: candidate 2: ‘constexpr comdare::cache_engine::abi::ToolchainGlied::ToolchainGlied(std::string_view)’
  288 |     constexpr explicit ToolchainGlied(std::string_view v) : wert_{v} { require_injizierter_glied_wert("toolchain", v); }
      |                        ^~~~~~~~~~~~~~
/home/comdare/wt-b2-neuanker/cmake/../libs/cache_engine/include/cache_engine/abi/anatomy_fingerprint.hpp:457:95: error: call of overloaded ‘BvsetGlied(<brace-enclosed initializer list>)’ is ambiguous
  457 | static_assert(anatomy_fingerprint_glieder("O", "S", "M", ToolchainGlied{"TC"}, BvsetGlied{"BV"},
      |                                                                                               ^
/home/comdare/wt-b2-neuanker/cmake/../libs/cache_engine/include/cache_engine/abi/anatomy_fingerprint.hpp:457:95: note: there are 2 candidates
/home/comdare/wt-b2-neuanker/cmake/../libs/cache_engine/include/cache_engine/abi/anatomy_fingerprint.hpp:302:14: note: candidate 1: ‘comdare::cache_engine::abi::BvsetGlied::BvsetGlied(std::string&&)’ (deleted)
  302 |     explicit BvsetGlied(std::string&&) = delete;
      |              ^~~~~~~~~~
/home/comdare/wt-b2-neuanker/cmake/../libs/cache_engine/include/cache_engine/abi/anatomy_fingerprint.hpp:300:24: note: candidate 2: ‘constexpr comdare::cache_engine::abi::BvsetGlied::BvsetGlied(std::string_view)’
  300 |     constexpr explicit BvsetGlied(std::string_view v) : wert_{v} { require_injizierter_glied_wert("bvset", v); }
      |                        ^~~~~~~~~~
/home/comdare/wt-b2-neuanker/cmake/../libs/cache_engine/include/cache_engine/abi/anatomy_fingerprint.hpp:458:59: error: call of overloaded ‘OverlayHash(<brace-enclosed initializer list>)’ is ambiguous
  458 |                                           OverlayHash{"OV"})[kAnatomyFingerprintBvsetGlied] == "BV",
      |                                                           ^
/home/comdare/wt-b2-neuanker/cmake/../libs/cache_engine/include/cache_engine/abi/anatomy_fingerprint.hpp:458:59: note: there are 2 candidates
/home/comdare/wt-b2-neuanker/cmake/../libs/cache_engine/include/cache_engine/abi/anatomy_fingerprint.hpp:222:14: note: candidate 1: ‘comdare::cache_engine::abi::OverlayHash::OverlayHash(std::string&&)’ (deleted)
  222 |     explicit OverlayHash(std::string&&) = delete;
      |              ^~~~~~~~~~~
/home/comdare/wt-b2-neuanker/cmake/../libs/cache_engine/include/cache_engine/abi/anatomy_fingerprint.hpp:220:24: note: candidate 2: ‘constexpr comdare::cache_engine::abi::OverlayHash::OverlayHash(std::string_view)’
  220 |     constexpr explicit OverlayHash(std::string_view v) : wert_{v} { require_injizierter_glied_wert("overlay", v); }
      |                        ^~~~~~~~~~~
/home/comdare/wt-b2-neuanker/cmake/../libs/cache_engine/include/cache_engine/abi/anatomy_fingerprint.hpp:460:77: error: call of overloaded ‘ToolchainGlied(<brace-enclosed initializer list>)’ is ambiguous
  460 | static_assert(anatomy_fingerprint_glieder("O", "S", "M", ToolchainGlied{"TC"}, BvsetGlied{"BV"},
      |                                                                             ^
/home/comdare/wt-b2-neuanker/cmake/../libs/cache_engine/include/cache_engine/abi/anatomy_fingerprint.hpp:460:77: note: there are 2 candidates
/home/comdare/wt-b2-neuanker/cmake/../libs/cache_engine/include/cache_engine/abi/anatomy_fingerprint.hpp:290:14: note: candidate 1: ‘comdare::cache_engine::abi::ToolchainGlied::ToolchainGlied(std::string&&)’ (deleted)
  290 |     explicit ToolchainGlied(std::string&&) = delete;
      |              ^~~~~~~~~~~~~~
/home/comdare/wt-b2-neuanker/cmake/../libs/cache_engine/include/cache_engine/abi/anatomy_fingerprint.hpp:288:24: note: candidate 2: ‘constexpr comdare::cache_engine::abi::ToolchainGlied::ToolchainGlied(std::string_view)’
  288 |     constexpr explicit ToolchainGlied(std::string_view v) : wert_{v} { require_injizierter_glied_wert("toolchain", v); }
      |                        ^~~~~~~~~~~~~~
/home/comdare/wt-b2-neuanker/cmake/../libs/cache_engine/include/cache_engine/abi/anatomy_fingerprint.hpp:460:95: error: call of overloaded ‘BvsetGlied(<brace-enclosed initializer list>)’ is ambiguous
  460 | static_assert(anatomy_fingerprint_glieder("O", "S", "M", ToolchainGlied{"TC"}, BvsetGlied{"BV"},
      |                                                                                               ^
/home/comdare/wt-b2-neuanker/cmake/../libs/cache_engine/include/cache_engine/abi/anatomy_fingerprint.hpp:460:95: note: there are 2 candidates
/home/comdare/wt-b2-neuanker/cmake/../libs/cache_engine/include/cache_engine/abi/anatomy_fingerprint.hpp:302:14: note: candidate 1: ‘comdare::cache_engine::abi::BvsetGlied::BvsetGlied(std::string&&)’ (deleted)
  302 |     explicit BvsetGlied(std::string&&) = delete;
      |              ^~~~~~~~~~
/home/comdare/wt-b2-neuanker/cmake/../libs/cache_engine/include/cache_engine/abi/anatomy_fingerprint.hpp:300:24: note: candidate 2: ‘constexpr comdare::cache_engine::abi::BvsetGlied::BvsetGlied(std::string_view)’
  300 |     constexpr explicit BvsetGlied(std::string_view v) : wert_{v} { require_injizierter_glied_wert("bvset", v); }
      |                        ^~~~~~~~~~
/home/comdare/wt-b2-neuanker/cmake/../libs/cache_engine/include/cache_engine/abi/anatomy_fingerprint.hpp:461:59: error: call of overloaded ‘OverlayHash(<brace-enclosed initializer list>)’ is ambiguous
  461 |                                           OverlayHash{"OV"})[kAnatomyFingerprintOverlayGlied] == "OV",
      |                                                           ^
/home/comdare/wt-b2-neuanker/cmake/../libs/cache_engine/include/cache_engine/abi/anatomy_fingerprint.hpp:461:59: note: there are 2 candidates
/home/comdare/wt-b2-neuanker/cmake/../libs/cache_engine/include/cache_engine/abi/anatomy_fingerprint.hpp:222:14: note: candidate 1: ‘comdare::cache_engine::abi::OverlayHash::OverlayHash(std::string&&)’ (deleted)
  222 |     explicit OverlayHash(std::string&&) = delete;
      |              ^~~~~~~~~~~
/home/comdare/wt-b2-neuanker/cmake/../libs/cache_engine/include/cache_engine/abi/anatomy_fingerprint.hpp:220:24: note: candidate 2: ‘constexpr comdare::cache_engine::abi::OverlayHash::OverlayHash(std::string_view)’
  220 |     constexpr explicit OverlayHash(std::string_view v) : wert_{v} { require_injizierter_glied_wert("overlay", v); }
      |                        ^~~~~~~~~~~
In file included from /home/comdare/wt-b2-neuanker/cmake/../libs/cache_engine/include/cache_engine/abi/anatomy_module_abi_v1.hpp:25,
                 from /home/comdare/wt-b2-neuanker/build/gate/generated/anatomy_modules_multi/anatomy_perm_anatomy_multi_pilot_0.cpp:27:
/home/comdare/wt-b2-neuanker/cmake/../libs/cache_engine/include/cache_engine/abi/anatomy_fingerprint.hpp:454:77: error: call of overloaded ‘ToolchainGlied(<brace-enclosed initializer list>)’ is ambiguous
  454 | static_assert(anatomy_fingerprint_glieder("O", "S", "M", ToolchainGlied{"TC"}, BvsetGlied{"BV"},
      |                                                                             ^
/home/comdare/wt-b2-neuanker/cmake/../libs/cache_engine/include/cache_engine/abi/anatomy_fingerprint.hpp:454:77: note: there are 2 candidates
/home/comdare/wt-b2-neuanker/cmake/../libs/cache_engine/include/cache_engine/abi/anatomy_fingerprint.hpp:290:14: note: candidate 1: ‘comdare::cache_engine::abi::ToolchainGlied::ToolchainGlied(std::string&&)’ (deleted)
  290 |     explicit ToolchainGlied(std::string&&) = delete;
      |              ^~~~~~~~~~~~~~
/home/comdare/wt-b2-neuanker/cmake/../libs/cache_engine/include/cache_engine/abi/anatomy_fingerprint.hpp:288:24: note: candidate 2: ‘constexpr comdare::cache_engine::abi::ToolchainGlied::ToolchainGlied(std::string_view)’
  288 |     constexpr explicit ToolchainGlied(std::string_view v) : wert_{v} { require_injizierter_glied_wert("toolchain", v); }
      |                        ^~~~~~~~~~~~~~
/home/comdare/wt-b2-neuanker/cmake/../libs/cache_engine/include/cache_engine/abi/anatomy_fingerprint.hpp:454:95: error: call of overloaded ‘BvsetGlied(<brace-enclosed initializer list>)’ is ambiguous
  454 | static_assert(anatomy_fingerprint_glieder("O", "S", "M", ToolchainGlied{"TC"}, BvsetGlied{"BV"},
      |                                                                                               ^
/home/comdare/wt-b2-neuanker/cmake/../libs/cache_engine/include/cache_engine/abi/anatomy_fingerprint.hpp:454:95: note: there are 2 candidates
/home/comdare/wt-b2-neuanker/cmake/../libs/cache_engine/include/cache_engine/abi/anatomy_fingerprint.hpp:302:14: note: candidate 1: ‘comdare::cache_engine::abi::BvsetGlied::BvsetGlied(std::string&&)’ (deleted)
  302 |     explicit BvsetGlied(std::string&&) = delete;
      |              ^~~~~~~~~~
/home/comdare/wt-b2-neuanker/cmake/../libs/cache_engine/include/cache_engine/abi/anatomy_fingerprint.hpp:300:24: note: candidate 2: ‘constexpr comdare::cache_engine::abi::BvsetGlied::BvsetGlied(std::string_view)’
  300 |     constexpr explicit BvsetGlied(std::string_view v) : wert_{v} { require_injizierter_glied_wert("bvset", v); }
      |                        ^~~~~~~~~~
/home/comdare/wt-b2-neuanker/cmake/../libs/cache_engine/include/cache_engine/abi/anatomy_fingerprint.hpp:455:59: error: call of overloaded ‘OverlayHash(<brace-enclosed initializer list>)’ is ambiguous
  455 |                                           OverlayHash{"OV"})[kAnatomyFingerprintToolchainGlied] == "TC",
      |                                                           ^
/home/comdare/wt-b2-neuanker/cmake/../libs/cache_engine/include/cache_engine/abi/anatomy_fingerprint.hpp:455:59: note: there are 2 candidates
/home/comdare/wt-b2-neuanker/cmake/../libs/cache_engine/include/cache_engine/abi/anatomy_fingerprint.hpp:222:14: note: candidate 1: ‘comdare::cache_engine::abi::OverlayHash::OverlayHash(std::string&&)’ (deleted)
  222 |     explicit OverlayHash(std::string&&) = delete;
      |              ^~~~~~~~~~~
/home/comdare/wt-b2-neuanker/cmake/../libs/cache_engine/include/cache_engine/abi/anatomy_fingerprint.hpp:220:24: note: candidate 2: ‘constexpr comdare::cache_engine::abi::OverlayHash::OverlayHash(std::string_view)’
  220 |     constexpr explicit OverlayHash(std::string_view v) : wert_{v} { require_injizierter_glied_wert("overlay", v); }
      |                        ^~~~~~~~~~~
/home/comdare/wt-b2-neuanker/cmake/../libs/cache_engine/include/cache_engine/abi/anatomy_fingerprint.hpp:457:77: error: call of overloaded ‘ToolchainGlied(<brace-enclosed initializer list>)’ is ambiguous
  457 | static_assert(anatomy_fingerprint_glieder("O", "S", "M", ToolchainGlied{"TC"}, BvsetGlied{"BV"},
      |                                                                             ^
/home/comdare/wt-b2-neuanker/cmake/../libs/cache_engine/include/cache_engine/abi/anatomy_fingerprint.hpp:457:77: note: there are 2 candidates
/home/comdare/wt-b2-neuanker/cmake/../libs/cache_engine/include/cache_engine/abi/anatomy_fingerprint.hpp:290:14: note: candidate 1: ‘comdare::cache_engine::abi::ToolchainGlied::ToolchainGlied(std::string&&)’ (deleted)
  290 |     explicit ToolchainGlied(std::string&&) = delete;
      |              ^~~~~~~~~~~~~~
/home/comdare/wt-b2-neuanker/cmake/../libs/cache_engine/include/cache_engine/abi/anatomy_fingerprint.hpp:288:24: note: candidate 2: ‘constexpr comdare::cache_engine::abi::ToolchainGlied::ToolchainGlied(std::string_view)’
  288 |     constexpr explicit ToolchainGlied(std::string_view v) : wert_{v} { require_injizierter_glied_wert("toolchain", v); }
      |                        ^~~~~~~~~~~~~~
/home/comdare/wt-b2-neuanker/cmake/../libs/cache_engine/include/cache_engine/abi/anatomy_fingerprint.hpp:457:95: error: call of overloaded ‘BvsetGlied(<brace-enclosed initializer list>)’ is ambiguous
  457 | static_assert(anatomy_fingerprint_glieder("O", "S", "M", ToolchainGlied{"TC"}, BvsetGlied{"BV"},
      |                                                                                               ^
/home/comdare/wt-b2-neuanker/cmake/../libs/cache_engine/include/cache_engine/abi/anatomy_fingerprint.hpp:457:95: note: there are 2 candidates
/home/comdare/wt-b2-neuanker/cmake/../libs/cache_engine/include/cache_engine/abi/anatomy_fingerprint.hpp:302:14: note: candidate 1: ‘comdare::cache_engine::abi::BvsetGlied::BvsetGlied(std::string&&)’ (deleted)
  302 |     explicit BvsetGlied(std::string&&) = delete;
      |              ^~~~~~~~~~
/home/comdare/wt-b2-neuanker/cmake/../libs/cache_engine/include/cache_engine/abi/anatomy_fingerprint.hpp:300:24: note: candidate 2: ‘constexpr comdare::cache_engine::abi::BvsetGlied::BvsetGlied(std::string_view)’
  300 |     constexpr explicit BvsetGlied(std::string_view v) : wert_{v} { require_injizierter_glied_wert("bvset", v); }
      |                        ^~~~~~~~~~
/home/comdare/wt-b2-neuanker/cmake/../libs/cache_engine/include/cache_engine/abi/anatomy_fingerprint.hpp:458:59: error: call of overloaded ‘OverlayHash(<brace-enclosed initializer list>)’ is ambiguous
  458 |                                           OverlayHash{"OV"})[kAnatomyFingerprintBvsetGlied] == "BV",
      |                                                           ^
/home/comdare/wt-b2-neuanker/cmake/../libs/cache_engine/include/cache_engine/abi/anatomy_fingerprint.hpp:458:59: note: there are 2 candidates
/home/comdare/wt-b2-neuanker/cmake/../libs/cache_engine/include/cache_engine/abi/anatomy_fingerprint.hpp:222:14: note: candidate 1: ‘comdare::cache_engine::abi::OverlayHash::OverlayHash(std::string&&)’ (deleted)
  222 |     explicit OverlayHash(std::string&&) = delete;
      |              ^~~~~~~~~~~
/home/comdare/wt-b2-neuanker/cmake/../libs/cache_engine/include/cache_engine/abi/anatomy_fingerprint.hpp:220:24: note: candidate 2: ‘constexpr comdare::cache_engine::abi::OverlayHash::OverlayHash(std::string_view)’
  220 |     constexpr explicit OverlayHash(std::string_view v) : wert_{v} { require_injizierter_glied_wert("overlay", v); }
      |                        ^~~~~~~~~~~
/home/comdare/wt-b2-neuanker/cmake/../libs/cache_engine/include/cache_engine/abi/anatomy_fingerprint.hpp:460:77: error: call of overloaded ‘ToolchainGlied(<brace-enclosed initializer list>)’ is ambiguous
  460 | static_assert(anatomy_fingerprint_glieder("O", "S", "M", ToolchainGlied{"TC"}, BvsetGlied{"BV"},
      |                                                                             ^
/home/comdare/wt-b2-neuanker/cmake/../libs/cache_engine/include/cache_engine/abi/anatomy_fingerprint.hpp:460:77: note: there are 2 candidates
/home/comdare/wt-b2-neuanker/cmake/../libs/cache_engine/include/cache_engine/abi/anatomy_fingerprint.hpp:290:14: note: candidate 1: ‘comdare::cache_engine::abi::ToolchainGlied::ToolchainGlied(std::string&&)’ (deleted)
  290 |     explicit ToolchainGlied(std::string&&) = delete;
      |              ^~~~~~~~~~~~~~
/home/comdare/wt-b2-neuanker/cmake/../libs/cache_engine/include/cache_engine/abi/anatomy_fingerprint.hpp:288:24: note: candidate 2: ‘constexpr comdare::cache_engine::abi::ToolchainGlied::ToolchainGlied(std::string_view)’
  288 |     constexpr explicit ToolchainGlied(std::string_view v) : wert_{v} { require_injizierter_glied_wert("toolchain", v); }
      |                        ^~~~~~~~~~~~~~
/home/comdare/wt-b2-neuanker/cmake/../libs/cache_engine/include/cache_engine/abi/anatomy_fingerprint.hpp:460:95: error: call of overloaded ‘BvsetGlied(<brace-enclosed initializer list>)’ is ambiguous
  460 | static_assert(anatomy_fingerprint_glieder("O", "S", "M", ToolchainGlied{"TC"}, BvsetGlied{"BV"},
      |                                                                                               ^
/home/comdare/wt-b2-neuanker/cmake/../libs/cache_engine/include/cache_engine/abi/anatomy_fingerprint.hpp:460:95: note: there are 2 candidates
/home/comdare/wt-b2-neuanker/cmake/../libs/cache_engine/include/cache_engine/abi/anatomy_fingerprint.hpp:302:14: note: candidate 1: ‘comdare::cache_engine::abi::BvsetGlied::BvsetGlied(std::string&&)’ (deleted)
  302 |     explicit BvsetGlied(std::string&&) = delete;
      |              ^~~~~~~~~~
/home/comdare/wt-b2-neuanker/cmake/../libs/cache_engine/include/cache_engine/abi/anatomy_fingerprint.hpp:300:24: note: candidate 2: ‘constexpr comdare::cache_engine::abi::BvsetGlied::BvsetGlied(std::string_view)’
  300 |     constexpr explicit BvsetGlied(std::string_view v) : wert_{v} { require_injizierter_glied_wert("bvset", v); }
      |                        ^~~~~~~~~~
/home/comdare/wt-b2-neuanker/cmake/../libs/cache_engine/include/cache_engine/abi/anatomy_fingerprint.hpp:461:59: error: call of overloaded ‘OverlayHash(<brace-enclosed initializer list>)’ is ambiguous
  461 |                                           OverlayHash{"OV"})[kAnatomyFingerprintOverlayGlied] == "OV",
      |                                                           ^
/home/comdare/wt-b2-neuanker/cmake/../libs/cache_engine/include/cache_engine/abi/anatomy_fingerprint.hpp:461:59: note: there are 2 candidates
/home/comdare/wt-b2-neuanker/cmake/../libs/cache_engine/include/cache_engine/abi/anatomy_fingerprint.hpp:222:14: note: candidate 1: ‘comdare::cache_engine::abi::OverlayHash::OverlayHash(std::string&&)’ (deleted)
  222 |     explicit OverlayHash(std::string&&) = delete;
      |              ^~~~~~~~~~~
/home/comdare/wt-b2-neuanker/cmake/../libs/cache_engine/include/cache_engine/abi/anatomy_fingerprint.hpp:220:24: note: candidate 2: ‘constexpr comdare::cache_engine::abi::OverlayHash::OverlayHash(std::string_view)’
  220 |     constexpr explicit OverlayHash(std::string_view v) : wert_{v} { require_injizierter_glied_wert("overlay", v); }
      |                        ^~~~~~~~~~~
[ 15%] Linking CXX executable comdare_system_axis_registry_gen
[ 15%] Built target comdare_system_axis_registry_gen
[ 15%] Building CXX object tests/unit/CMakeFiles/anatomy_multi_pilot_1.dir/__/__/generated/anatomy_modules_multi/anatomy_perm_anatomy_multi_pilot_1.cpp.o
In file included from /home/comdare/wt-b2-neuanker/libs/cache_engine/include/cache_engine/abi/anatomy_module_abi_v1.hpp:25:
/home/comdare/wt-b2-neuanker/libs/cache_engine/include/cache_engine/abi/anatomy_fingerprint.hpp:454:77: error: call of overloaded ‘ToolchainGlied(<brace-enclosed initializer list>)’ is ambiguous
  454 | static_assert(anatomy_fingerprint_glieder("O", "S", "M", ToolchainGlied{"TC"}, BvsetGlied{"BV"},
      |                                                                             ^
/home/comdare/wt-b2-neuanker/libs/cache_engine/include/cache_engine/abi/anatomy_fingerprint.hpp:454:77: note: there are 2 candidates
/home/comdare/wt-b2-neuanker/libs/cache_engine/include/cache_engine/abi/anatomy_fingerprint.hpp:290:14: note: candidate 1: ‘comdare::cache_engine::abi::ToolchainGlied::ToolchainGlied(std::string&&)’ (deleted)
  290 |     explicit ToolchainGlied(std::string&&) = delete;
      |              ^~~~~~~~~~~~~~
/home/comdare/wt-b2-neuanker/libs/cache_engine/include/cache_engine/abi/anatomy_fingerprint.hpp:288:24: note: candidate 2: ‘constexpr comdare::cache_engine::abi::ToolchainGlied::ToolchainGlied(std::string_view)’
  288 |     constexpr explicit ToolchainGlied(std::string_view v) : wert_{v} { require_injizierter_glied_wert("toolchain", v); }
      |                        ^~~~~~~~~~~~~~
/home/comdare/wt-b2-neuanker/libs/cache_engine/include/cache_engine/abi/anatomy_fingerprint.hpp:454:95: error: call of overloaded ‘BvsetGlied(<brace-enclosed initializer list>)’ is ambiguous
  454 | static_assert(anatomy_fingerprint_glieder("O", "S", "M", ToolchainGlied{"TC"}, BvsetGlied{"BV"},
      |                                                                                               ^
/home/comdare/wt-b2-neuanker/libs/cache_engine/include/cache_engine/abi/anatomy_fingerprint.hpp:454:95: note: there are 2 candidates
/home/comdare/wt-b2-neuanker/libs/cache_engine/include/cache_engine/abi/anatomy_fingerprint.hpp:302:14: note: candidate 1: ‘comdare::cache_engine::abi::BvsetGlied::BvsetGlied(std::string&&)’ (deleted)
  302 |     explicit BvsetGlied(std::string&&) = delete;
      |              ^~~~~~~~~~
/home/comdare/wt-b2-neuanker/libs/cache_engine/include/cache_engine/abi/anatomy_fingerprint.hpp:300:24: note: candidate 2: ‘constexpr comdare::cache_engine::abi::BvsetGlied::BvsetGlied(std::string_view)’
  300 |     constexpr explicit BvsetGlied(std::string_view v) : wert_{v} { require_injizierter_glied_wert("bvset", v); }
      |                        ^~~~~~~~~~
/home/comdare/wt-b2-neuanker/libs/cache_engine/include/cache_engine/abi/anatomy_fingerprint.hpp:455:59: error: call of overloaded ‘OverlayHash(<brace-enclosed initializer list>)’ is ambiguous
  455 |                                           OverlayHash{"OV"})[kAnatomyFingerprintToolchainGlied] == "TC",
      |                                                           ^
/home/comdare/wt-b2-neuanker/libs/cache_engine/include/cache_engine/abi/anatomy_fingerprint.hpp:455:59: note: there are 2 candidates
/home/comdare/wt-b2-neuanker/libs/cache_engine/include/cache_engine/abi/anatomy_fingerprint.hpp:222:14: note: candidate 1: ‘comdare::cache_engine::abi::OverlayHash::OverlayHash(std::string&&)’ (deleted)
  222 |     explicit OverlayHash(std::string&&) = delete;
      |              ^~~~~~~~~~~
/home/comdare/wt-b2-neuanker/libs/cache_engine/include/cache_engine/abi/anatomy_fingerprint.hpp:220:24: note: candidate 2: ‘constexpr comdare::cache_engine::abi::OverlayHash::OverlayHash(std::string_view)’
  220 |     constexpr explicit OverlayHash(std::string_view v) : wert_{v} { require_injizierter_glied_wert("overlay", v); }
      |                        ^~~~~~~~~~~
/home/comdare/wt-b2-neuanker/libs/cache_engine/include/cache_engine/abi/anatomy_fingerprint.hpp:457:77: error: call of overloaded ‘ToolchainGlied(<brace-enclosed initializer list>)’ is ambiguous
  457 | static_assert(anatomy_fingerprint_glieder("O", "S", "M", ToolchainGlied{"TC"}, BvsetGlied{"BV"},
      |                                                                             ^
/home/comdare/wt-b2-neuanker/libs/cache_engine/include/cache_engine/abi/anatomy_fingerprint.hpp:457:77: note: there are 2 candidates
/home/comdare/wt-b2-neuanker/libs/cache_engine/include/cache_engine/abi/anatomy_fingerprint.hpp:290:14: note: candidate 1: ‘comdare::cache_engine::abi::ToolchainGlied::ToolchainGlied(std::string&&)’ (deleted)
  290 |     explicit ToolchainGlied(std::string&&) = delete;
      |              ^~~~~~~~~~~~~~
/home/comdare/wt-b2-neuanker/libs/cache_engine/include/cache_engine/abi/anatomy_fingerprint.hpp:288:24: note: candidate 2: ‘constexpr comdare::cache_engine::abi::ToolchainGlied::ToolchainGlied(std::string_view)’
  288 |     constexpr explicit ToolchainGlied(std::string_view v) : wert_{v} { require_injizierter_glied_wert("toolchain", v); }
      |                        ^~~~~~~~~~~~~~
/home/comdare/wt-b2-neuanker/libs/cache_engine/include/cache_engine/abi/anatomy_fingerprint.hpp:457:95: error: call of overloaded ‘BvsetGlied(<brace-enclosed initializer list>)’ is ambiguous
  457 | static_assert(anatomy_fingerprint_glieder("O", "S", "M", ToolchainGlied{"TC"}, BvsetGlied{"BV"},
      |                                                                                               ^
/home/comdare/wt-b2-neuanker/libs/cache_engine/include/cache_engine/abi/anatomy_fingerprint.hpp:457:95: note: there are 2 candidates
/home/comdare/wt-b2-neuanker/libs/cache_engine/include/cache_engine/abi/anatomy_fingerprint.hpp:302:14: note: candidate 1: ‘comdare::cache_engine::abi::BvsetGlied::BvsetGlied(std::string&&)’ (deleted)
  302 |     explicit BvsetGlied(std::string&&) = delete;
      |              ^~~~~~~~~~
/home/comdare/wt-b2-neuanker/libs/cache_engine/include/cache_engine/abi/anatomy_fingerprint.hpp:300:24: note: candidate 2: ‘constexpr comdare::cache_engine::abi::BvsetGlied::BvsetGlied(std::string_view)’
  300 |     constexpr explicit BvsetGlied(std::string_view v) : wert_{v} { require_injizierter_glied_wert("bvset", v); }
      |                        ^~~~~~~~~~
/home/comdare/wt-b2-neuanker/libs/cache_engine/include/cache_engine/abi/anatomy_fingerprint.hpp:458:59: error: call of overloaded ‘OverlayHash(<brace-enclosed initializer list>)’ is ambiguous
  458 |                                           OverlayHash{"OV"})[kAnatomyFingerprintBvsetGlied] == "BV",
      |                                                           ^
/home/comdare/wt-b2-neuanker/libs/cache_engine/include/cache_engine/abi/anatomy_fingerprint.hpp:458:59: note: there are 2 candidates
/home/comdare/wt-b2-neuanker/libs/cache_engine/include/cache_engine/abi/anatomy_fingerprint.hpp:222:14: note: candidate 1: ‘comdare::cache_engine::abi::OverlayHash::OverlayHash(std::string&&)’ (deleted)
  222 |     explicit OverlayHash(std::string&&) = delete;
      |              ^~~~~~~~~~~
/home/comdare/wt-b2-neuanker/libs/cache_engine/include/cache_engine/abi/anatomy_fingerprint.hpp:220:24: note: candidate 2: ‘constexpr comdare::cache_engine::abi::OverlayHash::OverlayHash(std::string_view)’
  220 |     constexpr explicit OverlayHash(std::string_view v) : wert_{v} { require_injizierter_glied_wert("overlay", v); }
      |                        ^~~~~~~~~~~
/home/comdare/wt-b2-neuanker/libs/cache_engine/include/cache_engine/abi/anatomy_fingerprint.hpp:460:77: error: call of overloaded ‘ToolchainGlied(<brace-enclosed initializer list>)’ is ambiguous
  460 | static_assert(anatomy_fingerprint_glieder("O", "S", "M", ToolchainGlied{"TC"}, BvsetGlied{"BV"},
      |                                                                             ^
/home/comdare/wt-b2-neuanker/libs/cache_engine/include/cache_engine/abi/anatomy_fingerprint.hpp:460:77: note: there are 2 candidates
/home/comdare/wt-b2-neuanker/libs/cache_engine/include/cache_engine/abi/anatomy_fingerprint.hpp:290:14: note: candidate 1: ‘comdare::cache_engine::abi::ToolchainGlied::ToolchainGlied(std::string&&)’ (deleted)
  290 |     explicit ToolchainGlied(std::string&&) = delete;
      |              ^~~~~~~~~~~~~~
/home/comdare/wt-b2-neuanker/libs/cache_engine/include/cache_engine/abi/anatomy_fingerprint.hpp:288:24: note: candidate 2: ‘constexpr comdare::cache_engine::abi::ToolchainGlied::ToolchainGlied(std::string_view)’
  288 |     constexpr explicit ToolchainGlied(std::string_view v) : wert_{v} { require_injizierter_glied_wert("toolchain", v); }
      |                        ^~~~~~~~~~~~~~
/home/comdare/wt-b2-neuanker/libs/cache_engine/include/cache_engine/abi/anatomy_fingerprint.hpp:460:95: error: call of overloaded ‘BvsetGlied(<brace-enclosed initializer list>)’ is ambiguous
  460 | static_assert(anatomy_fingerprint_glieder("O", "S", "M", ToolchainGlied{"TC"}, BvsetGlied{"BV"},
      |                                                                                               ^
/home/comdare/wt-b2-neuanker/libs/cache_engine/include/cache_engine/abi/anatomy_fingerprint.hpp:460:95: note: there are 2 candidates
/home/comdare/wt-b2-neuanker/libs/cache_engine/include/cache_engine/abi/anatomy_fingerprint.hpp:302:14: note: candidate 1: ‘comdare::cache_engine::abi::BvsetGlied::BvsetGlied(std::string&&)’ (deleted)
  302 |     explicit BvsetGlied(std::string&&) = delete;
      |              ^~~~~~~~~~
/home/comdare/wt-b2-neuanker/libs/cache_engine/include/cache_engine/abi/anatomy_fingerprint.hpp:300:24: note: candidate 2: ‘constexpr comdare::cache_engine::abi::BvsetGlied::BvsetGlied(std::string_view)’
  300 |     constexpr explicit BvsetGlied(std::string_view v) : wert_{v} { require_injizierter_glied_wert("bvset", v); }
      |                        ^~~~~~~~~~
/home/comdare/wt-b2-neuanker/libs/cache_engine/include/cache_engine/abi/anatomy_fingerprint.hpp:461:59: error: call of overloaded ‘OverlayHash(<brace-enclosed initializer list>)’ is ambiguous
  461 |                                           OverlayHash{"OV"})[kAnatomyFingerprintOverlayGlied] == "OV",
      |                                                           ^
/home/comdare/wt-b2-neuanker/libs/cache_engine/include/cache_engine/abi/anatomy_fingerprint.hpp:461:59: note: there are 2 candidates
/home/comdare/wt-b2-neuanker/libs/cache_engine/include/cache_engine/abi/anatomy_fingerprint.hpp:222:14: note: candidate 1: ‘comdare::cache_engine::abi::OverlayHash::OverlayHash(std::string&&)’ (deleted)
  222 |     explicit OverlayHash(std::string&&) = delete;
      |              ^~~~~~~~~~~
/home/comdare/wt-b2-neuanker/libs/cache_engine/include/cache_engine/abi/anatomy_fingerprint.hpp:220:24: note: candidate 2: ‘constexpr comdare::cache_engine::abi::OverlayHash::OverlayHash(std::string_view)’
  220 |     constexpr explicit OverlayHash(std::string_view v) : wert_{v} { require_injizierter_glied_wert("overlay", v); }
      |                        ^~~~~~~~~~~
In file included from /home/comdare/wt-b2-neuanker/cmake/../libs/cache_engine/include/cache_engine/abi/anatomy_module_abi_v1.hpp:25,
                 from /home/comdare/wt-b2-neuanker/build/gate/generated/anatomy_modules_multi/anatomy_perm_anatomy_multi_pilot_1.cpp:27:
/home/comdare/wt-b2-neuanker/cmake/../libs/cache_engine/include/cache_engine/abi/anatomy_fingerprint.hpp:454:77: error: call of overloaded ‘ToolchainGlied(<brace-enclosed initializer list>)’ is ambiguous
  454 | static_assert(anatomy_fingerprint_glieder("O", "S", "M", ToolchainGlied{"TC"}, BvsetGlied{"BV"},
      |                                                                             ^
/home/comdare/wt-b2-neuanker/cmake/../libs/cache_engine/include/cache_engine/abi/anatomy_fingerprint.hpp:454:77: note: there are 2 candidates
/home/comdare/wt-b2-neuanker/cmake/../libs/cache_engine/include/cache_engine/abi/anatomy_fingerprint.hpp:290:14: note: candidate 1: ‘comdare::cache_engine::abi::ToolchainGlied::ToolchainGlied(std::string&&)’ (deleted)
  290 |     explicit ToolchainGlied(std::string&&) = delete;
      |              ^~~~~~~~~~~~~~
/home/comdare/wt-b2-neuanker/cmake/../libs/cache_engine/include/cache_engine/abi/anatomy_fingerprint.hpp:288:24: note: candidate 2: ‘constexpr comdare::cache_engine::abi::ToolchainGlied::ToolchainGlied(std::string_view)’
  288 |     constexpr explicit ToolchainGlied(std::string_view v) : wert_{v} { require_injizierter_glied_wert("toolchain", v); }
      |                        ^~~~~~~~~~~~~~
/home/comdare/wt-b2-neuanker/cmake/../libs/cache_engine/include/cache_engine/abi/anatomy_fingerprint.hpp:454:95: error: call of overloaded ‘BvsetGlied(<brace-enclosed initializer list>)’ is ambiguous
  454 | static_assert(anatomy_fingerprint_glieder("O", "S", "M", ToolchainGlied{"TC"}, BvsetGlied{"BV"},
      |                                                                                               ^
/home/comdare/wt-b2-neuanker/cmake/../libs/cache_engine/include/cache_engine/abi/anatomy_fingerprint.hpp:454:95: note: there are 2 candidates
/home/comdare/wt-b2-neuanker/cmake/../libs/cache_engine/include/cache_engine/abi/anatomy_fingerprint.hpp:302:14: note: candidate 1: ‘comdare::cache_engine::abi::BvsetGlied::BvsetGlied(std::string&&)’ (deleted)
  302 |     explicit BvsetGlied(std::string&&) = delete;
      |              ^~~~~~~~~~
/home/comdare/wt-b2-neuanker/cmake/../libs/cache_engine/include/cache_engine/abi/anatomy_fingerprint.hpp:300:24: note: candidate 2: ‘constexpr comdare::cache_engine::abi::BvsetGlied::BvsetGlied(std::string_view)’
  300 |     constexpr explicit BvsetGlied(std::string_view v) : wert_{v} { require_injizierter_glied_wert("bvset", v); }
      |                        ^~~~~~~~~~
/home/comdare/wt-b2-neuanker/cmake/../libs/cache_engine/include/cache_engine/abi/anatomy_fingerprint.hpp:455:59: error: call of overloaded ‘OverlayHash(<brace-enclosed initializer list>)’ is ambiguous
  455 |                                           OverlayHash{"OV"})[kAnatomyFingerprintToolchainGlied] == "TC",
      |                                                           ^
/home/comdare/wt-b2-neuanker/cmake/../libs/cache_engine/include/cache_engine/abi/anatomy_fingerprint.hpp:455:59: note: there are 2 candidates
/home/comdare/wt-b2-neuanker/cmake/../libs/cache_engine/include/cache_engine/abi/anatomy_fingerprint.hpp:222:14: note: candidate 1: ‘comdare::cache_engine::abi::OverlayHash::OverlayHash(std::string&&)’ (deleted)
  222 |     explicit OverlayHash(std::string&&) = delete;
      |              ^~~~~~~~~~~
/home/comdare/wt-b2-neuanker/cmake/../libs/cache_engine/include/cache_engine/abi/anatomy_fingerprint.hpp:220:24: note: candidate 2: ‘constexpr comdare::cache_engine::abi::OverlayHash::OverlayHash(std::string_view)’
  220 |     constexpr explicit OverlayHash(std::string_view v) : wert_{v} { require_injizierter_glied_wert("overlay", v); }
      |                        ^~~~~~~~~~~
/home/comdare/wt-b2-neuanker/cmake/../libs/cache_engine/include/cache_engine/abi/anatomy_fingerprint.hpp:457:77: error: call of overloaded ‘ToolchainGlied(<brace-enclosed initializer list>)’ is ambiguous
  457 | static_assert(anatomy_fingerprint_glieder("O", "S", "M", ToolchainGlied{"TC"}, BvsetGlied{"BV"},
      |                                                                             ^
/home/comdare/wt-b2-neuanker/cmake/../libs/cache_engine/include/cache_engine/abi/anatomy_fingerprint.hpp:457:77: note: there are 2 candidates
/home/comdare/wt-b2-neuanker/cmake/../libs/cache_engine/include/cache_engine/abi/anatomy_fingerprint.hpp:290:14: note: candidate 1: ‘comdare::cache_engine::abi::ToolchainGlied::ToolchainGlied(std::string&&)’ (deleted)
  290 |     explicit ToolchainGlied(std::string&&) = delete;
      |              ^~~~~~~~~~~~~~
/home/comdare/wt-b2-neuanker/cmake/../libs/cache_engine/include/cache_engine/abi/anatomy_fingerprint.hpp:288:24: note: candidate 2: ‘constexpr comdare::cache_engine::abi::ToolchainGlied::ToolchainGlied(std::string_view)’
  288 |     constexpr explicit ToolchainGlied(std::string_view v) : wert_{v} { require_injizierter_glied_wert("toolchain", v); }
      |                        ^~~~~~~~~~~~~~
/home/comdare/wt-b2-neuanker/cmake/../libs/cache_engine/include/cache_engine/abi/anatomy_fingerprint.hpp:457:95: error: call of overloaded ‘BvsetGlied(<brace-enclosed initializer list>)’ is ambiguous
  457 | static_assert(anatomy_fingerprint_glieder("O", "S", "M", ToolchainGlied{"TC"}, BvsetGlied{"BV"},
      |                                                                                               ^
/home/comdare/wt-b2-neuanker/cmake/../libs/cache_engine/include/cache_engine/abi/anatomy_fingerprint.hpp:457:95: note: there are 2 candidates
/home/comdare/wt-b2-neuanker/cmake/../libs/cache_engine/include/cache_engine/abi/anatomy_fingerprint.hpp:302:14: note: candidate 1: ‘comdare::cache_engine::abi::BvsetGlied::BvsetGlied(std::string&&)’ (deleted)
  302 |     explicit BvsetGlied(std::string&&) = delete;
      |              ^~~~~~~~~~
/home/comdare/wt-b2-neuanker/cmake/../libs/cache_engine/include/cache_engine/abi/anatomy_fingerprint.hpp:300:24: note: candidate 2: ‘constexpr comdare::cache_engine::abi::BvsetGlied::BvsetGlied(std::string_view)’
  300 |     constexpr explicit BvsetGlied(std::string_view v) : wert_{v} { require_injizierter_glied_wert("bvset", v); }
      |                        ^~~~~~~~~~
/home/comdare/wt-b2-neuanker/cmake/../libs/cache_engine/include/cache_engine/abi/anatomy_fingerprint.hpp:458:59: error: call of overloaded ‘OverlayHash(<brace-enclosed initializer list>)’ is ambiguous
  458 |                                           OverlayHash{"OV"})[kAnatomyFingerprintBvsetGlied] == "BV",
      |                                                           ^
/home/comdare/wt-b2-neuanker/cmake/../libs/cache_engine/include/cache_engine/abi/anatomy_fingerprint.hpp:458:59: note: there are 2 candidates
/home/comdare/wt-b2-neuanker/cmake/../libs/cache_engine/include/cache_engine/abi/anatomy_fingerprint.hpp:222:14: note: candidate 1: ‘comdare::cache_engine::abi::OverlayHash::OverlayHash(std::string&&)’ (deleted)
  222 |     explicit OverlayHash(std::string&&) = delete;
      |              ^~~~~~~~~~~
/home/comdare/wt-b2-neuanker/cmake/../libs/cache_engine/include/cache_engine/abi/anatomy_fingerprint.hpp:220:24: note: candidate 2: ‘constexpr comdare::cache_engine::abi::OverlayHash::OverlayHash(std::string_view)’
  220 |     constexpr explicit OverlayHash(std::string_view v) : wert_{v} { require_injizierter_glied_wert("overlay", v); }
      |                        ^~~~~~~~~~~
/home/comdare/wt-b2-neuanker/cmake/../libs/cache_engine/include/cache_engine/abi/anatomy_fingerprint.hpp:460:77: error: call of overloaded ‘ToolchainGlied(<brace-enclosed initializer list>)’ is ambiguous
  460 | static_assert(anatomy_fingerprint_glieder("O", "S", "M", ToolchainGlied{"TC"}, BvsetGlied{"BV"},
      |                                                                             ^
/home/comdare/wt-b2-neuanker/cmake/../libs/cache_engine/include/cache_engine/abi/anatomy_fingerprint.hpp:460:77: note: there are 2 candidates
/home/comdare/wt-b2-neuanker/cmake/../libs/cache_engine/include/cache_engine/abi/anatomy_fingerprint.hpp:290:14: note: candidate 1: ‘comdare::cache_engine::abi::ToolchainGlied::ToolchainGlied(std::string&&)’ (deleted)
  290 |     explicit ToolchainGlied(std::string&&) = delete;
      |              ^~~~~~~~~~~~~~
/home/comdare/wt-b2-neuanker/cmake/../libs/cache_engine/include/cache_engine/abi/anatomy_fingerprint.hpp:288:24: note: candidate 2: ‘constexpr comdare::cache_engine::abi::ToolchainGlied::ToolchainGlied(std::string_view)’
  288 |     constexpr explicit ToolchainGlied(std::string_view v) : wert_{v} { require_injizierter_glied_wert("toolchain", v); }
      |                        ^~~~~~~~~~~~~~
/home/comdare/wt-b2-neuanker/cmake/../libs/cache_engine/include/cache_engine/abi/anatomy_fingerprint.hpp:460:95: error: call of overloaded ‘BvsetGlied(<brace-enclosed initializer list>)’ is ambiguous
  460 | static_assert(anatomy_fingerprint_glieder("O", "S", "M", ToolchainGlied{"TC"}, BvsetGlied{"BV"},
      |                                                                                               ^
/home/comdare/wt-b2-neuanker/cmake/../libs/cache_engine/include/cache_engine/abi/anatomy_fingerprint.hpp:460:95: note: there are 2 candidates
/home/comdare/wt-b2-neuanker/cmake/../libs/cache_engine/include/cache_engine/abi/anatomy_fingerprint.hpp:302:14: note: candidate 1: ‘comdare::cache_engine::abi::BvsetGlied::BvsetGlied(std::string&&)’ (deleted)
  302 |     explicit BvsetGlied(std::string&&) = delete;
      |              ^~~~~~~~~~
/home/comdare/wt-b2-neuanker/cmake/../libs/cache_engine/include/cache_engine/abi/anatomy_fingerprint.hpp:300:24: note: candidate 2: ‘constexpr comdare::cache_engine::abi::BvsetGlied::BvsetGlied(std::string_view)’
  300 |     constexpr explicit BvsetGlied(std::string_view v) : wert_{v} { require_injizierter_glied_wert("bvset", v); }
      |                        ^~~~~~~~~~
/home/comdare/wt-b2-neuanker/cmake/../libs/cache_engine/include/cache_engine/abi/anatomy_fingerprint.hpp:461:59: error: call of overloaded ‘OverlayHash(<brace-enclosed initializer list>)’ is ambiguous
  461 |                                           OverlayHash{"OV"})[kAnatomyFingerprintOverlayGlied] == "OV",
      |                                                           ^
/home/comdare/wt-b2-neuanker/cmake/../libs/cache_engine/include/cache_engine/abi/anatomy_fingerprint.hpp:461:59: note: there are 2 candidates
/home/comdare/wt-b2-neuanker/cmake/../libs/cache_engine/include/cache_engine/abi/anatomy_fingerprint.hpp:222:14: note: candidate 1: ‘comdare::cache_engine::abi::OverlayHash::OverlayHash(std::string&&)’ (deleted)
  222 |     explicit OverlayHash(std::string&&) = delete;
      |              ^~~~~~~~~~~
/home/comdare/wt-b2-neuanker/cmake/../libs/cache_engine/include/cache_engine/abi/anatomy_fingerprint.hpp:220:24: note: candidate 2: ‘constexpr comdare::cache_engine::abi::OverlayHash::OverlayHash(std::string_view)’
  220 |     constexpr explicit OverlayHash(std::string_view v) : wert_{v} { require_injizierter_glied_wert("overlay", v); }
      |                        ^~~~~~~~~~~
In file included from /home/comdare/wt-b2-neuanker/libs/cache_engine/include/cache_engine/abi/anatomy_module_abi_v1.hpp:28:
/home/comdare/wt-b2-neuanker/libs/cache_engine/include/cache_engine/abi/../../../anatomy/abi_adapter.hpp: In member function ‘uint64_t comdare::cache_engine::anatomy::SearchAlgorithmAbiAdapter<A, ShapeCarrier>::run_workload(uint64_t, uint64_t, uint64_t, int64_t*, uint64_t)’:
/home/comdare/wt-b2-neuanker/libs/cache_engine/include/cache_engine/abi/../../../anatomy/abi_adapter.hpp:440:19: warning: declaration of ‘using SearchAlgo = typename A::composition_t::search_algo’ shadows a member of ‘comdare::cache_engine::anatomy::SearchAlgorithmAbiAdapter<A, ShapeCarrier>’ [-Wshadow]
  440 |             using SearchAlgo = typename A::composition_t::search_algo;
      |                   ^~~~~~~~~~
/home/comdare/wt-b2-neuanker/libs/cache_engine/include/cache_engine/abi/../../../anatomy/abi_adapter.hpp:2210:11: note: shadowed declaration is here
 2210 |     using SearchAlgo  = typename Composition::search_algo;
      |           ^~~~~~~~~~
/home/comdare/wt-b2-neuanker/libs/cache_engine/include/cache_engine/abi/../../../anatomy/abi_adapter.hpp: In member function ‘uint64_t comdare::cache_engine::anatomy::SearchAlgorithmAbiAdapter<A, ShapeCarrier>::run_workload_segmented(uint64_t, uint64_t, uint64_t, comdare::cache_engine::anatomy::ComdareSegmentLatencyV1*)’:
/home/comdare/wt-b2-neuanker/libs/cache_engine/include/cache_engine/abi/../../../anatomy/abi_adapter.hpp:545:19: warning: declaration of ‘using SearchAlgo = typename A::composition_t::search_algo’ shadows a member of ‘comdare::cache_engine::anatomy::SearchAlgorithmAbiAdapter<A, ShapeCarrier>’ [-Wshadow]
  545 |             using SearchAlgo = typename A::composition_t::search_algo;
      |                   ^~~~~~~~~~
/home/comdare/wt-b2-neuanker/libs/cache_engine/include/cache_engine/abi/../../../anatomy/abi_adapter.hpp:2210:11: note: shadowed declaration is here
 2210 |     using SearchAlgo  = typename Composition::search_algo;
      |           ^~~~~~~~~~
/home/comdare/wt-b2-neuanker/libs/cache_engine/include/cache_engine/abi/../../../anatomy/abi_adapter.hpp: In member function ‘uint64_t comdare::cache_engine::anatomy::SearchAlgorithmAbiAdapter<A, ShapeCarrier>::run_workload_segmented_v2(uint64_t, uint64_t, uint64_t, comdare::cache_engine::anatomy::ComdareSegmentLatencyV2*)’:
/home/comdare/wt-b2-neuanker/libs/cache_engine/include/cache_engine/abi/../../../anatomy/abi_adapter.hpp:645:19: warning: declaration of ‘using SearchAlgo = typename A::composition_t::search_algo’ shadows a member of ‘comdare::cache_engine::anatomy::SearchAlgorithmAbiAdapter<A, ShapeCarrier>’ [-Wshadow]
  645 |             using SearchAlgo      = typename A::composition_t::search_algo;
      |                   ^~~~~~~~~~
/home/comdare/wt-b2-neuanker/libs/cache_engine/include/cache_engine/abi/../../../anatomy/abi_adapter.hpp:2210:11: note: shadowed declaration is here
 2210 |     using SearchAlgo  = typename Composition::search_algo;
      |           ^~~~~~~~~~
make[3]: *** [tests/unit/CMakeFiles/anatomy_codegen_pilot_hot.dir/build.make:79: tests/unit/CMakeFiles/anatomy_codegen_pilot_hot.dir/__/__/generated/anatomy_modules/anatomy_perm_hot_pilot.cpp.o] Error 1
make[2]: *** [CMakeFiles/Makefile2:8914: tests/unit/CMakeFiles/anatomy_codegen_pilot_hot.dir/all] Error 2
make[2]: *** Waiting for unfinished jobs....
make[3]: *** [tests/unit/CMakeFiles/anatomy_codegen_pilot_wormhole_shared.dir/build.make:79: tests/unit/CMakeFiles/anatomy_codegen_pilot_wormhole_shared.dir/__/__/generated/anatomy_modules/anatomy_perm_wormhole_pilot.cpp.o] Error 1
make[2]: *** [CMakeFiles/Makefile2:8981: tests/unit/CMakeFiles/anatomy_codegen_pilot_wormhole_shared.dir/all] Error 2
make[3]: *** [tests/unit/CMakeFiles/anatomy_multi_pilot_5.dir/build.make:79: tests/unit/CMakeFiles/anatomy_multi_pilot_5.dir/__/__/generated/anatomy_modules_multi/anatomy_perm_anatomy_multi_pilot_5.cpp.o] Error 1
make[2]: *** [CMakeFiles/Makefile2:9210: tests/unit/CMakeFiles/anatomy_multi_pilot_5.dir/all] Error 2
make[3]: *** [tests/unit/CMakeFiles/anatomy_multi_pilot_0.dir/build.make:79: tests/unit/CMakeFiles/anatomy_multi_pilot_0.dir/__/__/generated/anatomy_modules_multi/anatomy_perm_anatomy_multi_pilot_0.cpp.o] Error 1
make[2]: *** [CMakeFiles/Makefile2:9050: tests/unit/CMakeFiles/anatomy_multi_pilot_0.dir/all] Error 2
make[3]: *** [tests/unit/CMakeFiles/test_v41_anatomy_module_abi.dir/build.make:79: tests/unit/CMakeFiles/test_v41_anatomy_module_abi.dir/test_v41_anatomy_module_abi.cpp.o] Error 1
make[2]: *** [CMakeFiles/Makefile2:8882: tests/unit/CMakeFiles/test_v41_anatomy_module_abi.dir/all] Error 2
make[3]: *** [tests/unit/CMakeFiles/anatomy_multi_pilot_1.dir/build.make:79: tests/unit/CMakeFiles/anatomy_multi_pilot_1.dir/__/__/generated/anatomy_modules_multi/anatomy_perm_anatomy_multi_pilot_1.cpp.o] Error 1
make[2]: *** [CMakeFiles/Makefile2:9082: tests/unit/CMakeFiles/anatomy_multi_pilot_1.dir/all] Error 2
make[1]: *** [CMakeFiles/Makefile2:5183: CMakeFiles/comdare_tests.dir/rule] Error 2
make: *** [Makefile:362: comdare_tests] Error 2
MAKE_RC=2
