[0/2] Re-checking globbed directories...
[1/59] Scanning /home/comdare/wt-ce-bump15/tools/overlay_source_hash_gen/main.cpp for CXX dependencies
[2/59] Generating CXX dyndep file tools/overlay_source_hash_gen/CMakeFiles/comdare_overlay_source_hash_gen.dir/CXX.dd
[3/59] Building CXX object tools/overlay_source_hash_gen/CMakeFiles/comdare_overlay_source_hash_gen.dir/main.cpp.o
[4/59] Linking CXX executable tools/overlay_source_hash_gen/comdare_overlay_source_hash_gen
[5/59] comdare E-E: Overlay-Quell-Hash (Glied [7] des Tier-Fingerprints)
[overlay_source_hash_gen] 712 Dateien, 3418134 Bytes, sha512=17ce209466a6f770... (Header NEU geschrieben)
[6/59] Scanning /home/comdare/wt-ce-bump15/libs/common/serialization/xml_config_parser/xml_config_parser.cpp for CXX dependencies
[7/59] Scanning /home/comdare/wt-ce-bump15/apps/is_original_validator/main.cpp for CXX dependencies
[8/59] Generating CXX dyndep file libs/common/serialization/xml_config_parser/CMakeFiles/comdare_builder_xml_config_parser.dir/CXX.dd
[9/59] Generating CXX dyndep file apps/is_original_validator/CMakeFiles/is_original_validator.dir/CXX.dd
[10/59] Building CXX object libs/common/serialization/xml_config_parser/CMakeFiles/comdare_builder_xml_config_parser.dir/xml_config_parser.cpp.o
[11/59] Linking CXX static library libs/common/serialization/xml_config_parser/libcomdare_builder_xml_config_parser.a
[12/59] Building CXX object apps/is_original_validator/CMakeFiles/is_original_validator.dir/main.cpp.o
[13/59] Linking CXX executable apps/is_original_validator/is_original_validator
[14/59] comdare is_original_codegen: surf (paper_p10_surf)
is_original_validator: lookup (paper=lookupKey) PASS (sha=53ec75480d8c...)
is_original_validator: WROTE /home/comdare/wt-ce-bump15/build/clang-debug/generated/topics/traversal/axis_03a_search_algo/legacy_code/paper_p10_surf_is_original.hpp (axis_mixin=comdare::cache_engine::lookup::concepts::SearchAlgoOriginalCodeMixin, 1 functions, module=ALL ORIGINAL)
[15/59] comdare is_original_codegen: snmalloc (paper_a07_snmalloc)
is_original_validator: allocate (paper=aligned_alloc) PASS (sha=8e4e0d1adc67...)
is_original_validator: deallocate (paper=free_aligned_sized) PASS (sha=f34e11734073...)
is_original_validator: WROTE /home/comdare/wt-ce-bump15/build/clang-debug/generated/topics/allocator/axis_06_allocator/legacy_code/paper_a07_snmalloc_is_original.hpp (axis_mixin=comdare::cache_engine::alloc::concepts::AllocatorOriginalCodeMixin, 2 functions, module=ALL ORIGINAL)
[16/59] comdare is_original_codegen: start (paper_p05_start)
is_original_validator: insert (paper=insertLater) PASS (sha=8cfb67dea8a3...)
is_original_validator: lookup (paper=EqualityLookup) PASS (sha=c28af8ba06a6...)
is_original_validator: WROTE /home/comdare/wt-ce-bump15/build/clang-debug/generated/topics/traversal/axis_03a_search_algo/legacy_code/paper_p05_start_is_original.hpp (axis_mixin=comdare::cache_engine::lookup::concepts::SearchAlgoOriginalCodeMixin, 2 functions, module=ALL ORIGINAL)
[17/59] comdare is_original_codegen: hot (paper_p02_hot)
is_original_validator: insert (paper=insert) PASS (sha=c4f8d7743595...)
is_original_validator: lookup (paper=lookup) PASS (sha=482010e862ef...)
is_original_validator: WROTE /home/comdare/wt-ce-bump15/build/clang-debug/generated/topics/traversal/axis_03a_search_algo/legacy_code/paper_p02_hot_is_original.hpp (axis_mixin=comdare::cache_engine::lookup::concepts::SearchAlgoOriginalCodeMixin, 2 functions, module=ALL ORIGINAL)
[18/59] comdare is_original_codegen: masstree (paper_p03_masstree)
is_original_validator: insert (paper=find_insert) PASS (sha=0ba9749f7e08...)
is_original_validator: lookup (paper=get) PASS (sha=e794f6acc16d...)
is_original_validator: erase (paper=find_locked) PASS (sha=beb708826e09...)
is_original_validator: clear (paper=destroy) PASS (sha=e14d26ac3fc5...)
is_original_validator: WROTE /home/comdare/wt-ce-bump15/build/clang-debug/generated/topics/traversal/axis_03a_search_algo/legacy_code/paper_p03_masstree_is_original.hpp (axis_mixin=comdare::cache_engine::lookup::concepts::SearchAlgoOriginalCodeMixin, 4 functions, module=ALL ORIGINAL)
[19/59] comdare is_original_codegen: mimalloc (paper_a04_mimalloc)
is_original_validator: allocate (paper=mi_malloc_aligned) PASS (sha=ccebd637625f...)
is_original_validator: deallocate (paper=mi_free) PASS (sha=3d7d0ea0a588...)
is_original_validator: WROTE /home/comdare/wt-ce-bump15/build/clang-debug/generated/topics/allocator/axis_06_allocator/legacy_code/paper_a04_mimalloc_is_original.hpp (axis_mixin=comdare::cache_engine::alloc::concepts::AllocatorOriginalCodeMixin, 2 functions, module=ALL ORIGINAL)
[20/59] comdare is_original_codegen: lrmalloc (paper_a11_lrmalloc)
is_original_validator: allocate (paper=lf_aligned_alloc) PASS (sha=11be5da7ed74...)
is_original_validator: deallocate (paper=lf_free) PASS (sha=34ca0f1d077d...)
is_original_validator: WROTE /home/comdare/wt-ce-bump15/build/clang-debug/generated/topics/allocator/axis_06_allocator/legacy_code/paper_a11_lrmalloc_is_original.hpp (axis_mixin=comdare::cache_engine::alloc::concepts::AllocatorOriginalCodeMixin, 2 functions, module=ALL ORIGINAL)
[21/59] comdare is_original_codegen: jemalloc (paper_a05_jemalloc)
is_original_validator: allocate (paper=je_aligned_alloc) PASS (sha=4798000098af...)
is_original_validator: deallocate (paper=je_free) PASS (sha=8f431329f70a...)
is_original_validator: WROTE /home/comdare/wt-ce-bump15/build/clang-debug/generated/topics/allocator/axis_06_allocator/legacy_code/paper_a05_jemalloc_is_original.hpp (axis_mixin=comdare::cache_engine::alloc::concepts::AllocatorOriginalCodeMixin, 2 functions, module=ALL ORIGINAL)
[22/59] comdare is_original_codegen: dlmalloc (paper_a20_dlmalloc)
is_original_validator: allocate (paper=public_mEMALIGn) PASS (sha=4ba9217e3c2a...)
is_original_validator: deallocate (paper=public_fREe) PASS (sha=e764b358f9fb...)
is_original_validator: WROTE /home/comdare/wt-ce-bump15/build/clang-debug/generated/topics/allocator/axis_06_allocator/legacy_code/paper_a20_dlmalloc_is_original.hpp (axis_mixin=comdare::cache_engine::alloc::concepts::AllocatorOriginalCodeMixin, 2 functions, module=ALL ORIGINAL)
[23/59] comdare is_original_codegen: rpmalloc (paper_a10_rpmalloc)
is_original_validator: allocate (paper=rpaligned_alloc) PASS (sha=f150152f9ba3...)
is_original_validator: deallocate (paper=rpfree) PASS (sha=fa94eb0a55e5...)
is_original_validator: WROTE /home/comdare/wt-ce-bump15/build/clang-debug/generated/topics/allocator/axis_06_allocator/legacy_code/paper_a10_rpmalloc_is_original.hpp (axis_mixin=comdare::cache_engine::alloc::concepts::AllocatorOriginalCodeMixin, 2 functions, module=ALL ORIGINAL)
[24/59] comdare is_original_codegen: art (paper_p01_art)
is_original_validator: insert (paper=insert_internal) PASS (sha=7e81f55e6ead...)
is_original_validator: lookup (paper=get) PASS (sha=ecddea59e7e1...)
is_original_validator: erase (paper=remove_internal) PASS (sha=43c78362753d...)
is_original_validator: clear (paper=clear) PASS (sha=79e6a528b117...)
is_original_validator: WROTE /home/comdare/wt-ce-bump15/build/clang-debug/generated/topics/traversal/axis_03a_search_algo/legacy_code/paper_p01_art_is_original.hpp (axis_mixin=comdare::cache_engine::lookup::concepts::SearchAlgoOriginalCodeMixin, 4 functions, module=ALL ORIGINAL)
[25/59] comdare is_original_codegen: wormhole (paper_p07_wormhole)
is_original_validator: insert (paper=wh_put) PASS (sha=48b20b96bd2c...)
is_original_validator: lookup (paper=wh_get) PASS (sha=05a308bead77...)
is_original_validator: erase (paper=wh_del) PASS (sha=b44fc1b7d265...)
is_original_validator: WROTE /home/comdare/wt-ce-bump15/build/clang-debug/generated/topics/traversal/axis_03a_search_algo/legacy_code/paper_p07_wormhole_is_original.hpp (axis_mixin=comdare::cache_engine::lookup::concepts::SearchAlgoOriginalCodeMixin, 3 functions, module=ALL ORIGINAL)
[26/59] Scanning /home/comdare/wt-ce-bump15/tools/measurement_axis_registry_gen/main.cpp for CXX dependencies
[27/59] Scanning /home/comdare/wt-ce-bump15/tools/system_axis_registry_gen/main.cpp for CXX dependencies
[28/59] Generating CXX dyndep file tools/measurement_axis_registry_gen/CMakeFiles/comdare_measurement_axis_registry_gen.dir/CXX.dd
[29/59] Scanning /home/comdare/wt-ce-bump15/apps/anatomy_codegen_tool/main.cpp for CXX dependencies
[30/59] Generating CXX dyndep file tools/system_axis_registry_gen/CMakeFiles/comdare_system_axis_registry_gen.dir/CXX.dd
[31/59] Generating CXX dyndep file apps/anatomy_codegen_tool/CMakeFiles/comdare_anatomy_codegen_cli.dir/CXX.dd
[32/59] Scanning /home/comdare/wt-ce-bump15/libs/cache_engine/builder/anatomy_codegen_tool/anatomy_codegen_tool.cpp for CXX dependencies
[33/59] Generating CXX dyndep file libs/cache_engine/builder/anatomy_codegen_tool/CMakeFiles/comdare_anatomy_codegen_tool.dir/CXX.dd
[34/59] Scanning /home/comdare/wt-ce-bump15/apps/adhoc_emitter/main.cpp for CXX dependencies
[35/59] Scanning /home/comdare/wt-ce-bump15/tools/axis_registry_gen/main.cpp for CXX dependencies
[36/59] Scanning /home/comdare/wt-ce-bump15/apps/catalog_codegen_tool/main.cpp for CXX dependencies
[37/59] Generating CXX dyndep file apps/adhoc_emitter/CMakeFiles/comdare_adhoc_emitter_cli.dir/CXX.dd
[38/59] Generating CXX dyndep file apps/catalog_codegen_tool/CMakeFiles/comdare_catalog_codegen_cli.dir/CXX.dd
[39/59] Generating CXX dyndep file tools/axis_registry_gen/CMakeFiles/comdare_axis_registry_gen.dir/CXX.dd
[40/59] Scanning /home/comdare/wt-ce-bump15/tools/gen_golden_fullpilot/main.cpp for CXX dependencies
[41/59] Generating CXX dyndep file tools/gen_golden_fullpilot/CMakeFiles/comdare_gen_golden_fullpilot.dir/CXX.dd
[42/59] Building CXX object tools/measurement_axis_registry_gen/CMakeFiles/comdare_measurement_axis_registry_gen.dir/main.cpp.o
[43/59] Linking CXX executable tools/measurement_axis_registry_gen/comdare_measurement_axis_registry_gen
[44/59] Building CXX object apps/anatomy_codegen_tool/CMakeFiles/comdare_anatomy_codegen_cli.dir/main.cpp.o
[45/59] Building CXX object libs/cache_engine/builder/anatomy_codegen_tool/CMakeFiles/comdare_anatomy_codegen_tool.dir/anatomy_codegen_tool.cpp.o
[46/59] Linking CXX static library libs/cache_engine/builder/anatomy_codegen_tool/libcomdare_anatomy_codegen_tool.a
[47/59] Linking CXX executable apps/anatomy_codegen_tool/comdare-anatomy-codegen-tool
[48/59] Building CXX object tools/system_axis_registry_gen/CMakeFiles/comdare_system_axis_registry_gen.dir/main.cpp.o
[49/59] Linking CXX executable tools/system_axis_registry_gen/comdare_system_axis_registry_gen
[50/59] Building CXX object apps/catalog_codegen_tool/CMakeFiles/comdare_catalog_codegen_cli.dir/main.cpp.o
[51/59] Linking CXX executable apps/catalog_codegen_tool/comdare-catalog-codegen
[52/59] Limits-Entkopplung: generated_source_catalog.hpp aus m3v2_study.profile.xml
catalog-codegen: wrote /home/comdare/wt-ce-bump15/build/clang-debug/generated/limits/generated_source_catalog.hpp from profile /home/comdare/wt-ce-bump15/libs/cache_engine/algorithm_profiles/thesis_profiles/m3v2_study.profile.xml (static permutations=320)
[53/59] Building CXX object tools/axis_registry_gen/CMakeFiles/comdare_axis_registry_gen.dir/main.cpp.o
[54/59] Linking CXX executable tools/axis_registry_gen/comdare_axis_registry_gen
[55/59] Building CXX object apps/adhoc_emitter/CMakeFiles/comdare_adhoc_emitter_cli.dir/main.cpp.o
[56/59] Linking CXX executable apps/adhoc_emitter/comdare-adhoc-emitter
[57/59] Building CXX object tools/gen_golden_fullpilot/CMakeFiles/comdare_gen_golden_fullpilot.dir/main.cpp.o
[58/59] Linking CXX executable tools/gen_golden_fullpilot/comdare_gen_golden_fullpilot
