[  0%] Built target comdare_overlay_source_hash_gen
[ 50%] comdare E-E: Overlay-Quell-Hash (Glied [7] des Tier-Fingerprints)
[overlay_source_hash_gen] 712 Dateien, 3418134 Bytes, sha512=17ce209466a6f770... (Header NEU geschrieben)
[ 50%] Built target comdare_overlay_source_hash
[ 50%] Built target is_original_validator
[ 50%] Built target comdare_paper_a05_jemalloc_codegen
[ 50%] Built target comdare_paper_p03_masstree_codegen
[ 50%] Built target comdare_paper_a20_dlmalloc_codegen
[ 50%] Built target comdare_paper_p02_hot_codegen
[ 50%] Built target comdare_paper_p10_surf_codegen
[ 50%] Built target comdare_paper_a11_lrmalloc_codegen
[ 50%] Built target comdare_paper_a04_mimalloc_codegen
[ 50%] Built target comdare_paper_a07_snmalloc_codegen
[ 50%] Built target comdare_paper_p01_art_codegen
[ 50%] Built target comdare_paper_a10_rpmalloc_codegen
[100%] Built target comdare_paper_p07_wormhole_codegen
[100%] Built target comdare_paper_p05_start_codegen
[100%] Built target comdare_paper_codegen_all
[100%] Building CXX object apps/adhoc_emitter/CMakeFiles/comdare_adhoc_emitter_cli.dir/main.cpp.o
[100%] Linking CXX executable comdare-adhoc-emitter
[100%] Built target comdare_adhoc_emitter_cli
[  0%] Built target comdare_overlay_source_hash_gen
[ 50%] comdare E-E: Overlay-Quell-Hash (Glied [7] des Tier-Fingerprints)
[overlay_source_hash_gen] 712 Dateien, 3418134 Bytes, sha512=17ce209466a6f770... (unveraendert)
[ 50%] Built target comdare_overlay_source_hash
[ 50%] Built target comdare_builder_xml_config_parser
[ 50%] Built target is_original_validator
[ 50%] Built target comdare_paper_a05_jemalloc_codegen
[ 50%] Built target comdare_paper_p03_masstree_codegen
[ 50%] Built target comdare_paper_a04_mimalloc_codegen
[ 50%] Built target comdare_paper_a07_snmalloc_codegen
[ 50%] Built target comdare_paper_a11_lrmalloc_codegen
[ 50%] Built target comdare_paper_p01_art_codegen
[ 50%] Built target comdare_paper_a10_rpmalloc_codegen
[ 50%] Built target comdare_paper_p02_hot_codegen
[100%] Built target comdare_paper_p05_start_codegen
[100%] Built target comdare_paper_p07_wormhole_codegen
[100%] Built target comdare_paper_p10_surf_codegen
[100%] Built target comdare_paper_a20_dlmalloc_codegen
[100%] Built target comdare_paper_codegen_all
[100%] Building CXX object apps/catalog_codegen_tool/CMakeFiles/comdare_catalog_codegen_cli.dir/main.cpp.o
[100%] Linking CXX executable comdare-catalog-codegen
[100%] Built target comdare_catalog_codegen_cli
[  0%] Built target comdare_overlay_source_hash_gen
[ 50%] comdare E-E: Overlay-Quell-Hash (Glied [7] des Tier-Fingerprints)
[overlay_source_hash_gen] 712 Dateien, 3418134 Bytes, sha512=17ce209466a6f770... (unveraendert)
[ 50%] Built target comdare_overlay_source_hash
[ 50%] Built target comdare_builder_xml_config_parser
[ 50%] Built target is_original_validator
[ 50%] Built target comdare_paper_a05_jemalloc_codegen
[ 50%] Built target comdare_paper_a20_dlmalloc_codegen
[ 50%] Built target comdare_paper_a07_snmalloc_codegen
[ 50%] Built target comdare_paper_a04_mimalloc_codegen
[ 50%] Built target comdare_paper_p03_masstree_codegen
[ 50%] Built target comdare_paper_a11_lrmalloc_codegen
[ 50%] Built target comdare_paper_a10_rpmalloc_codegen
[ 50%] Built target comdare_paper_p02_hot_codegen
[100%] Built target comdare_paper_p05_start_codegen
[100%] Built target comdare_paper_p10_surf_codegen
[100%] Built target comdare_paper_p07_wormhole_codegen
[100%] Built target comdare_paper_p01_art_codegen
[100%] Built target comdare_paper_codegen_all
[100%] Built target comdare_catalog_codegen_cli
[100%] Limits-Entkopplung: generated_source_catalog.hpp aus m3v2_study.profile.xml
catalog-codegen: wrote /home/comdare/wt-ce-bump15/build/clang-debug/generated/limits/generated_source_catalog.hpp from profile /home/comdare/wt-ce-bump15/libs/cache_engine/algorithm_profiles/thesis_profiles/m3v2_study.profile.xml (static permutations=320)
[100%] Built target comdare_limits_generated_source_catalog
[  0%] Built target comdare_overlay_source_hash_gen
[ 50%] comdare E-E: Overlay-Quell-Hash (Glied [7] des Tier-Fingerprints)
[overlay_source_hash_gen] 712 Dateien, 3418134 Bytes, sha512=17ce209466a6f770... (unveraendert)
[ 50%] Built target comdare_overlay_source_hash
[ 50%] Built target is_original_validator
[ 50%] Built target comdare_paper_a10_rpmalloc_codegen
[ 50%] Built target comdare_paper_a04_mimalloc_codegen
[ 50%] Built target comdare_paper_a05_jemalloc_codegen
[ 50%] Built target comdare_paper_p03_masstree_codegen
[ 50%] Built target comdare_paper_a20_dlmalloc_codegen
[ 50%] Built target comdare_paper_a07_snmalloc_codegen
[ 50%] Built target comdare_paper_a11_lrmalloc_codegen
[ 50%] Built target comdare_paper_p01_art_codegen
[ 50%] Built target comdare_paper_p02_hot_codegen
[ 50%] Built target comdare_paper_p07_wormhole_codegen
[ 50%] Built target comdare_paper_p10_surf_codegen
[100%] Built target comdare_paper_p05_start_codegen
[100%] Built target comdare_paper_codegen_all
[100%] Building CXX object tools/axis_registry_gen/CMakeFiles/comdare_axis_registry_gen.dir/main.cpp.o
[100%] Linking CXX executable comdare_axis_registry_gen
[100%] Built target comdare_axis_registry_gen
[  0%] Built target comdare_overlay_source_hash_gen
[ 33%] comdare E-E: Overlay-Quell-Hash (Glied [7] des Tier-Fingerprints)
[overlay_source_hash_gen] 712 Dateien, 3418134 Bytes, sha512=17ce209466a6f770... (unveraendert)
[ 33%] Built target comdare_overlay_source_hash
[ 33%] Built target is_original_validator
[ 33%] Built target comdare_paper_a20_dlmalloc_codegen
[ 33%] Built target comdare_paper_a07_snmalloc_codegen
[ 33%] Built target comdare_paper_a05_jemalloc_codegen
[ 33%] Built target comdare_paper_p03_masstree_codegen
[ 33%] Built target comdare_paper_a10_rpmalloc_codegen
[ 33%] Built target comdare_paper_a04_mimalloc_codegen
[ 33%] Built target comdare_paper_a11_lrmalloc_codegen
[ 33%] Built target comdare_paper_p01_art_codegen
[ 66%] Built target comdare_paper_p05_start_codegen
[ 66%] Built target comdare_paper_p02_hot_codegen
[ 66%] Built target comdare_paper_p07_wormhole_codegen
[ 66%] Built target comdare_paper_p10_surf_codegen
[ 66%] Built target comdare_paper_codegen_all
[ 66%] Building CXX object tools/system_axis_registry_gen/CMakeFiles/comdare_system_axis_registry_gen.dir/main.cpp.o
[100%] Linking CXX executable comdare_system_axis_registry_gen
[100%] Built target comdare_system_axis_registry_gen
[  0%] Built target comdare_overlay_source_hash_gen
[ 50%] comdare E-E: Overlay-Quell-Hash (Glied [7] des Tier-Fingerprints)
[overlay_source_hash_gen] 712 Dateien, 3418134 Bytes, sha512=17ce209466a6f770... (unveraendert)
[ 50%] Built target comdare_overlay_source_hash
[ 50%] Built target is_original_validator
[ 50%] Built target comdare_paper_a04_mimalloc_codegen
[ 50%] Built target comdare_paper_a20_dlmalloc_codegen
[ 50%] Built target comdare_paper_p01_art_codegen
[ 50%] Built target comdare_paper_p03_masstree_codegen
[ 50%] Built target comdare_paper_a10_rpmalloc_codegen
[ 50%] Built target comdare_paper_a05_jemalloc_codegen
[ 50%] Built target comdare_paper_a11_lrmalloc_codegen
[ 50%] Built target comdare_paper_a07_snmalloc_codegen
[100%] Built target comdare_paper_p07_wormhole_codegen
[100%] Built target comdare_paper_p02_hot_codegen
[100%] Built target comdare_paper_p05_start_codegen
[100%] Built target comdare_paper_p10_surf_codegen
[100%] Built target comdare_paper_codegen_all
[100%] Building CXX object tools/measurement_axis_registry_gen/CMakeFiles/comdare_measurement_axis_registry_gen.dir/main.cpp.o
[100%] Linking CXX executable comdare_measurement_axis_registry_gen
[100%] Built target comdare_measurement_axis_registry_gen
[  0%] Built target comdare_overlay_source_hash_gen
[ 50%] comdare E-E: Overlay-Quell-Hash (Glied [7] des Tier-Fingerprints)
[overlay_source_hash_gen] 712 Dateien, 3418134 Bytes, sha512=17ce209466a6f770... (unveraendert)
[ 50%] Built target comdare_overlay_source_hash
[ 50%] Built target is_original_validator
[ 50%] Built target comdare_paper_a10_rpmalloc_codegen
[ 50%] Built target comdare_paper_a05_jemalloc_codegen
[ 50%] Built target comdare_paper_a07_snmalloc_codegen
[ 50%] Built target comdare_paper_a11_lrmalloc_codegen
[ 50%] Built target comdare_paper_a04_mimalloc_codegen
[ 50%] Built target comdare_paper_p01_art_codegen
[100%] Built target comdare_paper_p03_masstree_codegen
[100%] Built target comdare_paper_p02_hot_codegen
[100%] Built target comdare_paper_a20_dlmalloc_codegen
[100%] Built target comdare_paper_p05_start_codegen
[100%] Built target comdare_paper_p07_wormhole_codegen
[100%] Built target comdare_paper_p10_surf_codegen
[100%] Built target comdare_paper_codegen_all
[100%] Building CXX object tools/gen_golden_fullpilot/CMakeFiles/comdare_gen_golden_fullpilot.dir/main.cpp.o
[100%] Linking CXX executable comdare_gen_golden_fullpilot
[100%] Built target comdare_gen_golden_fullpilot
[  0%] Built target comdare_overlay_source_hash_gen
[ 33%] comdare E-E: Overlay-Quell-Hash (Glied [7] des Tier-Fingerprints)
[overlay_source_hash_gen] 712 Dateien, 3418134 Bytes, sha512=17ce209466a6f770... (unveraendert)
[ 33%] Built target comdare_overlay_source_hash
[ 33%] Built target is_original_validator
[ 33%] Built target comdare_paper_a04_mimalloc_codegen
[ 33%] Built target comdare_paper_a07_snmalloc_codegen
[ 33%] Built target comdare_paper_a11_lrmalloc_codegen
[ 33%] Built target comdare_paper_a10_rpmalloc_codegen
[ 33%] Built target comdare_paper_p03_masstree_codegen
[ 33%] Built target comdare_paper_a20_dlmalloc_codegen
[ 33%] Built target comdare_paper_a05_jemalloc_codegen
[ 33%] Built target comdare_paper_p01_art_codegen
[ 33%] Built target comdare_paper_p07_wormhole_codegen
[ 66%] Built target comdare_paper_p02_hot_codegen
[ 66%] Built target comdare_paper_p10_surf_codegen
[ 66%] Built target comdare_paper_p05_start_codegen
[ 66%] Built target comdare_paper_codegen_all
[100%] Building CXX object libs/cache_engine/builder/anatomy_codegen_tool/CMakeFiles/comdare_anatomy_codegen_tool.dir/anatomy_codegen_tool.cpp.o
[100%] Linking CXX static library libcomdare_anatomy_codegen_tool.a
[100%] Built target comdare_anatomy_codegen_tool
[100%] Building CXX object apps/anatomy_codegen_tool/CMakeFiles/comdare_anatomy_codegen_cli.dir/main.cpp.o
[100%] Linking CXX executable comdare-anatomy-codegen-tool
[100%] Built target comdare_anatomy_codegen_cli
