[0/2] Re-checking globbed directories...
[1/53] Generating CXX dyndep file tools/overlay_source_hash_gen/CMakeFiles/comdare_overlay_source_hash_gen.dir/CXX.dd
[2/51] comdare E-E: Overlay-Quell-Hash (Glied [7] des Tier-Fingerprints)
[overlay_source_hash_gen] 712 Dateien, 3418134 Bytes, sha512=17ce209466a6f770... (unveraendert)
[3/51] Generating CXX dyndep file libs/common/serialization/xml_config_parser/CMakeFiles/comdare_builder_xml_config_parser.dir/CXX.dd
[4/49] Generating CXX dyndep file apps/is_original_validator/CMakeFiles/is_original_validator.dir/CXX.dd
[5/32] Generating CXX dyndep file libs/cache_engine/builder/anatomy_codegen_tool/CMakeFiles/comdare_anatomy_codegen_tool.dir/CXX.dd
[6/30] Generating CXX dyndep file apps/catalog_codegen_tool/CMakeFiles/comdare_catalog_codegen_cli.dir/CXX.dd
[7/27] Generating CXX dyndep file apps/anatomy_codegen_tool/CMakeFiles/comdare_anatomy_codegen_cli.dir/CXX.dd
[8/25] Generating CXX dyndep file tools/system_axis_registry_gen/CMakeFiles/comdare_system_axis_registry_gen.dir/CXX.dd
[9/23] Generating CXX dyndep file tools/measurement_axis_registry_gen/CMakeFiles/comdare_measurement_axis_registry_gen.dir/CXX.dd
[10/21] Generating CXX dyndep file tools/axis_registry_gen/CMakeFiles/comdare_axis_registry_gen.dir/CXX.dd
[11/19] Scanning /home/comdare/wt-ce-bump15/apps/adhoc_emitter/main.cpp for CXX dependencies
[12/19] Generating CXX dyndep file apps/adhoc_emitter/CMakeFiles/comdare_adhoc_emitter_cli.dir/CXX.dd
[13/19] Scanning /home/comdare/wt-ce-bump15/tools/gen_golden_fullpilot/main.cpp for CXX dependencies
[14/19] Generating CXX dyndep file tools/gen_golden_fullpilot/CMakeFiles/comdare_gen_golden_fullpilot.dir/CXX.dd
[15/19] Building CXX object tools/gen_golden_fullpilot/CMakeFiles/comdare_gen_golden_fullpilot.dir/main.cpp.o
[16/19] Linking CXX executable tools/gen_golden_fullpilot/comdare_gen_golden_fullpilot
[17/19] Building CXX object apps/adhoc_emitter/CMakeFiles/comdare_adhoc_emitter_cli.dir/main.cpp.o
[18/19] Linking CXX executable apps/adhoc_emitter/comdare-adhoc-emitter
