[0/2] Re-checking globbed directories...
[1/2] Re-running CMake...
-- Boost.MP11: vendored Header gefunden -> /home/comdare/wt-ce-bump15/cmake/../cmake/third_party/boost_mp11/include
-- Boost.MP11 ready: /home/comdare/wt-ce-bump15/cmake/../cmake/third_party/boost_mp11/include
CMake Warning at cmake/fetchcontent_stale_cleanup.cmake:39 (message):
  FetchContent stale subbuild-Cache erkannt fuer 'googletest'.

    Cached source : /home/comdare/wt-ce-bump15/build/clang-release/_deps/googletest-subbuild
    Current source: /home/comdare/wt-ce-bump15
    Auto-Bereinigung: loesche /home/comdare/wt-ce-bump15/build/clang-release/_deps/googletest-subbuild (sicher, betrifft nur FetchContent-Subbuild).
Call Stack (most recent call first):
  cmake/gtest_setup.cmake:10 (comdare_clean_stale_fetchcontent_subbuild)
  CMakeLists.txt:555 (include)


-- GTest: lokaler Tarball gefunden: /home/comdare/wt-ce-bump15/cmake/third_party/googletest-1.15.2.tar.gz
-- ==============================================================
-- comdare-cache-engine Multi-OS-Konfiguration (Phase 6)
--   OS                : Linux
--   Architektur       : x86_64
--   Block AO Plattform: unknown
--   Cache-Line-Size   : 64 B
--   ISA detected      : scalar-only
-- ==============================================================
CMake Warning at cmake/check_submodules.cmake:36 (message):
  
  ──────────────────────────────────────────────────────
Call Stack (most recent call first):
  CMakeLists.txt:571 (include)


CMake Warning at cmake/check_submodules.cmake:37 (message):
  Fehlende cache-engine-interne Module (Skelett-Inkonsistenz):
Call Stack (most recent call first):
  CMakeLists.txt:571 (include)


CMake Warning at cmake/check_submodules.cmake:39 (message):
    - modules/comdare-search-engine
Call Stack (most recent call first):
  CMakeLists.txt:571 (include)


CMake Warning at cmake/check_submodules.cmake:39 (message):
    - modules/comdare-cache-engine-core
Call Stack (most recent call first):
  CMakeLists.txt:571 (include)


CMake Warning at cmake/check_submodules.cmake:39 (message):
    - modules/comdare-measurement
Call Stack (most recent call first):
  CMakeLists.txt:571 (include)


CMake Warning at cmake/check_submodules.cmake:39 (message):
    - modules/comdare-isa-dispatch
Call Stack (most recent call first):
  CMakeLists.txt:571 (include)


CMake Warning at cmake/check_submodules.cmake:39 (message):
    - modules/comdare-build-tools
Call Stack (most recent call first):
  CMakeLists.txt:571 (include)


CMake Warning at cmake/check_submodules.cmake:39 (message):
    - modules/comdare-test-system
Call Stack (most recent call first):
  CMakeLists.txt:571 (include)


CMake Warning at cmake/check_submodules.cmake:41 (message):
    Erwarteter Inhalt pro Modul: CMakeLists.txt + README.md
Call Stack (most recent call first):
  CMakeLists.txt:571 (include)


CMake Warning at cmake/check_submodules.cmake:42 (message):
  
  ──────────────────────────────────────────────────────
Call Stack (most recent call first):
  CMakeLists.txt:571 (include)


-- comdare Plugin-Controller: lade Pruefling /home/comdare/wt-ce-bump15/tests/pruefling_fixture
-- comdare Pruefling 'fixture_min' sichert zu: pruefling_slots_v1
-- comdare Pruefling-Ort: COMDARE_CE_PRUEFLINGE ist gesetzt, COMDARE_PRT_ART_DIR ist LEER -- der Code-Weg ist da, die XML-Registry nicht. Der Planer sieht die Pruefling-Achsen nicht.
-- Test-Temp-Wurzel (Posten 69): comdare_test_<uid>_9449f2dd53e7 (stabil aus CMAKE_BINARY_DIR=/home/comdare/wt-ce-bump15/build/clang-release)
-- comdare_codegen_anatomy_module: anatomy_codegen_pilot_hot (STATIC, fp=hot_pilot) -> /home/comdare/wt-ce-bump15/build/clang-release/generated/anatomy_modules/anatomy_perm_hot_pilot.cpp
-- comdare_codegen_anatomy_module: anatomy_codegen_pilot_wormhole_shared (SHARED, fp=wormhole_pilot) -> /home/comdare/wt-ce-bump15/build/clang-release/generated/anatomy_modules/anatomy_perm_wormhole_pilot.cpp
-- comdare_codegen_anatomy_module: anatomy_multi_pilot_0 (SHARED, fp=anatomy_multi_pilot_0) -> /home/comdare/wt-ce-bump15/build/clang-release/generated/anatomy_modules_multi/anatomy_perm_anatomy_multi_pilot_0.cpp
-- comdare_codegen_anatomy_module: anatomy_multi_pilot_1 (SHARED, fp=anatomy_multi_pilot_1) -> /home/comdare/wt-ce-bump15/build/clang-release/generated/anatomy_modules_multi/anatomy_perm_anatomy_multi_pilot_1.cpp
-- comdare_codegen_anatomy_module: anatomy_multi_pilot_2 (SHARED, fp=anatomy_multi_pilot_2) -> /home/comdare/wt-ce-bump15/build/clang-release/generated/anatomy_modules_multi/anatomy_perm_anatomy_multi_pilot_2.cpp
-- comdare_codegen_anatomy_module: anatomy_multi_pilot_3 (SHARED, fp=anatomy_multi_pilot_3) -> /home/comdare/wt-ce-bump15/build/clang-release/generated/anatomy_modules_multi/anatomy_perm_anatomy_multi_pilot_3.cpp
-- comdare_codegen_anatomy_module: anatomy_multi_pilot_4 (SHARED, fp=anatomy_multi_pilot_4) -> /home/comdare/wt-ce-bump15/build/clang-release/generated/anatomy_modules_multi/anatomy_perm_anatomy_multi_pilot_4.cpp
-- comdare_codegen_anatomy_module: anatomy_multi_pilot_5 (SHARED, fp=anatomy_multi_pilot_5) -> /home/comdare/wt-ce-bump15/build/clang-release/generated/anatomy_modules_multi/anatomy_perm_anatomy_multi_pilot_5.cpp
-- comdare_codegen_anatomy_module_list: generated 6 SHARED targets (prefix=anatomy_multi_pilot, output=/home/comdare/wt-ce-bump15/build/clang-release/generated/anatomy_modules_multi)
-- comdare Plugin-Controller: Pruefling-Integration-Test test_pruefling_fixture_ladung registriert
-- comdare_run_anatomy_codegen_tool: HIT (idempotent) /home/comdare/wt-ce-bump15/build/clang-release/generated/r5i_perm_list.cmake
-- comdare_codegen_anatomy_module: r5i_configure_pilot_0 (SHARED, fp=r5i_configure_pilot_0) -> /home/comdare/wt-ce-bump15/build/clang-release/generated/r5i_anatomy_modules/anatomy_perm_r5i_configure_pilot_0.cpp
-- comdare_codegen_anatomy_module: r5i_configure_pilot_1 (SHARED, fp=r5i_configure_pilot_1) -> /home/comdare/wt-ce-bump15/build/clang-release/generated/r5i_anatomy_modules/anatomy_perm_r5i_configure_pilot_1.cpp
-- comdare_codegen_anatomy_module: r5i_configure_pilot_2 (SHARED, fp=r5i_configure_pilot_2) -> /home/comdare/wt-ce-bump15/build/clang-release/generated/r5i_anatomy_modules/anatomy_perm_r5i_configure_pilot_2.cpp
-- comdare_codegen_anatomy_module_list: generated 3 SHARED targets (prefix=r5i_configure_pilot, output=/home/comdare/wt-ce-bump15/build/clang-release/generated/r5i_anatomy_modules)
-- R5.I: configure-time codegen ACTIVE (test target enabled)
-- F.5 comdare_perms_pa/full_join: SKIPPED -- Pruefling geladen, aber 'prt_art/slots/prt_art_composition_demo.hpp' liegt in keiner seiner Include-Wurzeln (/home/comdare/wt-ce-bump15/tests/pruefling_fixture/include). Das ist der Fixture-Fall und kein Fehler; die Stufe-2/3-DLLs brauchen den echten prt-art-Pruefling.
-- comdare_run_anatomy_codegen_tool: HIT (idempotent) /home/comdare/wt-ce-bump15/build/clang-release/generated/f15_perm_list.cmake
-- comdare_codegen_anatomy_module: f15_measurement_pilot_0 (SHARED, fp=f15_measurement_pilot_0) -> /home/comdare/wt-ce-bump15/build/clang-release/generated/f15_measurement_modules/anatomy_perm_f15_measurement_pilot_0.cpp
-- comdare_codegen_anatomy_module: f15_measurement_pilot_1 (SHARED, fp=f15_measurement_pilot_1) -> /home/comdare/wt-ce-bump15/build/clang-release/generated/f15_measurement_modules/anatomy_perm_f15_measurement_pilot_1.cpp
-- comdare_codegen_anatomy_module_list: generated 2 SHARED targets (prefix=f15_measurement_pilot, output=/home/comdare/wt-ce-bump15/build/clang-release/generated/f15_measurement_modules)
-- F15: measurement driver test ENABLED
-- comdare_run_adhoc_emitter: running /home/comdare/wt-ce-bump15/build/clang-release/apps/adhoc_emitter/comdare-adhoc-emitter /home/comdare/wt-ce-bump15/build/clang-release/generated/r5g_autobuilt_modules 
-- comdare_run_adhoc_emitter: emitted modules into /home/comdare/wt-ce-bump15/build/clang-release/generated/r5g_autobuilt_modules
    [idx 0	array256	std_malloc	memory_layout_cache_line_aligned]
  [idx 1	array256	pool_resource	memory_layout_cache_line_aligned]
  [idx 2	array256	std_malloc	memory_layout_soa]
  [idx 3	array256	pool_resource	memory_layout_soa]
  [idx 4	vector_u8u8	std_malloc	memory_layout_cache_line_aligned]
  [idx 5	vector_u8u8	pool_resource	memory_layout_cache_line_aligned]
  [idx 6	vector_u8u8	std_malloc	memory_layout_soa]
  [idx 7	vector_u8u8	pool_resource	memory_layout_soa]
  [idx 8	vector_u16u16	std_malloc	memory_layout_cache_line_aligned]
  [idx 9	vector_u16u16	pool_resource	memory_layout_cache_line_aligned]
  [idx 10	vector_u16u16	std_malloc	memory_layout_soa]
  [idx 11	vector_u16u16	pool_resource	memory_layout_soa]
  [idx 12	array65535	std_malloc	memory_layout_cache_line_aligned]
  [idx 13	array65535	pool_resource	memory_layout_cache_line_aligned]
  [idx 14	array65535	std_malloc	memory_layout_soa]
  [idx 15	array65535	pool_resource	memory_layout_soa]
  [idx 16	k_ary	std_malloc	memory_layout_cache_line_aligned]
  [idx 17	k_ary	pool_resource	memory_layout_cache_line_aligned]
  [idx 18	k_ary	std_malloc	memory_layout_soa]
  [idx 19	k_ary	pool_resource	memory_layout_soa]
  [idx 20	interpolation	std_malloc	memory_layout_cache_line_aligned]
  [idx 21	interpolation	pool_resource	memory_layout_cache_line_aligned]
  [idx 22	interpolation	std_malloc	memory_layout_soa]
  [idx 23	interpolation	pool_resource	memory_layout_soa]
  [idx 24	eytzinger	std_malloc	memory_layout_cache_line_aligned]
  [idx 25	eytzinger	pool_resource	memory_layout_cache_line_aligned]
  [idx 26	eytzinger	std_malloc	memory_layout_soa]
  [idx 27	eytzinger	pool_resource	memory_layout_soa]
  [idx 28	skip_list	std_malloc	memory_layout_cache_line_aligned]
  [idx 29	skip_list	pool_resource	memory_layout_cache_line_aligned]
  [idx 30	skip_list	std_malloc	memory_layout_soa]
  [idx 31	skip_list	pool_resource	memory_layout_soa]
  [idx 32	hash_search	std_malloc	memory_layout_cache_line_aligned]
  [idx 33	hash_search	pool_resource	memory_layout_cache_line_aligned]
  [idx 34	hash_search	std_malloc	memory_layout_soa]
  [idx 35	hash_search	pool_resource	memory_layout_soa]
  [idx 36	linear_scan	std_malloc	memory_layout_cache_line_aligned]
  [idx 37	linear_scan	pool_resource	memory_layout_cache_line_aligned]
  [idx 38	linear_scan	std_malloc	memory_layout_soa]
  [idx 39	linear_scan	pool_resource	memory_layout_soa]
  [idx 40	bst	std_malloc	memory_layout_cache_line_aligned]
  [idx 41	bst	pool_resource	memory_layout_cache_line_aligned]
  [idx 42	bst	std_malloc	memory_layout_soa]
  [idx 43	bst	pool_resource	memory_layout_soa]
  [idx 44	btree	std_malloc	memory_layout_cache_line_aligned]
  [idx 45	btree	pool_resource	memory_layout_cache_line_aligned]
  [idx 46	btree	std_malloc	memory_layout_soa]
  [idx 47	btree	pool_resource	memory_layout_soa]
comdare-adhoc-emitter: 48 Permutations-Modul-.cpp geschrieben (count=48, Modus=kuratiert-3achsen, manifest.txt geschrieben).
-- comdare_build_adhoc_modules: 48 auto-emittierte Permutations-DLLs (prefix=comdare_r5g_autobuilt_perm, output=/home/comdare/wt-ce-bump15/build/clang-release/generated/r5g_autobuilt_modules)
-- R5.G: Auto-Permutations-Skalierung ACTIVE (48 auto-gebaute DLLs).
-- GO-3 A1 Kohaerenz-Guard bewiesen: Negativ-Probe (ohne AVX2-Flag) korrekt ABGELEHNT, Positiv-Probe (mit AVX2-Flag) kompiliert
-- W3-KERN: Mess-Interface-Testate REGISTRIERT (dock + biss)
-- Goal-V6 Phase D: 4718 — 28 add_test-D-Tests (16 leicht + 12 Boost) + 5 DLL-Round-Trip-Tests (test_dgenus_dll/test_buildvariant_dll{,_real}/test_adhoc_buildvariant_dll/test_d13_dll_runtime_measure) als OFFIZIELLE CMake-Targets (6 SHARED-DLLs via $<TARGET_FILE>). container_dll (test_d4b) bleibt scratch-verifiziert (Folge).
-- tools-tests: test_cacheline_policy_selector (#174) + test_load_profile_writer (#175) als add_test registriert (best_binary_selector-Tool = tools/best_binary_selector add_executable).
-- B2-ABSCHLUSS Schichtungs-Wache: Negativprobe feuert am #error, Kontrolle baut (2/2)
-- Durchstich: pdflatex gefunden (1 von 1): /usr/local/texlive/2026/bin/x86_64-linux/pdflatex
-- comdare E-E: Overlay-Quell-Hash verdrahtet -> /home/comdare/wt-ce-bump15/build/clang-release/generated/cache_engine/abi/overlay_source_hash_generated.hpp
-- ──────────────────────────────────────────────────────────
-- comdare-cache-engine 0.1.0
--   C++ Standard:           23
--   Detection Mode:         COMPILE_TIME
--   Build Builder:          ON
--   Build Benchmarks:       ON
--   Build Tests:            ON
--   Pre-Build Permutations: 
--   Experiment Mode (V8.4): OFF
--   Legacy-Reimpl (V8.2):   OFF [DEPRECATED]
--   Auto-Run Builder V13.4: OFF
-- ──────────────────────────────────────────────────────────
-- V41.F.6.1.C Allocator Axis 6 effective USE flags:
--   Batch 1: USE_STD=1 MIMALLOC=0 SNMALLOC=0 PMR=1 POOL=1 VAMPIR_NFP=0
--   Batch 2: USE_JEMALLOC=0 TCMALLOC=0 DLMALLOC=0
--   Batch 3: USE_HOARD=0 SLAB=0 MICHAEL_LF=0
--   Batch 4: USE_SCALLOC=0 NUMALLOC=0 RPMALLOC=0
--   Batch 5: USE_LRMALLOC=0 CAMA=0 STARMALLOC=0
--   Batch 6: USE_TCMALLOC_WH=0 HMALLOC=0 PIM_MALLOC=0
--   Batch 7: USE_CRYSTALLINE=0 EXGEN=0 BUDDY=0
--   Batch 8: USE_PTMALLOC2=0 VMEM_MAG=0 (VOLLAUSBAU 24 Vendor)
-- V41.F.6.1 Topic queuing Pilot:
--   axis_Q1 VOLLAUSBAU (13/13 W2): NO_BUFFER=1 FIFO=1 LIFO=1 BOUNDED_RING=1 APPEND_ONLY=1 PRIORITY_HEAP=1 DELTA_CHAIN=1 SKIPLIST_BUFFER=1 TOMBSTONE_BUFFER=1 COPY_ON_WRITE=1 EPOCH_BUFFER=1 BATCHED_INSERT_BUFFER=1 LOCKFREE_SPSC=1 LOCKFREE_MPMC=1
--   axis_Q2 VOLLAUSBAU (5/5 W3): EAGER=1 WATERMARK=1 LAZY=1 TIMED=1 ADAPTIVE_LSM=1
-- V41.F.6.1 Topic traversal Pilot:
--   axis_03a (22 search_algo = 17 + 4 per-K + S22 SwissTable, Masstree deferred): ARRAY256=0 VECTOR_U8U8=0 VECTOR_U16U16=0 ARRAY65535=0 ORIGINAL_ART=0 ORIGINAL_HOT=0 ORIGINAL_START=0 ORIGINAL_WORMHOLE=0 ORIGINAL_SURF=0 K_ARY=1 INTERPOLATION=1 EYTZINGER=1 SKIP_LIST=0 HASH_SEARCH=0 LINEAR_SCAN=1 BST=0 BTREE=0 K_ARY_K2=0 K_ARY_K4=0 K_ARY_K8=0 K_ARY_K16=0 SWISSTABLE=0
--   axis_03b (3 cache_traversal): LINEAR_FANOUT=1 HASH_LOOKUP=1 BINARY_SEARCH_FANOUT=1
--   axis_03m (2 mapping): DIRECT_PLACEMENT=1 POOL_RELATIVE=1
--   axis_12 (3 platforms): GENERIC=1 X86_64=1 AARCH64=1
--   axis_05 (5 layouts): CACHE_LINE_ALIGNED=1 AOS_STRICT=1 SOA=1 PACKED_BITMAP=1 AOSOA=1
--   axis_02 (3 compressions): NONE=1 PATRICIA=1 BYTE_WISE=1
--   axis_01_page_type (6 page-types): DENSE=1 EXT=1 PATRICIA=1 REDIRECT=1 CUSTOM=1 BPLUS=1
--   axis_btree_order (5 shapes): KT2=0 KT3=0 KT4=1 KT8=0 KT16=0
--   axis_skip_list_shape (4 shapes): MAX16_P50=1 MAX8_P50=0 MAX32_P50=0 MAX16_P25=0
--   axis_bst_shape (3 shapes): PTR_SIZE_T=1 PTR_U32=0 PTR_U16=0
--   axis_hash_probe_shape (4 shapes): OA_LF70=1 OA_LF50=0 OA_LF90=0 CHAINING=0
--   axis_04 (4 node-types): NODE4=1 NODE16=1 NODE48=1 NODE256=1
--   axis_07 (4 prefetchers): NONE=1 DISTANCE_ESTIMATOR=1 HARDWARE_PREFETCH=1 PATH_ORIENTED=1
--   axis_11 (4 telemetries): LEAF=1 DENSITY=1 INSERT=1 LATENCY=1
--   axis_10 (4 serializers): RAW=1 VAR_LEN=1 SUCCINCT=1 COMPRESSED=1
--   axis_14 (5 value-handles): INLINE=1 EXT_POOL=1 SHARED_REF=1 VERSIONED=1 CHAIN_REF=1
--   axis_08 (9 concurrency): NONE=1 BLOCKING=1 RW=1 OLC=1 LF=1 WF=1 RCU=1 HP=1 OLC_RB=1
--   axis_filter (5 filters): BLOOM=1 CUCKOO=1 RANGE_SURF=1 XOR=1 NONE=0
--   axis_io (4 io-strategies): IN_MEM=1 DIRECT=1 BUFFERED=1 MMAP=1
--   axis_persistence_target (2 targets): MEMORY_ONLY=1 DISK_WRITEBACK=0 (Q-1 FALL B: DISK_WRITEBACK=0 haelt den Voll-Bau bei 2^17)
--   axis_migration (4 migrations): NONE=1 HOT_COLD=1 TIER=1 ADAPTIVE=1
--   axis_01 (4 clusterings): HEAP=1 CLUSTERED=1 NON_CLUSTERED=1 IOT=1
--   axis_09 (4 main-CPU-ISAs): AMD64=1 AARCH64=1 RISCV=1 POWERPC=1
--   axis_09b (8 SIMD-extensions): NO_EXT=1 SSE2=1 AVX2=1 AVX512=1 NEON=1 SVE2=1 RVV=1 CUDA_GH200=1
-- comdare paper-init HIT: a04_mimalloc already extracted
-- comdare is_original_codegen: registered mimalloc -> /home/comdare/wt-ce-bump15/build/clang-release/generated/topics/allocator/axis_06_allocator/legacy_code/paper_a04_mimalloc_is_original.hpp
-- comdare paper-init HIT: a05_jemalloc already extracted
-- comdare is_original_codegen: registered jemalloc -> /home/comdare/wt-ce-bump15/build/clang-release/generated/topics/allocator/axis_06_allocator/legacy_code/paper_a05_jemalloc_is_original.hpp
-- comdare paper-init HIT: a07_snmalloc already extracted
-- comdare is_original_codegen: registered snmalloc -> /home/comdare/wt-ce-bump15/build/clang-release/generated/topics/allocator/axis_06_allocator/legacy_code/paper_a07_snmalloc_is_original.hpp
-- comdare paper-init HIT: a20_dlmalloc already extracted
-- comdare is_original_codegen: registered dlmalloc -> /home/comdare/wt-ce-bump15/build/clang-release/generated/topics/allocator/axis_06_allocator/legacy_code/paper_a20_dlmalloc_is_original.hpp
-- comdare paper-init HIT: a10_rpmalloc already extracted
-- comdare is_original_codegen: registered rpmalloc -> /home/comdare/wt-ce-bump15/build/clang-release/generated/topics/allocator/axis_06_allocator/legacy_code/paper_a10_rpmalloc_is_original.hpp
-- comdare paper-init HIT: a11_lrmalloc already extracted
-- comdare is_original_codegen: registered lrmalloc -> /home/comdare/wt-ce-bump15/build/clang-release/generated/topics/allocator/axis_06_allocator/legacy_code/paper_a11_lrmalloc_is_original.hpp
-- comdare paper-init HIT: p01_art already extracted
-- comdare is_original_codegen: registered art -> /home/comdare/wt-ce-bump15/build/clang-release/generated/topics/traversal/axis_03a_search_algo/legacy_code/paper_p01_art_is_original.hpp
-- comdare paper-init HIT: p02_hot already extracted
-- comdare is_original_codegen: registered hot -> /home/comdare/wt-ce-bump15/build/clang-release/generated/topics/traversal/axis_03a_search_algo/legacy_code/paper_p02_hot_is_original.hpp
-- comdare paper-init HIT: p05_start already extracted
-- comdare is_original_codegen: registered start -> /home/comdare/wt-ce-bump15/build/clang-release/generated/topics/traversal/axis_03a_search_algo/legacy_code/paper_p05_start_is_original.hpp
-- comdare paper-init HIT: p07_wormhole already extracted
-- comdare is_original_codegen: registered wormhole -> /home/comdare/wt-ce-bump15/build/clang-release/generated/topics/traversal/axis_03a_search_algo/legacy_code/paper_p07_wormhole_is_original.hpp
-- comdare paper-init HIT: p10_surf already extracted
-- comdare is_original_codegen: registered surf -> /home/comdare/wt-ce-bump15/build/clang-release/generated/topics/traversal/axis_03a_search_algo/legacy_code/paper_p10_surf_is_original.hpp
-- comdare paper-init HIT: p03_masstree already extracted
-- comdare is_original_codegen: registered masstree -> /home/comdare/wt-ce-bump15/build/clang-release/generated/topics/traversal/axis_03a_search_algo/legacy_code/paper_p03_masstree_is_original.hpp
-- comdare paper-roll-out: SKIP q01_concurrentqueue (/home/comdare/wt-ce-bump15/ext/queuing/Q01-concurrentqueue/concurrentqueue.h missing)
-- 
-- ═══════════════════════════════════════════════════════════════
--  COMDARE Achsen-Hierarchie (G.1) — Anatomie-Achsen pro Topic
-- ═══════════════════════════════════════════════════════════════
--   allocator/
--       axis_06_allocator: 25 Wrapper
--   concurrency/
--       axis_08_concurrency: 10 Wrapper
--   filter/
--       axis_filter: 6 Wrapper
--   hardware/
--       axis_09_isa: 4 Wrapper
--       axis_09b_simd_extension: 9 Wrapper
--       axis_12_general_hardware: 3 Wrapper
--   io/
--       axis_io: 5 Wrapper
--   memory_layout/
--       axis_05_memory_layout: 5 Wrapper
--   migration/
--       axis_migration: 4 Wrapper
--   nodes/
--       axis_01_page_type: 6 Wrapper
--       axis_02_path_compression: 4 Wrapper
--       axis_04_node_type: 6 Wrapper
--       axis_bst_shape: 3 Wrapper
--       axis_btree_order: 5 Wrapper
--       axis_hash_probe_shape: 4 Wrapper
--       axis_skip_list_shape: 4 Wrapper
--   prefetch/
--       axis_07_prefetch: 7 Wrapper
--   search_engine/
--       axis_01_index_organization: 5 Wrapper
--   sequence/
--       axis_growth: 1 Wrapper
--   serialization/
--       axis_10_serialization: 5 Wrapper
--   telemetry/
--       axis_11_telemetry: 5 Wrapper
--   traversal/
--       axis_03a_search_algo: 17 Wrapper
--       axis_03b_cache_traversal: 3 Wrapper
--       axis_03m_mapping: 2 Wrapper
--   value_handle/
--       axis_14_value_handle: 5 Wrapper
-- ───────────────────────────────────────────────────────────────
--  Gesamt: 15 Topics · 25 Achsen · 153 Wrapper
--  Permutations-Raum (Produkt der Achsen-Kardinalitaeten): >= 1e15 (kombinatorisch)
-- ═══════════════════════════════════════════════════════════════
-- 
-- Registrierungs-Protokoll: 6 bedingte Registrierungs-Bloecke vermerkt -> /home/comdare/wt-ce-bump15/build/clang-release/comdare_registrierungs_protokoll.txt
-- Configuring done (0.3s)
-- Generating done (0.4s)
-- Build files have been written to: /home/comdare/wt-ce-bump15/build/clang-release
[0/4] Re-checking globbed directories...
[1/38] Generating CXX dyndep file tools/overlay_source_hash_gen/CMakeFiles/comdare_overlay_source_hash_gen.dir/CXX.dd
[2/36] comdare E-E: Overlay-Quell-Hash (Glied [7] des Tier-Fingerprints)
[overlay_source_hash_gen] 712 Dateien, 3418134 Bytes, sha512=17ce209466a6f770... (unveraendert)
[3/36] Generating CXX dyndep file apps/is_original_validator/CMakeFiles/is_original_validator.dir/CXX.dd
[4/22] Scanning /home/comdare/wt-ce-bump15/tests/unit/test_axis_kind_kategorien_zuordnung.cpp for CXX dependencies
[5/22] Scanning /home/comdare/wt-ce-bump15/tests/unit/test_striktheit_axis_dach_guard.cpp for CXX dependencies
[6/22] Generating CXX dyndep file tests/unit/CMakeFiles/test_axis_kind_kategorien_zuordnung.dir/CXX.dd
[7/22] Generating CXX dyndep file tests/unit/CMakeFiles/test_striktheit_axis_dach_guard.dir/CXX.dd
[8/22] Scanning /home/comdare/wt-ce-bump15/tests/unit/test_axis_kind_wire_totalitaet.cpp for CXX dependencies
[9/22] Generating CXX dyndep file tests/unit/CMakeFiles/test_axis_kind_wire_totalitaet.dir/CXX.dd
[10/22] Building CXX object _deps/googletest-build/googletest/CMakeFiles/gtest_main.dir/src/gtest_main.cc.o
[11/22] Building CXX object tests/unit/CMakeFiles/test_striktheit_axis_dach_guard.dir/test_striktheit_axis_dach_guard.cpp.o
[12/22] Building CXX object tests/unit/CMakeFiles/test_axis_kind_wire_totalitaet.dir/test_axis_kind_wire_totalitaet.cpp.o
[13/22] Building CXX object tests/unit/CMakeFiles/test_axis_kind_kategorien_zuordnung.dir/test_axis_kind_kategorien_zuordnung.cpp.o
/home/comdare/wt-ce-bump15/tests/unit/test_axis_kind_kategorien_zuordnung.cpp:77:53: warning: unused variable 'axis_code_version' [-Wunused-const-variable]
   77 |     static constexpr std::string_view               axis_code_version = "1.0.0.c";
      |                                                     ^~~~~~~~~~~~~~~~~
1 warning generated.
[14/22] Building CXX object _deps/googletest-build/googletest/CMakeFiles/gtest.dir/src/gtest-all.cc.o
In file included from /home/comdare/wt-ce-bump15/build/clang-release/_deps/googletest-src/googletest/src/gtest-all.cc:38:
In file included from /home/comdare/wt-ce-bump15/build/clang-release/_deps/googletest-src/googletest/include/gtest/gtest.h:64:
In file included from /home/comdare/wt-ce-bump15/build/clang-release/_deps/googletest-src/googletest/include/gtest/gtest-death-test.h:43:
In file included from /home/comdare/wt-ce-bump15/build/clang-release/_deps/googletest-src/googletest/include/gtest/internal/gtest-death-test-internal.h:47:
In file included from /home/comdare/wt-ce-bump15/build/clang-release/_deps/googletest-src/googletest/include/gtest/gtest-matchers.h:49:
/home/comdare/wt-ce-bump15/build/clang-release/_deps/googletest-src/googletest/include/gtest/gtest-printers.h:524:35: warning: implicit conversion from 'char8_t' to 'char32_t' may change the meaning of the represented code unit [-Wcharacter-conversion]
  524 |   PrintTo(ImplicitCast_<char32_t>(c), os);
      |           ~~~~~~~~~~~~~           ^
1 warning generated.
[15/22] Linking CXX static library lib/libgtest.a
[16/22] Linking CXX static library lib/libgtest_main.a
[17/22] Linking CXX executable tests/unit/test_striktheit_axis_dach_guard
[18/22] Linking CXX executable tests/unit/test_axis_kind_kategorien_zuordnung
[19/22] Linking CXX executable tests/unit/test_axis_kind_wire_totalitaet
CLANG_BUILD_EXIT=0
Test project /home/comdare/wt-ce-bump15/build/clang-release
    Start 298: test_striktheit_axis_dach_guard
1/3 Test #298: test_striktheit_axis_dach_guard .......   Passed    0.00 sec
    Start 343: test_axis_kind_wire_totalitaet
2/3 Test #343: test_axis_kind_wire_totalitaet ........   Passed    0.00 sec
    Start 344: test_axis_kind_kategorien_zuordnung
3/3 Test #344: test_axis_kind_kategorien_zuordnung ...   Passed    0.00 sec

100% tests passed, 0 tests failed out of 3

Label Time Summary:
contract           =   0.00 sec*proc (2 tests)
dock               =   0.00 sec*proc (2 tests)
warnungs-review    =   0.00 sec*proc (1 test)
welle5             =   0.00 sec*proc (2 tests)

Total Test time (real) =   0.01 sec
CLANG_CTEST_EXIT=0
