/home/comdare/wt-ce-bump15/tests/unit/test_hy_a2_stempel_kette.cpp:136: Failure
Expected equality of these values:
  a.stempel_von(i)
    Which is: NULL
  &kPodZelle4
    Which is: 0x49c820

[  FAILED  ] HyA2StempelKette.StempelBindenLesenLoesenRaeumen (0 ms)
[ RUN      ] HyA2StempelKette.StempelBindenAufLeeremSlotIstSlotLeer
[       OK ] HyA2StempelKette.StempelBindenAufLeeremSlotIstSlotLeer (0 ms)
[ RUN      ] HyA2StempelKette.InvarianteGruenBeiTeilmengeUndLeererBelegung
[       OK ] HyA2StempelKette.InvarianteGruenBeiTeilmengeUndLeererBelegung (0 ms)
[ RUN      ] HyA2StempelKette.InvarianteMeldetHalbeBindungMitSlot
[       OK ] HyA2StempelKette.InvarianteMeldetHalbeBindungMitSlot (0 ms)
--
/home/comdare/wt-ce-bump15/tests/unit/test_hy_a2_stempel_kette.cpp:277: Failure
Expected equality of these values:
  p.stempel_von(i)
    Which is: NULL
  &kPodZelle4
    Which is: 0x49c820

[  FAILED  ] HyA2StempelKette.ProxyReichtCacheUndWacheDurch (0 ms)
[ RUN      ] HyA2StempelKette.NeueStatusCodesSindBenannt
[       OK ] HyA2StempelKette.NeueStatusCodesSindBenannt (0 ms)
