=== T-1 ROT-BELEG M-2: Wegwerf-Mutation rcu.hpp Bruecke fetch_add seq_cst -> relaxed ===
--- (a) TSan-HB-Probe (build-tsan, GCC 15.3), Einzellauf mit Stack-Write-Warmup:
Note: Google Test filter = *FenceNahtHatHappensBefore*
[ RUN      ] RcuConcurrency.FenceNahtHatHappensBeforeKanteDeterministischUeberDieEchteNahtFunktion
WARNING: ThreadSanitizer: data race (pid=1368486)
    #2 RcuConcurrency_FenceNahtHatHappensBeforeKanteDeterministischUeberDieEchteNahtFunktion_Test::TestBody() /home/comdare/wt-ce-bump15/tests/unit/test_rcu_concurrency.cpp:376 (test_rcu_concurrency+0x40cfe9)
    #12 RUN_ALL_TESTS() /home/comdare/wt-ce-bump15/build-tsan/_deps/googletest-src/googletest/include/gtest/gtest.h:2334 (test_rcu_concurrency+0x493c03)
    #1 __invoke_impl<void, RcuConcurrency_FenceNahtHatHappensBeforeKanteDeterministischUeberDieEchteNahtFunktion_Test::TestBody()::<lambda()> > /opt/gcc-15.3/include/c++/15.3.0/bits/invoke.h:63 (test_rcu_concurrency+0x40f6ba)
    #2 __invoke<RcuConcurrency_FenceNahtHatHappensBeforeKanteDeterministischUeberDieEchteNahtFunktion_Test::TestBody()::<lambda()> > /opt/gcc-15.3/include/c++/15.3.0/bits/invoke.h:98 (test_rcu_concurrency+0x40f4d5)
    #2 RcuConcurrency_FenceNahtHatHappensBeforeKanteDeterministischUeberDieEchteNahtFunktion_Test::TestBody() /home/comdare/wt-ce-bump15/tests/unit/test_rcu_concurrency.cpp:372 (test_rcu_concurrency+0x40cf28)
exit=0

--- Biss-Matrix (je N Laeufe, Mutation aktiv):
probe allein OHNE warmup:          rot=0/20 (TSan-Randbedingung fehlt)
probe allein MIT leerem join-warmup: rot=0/20
probe allein MIT stack-write-warmup: rot=20/20  <- gebaute Form
kombi mit thread-tragendem vorgaenger: rot=20/20 bzw. 5/5
kombi mit thread-freiem vorgaenger (StackDomain): rot=0/5
--gtest_repeat=2: rot=5/5

--- (b) Struktur-Wache (gcc-release, OHNE TSan):
[==========] 1 test from 1 test suite ran. (0 ms total)
[  PASSED  ] 0 tests.
[  FAILED  ] 1 test, listed below:
[  FAILED  ] RcuConcurrency.FenceNahtStrukturFenceUndBrueckeSindSeqCstUndBeideNahtPunkteRufenSie

 1 FAILED TEST
