== M-1/D-1 BISS: die Mess-Achse wirkt auf die Tier-Defines ==

---- (a) NENNER: die Vollmenge liefert einen nicht-leeren Define-Vektor ----
  [all] -> -DCOMDARE_MEASUREMENT_ON=1 -DCOMDARE_CE_ENABLE_STATISTICS=1 -DCOMDARE_CE_ENABLE_SEGMENT_TIMING=1 -DCOMDARE_MEASUREMENT_TOOLING_WALLCLOCK=1 -DCOMDARE_MEASUREMENT_TOOLING_MACRO=1 -DCOMDARE_MEASUREMENT_TOOLING_MICRO=1
  [OK]  (a) [all] wirft nicht
  [OK]  (a) [all] liefert mindestens 2 Defines (sonst misst dieser Test nichts)
  [OK]  (a) Registry hat 3 Toolings (die Achse, ueber die hier geurteilt wird, existiert)

---- (b) BISS: paarweise VERSCHIEDENE Define-Vektoren je Mess-Achsen-Wahl ----
  [wallclock]       -> -DCOMDARE_MEASUREMENT_ON=1 -DCOMDARE_MEASUREMENT_TOOLING_WALLCLOCK=1
  [wallclock,macro] -> -DCOMDARE_MEASUREMENT_ON=1 -DCOMDARE_CE_ENABLE_STATISTICS=1 -DCOMDARE_CE_ENABLE_SEGMENT_TIMING=0 -DCOMDARE_MEASUREMENT_TOOLING_WALLCLOCK=1 -DCOMDARE_MEASUREMENT_TOOLING_MACRO=1
  [wallclock,micro] -> -DCOMDARE_MEASUREMENT_ON=1 -DCOMDARE_CE_ENABLE_STATISTICS=1 -DCOMDARE_CE_ENABLE_SEGMENT_TIMING=1 -DCOMDARE_MEASUREMENT_TOOLING_WALLCLOCK=1 -DCOMDARE_MEASUREMENT_TOOLING_MICRO=1
  [all]             -> -DCOMDARE_MEASUREMENT_ON=1 -DCOMDARE_CE_ENABLE_STATISTICS=1 -DCOMDARE_CE_ENABLE_SEGMENT_TIMING=1 -DCOMDARE_MEASUREMENT_TOOLING_WALLCLOCK=1 -DCOMDARE_MEASUREMENT_TOOLING_MACRO=1 -DCOMDARE_MEASUREMENT_TOOLING_MICRO=1
  [OK]  (b) keine der vier zulaessigen Combos wirft
  [OK]  (b) [wallclock]       != [wallclock,macro]
  [OK]  (b) [wallclock]       != [wallclock,micro]
  [OK]  (b) [wallclock,macro] != [wallclock,micro]
  [OK]  (b) [wallclock]       != [all]
  [OK]  (b) [wallclock,macro] != [all]
  [OK]  (b) [wallclock,micro] != [all]

---- (c) GATE-WIRKUNG: [wallclock] traegt das Observer-Gate NICHT ----
  [OK]  (c) G1: MEASUREMENT_ON in [wallclock]
  [OK]  (c) G1: MEASUREMENT_ON in [wallclock,macro]
  [OK]  (c) G1: MEASUREMENT_ON in [wallclock,micro]
  [OK]  (c) G1: MEASUREMENT_ON in [all]
  [OK]  (c) G2/G3: CE_ENABLE_STATISTICS FEHLT in [wallclock] -- DIE HEILUNG VON D-1
  [OK]  (c) G2/G3: CE_ENABLE_STATISTICS in [wallclock,macro]
  [OK]  (c) G2/G3: CE_ENABLE_STATISTICS in [wallclock,micro]
  [OK]  (c) G2/G3: CE_ENABLE_STATISTICS in [all]
  [OK]  (c/H-B) Observer-Praedikat == Gate-Define, [wallclock]
  [OK]  (c/H-B) Observer-Praedikat == Gate-Define, [wallclock,macro]
  [OK]  (c/H-B) Observer-Praedikat == Gate-Define, [wallclock,micro]
  [OK]  (c/H-B) Observer-Praedikat == Gate-Define, [all]

---- (h) B3: eine Combo ohne 'wallclock' ERBT es von der CEB-Entscheidung (kein Wurf) ----
    [wallclock]  (nennt wallclock)  -DCOMDARE_MEASUREMENT_ON=1 -DCOMDARE_MEASUREMENT_TOOLING_WALLCLOCK=1
  [OK]  (h) [wallclock] ist baubar (kein Pflicht-Wurf mehr, B3)
  [OK]  (h) [wallclock] traegt die wallclock-Deklaration
    [macro]  (nennt wallclock NICHT)  WURF: fehlerklasse=konfiguration_widerspruch: die Mess-Combo '[macro]' nennt 'wallclock' NICHT, baut es aber unvermeidlich ein -- das Gate G1 (COMDARE_MEASUREMENT_ON) IST das wallclock-Instrument (steady_clock je Batch in run_workload) und wird von JEDEM Tooling gezogen. Ein Stempel, der es verschweigt, sieht einen Versions-Sprung der wallclock-Mess-Achse nicht (Owner-KERN F2). Abhilfe: die Combo als '[wallclock,macro]' schreiben
  [ERR] (h) [macro] ist baubar (kein Pflicht-Wurf mehr, B3)
  [ERR] (h) [macro] traegt die wallclock-Deklaration
  [ERR] (h) [macro] == [wallclock,macro] (Erbe = Zwillings-Ausstattung)
    [wallclock,macro]  (nennt wallclock)  -DCOMDARE_MEASUREMENT_ON=1 -DCOMDARE_CE_ENABLE_STATISTICS=1 -DCOMDARE_CE_ENABLE_SEGMENT_TIMING=0 -DCOMDARE_MEASUREMENT_TOOLING_WALLCLOCK=1 -DCOMDARE_MEASUREMENT_TOOLING_MACRO=1
  [OK]  (h) [wallclock,macro] ist baubar (kein Pflicht-Wurf mehr, B3)
  [OK]  (h) [wallclock,macro] traegt die wallclock-Deklaration
    [micro]  (nennt wallclock NICHT)  WURF: fehlerklasse=konfiguration_widerspruch: die Mess-Combo '[micro]' nennt 'wallclock' NICHT, baut es aber unvermeidlich ein -- das Gate G1 (COMDARE_MEASUREMENT_ON) IST das wallclock-Instrument (steady_clock je Batch in run_workload) und wird von JEDEM Tooling gezogen. Ein Stempel, der es verschweigt, sieht einen Versions-Sprung der wallclock-Mess-Achse nicht (Owner-KERN F2). Abhilfe: die Combo als '[wallclock,micro]' schreiben
  [ERR] (h) [micro] ist baubar (kein Pflicht-Wurf mehr, B3)
  [ERR] (h) [micro] traegt die wallclock-Deklaration
  [ERR] (h) [micro] == [wallclock,micro] (Erbe = Zwillings-Ausstattung)
    [wallclock,micro]  (nennt wallclock)  -DCOMDARE_MEASUREMENT_ON=1 -DCOMDARE_CE_ENABLE_STATISTICS=1 -DCOMDARE_CE_ENABLE_SEGMENT_TIMING=1 -DCOMDARE_MEASUREMENT_TOOLING_WALLCLOCK=1 -DCOMDARE_MEASUREMENT_TOOLING_MICRO=1
  [OK]  (h) [wallclock,micro] ist baubar (kein Pflicht-Wurf mehr, B3)
  [OK]  (h) [wallclock,micro] traegt die wallclock-Deklaration
    [macro,micro]  (nennt wallclock NICHT)  WURF: fehlerklasse=konfiguration_widerspruch: die Mess-Combo '[macro,micro]' nennt 'wallclock' NICHT, baut es aber unvermeidlich ein -- das Gate G1 (COMDARE_MEASUREMENT_ON) IST das wallclock-Instrument (steady_clock je Batch in run_workload) und wird von JEDEM Tooling gezogen. Ein Stempel, der es verschweigt, sieht einen Versions-Sprung der wallclock-Mess-Achse nicht (Owner-KERN F2). Abhilfe: die Combo als '[wallclock,macro,micro]' schreiben
  [ERR] (h) [macro,micro] ist baubar (kein Pflicht-Wurf mehr, B3)
  [ERR] (h) [macro,micro] traegt die wallclock-Deklaration
  [ERR] (h) [macro,micro] == [wallclock,macro,micro] (Erbe = Zwillings-Ausstattung)
    [wallclock,macro,micro]  (nennt wallclock)  -DCOMDARE_MEASUREMENT_ON=1 -DCOMDARE_CE_ENABLE_STATISTICS=1 -DCOMDARE_CE_ENABLE_SEGMENT_TIMING=1 -DCOMDARE_MEASUREMENT_TOOLING_WALLCLOCK=1 -DCOMDARE_MEASUREMENT_TOOLING_MACRO=1 -DCOMDARE_MEASUREMENT_TOOLING_MICRO=1
  [OK]  (h) [wallclock,macro,micro] ist baubar (kein Pflicht-Wurf mehr, B3)
  [OK]  (h) [wallclock,macro,micro] traegt die wallclock-Deklaration
  w-nennend unbewegt: 4 (erwartet 4), w-los geerbt: 3 (erwartet 3)
  [OK]  (h) genau 4 Teilmengen nennen w selbst (der Erb-Fall ist nicht der einzige)
  [OK]  (h) genau 3 Teilmengen erben w (die Vererbung ist wirklich gelaufen)
  [OK]  (h) BYTE-BILANZ: die Vollmenge [all] bleibt zulaessig -- der gesamte Bestand ist unberuehrt

---- (d) INJEKTIVITAET (F6): alle 7 nicht-leeren Tooling-Mengen paarweise verschieden ----
    [wallclock]  ->  -DCOMDARE_MEASUREMENT_ON=1 -DCOMDARE_MEASUREMENT_TOOLING_WALLCLOCK=1
    [macro]  ->  ABGEWIESEN (H-1: nennt wallclock nicht)
    [wallclock,macro]  ->  -DCOMDARE_MEASUREMENT_ON=1 -DCOMDARE_CE_ENABLE_STATISTICS=1 -DCOMDARE_CE_ENABLE_SEGMENT_TIMING=0 -DCOMDARE_MEASUREMENT_TOOLING_WALLCLOCK=1 -DCOMDARE_MEASUREMENT_TOOLING_MACRO=1
    [micro]  ->  ABGEWIESEN (H-1: nennt wallclock nicht)
    [wallclock,micro]  ->  -DCOMDARE_MEASUREMENT_ON=1 -DCOMDARE_CE_ENABLE_STATISTICS=1 -DCOMDARE_CE_ENABLE_SEGMENT_TIMING=1 -DCOMDARE_MEASUREMENT_TOOLING_WALLCLOCK=1 -DCOMDARE_MEASUREMENT_TOOLING_MICRO=1
    [macro,micro]  ->  ABGEWIESEN (H-1: nennt wallclock nicht)
    [wallclock,macro,micro]  ->  -DCOMDARE_MEASUREMENT_ON=1 -DCOMDARE_CE_ENABLE_STATISTICS=1 -DCOMDARE_CE_ENABLE_SEGMENT_TIMING=1 -DCOMDARE_MEASUREMENT_TOOLING_WALLCLOCK=1 -DCOMDARE_MEASUREMENT_TOOLING_MACRO=1 -DCOMDARE_MEASUREMENT_TOOLING_MICRO=1
  baubare Mengen: 4 (erwartet 4 = die wallclock-tragenden)
  [OK]  (d) alle 4 baubaren Mengen aufgeloest
  Paare verglichen: 6 (erwartet 6), Kollisionen: 0
  [OK]  (d) 6 Paare wirklich verglichen (der Test kann nicht leer gruen sein)
  [OK]  (d) KEINE zwei Mess-Achsen-Wahlen kollidieren auf denselben Define-Vektor

---- (e) BYTE-BILANZ: [all] traegt die Gates in Schichten-Reihenfolge (B2-Wortlaut) ----
  [OK]  (e) [all] wirft nicht
  [OK]  (e) Gate 1 an Position 0: -DCOMDARE_MEASUREMENT_ON=1
  [OK]  (e) Gate 2 an Position 1: -DCOMDARE_CE_ENABLE_STATISTICS=1
  [OK]  (e) Gate 3 an Position 2: -DCOMDARE_CE_ENABLE_SEGMENT_TIMING=1 (B2)
  [OK]  (e) [all] deklariert alle 3 Toolings (3 Gates + 3 Deklarationen, B2)

---- (f) FEHLERKLASSEN: leere Legende und Tippfehler werfen ----
  ''          -> WURF: fehlerklasse=konfiguration_widerspruch: leere Mess-Combo-Legende -- eine Tier-Binary ohne jedes Mess-Tooling ist kein baubarer Zustand (die Vollmenge heisst '[all]', nicht '')
  [wallclok]  -> WURF: fehlerklasse=konfiguration_widerspruch: unbekanntes Mess-Tooling 'wallclok' in der Combo-Legende '[wallclok]' -- gueltig sind ausschliesslich die ids aus kMeasurementToolingRegistry
  []          -> -DCOMDARE_MEASUREMENT_ON=1 -DCOMDARE_CE_ENABLE_STATISTICS=1 -DCOMDARE_CE_ENABLE_SEGMENT_TIMING=1 -DCOMDARE_MEASUREMENT_TOOLING_WALLCLOCK=1 -DCOMDARE_MEASUREMENT_TOOLING_MACRO=1 -DCOMDARE_MEASUREMENT_TOOLING_MICRO=1
  [OK]  (f) leere Legende wirft (kein baubarer Zustand)
  [OK]  (f) leere Legende meldet die Fehlerklasse
  [OK]  (f) unbekanntes Tooling wirft (kein stiller Ausstattungs-Verlust)
  [OK]  (f) unbekanntes Tooling meldet die Fehlerklasse
  [OK]  (f) '[]' ist die Vollmenge (Section-64-Semantik, wie im Stempel-Renderer)

---- (g) Deklarations-Namen stammen aus der Registry (kein Literal je Tooling) ----
    id='wallclock'  ->  -DCOMDARE_MEASUREMENT_TOOLING_WALLCLOCK=1
  [OK]  (g) Name aus id gebildet
    id='macro'  ->  -DCOMDARE_MEASUREMENT_TOOLING_MACRO=1
  [OK]  (g) Name aus id gebildet
    id='micro'  ->  -DCOMDARE_MEASUREMENT_TOOLING_MICRO=1
  [OK]  (g) Name aus id gebildet

== Fehler: 9 ==
