== M-1/D-1 BISS: die Mess-Achse wirkt auf die Tier-Defines ==

---- (a) NENNER: die Vollmenge liefert einen nicht-leeren Define-Vektor ----
  [all] -> -DCOMDARE_MEASUREMENT_ON=1 -DCOMDARE_CE_ENABLE_STATISTICS=1 -DCOMDARE_CE_ENABLE_SEGMENT_TIMING=1 -DCOMDARE_MEASUREMENT_TOOLING_WALLCLOCK=1 -DCOMDARE_MEASUREMENT_TOOLING_MACRO=1 -DCOMDARE_MEASUREMENT_TOOLING_MICRO=1
  [OK]  (a) [all] wirft nicht
  [OK]  (a) [all] liefert mindestens 2 Defines (sonst misst dieser Test nichts)
  [OK]  (a) Registry hat 3 Toolings (die Achse, ueber die hier geurteilt wird, existiert)

---- (b) BISS: paarweise VERSCHIEDENE Define-Vektoren je Mess-Achsen-Wahl ----
  [wallclock]       -> -DCOMDARE_MEASUREMENT_ON=1 -DCOMDARE_MEASUREMENT_TOOLING_WALLCLOCK=1
  [wallclock,macro] -> -DCOMDARE_MEASUREMENT_ON=1 -DCOMDARE_CE_ENABLE_STATISTICS=1 -DCOMDARE_CE_ENABLE_SEGMENT_TIMING=0 -DCOMDARE_MEASUREMENT_TOOLING_WALLCLOCK=1 -DCOMDARE_MEASUREMENT_TOOLING_MACRO=1
  [wallclock,micro] -> -DCOMDARE_MEASUREMENT_ON=1 -DCOMDARE_CE_ENABLE_STATISTICS=1 -DCOMDARE_CE_ENABLE_SEGMENT_TIMING=1 -DCOMDARE_MEASUREMENT_TOOLING_WALLCLOCK=1 -DCOMDARE_MEASUREMENT_TOOLING_MICRO=1
  [all]             -> -DCOMDARE_MEASUREMENT_ON=1 -DCOMDARE_CE_ENABLE_STATISTICS=1 -DCOMDARE_CE_ENABLE_SEGMENT_TIMING=1 -DCOMDARE_MEASUREMENT_TOOLING_WALLCLOCK=1 -DCOMDARE_MEASUREMENT_TOOLING_MACRO=1 -DCOMDARE_MEASUREMENT_TOOLING_MICRO=1
  [OK]  (b) keine der vier zulaessigen Combos wirft
  [OK]  (b) [wallclock]       != [wallclock,macro]
  [OK]  (b) [wallclock]       != [wallclock,micro]
  [OK]  (b) [wallclock,macro] != [wallclock,micro]
  [OK]  (b) [wallclock]       != [all]
  [OK]  (b) [wallclock,macro] != [all]
  [OK]  (b) [wallclock,micro] != [all]

---- (c) GATE-WIRKUNG: [wallclock] traegt das Observer-Gate NICHT ----
  [OK]  (c) G1: MEASUREMENT_ON in [wallclock]
  [OK]  (c) G1: MEASUREMENT_ON in [wallclock,macro]
  [OK]  (c) G1: MEASUREMENT_ON in [wallclock,micro]
  [OK]  (c) G1: MEASUREMENT_ON in [all]
  [OK]  (c) G2/G3: CE_ENABLE_STATISTICS FEHLT in [wallclock] -- DIE HEILUNG VON D-1
  [OK]  (c) G2/G3: CE_ENABLE_STATISTICS in [wallclock,macro]
  [OK]  (c) G2/G3: CE_ENABLE_STATISTICS in [wallclock,micro]
  [OK]  (c) G2/G3: CE_ENABLE_STATISTICS in [all]
  [OK]  (c/H-B) Observer-Praedikat == Gate-Define, [wallclock]
  [OK]  (c/H-B) Observer-Praedikat == Gate-Define, [wallclock,macro]
  [OK]  (c/H-B) Observer-Praedikat == Gate-Define, [wallclock,micro]
  [OK]  (c/H-B) Observer-Praedikat == Gate-Define, [all]

---- (h) B3: eine Combo ohne 'wallclock' ERBT es von der CEB-Entscheidung (kein Wurf) ----
    [wallclock]  (nennt wallclock)  -DCOMDARE_MEASUREMENT_ON=1 -DCOMDARE_MEASUREMENT_TOOLING_WALLCLOCK=1
  [OK]  (h) [wallclock] ist baubar (kein Pflicht-Wurf mehr, B3)
  [OK]  (h) [wallclock] traegt die wallclock-Deklaration
    [macro]  (nennt wallclock NICHT)  -DCOMDARE_MEASUREMENT_ON=1 -DCOMDARE_CE_ENABLE_STATISTICS=1 -DCOMDARE_CE_ENABLE_SEGMENT_TIMING=0 -DCOMDARE_MEASUREMENT_TOOLING_WALLCLOCK=1 -DCOMDARE_MEASUREMENT_TOOLING_MACRO=1
  [OK]  (h) [macro] ist baubar (kein Pflicht-Wurf mehr, B3)
  [OK]  (h) [macro] traegt die wallclock-Deklaration
  [OK]  (h) [macro] == [wallclock,macro] (Erbe = Zwillings-Ausstattung)
    [wallclock,macro]  (nennt wallclock)  -DCOMDARE_MEASUREMENT_ON=1 -DCOMDARE_CE_ENABLE_STATISTICS=1 -DCOMDARE_CE_ENABLE_SEGMENT_TIMING=0 -DCOMDARE_MEASUREMENT_TOOLING_WALLCLOCK=1 -DCOMDARE_MEASUREMENT_TOOLING_MACRO=1
  [OK]  (h) [wallclock,macro] ist baubar (kein Pflicht-Wurf mehr, B3)
  [OK]  (h) [wallclock,macro] traegt die wallclock-Deklaration
    [micro]  (nennt wallclock NICHT)  -DCOMDARE_MEASUREMENT_ON=1 -DCOMDARE_CE_ENABLE_STATISTICS=1 -DCOMDARE_CE_ENABLE_SEGMENT_TIMING=1 -DCOMDARE_MEASUREMENT_TOOLING_WALLCLOCK=1 -DCOMDARE_MEASUREMENT_TOOLING_MICRO=1
  [OK]  (h) [micro] ist baubar (kein Pflicht-Wurf mehr, B3)
  [OK]  (h) [micro] traegt die wallclock-Deklaration
  [OK]  (h) [micro] == [wallclock,micro] (Erbe = Zwillings-Ausstattung)
    [wallclock,micro]  (nennt wallclock)  -DCOMDARE_MEASUREMENT_ON=1 -DCOMDARE_CE_ENABLE_STATISTICS=1 -DCOMDARE_CE_ENABLE_SEGMENT_TIMING=1 -DCOMDARE_MEASUREMENT_TOOLING_WALLCLOCK=1 -DCOMDARE_MEASUREMENT_TOOLING_MICRO=1
  [OK]  (h) [wallclock,micro] ist baubar (kein Pflicht-Wurf mehr, B3)
  [OK]  (h) [wallclock,micro] traegt die wallclock-Deklaration
    [macro,micro]  (nennt wallclock NICHT)  -DCOMDARE_MEASUREMENT_ON=1 -DCOMDARE_CE_ENABLE_STATISTICS=1 -DCOMDARE_CE_ENABLE_SEGMENT_TIMING=1 -DCOMDARE_MEASUREMENT_TOOLING_WALLCLOCK=1 -DCOMDARE_MEASUREMENT_TOOLING_MACRO=1 -DCOMDARE_MEASUREMENT_TOOLING_MICRO=1
  [OK]  (h) [macro,micro] ist baubar (kein Pflicht-Wurf mehr, B3)
  [OK]  (h) [macro,micro] traegt die wallclock-Deklaration
  [OK]  (h) [macro,micro] == [wallclock,macro,micro] (Erbe = Zwillings-Ausstattung)
    [wallclock,macro,micro]  (nennt wallclock)  -DCOMDARE_MEASUREMENT_ON=1 -DCOMDARE_CE_ENABLE_STATISTICS=1 -DCOMDARE_CE_ENABLE_SEGMENT_TIMING=1 -DCOMDARE_MEASUREMENT_TOOLING_WALLCLOCK=1 -DCOMDARE_MEASUREMENT_TOOLING_MACRO=1 -DCOMDARE_MEASUREMENT_TOOLING_MICRO=1
  [OK]  (h) [wallclock,macro,micro] ist baubar (kein Pflicht-Wurf mehr, B3)
  [OK]  (h) [wallclock,macro,micro] traegt die wallclock-Deklaration
  w-nennend unbewegt: 4 (erwartet 4), w-los geerbt: 3 (erwartet 3)
  [OK]  (h) genau 4 Teilmengen nennen w selbst (der Erb-Fall ist nicht der einzige)
  [OK]  (h) genau 3 Teilmengen erben w (die Vererbung ist wirklich gelaufen)
  [OK]  (h) BYTE-BILANZ: die Vollmenge [all] bleibt zulaessig -- der gesamte Bestand ist unberuehrt

---- (i) B3: Legenden-Erbe (Stempel-Gestalt der CEB-Entscheidung) ----
    '[macro]'  ->  '[wallclock,macro]'
  [OK]  (i1) '[macro]' erbt zu '[wallclock,macro]'
    '[micro]'  ->  '[wallclock,micro]'
  [OK]  (i1) '[micro]' erbt zu '[wallclock,micro]'
    '[macro,micro]'  ->  '[wallclock,macro,micro]'
  [OK]  (i1) '[macro,micro]' erbt zu '[wallclock,macro,micro]'
    '[micro,macro]'  ->  '[wallclock,micro,macro]'
  [OK]  (i1) '[micro,macro]' erbt zu '[wallclock,micro,macro]'
    'macro'  ->  'wallclock,macro'
  [OK]  (i1) 'macro' erbt zu 'wallclock,macro'
  [OK]  (i2) '[wallclock]' bleibt byte-identisch
  [OK]  (i2) '[wallclock,macro]' bleibt byte-identisch
  [OK]  (i2) '[wallclock,micro]' bleibt byte-identisch
  [OK]  (i2) '[macro,wallclock]' bleibt byte-identisch
  [OK]  (i2) '[all]' bleibt byte-identisch
  [OK]  (i2) 'all' bleibt byte-identisch
  [OK]  (i2) '[]' bleibt byte-identisch
  [OK]  (i2) '' bleibt byte-identisch
  [OK]  (i2) '[wallclok]' erbt w, wirft aber NICHT selbst (Wurf-Ort bleibt der Parser)
  [OK]  (i3) Kommutativitaet fuer [wallclock]
  [OK]  (i3) Kommutativitaet fuer [macro]
  [OK]  (i3) Kommutativitaet fuer [wallclock,macro]
  [OK]  (i3) Kommutativitaet fuer [micro]
  [OK]  (i3) Kommutativitaet fuer [wallclock,micro]
  [OK]  (i3) Kommutativitaet fuer [macro,micro]
  [OK]  (i3) Kommutativitaet fuer [wallclock,macro,micro]
  [OK]  (i3) alle 7 Teilmengen geprueft (die Wache kann nicht leer gruen sein)

---- (d) INJEKTIVITAET (F6): die 4 effektiven Tooling-Mengen paarweise verschieden ----
  [OK]  (d) [wallclock] ist baubar
    [wallclock]  ->  -DCOMDARE_MEASUREMENT_ON=1 -DCOMDARE_MEASUREMENT_TOOLING_WALLCLOCK=1
    [macro]  ->  SYNONYM des w-nennenden Zwillings (B3-Erbe, Fall (h))
  [OK]  (d) [wallclock,macro] ist baubar
    [wallclock,macro]  ->  -DCOMDARE_MEASUREMENT_ON=1 -DCOMDARE_CE_ENABLE_STATISTICS=1 -DCOMDARE_CE_ENABLE_SEGMENT_TIMING=0 -DCOMDARE_MEASUREMENT_TOOLING_WALLCLOCK=1 -DCOMDARE_MEASUREMENT_TOOLING_MACRO=1
    [micro]  ->  SYNONYM des w-nennenden Zwillings (B3-Erbe, Fall (h))
  [OK]  (d) [wallclock,micro] ist baubar
    [wallclock,micro]  ->  -DCOMDARE_MEASUREMENT_ON=1 -DCOMDARE_CE_ENABLE_STATISTICS=1 -DCOMDARE_CE_ENABLE_SEGMENT_TIMING=1 -DCOMDARE_MEASUREMENT_TOOLING_WALLCLOCK=1 -DCOMDARE_MEASUREMENT_TOOLING_MICRO=1
    [macro,micro]  ->  SYNONYM des w-nennenden Zwillings (B3-Erbe, Fall (h))
  [OK]  (d) [wallclock,macro,micro] ist baubar
    [wallclock,macro,micro]  ->  -DCOMDARE_MEASUREMENT_ON=1 -DCOMDARE_CE_ENABLE_STATISTICS=1 -DCOMDARE_CE_ENABLE_SEGMENT_TIMING=1 -DCOMDARE_MEASUREMENT_TOOLING_WALLCLOCK=1 -DCOMDARE_MEASUREMENT_TOOLING_MACRO=1 -DCOMDARE_MEASUREMENT_TOOLING_MICRO=1
  kanonische Mengen: 4 (erwartet 4 = die wallclock-tragenden)
  [OK]  (d) alle 4 kanonischen Mengen aufgeloest
  Paare verglichen: 6 (erwartet 6), Kollisionen: 0
  [OK]  (d) 6 Paare wirklich verglichen (der Test kann nicht leer gruen sein)
  [OK]  (d) KEINE zwei Mess-Achsen-Wahlen kollidieren auf denselben Define-Vektor

---- (e) BYTE-BILANZ: [all] traegt die Gates in Schichten-Reihenfolge (B2-Wortlaut) ----
  [OK]  (e) [all] wirft nicht
  [OK]  (e) Gate 1 an Position 0: -DCOMDARE_MEASUREMENT_ON=1
  [OK]  (e) Gate 2 an Position 1: -DCOMDARE_CE_ENABLE_STATISTICS=1
  [OK]  (e) Gate 3 an Position 2: -DCOMDARE_CE_ENABLE_SEGMENT_TIMING=1 (B2)
  [OK]  (e) [all] deklariert alle 3 Toolings (3 Gates + 3 Deklarationen, B2)

---- (f) FEHLERKLASSEN: leere Legende und Tippfehler werfen ----
  ''          -> WURF: fehlerklasse=konfiguration_widerspruch: leere Mess-Combo-Legende -- eine Tier-Binary ohne jedes Mess-Tooling ist kein baubarer Zustand (die Vollmenge heisst '[all]', nicht '')
  [wallclok]  -> WURF: fehlerklasse=konfiguration_widerspruch: unbekanntes Mess-Tooling 'wallclok' in der Combo-Legende '[wallclok]' -- gueltig sind ausschliesslich die ids aus kMeasurementToolingRegistry
  []          -> -DCOMDARE_MEASUREMENT_ON=1 -DCOMDARE_CE_ENABLE_STATISTICS=1 -DCOMDARE_CE_ENABLE_SEGMENT_TIMING=1 -DCOMDARE_MEASUREMENT_TOOLING_WALLCLOCK=1 -DCOMDARE_MEASUREMENT_TOOLING_MACRO=1 -DCOMDARE_MEASUREMENT_TOOLING_MICRO=1
  [OK]  (f) leere Legende wirft (kein baubarer Zustand)
  [OK]  (f) leere Legende meldet die Fehlerklasse
  [OK]  (f) unbekanntes Tooling wirft (kein stiller Ausstattungs-Verlust)
  [OK]  (f) unbekanntes Tooling meldet die Fehlerklasse
  [OK]  (f) '[]' ist die Vollmenge (Section-64-Semantik, wie im Stempel-Renderer)

---- (g) Deklarations-Namen stammen aus der Registry (kein Literal je Tooling) ----
    id='wallclock'  ->  -DCOMDARE_MEASUREMENT_TOOLING_WALLCLOCK=1
  [OK]  (g) Name aus id gebildet
    id='macro'  ->  -DCOMDARE_MEASUREMENT_TOOLING_MACRO=1
  [OK]  (g) Name aus id gebildet
    id='micro'  ->  -DCOMDARE_MEASUREMENT_TOOLING_MICRO=1
  [OK]  (g) Name aus id gebildet

== Fehler: 0 ==
