=============================================================================
 PRE-PUSH-LANDE-GATES (--nur=format): EIN Gate, PROBE-Modus
=============================================================================

=============================================================================
 [2/6] CLANG-FORMAT -- CI-Formel-Paritaet (delegiert: vor_push_alle_wachen.sh --nur=format)
=============================================================================
=============================================================================
 VOR-PUSH-WACHE (--nur=format): NUR das Format-Gate, CI-Vollmenge
=============================================================================

=============================================================================
 [nur=format] CLANG-FORMAT -- CI-Formel-Paritaet (Vollmenge wie Job lint:format)
=============================================================================
WERKZEUG: /home/comdare/tools/cf22/usr/bin/clang-format-22 -- Version 22.1.8 (Pflicht ==22.1.8, Herkunft base-pipeline.yml:43 COMDARE_LLVM_VER)

VERSTOESSE (falls vorhanden):
  (keine)

-----------------------------------------------------------------------------
NENNER (nie eine nackte Null):
  2341 Dateien Vollmenge / 1923 geprueft, davon 0 abweichend.
  Formel (CI-paritaetisch, base-pipeline.yml:293): git ls-files -- libs apps tests adapters benchmark_suite benchmarks
  | Endungs-Regex (c|cc|cxx|cpp|h|hh|hxx|hpp) | Exclude-RE (base-pipeline.yml:59).
-----------------------------------------------------------------------------

=============================================================================
 NICHT VON DIESEM LAUF GEPRUEFT (--nur=format):
   * Diff-Hygiene (Wache 1) -- bereichsgebunden.
   * cppcheck (Wache 3)     -- eigener Voll-Scope-Lauf.
   Der volle Lauf vor dem Push bleibt Pflicht; dieses Verdikt gilt NUR dem Format.
=============================================================================

=============================================================================
VOR-PUSH-WACHE (--nur=format): GRUEN -- das Format-Gate ueber die CI-Vollmenge.
KEINE Aussage ueber die oben genannten ungeprueften Gates.
=============================================================================
GATE [2/6] GRUEN. NENNER: siehe Wachen-Ausgabe oben (Vollmenge/geprueft/abweichend).

=============================================================================
PRE-PUSH-LANDE-GATES (--nur=format): GRUEN -- NUR dieses eine Gate.
NICHT GEFAHREN (und damit OHNE Urteil):
   * diff
   * gitleaks
   * lock
   * floor
   * tabu
Der volle Lauf vor dem Push bleibt Pflicht.
=============================================================================
