=============================================================================
 DIFF-HYGIENE-WACHE: ASCII + Spaltenbreite  (scripts/ci_diff_ascii_width_guard.sh)
=============================================================================

MODUS: --bereich (KUMULATIV -- der ganze Stand, der nach '4cb16334' ginge,
       NICHT ein einzelner Push)
BEREICH (Teil der Aussage, nicht Beiwerk):
  BASIS      4cb16334 = 4cb163345bc9032a425cb204c617364761337e7b
  SPITZE     HEAD = 8cd32a0d958b1dfd6d3d4acca10618ea94da9032
  ABZWEIGUNG (merge-base) = 4cb163345bc9032a425cb204c617364761337e7b
  5 Commit(s) im Bereich; 0 Commit(s) nur auf der BASIS (Divergenz).

MODUS: git diff selbst ausgefuehrt (Repo: /home/comdare/wt-ce-bump15)
ARGUMENTE: git diff -U0 --no-color --no-ext-diff 4cb163345bc9032a425cb204c617364761337e7b 8cd32a0d958b1dfd6d3d4acca10618ea94da9032

VERSTOESSE (falls vorhanden):
  (keine)

-----------------------------------------------------------------------------
NENNER (nie eine nackte Null):
  592 Zusatzzeilen in selbst verfasstem Code geprueft, davon 0 Nicht-ASCII,
  davon 0 ueber 120 Spalten.
  646 Zusatzzeilen insgesamt im Diff; 54 davon uebersprungen.
  GEPRUEFT WIRD ALLES; VOLL ausgenommen sind genau zwei Klassen, je Datei
  unten mit GRUND benannt: Doku-Prosa *.md und Vendor-Baeume. *.xml ist NUR
  von der BREITEN-Regel frei (16.08.2026, s. Kopf) und bleibt ASCII-geprueft.
  Die frueher hier gedruckte Sammelbezeichnung "(Doku-Prosa/Sonstiges)" war
  irrefuehrend -- darunter lagen 143 getrackte *.sh mit 10.084 Zeilen Quelltext.
  Uebersprungene Dateien (namentlich MIT GRUND, keine zweite stille Null):
    - docs/plaene/20260819-F6-TERMINIERUNG-golden-ereignis-ein-zug-vor-f2.md  [Doku-Prosa *.md, Sprachdoktrin]
  VENDOR-AUSNAHME (nicht still): diese Baeume tragen COMDARE-VENDOR-PROVENANCE.md
  und werden als Fremdcode NICHT auf ASCII/Breite geprueft --
    - ext/io/liburing/
    - ext/io/libxlsxwriter/
    - ext/io/zlib/
  Eigener Code in diesen Baeumen (Wrapper, CMakeLists) liegt AUSSERHALB und
  wird weiter geprueft.
  GRENZE (ungedeckt, ausdruecklich): geprueft ist der ZUWACHS in diesem Diff,
  nicht der Bestand der beruehrten Dateien und nicht der des Baums. Wer ueber
  eine DATEI urteilen will, misst die Datei -- nicht diesen Bereich.
-----------------------------------------------------------------------------

DIFF-HYGIENE-WACHE: GRUEN.  KUMULATIV ueber 4cb163345bc9032a425cb204c617364761337e7b..8cd32a0d958b1dfd6d3d4acca10618ea94da9032 (5 Commits)
