=============================================================================
 PRE-PUSH-LANDE-GATES (--nur=format): EIN Gate, PROBE-Modus
=============================================================================

=============================================================================
 [2/6] CLANG-FORMAT -- CI-Formel-Paritaet (delegiert: vor_push_alle_wachen.sh --nur=format)
=============================================================================
=============================================================================
 VOR-PUSH-WACHE (--nur=format): NUR das Format-Gate, CI-Vollmenge
=============================================================================

=============================================================================
 [nur=format] CLANG-FORMAT -- CI-Formel-Paritaet (Vollmenge wie Job lint:format)
=============================================================================
WERKZEUG: /home/comdare/tools/cf22/usr/bin/clang-format-22 -- Version 22.1.8 (Pflicht ==22.1.8, Herkunft base-pipeline.yml:43 COMDARE_LLVM_VER)

VERSTOESSE (falls vorhanden):
  FORMAT-ABWEICHUNG   tests/unit/test_s3_ordnung_relation.cpp

-----------------------------------------------------------------------------
NENNER (nie eine nackte Null):
  2341 Dateien Vollmenge / 1923 geprueft, davon 1 abweichend.
  Formel (CI-paritaetisch, base-pipeline.yml:293): git ls-files -- libs apps tests adapters benchmark_suite benchmarks
  | Endungs-Regex (c|cc|cxx|cpp|h|hh|hxx|hpp) | Exclude-RE (base-pipeline.yml:59).
-----------------------------------------------------------------------------

=============================================================================
 NICHT VON DIESEM LAUF GEPRUEFT (--nur=format):
   * Diff-Hygiene (Wache 1) -- bereichsgebunden.
   * cppcheck (Wache 3)     -- eigener Voll-Scope-Lauf.
   Der volle Lauf vor dem Push bleibt Pflicht; dieses Verdikt gilt NUR dem Format.
=============================================================================

=============================================================================
VOR-PUSH-WACHE (--nur=format): ROT -- das Format-Gate hat angeschlagen (siehe oben).
=============================================================================

=============================================================================
PRE-PUSH-LANDE-GATES: ROT am GATE [2/6] CLANG-FORMAT -- Format-Abweichungen in der CI-Vollmenge (Liste oben)
FAIL-FAST: spaetere Gates sind NICHT gelaufen und damit NICHT gruen.
=============================================================================
