=============================================================================
 DIFF-HYGIENE-WACHE: ASCII + Spaltenbreite  (scripts/ci_diff_ascii_width_guard.sh)
=============================================================================

MODUS: git diff selbst ausgefuehrt (Repo: /home/comdare/wt-ce-bump15)
ARGUMENTE: git diff -U0 --no-color --no-ext-diff e114cabd..HEAD

VERSTOESSE (falls vorhanden):
  (keine)

-----------------------------------------------------------------------------
NENNER (nie eine nackte Null):
  34174 Zusatzzeilen in selbst verfasstem Code geprueft, davon 0 Nicht-ASCII,
  davon 0 ueber 120 Spalten.
  34827 Zusatzzeilen insgesamt im Diff; 653 davon uebersprungen.
  GEPRUEFT WIRD ALLES; VOLL ausgenommen sind genau zwei Klassen, je Datei
  unten mit GRUND benannt: Doku-Prosa *.md und Vendor-Baeume. *.xml ist NUR
  von der BREITEN-Regel frei (16.08.2026, s. Kopf) und bleibt ASCII-geprueft.
  Die frueher hier gedruckte Sammelbezeichnung "(Doku-Prosa/Sonstiges)" war
  irrefuehrend -- darunter lagen 143 getrackte *.sh mit 10.084 Zeilen Quelltext.
  Uebersprungene Dateien (namentlich MIT GRUND, keine zweite stille Null):
    - docs/architecture/20260804-e24_g8_negativliste_gesperrte_abi_flaechen.md  [Doku-Prosa *.md, Sprachdoktrin]
    - LICENSE_AUDIT_EXT.md  [Doku-Prosa *.md, Sprachdoktrin]
    - libs/traeger/tier/README.md  [Doku-Prosa *.md, Sprachdoktrin]
    - libs/cache_engine/organ_axes/README.md  [Doku-Prosa *.md, Sprachdoktrin]
    - docs/architecture/30_audit_achsen_delegation_pflichtachsen.md  [Doku-Prosa *.md, Sprachdoktrin]
    - docs/architecture/23a_f2_io_dispatch_pilot_migration_plan.md  [Doku-Prosa *.md, Sprachdoktrin]
    - libs/traeger/ceb/README.md  [Doku-Prosa *.md, Sprachdoktrin]
    - libs/cache_engine/system_axes/README.md  [Doku-Prosa *.md, Sprachdoktrin]
    - docs/architecture/messarchitektur_v5_i8_memento_vollstaendigkeit.md  [Doku-Prosa *.md, Sprachdoktrin]
    - PROJECT_LAYER_MAP.md  [Doku-Prosa *.md, Sprachdoktrin]
    - docs/architecture/31_observer_interface_konsolidierung_i1.md  [Doku-Prosa *.md, Sprachdoktrin]
    - docs/architecture/27_experiment_baum_registry_bindung_4_bruecken.md  [Doku-Prosa *.md, Sprachdoktrin]
    - docs/architecture/24_messmodell_korrektur_zwei_dimensionen.md  [Doku-Prosa *.md, Sprachdoktrin]
    - docs/architecture/20260802-hybrid_tier_stufe_soll_design.md  [Doku-Prosa *.md, Sprachdoktrin]
    - docs/architecture/23_f2_f3_axiscentric_namespace_migration.md  [Doku-Prosa *.md, Sprachdoktrin]
    - tests/deprecated/prt_art_legacy_waisen/VERMERK.md  [Doku-Prosa *.md, Sprachdoktrin]
    - libs/traeger/hybrid/README.md  [Doku-Prosa *.md, Sprachdoktrin]
    - README.md  [Doku-Prosa *.md, Sprachdoktrin]
    - libs/cache_engine/mess_axes/README.md  [Doku-Prosa *.md, Sprachdoktrin]
    - libs/cache_engine/algorithm_profiles/thesis_profiles/SCHEMA.md  [Doku-Prosa *.md, Sprachdoktrin]
    - docs/architecture/29_experiment_baum_generik_und_composition_driver.md  [Doku-Prosa *.md, Sprachdoktrin]
    - docs/ERWEITERUNGS-LEITFADEN.md  [Doku-Prosa *.md, Sprachdoktrin]
    - docs/architecture/35_function_handle_hops.md  [Doku-Prosa *.md, Sprachdoktrin]
    - docs/architecture/36_eine_architektur_lebewesen_ist_searchalgorithm.md  [Doku-Prosa *.md, Sprachdoktrin]
    - docs/lizenzen/20260508-1500-lizenzen_uebersicht.md  [Doku-Prosa *.md, Sprachdoktrin]
    - docs/architecture/33_undolog_memento_und_mess_resume.md  [Doku-Prosa *.md, Sprachdoktrin]
    - docs/architecture/messarchitektur_design_observer_handle_no_dynamic_cast.md  [Doku-Prosa *.md, Sprachdoktrin]
    - docs/architecture/21_f6_plugin_controller_slot_merge_3stufen_bewiesen.md  [Doku-Prosa *.md, Sprachdoktrin]
    - docs/architecture/19_f6_prtart_migration_plan.md  [Doku-Prosa *.md, Sprachdoktrin]
    - libs/traeger/planner/README.md  [Doku-Prosa *.md, Sprachdoktrin]
    - libs/common/measurement/dataset_loader/README.md  [Doku-Prosa *.md, Sprachdoktrin]
    - libs/cache_engine/hybrid/README.md  [Doku-Prosa *.md, Sprachdoktrin]
    - libs/cache_engine/algorithm_profiles/allocators/README.md  [Doku-Prosa *.md, Sprachdoktrin]
    - docs/plaene/20260819-F6-TERMINIERUNG-golden-ereignis-ein-zug-vor-f2.md  [Doku-Prosa *.md, Sprachdoktrin]
    - docs/ledger-sections/architektur-ziele-offene-punkte-ledger.md  [Doku-Prosa *.md, Sprachdoktrin]
    - docs/architecture/abhaengigkeitskette_lebewesen_pruefdock_abi_konvergenz.md  [Doku-Prosa *.md, Sprachdoktrin]
    - docs/architecture/20260803-e24_container_gattungs_abi_dossier.md  [Doku-Prosa *.md, Sprachdoktrin]
    - docs/ENTWICKLER-FUNCTION-HANDLE-HOPS.md  [Doku-Prosa *.md, Sprachdoktrin]
  BREITEN-AUSNAHME (nicht still): 99 Zeile(n) ueber 120 Byte in *.xml
  NICHT als Breiten-Verstoss gezaehlt -- ASCII wurde an ihnen GEPRUEFT.
  Je Datei mit GRUND (printf statt echo: s. Begruendung oben):
    - libs/cache_engine/algorithm_profiles/allocators/tcmalloc_warehouse.profile.xml  [XML-Markup *.xml, nur Breite frei (ASCII gilt)]
    - libs/cache_engine/algorithm_profiles/allocators/slab.profile.xml  [XML-Markup *.xml, nur Breite frei (ASCII gilt)]
    - libs/cache_engine/algorithm_profiles/allocators/cama.profile.xml  [XML-Markup *.xml, nur Breite frei (ASCII gilt)]
    - libs/cache_engine/algorithm_profiles/allocators/pmr_resource.profile.xml  [XML-Markup *.xml, nur Breite frei (ASCII gilt)]
    - libs/cache_engine/algorithm_profiles/allocators/starmalloc.profile.xml  [XML-Markup *.xml, nur Breite frei (ASCII gilt)]
    - libs/cache_engine/algorithm_profiles/allocators/ptmalloc2.profile.xml  [XML-Markup *.xml, nur Breite frei (ASCII gilt)]
    - libs/cache_engine/algorithm_profiles/allocators/numalloc.profile.xml  [XML-Markup *.xml, nur Breite frei (ASCII gilt)]
    - libs/cache_engine/include/cache_engine/measurement/measurement_axis_registry.xml  [XML-Markup *.xml, nur Breite frei (ASCII gilt)]
    - libs/cache_engine/algorithm_profiles/cache_engine_axis_registry.xml  [XML-Markup *.xml, nur Breite frei (ASCII gilt)]
    - libs/cache_engine/algorithm_profiles/allocators/pim_malloc.profile.xml  [XML-Markup *.xml, nur Breite frei (ASCII gilt)]
    - tests/unit/thesis_tiere/prt_art_axis_registry.xml  [XML-Markup *.xml, nur Breite frei (ASCII gilt)]
    - libs/cache_engine/algorithm_profiles/allocators/vmem_magazines.profile.xml  [XML-Markup *.xml, nur Breite frei (ASCII gilt)]
    - tests/unit/thesis_tiere/experiment_kern_seam_fixture.xml  [XML-Markup *.xml, nur Breite frei (ASCII gilt)]
    - libs/cache_engine/algorithm_profiles/allocators/hmalloc.profile.xml  [XML-Markup *.xml, nur Breite frei (ASCII gilt)]
    - libs/cache_engine/algorithm_profiles/allocators/exgen_malloc.profile.xml  [XML-Markup *.xml, nur Breite frei (ASCII gilt)]
    - libs/cache_engine/algorithm_profiles/allocators/buddy.profile.xml  [XML-Markup *.xml, nur Breite frei (ASCII gilt)]
  VENDOR-AUSNAHME (nicht still): diese Baeume tragen COMDARE-VENDOR-PROVENANCE.md
  und werden als Fremdcode NICHT auf ASCII/Breite geprueft --
    - ext/io/liburing/
    - ext/io/libxlsxwriter/
    - ext/io/zlib/
  Eigener Code in diesen Baeumen (Wrapper, CMakeLists) liegt AUSSERHALB und
  wird weiter geprueft.
  GRENZE (ungedeckt, ausdruecklich): geprueft ist der ZUWACHS in diesem Diff,
  nicht der Bestand der beruehrten Dateien und nicht der des Baums. Wer ueber
  eine DATEI urteilen will, misst die Datei -- nicht diesen Bereich.
-----------------------------------------------------------------------------

DIFF-HYGIENE-WACHE: GRUEN.
