tools/axis_registry_gen/main.cpp:228:20: warning: code should be clang-formatted [-Wclang-format-violations]
    axes.push_back(
                   ^
tools/gen_golden_fullpilot/main.cpp:115:101: warning: code should be clang-formatted [-Wclang-format-violations]
        << "# bleibt additiv in golden_fullpilot_320_binary_ids.txt (+ _abi4/_abi5/_abi6-Historie), messdaten-erhaltend.\n";
                                                                                                    ^
tools/p27_bundle_finder/include/comdare/p27/bundle_finder.hpp:19:23: warning: code should be clang-formatted [-Wclang-format-violations]
    std::uint64_t size = 0;
                      ^
tools/p27_bundle_finder/include/comdare/p27/bundle_finder.hpp:24:33: warning: code should be clang-formatted [-Wclang-format-violations]
    std::uint64_t function_count = 0;
                                ^
tools/p27_bundle_finder/include/comdare/p27/bundle_finder.hpp:33:27: warning: code should be clang-formatted [-Wclang-format-violations]
    std::uint64_t task_id;  // 1-based, sortiert nach footprint desc
                          ^
tools/p27_bundle_finder/include/comdare/p27/bundle_finder.hpp:40:43: warning: code should be clang-formatted [-Wclang-format-violations]
        if (!call_graph_.contains(addr)) {
                                          ^
tools/p27_bundle_finder/include/comdare/p27/bundle_finder.hpp:41:36: warning: code should be clang-formatted [-Wclang-format-violations]
            call_graph_[addr] = {};
                                   ^
tools/p27_bundle_finder/include/comdare/p27/bundle_finder.hpp:45:58: warning: code should be clang-formatted [-Wclang-format-violations]
    void add_call(std::uint64_t from, std::uint64_t to) {
                                                         ^
tools/p27_bundle_finder/include/comdare/p27/bundle_finder.hpp:46:38: warning: code should be clang-formatted [-Wclang-format-violations]
        call_graph_[from].insert(to);
                                     ^
tools/p27_bundle_finder/include/comdare/p27/bundle_finder.hpp:49:73: warning: code should be clang-formatted [-Wclang-format-violations]
    [[nodiscard]] const std::map<std::uint64_t, std::set<std::uint64_t>> &
                                                                        ^
tools/p27_bundle_finder/include/comdare/p27/bundle_finder.hpp:49:75: warning: code should be clang-formatted [-Wclang-format-violations]
    [[nodiscard]] const std::map<std::uint64_t, std::set<std::uint64_t>> &
                                                                          ^
tools/p27_bundle_finder/include/comdare/p27/bundle_finder.hpp:52:61: warning: code should be clang-formatted [-Wclang-format-violations]
    [[nodiscard]] const std::map<std::uint64_t, std::string> &
                                                            ^
tools/p27_bundle_finder/include/comdare/p27/bundle_finder.hpp:52:63: warning: code should be clang-formatted [-Wclang-format-violations]
    [[nodiscard]] const std::map<std::uint64_t, std::string> &
                                                              ^
tools/p27_bundle_finder/include/comdare/p27/bundle_finder.hpp:59:41: warning: code should be clang-formatted [-Wclang-format-violations]
    std::map<std::uint64_t, std::string> addr_name_;
                                        ^
tools/p27_bundle_finder/include/comdare/p27/bundle_finder.hpp:64:39: warning: code should be clang-formatted [-Wclang-format-violations]
std::map<std::uint64_t, FunctionEntry>
                                      ^
tools/p27_bundle_finder/include/comdare/p27/bundle_finder.hpp:74:39: warning: code should be clang-formatted [-Wclang-format-violations]
std::map<std::uint64_t, SubtreeMetric>
                                      ^
tools/p27_bundle_finder/include/comdare/p27/bundle_finder.hpp:75:40: warning: code should be clang-formatted [-Wclang-format-violations]
compute_subtree_metrics(const CallGraph &graph,
                                       ^
tools/p27_bundle_finder/include/comdare/p27/bundle_finder.hpp:75:42: warning: code should be clang-formatted [-Wclang-format-violations]
compute_subtree_metrics(const CallGraph &graph,
                                         ^
tools/p27_bundle_finder/include/comdare/p27/bundle_finder.hpp:75:48: warning: code should be clang-formatted [-Wclang-format-violations]
compute_subtree_metrics(const CallGraph &graph,
                                               ^
tools/p27_bundle_finder/include/comdare/p27/bundle_finder.hpp:76:69: warning: code should be clang-formatted [-Wclang-format-violations]
                        const std::map<std::uint64_t, std::uint64_t> &addr_size);
                                                                    ^
tools/p27_bundle_finder/include/comdare/p27/bundle_finder.hpp:76:71: warning: code should be clang-formatted [-Wclang-format-violations]
                        const std::map<std::uint64_t, std::uint64_t> &addr_size);
                                                                      ^
tools/p27_bundle_finder/include/comdare/p27/bundle_finder.hpp:80:29: warning: code should be clang-formatted [-Wclang-format-violations]
std::vector<BundleCandidate>
                            ^
tools/p27_bundle_finder/include/comdare/p27/bundle_finder.hpp:81:39: warning: code should be clang-formatted [-Wclang-format-violations]
find_bundle_candidates(const CallGraph &graph,
                                      ^
tools/p27_bundle_finder/include/comdare/p27/bundle_finder.hpp:81:41: warning: code should be clang-formatted [-Wclang-format-violations]
find_bundle_candidates(const CallGraph &graph,
                                        ^
tools/p27_bundle_finder/include/comdare/p27/bundle_finder.hpp:81:47: warning: code should be clang-formatted [-Wclang-format-violations]
find_bundle_candidates(const CallGraph &graph,
                                              ^
tools/p27_bundle_finder/include/comdare/p27/bundle_finder.hpp:82:68: warning: code should be clang-formatted [-Wclang-format-violations]
                       const std::map<std::uint64_t, FunctionEntry> &symbols,
                                                                   ^
tools/p27_bundle_finder/include/comdare/p27/bundle_finder.hpp:82:70: warning: code should be clang-formatted [-Wclang-format-violations]
                       const std::map<std::uint64_t, FunctionEntry> &symbols,
                                                                     ^
tools/p27_bundle_finder/include/comdare/p27/bundle_finder.hpp:82:78: warning: code should be clang-formatted [-Wclang-format-violations]
                       const std::map<std::uint64_t, FunctionEntry> &symbols,
                                                                             ^
tools/p27_bundle_finder/include/comdare/p27/bundle_finder.hpp:83:54: warning: code should be clang-formatted [-Wclang-format-violations]
                       std::uint64_t threshold_bytes,
                                                     ^
