diff --git a/tools/axis_registry_gen/main.cpp b/tools/axis_registry_gen/main.cpp
index b8d5f88f..c5946540 100644
--- a/tools/axis_registry_gen/main.cpp
+++ b/tools/axis_registry_gen/main.cpp
@@ -225,8 +225,7 @@ int main(int argc, char** argv) {
     // STRUKT-R ORG-18: 18. Organ-Haupt-Achse auf Kompositions-Slot T17 (Q-10/Q-10b OWNER-BESTAETIGT
     // 26.07.2026: T-Anhang hinter queuing_q2, GoldenK=1 -- nur memory_only
     // im 320er-Snapshot; unter Q-1 FALL B ohnehin erzwungen, und reflect_axis klemmt per min(GoldenK,kSize)).
-    axes.push_back(
-        make_axis<ex::axes26::T26_persistence_target, 1>("T17", "persistence_target", "composition"));
+    axes.push_back(make_axis<ex::axes26::T26_persistence_target, 1>("T17", "persistence_target", "composition"));
 
     // -- Optional: Build/Shape-/System-Achsen (NICHT im serialize-Pfad; golden_wired stets false). --
     if (with_extra) {
diff --git a/tools/gen_golden_fullpilot/main.cpp b/tools/gen_golden_fullpilot/main.cpp
index 96511b8d..a0eeeb7c 100644
--- a/tools/gen_golden_fullpilot/main.cpp
+++ b/tools/gen_golden_fullpilot/main.cpp
@@ -112,7 +112,8 @@ int main(int argc, char** argv) {
         << "# EINGEFROREN. view.size() ist emergent (StaticBinaryView, lazy) -- KEINE Zahl hartkodiert. Regeneration "
            "NUR\n"
         << "# ueber gen_golden_fullpilot (tools/gen_golden_fullpilot) im koordinierten ABI-Fenster. Die 320-Grundlage\n"
-        << "# bleibt additiv in golden_fullpilot_320_binary_ids.txt (+ _abi4/_abi5/_abi6-Historie), messdaten-erhaltend.\n";
+        << "# bleibt additiv in golden_fullpilot_320_binary_ids.txt (+ _abi4/_abi5/_abi6-Historie), "
+           "messdaten-erhaltend.\n";
     for (std::size_t i = 0; i < view.size(); ++i) out << view[i].binary_id << "\n";
 
     std::cout << "gen_golden_fullpilot: " << view.size() << " ids -> " << argv[1] << "\n";
diff --git a/tools/p27_bundle_finder/include/comdare/p27/bundle_finder.hpp b/tools/p27_bundle_finder/include/comdare/p27/bundle_finder.hpp
index 9ac6fee2..885835da 100644
--- a/tools/p27_bundle_finder/include/comdare/p27/bundle_finder.hpp
+++ b/tools/p27_bundle_finder/include/comdare/p27/bundle_finder.hpp
@@ -16,12 +16,12 @@ namespace comdare::p27 {
 
 struct FunctionEntry {
     std::uint64_t address = 0;
-    std::uint64_t size = 0;
+    std::uint64_t size    = 0;
     std::string   name;
 };
 
 struct SubtreeMetric {
-    std::uint64_t function_count = 0;
+    std::uint64_t function_count  = 0;
     std::uint64_t footprint_bytes = 0;
 };
 
@@ -30,39 +30,32 @@ struct BundleCandidate {
     std::uint64_t size;
     std::string   demangled_name;
     SubtreeMetric subtree;
-    std::uint64_t task_id;  // 1-based, sortiert nach footprint desc
+    std::uint64_t task_id; // 1-based, sortiert nach footprint desc
 };
 
 class CallGraph {
 public:
     void add_function(std::uint64_t addr, std::string name) {
         addr_name_.emplace(addr, std::move(name));
-        if (!call_graph_.contains(addr)) {
-            call_graph_[addr] = {};
-        }
+        if (!call_graph_.contains(addr)) { call_graph_[addr] = {}; }
     }
 
-    void add_call(std::uint64_t from, std::uint64_t to) {
-        call_graph_[from].insert(to);
-    }
+    void add_call(std::uint64_t from, std::uint64_t to) { call_graph_[from].insert(to); }
 
-    [[nodiscard]] const std::map<std::uint64_t, std::set<std::uint64_t>> &
-    edges() const noexcept { return call_graph_; }
+    [[nodiscard]] const std::map<std::uint64_t, std::set<std::uint64_t>>& edges() const noexcept { return call_graph_; }
 
-    [[nodiscard]] const std::map<std::uint64_t, std::string> &
-    names() const noexcept { return addr_name_; }
+    [[nodiscard]] const std::map<std::uint64_t, std::string>& names() const noexcept { return addr_name_; }
 
     [[nodiscard]] std::size_t size() const noexcept { return call_graph_.size(); }
 
 private:
     std::map<std::uint64_t, std::set<std::uint64_t>> call_graph_;
-    std::map<std::uint64_t, std::string> addr_name_;
+    std::map<std::uint64_t, std::string>             addr_name_;
 };
 
 // Loads a symbol table produced by `objdump -t <binary>`.
 // Returns map address -> FunctionEntry.
-std::map<std::uint64_t, FunctionEntry>
-parse_symbol_table(std::string_view text);
+std::map<std::uint64_t, FunctionEntry> parse_symbol_table(std::string_view text);
 
 // Loads a disassembly produced by `objdump -d <binary>` and builds a
 // CallGraph by detecting `callq <addr> <name>` instructions.
@@ -71,16 +64,13 @@ CallGraph parse_disassembly(std::string_view text);
 // DFS from each node, summing subtree sizes and footprints.
 // Cycle protection via visited-set per source. addr_size from symbol
 // table (default 0x20 if absent — matches hp_soft.py).
-std::map<std::uint64_t, SubtreeMetric>
-compute_subtree_metrics(const CallGraph &graph,
-                        const std::map<std::uint64_t, std::uint64_t> &addr_size);
+std::map<std::uint64_t, SubtreeMetric> compute_subtree_metrics(const CallGraph&                              graph,
+                                                               const std::map<std::uint64_t, std::uint64_t>& addr_size);
 
 // Returns BundleCandidates with subtree.footprint_bytes >= threshold,
 // sorted by footprint desc (matches hp_soft.py output ordering).
-std::vector<BundleCandidate>
-find_bundle_candidates(const CallGraph &graph,
-                       const std::map<std::uint64_t, FunctionEntry> &symbols,
-                       std::uint64_t threshold_bytes,
-                       bool demangle = false);
+std::vector<BundleCandidate> find_bundle_candidates(const CallGraph&                              graph,
+                                                    const std::map<std::uint64_t, FunctionEntry>& symbols,
+                                                    std::uint64_t threshold_bytes, bool demangle = false);
 
 } // namespace comdare::p27
