[  0%] Built target comdare_overlay_source_hash_gen
[  0%] comdare E-E: Overlay-Quell-Hash (Glied [7] des Tier-Fingerprints)
[overlay_source_hash_gen] 712 Dateien, 3418134 Bytes, sha512=17ce209466a6f770... (unveraendert)
[  0%] Built target comdare_overlay_source_hash
[  0%] Built target is_original_validator
[ 16%] Built target comdare_anatomy_module_loader
[ 16%] Built target comdare_workload_driver
[ 16%] Built target comdare_builder_xml_config_parser
[ 33%] Built target comdare_vendored_zlib
[ 33%] Built target comdare_paper_a05_jemalloc_codegen
[ 33%] Built target comdare_paper_a07_snmalloc_codegen
[ 33%] Built target comdare_paper_a04_mimalloc_codegen
[ 33%] Built target comdare_paper_p03_masstree_codegen
[ 50%] Built target comdare_paper_a11_lrmalloc_codegen
[ 50%] Built target comdare_paper_a20_dlmalloc_codegen
[ 50%] Built target comdare_paper_p01_art_codegen
[ 50%] Built target comdare_paper_a10_rpmalloc_codegen
[ 50%] Built target comdare_paper_p07_wormhole_codegen
[ 50%] Built target comdare_paper_p10_surf_codegen
[ 50%] Built target comdare_paper_p05_start_codegen
[ 50%] Built target comdare_paper_p02_hot_codegen
[ 83%] Built target comdare_vendored_xlsxwriter
[ 83%] Built target comdare_paper_codegen_all
[ 83%] Built target comdare_lager_ablage
[ 83%] Built target comdare_catalog_codegen_cli
[ 83%] Built target comdare_limits_generated_source_catalog
[100%] Built target comdare_profile_run_facade
