[  0%] Building CXX object tools/overlay_source_hash_gen/CMakeFiles/comdare_overlay_source_hash_gen.dir/main.cpp.o
[  0%] Linking CXX executable comdare_overlay_source_hash_gen
[  0%] Built target comdare_overlay_source_hash_gen
[ 33%] comdare E-E: Overlay-Quell-Hash (Glied [7] des Tier-Fingerprints)
[overlay_source_hash_gen] 712 Dateien, 3418134 Bytes, sha512=17ce209466a6f770... (Header NEU geschrieben)
[ 33%] Built target comdare_overlay_source_hash
[ 33%] Building CXX object apps/is_original_validator/CMakeFiles/is_original_validator.dir/main.cpp.o
[ 33%] Linking CXX executable is_original_validator
[ 33%] Built target is_original_validator
[ 33%] comdare is_original_codegen: mimalloc (paper_a04_mimalloc)
[ 33%] comdare is_original_codegen: dlmalloc (paper_a20_dlmalloc)
[ 33%] comdare is_original_codegen: jemalloc (paper_a05_jemalloc)
[ 33%] comdare is_original_codegen: art (paper_p01_art)
[ 33%] comdare is_original_codegen: snmalloc (paper_a07_snmalloc)
[ 33%] comdare is_original_codegen: hot (paper_p02_hot)
[ 33%] comdare is_original_codegen: masstree (paper_p03_masstree)
[ 33%] comdare is_original_codegen: wormhole (paper_p07_wormhole)
[ 33%] comdare is_original_codegen: lrmalloc (paper_a11_lrmalloc)
[ 66%] comdare is_original_codegen: start (paper_p05_start)
[ 66%] comdare is_original_codegen: rpmalloc (paper_a10_rpmalloc)
[ 66%] comdare is_original_codegen: surf (paper_p10_surf)
is_original_validator: allocate (paper=aligned_alloc) PASS (sha=8e4e0d1adc67...)
is_original_validator: deallocate (paper=free_aligned_sized) PASS (sha=f34e11734073...)
is_original_validator: WROTE /home/comdare/wt-ce-bump15/build/gcc-release/generated/topics/allocator/axis_06_allocator/legacy_code/paper_a07_snmalloc_is_original.hpp (axis_mixin=comdare::cache_engine::alloc::concepts::AllocatorOriginalCodeMixin, 2 functions, module=ALL ORIGINAL)
is_original_validator: insert (paper=insert) PASS (sha=c4f8d7743595...)
is_original_validator: lookup (paper=lookup) PASS (sha=482010e862ef...)
is_original_validator: WROTE /home/comdare/wt-ce-bump15/build/gcc-release/generated/topics/traversal/axis_03a_search_algo/legacy_code/paper_p02_hot_is_original.hpp (axis_mixin=comdare::cache_engine::lookup::concepts::SearchAlgoOriginalCodeMixin, 2 functions, module=ALL ORIGINAL)
is_original_validator: insert (paper=insertLater) PASS (sha=8cfb67dea8a3...)
is_original_validator: lookup (paper=EqualityLookup) PASS (sha=c28af8ba06a6...)
is_original_validator: WROTE /home/comdare/wt-ce-bump15/build/gcc-release/generated/topics/traversal/axis_03a_search_algo/legacy_code/paper_p05_start_is_original.hpp (axis_mixin=comdare::cache_engine::lookup::concepts::SearchAlgoOriginalCodeMixin, 2 functions, module=ALL ORIGINAL)
is_original_validator: insert (paper=find_insert) PASS (sha=0ba9749f7e08...)
is_original_validator: lookup (paper=get) PASS (sha=e794f6acc16d...)
is_original_validator: erase (paper=find_locked) PASS (sha=beb708826e09...)
is_original_validator: clear (paper=destroy) PASS (sha=e14d26ac3fc5...)
is_original_validator: WROTE /home/comdare/wt-ce-bump15/build/gcc-release/generated/topics/traversal/axis_03a_search_algo/legacy_code/paper_p03_masstree_is_original.hpp (axis_mixin=comdare::cache_engine::lookup::concepts::SearchAlgoOriginalCodeMixin, 4 functions, module=ALL ORIGINAL)
is_original_validator: allocate (paper=mi_malloc_aligned) PASS (sha=ccebd637625f...)
is_original_validator: deallocate (paper=mi_free) PASS (sha=3d7d0ea0a588...)
is_original_validator: WROTE /home/comdare/wt-ce-bump15/build/gcc-release/generated/topics/allocator/axis_06_allocator/legacy_code/paper_a04_mimalloc_is_original.hpp (axis_mixin=comdare::cache_engine::alloc::concepts::AllocatorOriginalCodeMixin, 2 functions, module=ALL ORIGINAL)
is_original_validator: lookup (paper=lookupKey) PASS (sha=53ec75480d8c...)
is_original_validator: WROTE /home/comdare/wt-ce-bump15/build/gcc-release/generated/topics/traversal/axis_03a_search_algo/legacy_code/paper_p10_surf_is_original.hpp (axis_mixin=comdare::cache_engine::lookup::concepts::SearchAlgoOriginalCodeMixin, 1 functions, module=ALL ORIGINAL)
is_original_validator: allocate (paper=je_aligned_alloc) PASS (sha=4798000098af...)
is_original_validator: deallocate (paper=je_free) PASS (sha=8f431329f70a...)
is_original_validator: WROTE /home/comdare/wt-ce-bump15/build/gcc-release/generated/topics/allocator/axis_06_allocator/legacy_code/paper_a05_jemalloc_is_original.hpp (axis_mixin=comdare::cache_engine::alloc::concepts::AllocatorOriginalCodeMixin, 2 functions, module=ALL ORIGINAL)
is_original_validator: allocate (paper=lf_aligned_alloc) PASS (sha=11be5da7ed74...)
is_original_validator: deallocate (paper=lf_free) PASS (sha=34ca0f1d077d...)
is_original_validator: WROTE /home/comdare/wt-ce-bump15/build/gcc-release/generated/topics/allocator/axis_06_allocator/legacy_code/paper_a11_lrmalloc_is_original.hpp (axis_mixin=comdare::cache_engine::alloc::concepts::AllocatorOriginalCodeMixin, 2 functions, module=ALL ORIGINAL)
[ 66%] Built target comdare_paper_p02_hot_codegen
[ 66%] Built target comdare_paper_a05_jemalloc_codegen
[ 66%] Built target comdare_paper_p03_masstree_codegen
[ 66%] Built target comdare_paper_a04_mimalloc_codegen
[ 66%] Built target comdare_paper_p10_surf_codegen
[ 66%] Built target comdare_paper_p05_start_codegen
is_original_validator: allocate (paper=public_mEMALIGn) PASS (sha=4ba9217e3c2a...)
is_original_validator: deallocate (paper=public_fREe) PASS (sha=e764b358f9fb...)
is_original_validator: WROTE /home/comdare/wt-ce-bump15/build/gcc-release/generated/topics/allocator/axis_06_allocator/legacy_code/paper_a20_dlmalloc_is_original.hpp (axis_mixin=comdare::cache_engine::alloc::concepts::AllocatorOriginalCodeMixin, 2 functions, module=ALL ORIGINAL)
[ 66%] Built target comdare_paper_a07_snmalloc_codegen
[ 66%] Built target comdare_paper_a11_lrmalloc_codegen
is_original_validator: allocate (paper=rpaligned_alloc) PASS (sha=f150152f9ba3...)
is_original_validator: deallocate (paper=rpfree) PASS (sha=fa94eb0a55e5...)
is_original_validator: WROTE /home/comdare/wt-ce-bump15/build/gcc-release/generated/topics/allocator/axis_06_allocator/legacy_code/paper_a10_rpmalloc_is_original.hpp (axis_mixin=comdare::cache_engine::alloc::concepts::AllocatorOriginalCodeMixin, 2 functions, module=ALL ORIGINAL)
[ 66%] Built target comdare_paper_a20_dlmalloc_codegen
is_original_validator: insert (paper=insert_internal) PASS (sha=7e81f55e6ead...)
is_original_validator: lookup (paper=get) PASS (sha=ecddea59e7e1...)
is_original_validator: erase (paper=remove_internal) PASS (sha=43c78362753d...)
is_original_validator: clear (paper=clear) PASS (sha=79e6a528b117...)
is_original_validator: WROTE /home/comdare/wt-ce-bump15/build/gcc-release/generated/topics/traversal/axis_03a_search_algo/legacy_code/paper_p01_art_is_original.hpp (axis_mixin=comdare::cache_engine::lookup::concepts::SearchAlgoOriginalCodeMixin, 4 functions, module=ALL ORIGINAL)
[ 66%] Built target comdare_paper_p01_art_codegen
is_original_validator: insert (paper=wh_put) PASS (sha=48b20b96bd2c...)
is_original_validator: lookup (paper=wh_get) PASS (sha=05a308bead77...)
is_original_validator: erase (paper=wh_del) PASS (sha=b44fc1b7d265...)
is_original_validator: WROTE /home/comdare/wt-ce-bump15/build/gcc-release/generated/topics/traversal/axis_03a_search_algo/legacy_code/paper_p07_wormhole_is_original.hpp (axis_mixin=comdare::cache_engine::lookup::concepts::SearchAlgoOriginalCodeMixin, 3 functions, module=ALL ORIGINAL)
[ 66%] Built target comdare_paper_a10_rpmalloc_codegen
[ 66%] Built target comdare_paper_p07_wormhole_codegen
[ 66%] Built target comdare_paper_codegen_all
[100%] Building CXX object libs/cache_engine/builder/anatomy_codegen_tool/CMakeFiles/comdare_anatomy_codegen_tool.dir/anatomy_codegen_tool.cpp.o
[100%] Linking CXX static library libcomdare_anatomy_codegen_tool.a
[100%] Built target comdare_anatomy_codegen_tool
[100%] Building CXX object apps/anatomy_codegen_tool/CMakeFiles/comdare_anatomy_codegen_cli.dir/main.cpp.o
[100%] Linking CXX executable comdare-anatomy-codegen-tool
[100%] Built target comdare_anatomy_codegen_cli
[  0%] Built target comdare_overlay_source_hash_gen
[ 50%] comdare E-E: Overlay-Quell-Hash (Glied [7] des Tier-Fingerprints)
[overlay_source_hash_gen] 712 Dateien, 3418134 Bytes, sha512=17ce209466a6f770... (unveraendert)
[ 50%] Built target comdare_overlay_source_hash
[ 50%] Built target is_original_validator
[ 50%] Built target comdare_paper_a04_mimalloc_codegen
[ 50%] Built target comdare_paper_a20_dlmalloc_codegen
[ 50%] Built target comdare_paper_p03_masstree_codegen
[ 50%] Built target comdare_paper_a11_lrmalloc_codegen
[ 50%] Built target comdare_paper_p01_art_codegen
[100%] Built target comdare_paper_p05_start_codegen
[100%] Built target comdare_paper_p10_surf_codegen
[100%] Built target comdare_paper_p02_hot_codegen
[100%] Built target comdare_paper_p07_wormhole_codegen
[100%] Built target comdare_paper_a07_snmalloc_codegen
[100%] Built target comdare_paper_a05_jemalloc_codegen
[100%] Built target comdare_paper_a10_rpmalloc_codegen
[100%] Built target comdare_paper_codegen_all
[100%] Building CXX object tools/gen_golden_fullpilot/CMakeFiles/comdare_gen_golden_fullpilot.dir/main.cpp.o
[100%] Linking CXX executable comdare_gen_golden_fullpilot
[100%] Built target comdare_gen_golden_fullpilot
