== Z13 ABNAHME 2026-08-24T12:01:58Z ==
--- A1 Standalone branch --show-current (SOLL: development):
development
--- A2 Standalone HEAD (SOLL: 777fff7e99fbca875aabc4ade8b990c60eb6f73c):
777fff7e99fbca875aabc4ade8b990c60eb6f73c
777fff7 2026-08-20T13:18:44+00:00 Landung(#104/K7b-3): registry-roundtrip deterministisch -- SHA-Pin + job-lokaler ce-Klon + CACHE_ENGINE_DIR auf ce-pin
--- A3 Standalone status --porcelain (SOLL: 0 Zeilen):
0
--- A4 Standalone: main unangetastet (SOLL: 01e8b7dd...):
01e8b7dd1f3412458a7f9039029be6866fd429e6
--- A5 Standalone: git branch (AB-10-Abnahme-Literal):
  bau/ci-dual-prtart
+ bau/pinduo
  bau/prtart-ladeweg-w0a
  bau/roundtrip-sha-pin
  bau/w1luecken-prtart
* development
  main
  w2-E02-Ledger
--- A6 Standalone worktree list (SOLL: unveraendert 2 Eintraege):
/home/comdare/Projekte/Research/comdare-prt-art  777fff7 [development]
/home/comdare/wt-prt-pinduo                      25bbf2e [bau/pinduo]
--- A7 STORE refs nach Fetch (SOLL: origin/development=777fff7e99, refs/heads/development UNVERAENDERT d11781fa84):
refs/heads/backup/pre-rescrub-2026-07-25 01e8b7dd1f
refs/heads/development d11781fa84
refs/heads/main 01e8b7dd1f
refs/remotes/github/development d11781fa84
refs/remotes/github/main c6f07540e7
refs/remotes/origin/HEAD c6f07540e7
refs/remotes/origin/bau/pinduo 25bbf2e23c
refs/remotes/origin/bau/prtart-ladeweg-w0a 7c0c997568
refs/remotes/origin/bau/roundtrip-sha-pin 56ea21fb28
refs/remotes/origin/bau/w1luecken-prtart 3710ac4c18
refs/remotes/origin/development 777fff7e99
refs/remotes/origin/main c6f07540e7
--- A8 Submodul-Arbeitsbaum im super (SOLL: unveraendert development @ d11781fa..., 0 porcelain):
development
d11781fa84561e99cbad9f2eab098d7450ea4ae1
0
--- A9 super Gitlink + status fuer den Pfad (SOLL: 160000 d11781fa..., porcelain leer):
160000 commit d11781fa84561e99cbad9f2eab098d7450ea4ae1	Code/external/comdare-prt-art
0
--- A10 ls-remote-Nachprobe origin/development (SOLL: 777fff7e99...):
777fff7e99fbca875aabc4ade8b990c60eb6f73c	refs/heads/development
