=============================================================================
PROBE FRISCHE-WACHE
  Pruefling : /tmp/kampvor-audit/basis-wachen/frische_wache.sh
  Werkbank  : /tmp/tmp.vxTsPEZsOE
  Modus     : nur-faelle
=============================================================================
  [ OK ]  F1  1 Zelle dieses Laufs mit 5 Datenzeile(n) -> rc=0 mit Nenner
  [ OK ]  F2  nur Altbestand (fremde Kennung 50350-16729) -> rc=1, csv_dieser_lauf=0
        Koeder: gleiche Pipeline-Id (16212), verschiedene Job-Ids (2083 vs 2085).
  [ OK ]  F3  Retry: Pipeline 16212, Job 2083 -> 2085 -> Vorversuch ist Altbestand
  [ OK ]  F4  1 CSV ohne Marker neben 1 frischen -> csv_ohne_marker=1, rc=0
  [ OK ]  F5  Koeder Richtung A: Alt(1 Zeilen) + Neu(6 Zeilen) -> rc=0
        Gegenstueck: ci/mess_ausbeute_wache.sh auf demselben Baum -> rc=1 (dokumentiert)
        |   1 Datenzeile(n) insgesamt, gefordert waren mindestens 1.
  [ OK ]  F6  Koeder Richtung B: Alt(1 Zeilen) + Neu(0 Zeilen, modus=voll) -> rc=1
  [ OK ]  F6b Alt(6 Zeilen) + Neu(nur Kopf + 3 LEERZEILEN, modus=voll) -> rc=1
        RISS: rc=0, gefordert war rc=1
        RISS: Text fehlt in _stdout: >>na_dieser_lauf=4<<
        RISS: Text fehlt in _stdout: >>echte_dieser_lauf=0<<
        RISS: Text fehlt in _stderr: >>0 echte Datenzeile(n) erzeugt<<
        RISS: Text fehlt in _stderr: >>aus FREMDEN Laeufen liegen im selben Verzeichnis<<
  [ROT ]  F6c Alt(2 Zeilen) + Neu(NUR 4 n/a-Zeilen, modus=voll) -> rc=1
        ----- literale Ausgabe (stdout) -----
        | -----------------------------------------------------------------------------
        | FRISCHE-WACHE   Wurzel=/tmp/tmp.vxTsPEZsOE/f6c
        |                 Lauf-Kennung dieses Laufs: 61416-65917
        | -----------------------------------------------------------------------------
        |   ALTBESTAND    /tmp/tmp.vxTsPEZsOE/f6c/altzelle/measurements.csv  (2 Datenzeile(n), lauf_kennung=31177-3791)
        |   DIESER LAUF   /tmp/tmp.vxTsPEZsOE/f6c/neuzelle/measurements.csv  (4 Datenzeile(n), modus=voll)
        | -----------------------------------------------------------------------------
        | NENNER (nie eine nackte Null):
        |   csv_gesamt=2
        |   csv_dieser_lauf=1          datenzeilen_dieser_lauf=4
        |   csv_altbestand=1           datenzeilen_altbestand=2
        |   csv_ohne_marker=0          datenzeilen_ohne_marker=0
        |   davon 1 Datei(en) dieses Laufs mit modus=voll (nur die SOLLTEN messen).
        |   datenzeilen_verworfen=0  (leer oder nur Leerraum -- kein Messwert)
        |   (die drei Teilmengen ergeben zusammen csv_gesamt -- keine Datei faellt
        |    zwischen zwei Wachen hindurch.)
        | -----------------------------------------------------------------------------
        | ALTBESTAND, namentlich (GEMELDET, NIE GELOESCHT -- Messdaten bleiben):
        |     /tmp/tmp.vxTsPEZsOE/f6c/altzelle/measurements.csv  (lauf_kennung=31177-3791, 2 Datenzeile(n))
        |   Ursache, nicht Verdacht: das Mess-Verzeichnis ist vom Aufraeumen
        |   ausgenommen (GIT_CLEAN_FLAGS '-ffdx -e Code/measure_out', ce
        |   experiment_plan_director.hpp:1194-1203). Diese Dateien SOLLEN
        |   ueberleben; sie duerfen nur nicht als Ausbeute dieses Laufs gelten.
        | FRISCHE-WACHE: OK (1 von 2 CSV aus diesem Lauf, 4 Datenzeile(n) davon).
        ----- literale Ausgabe (stderr) -----
        -------------------------------------
        RISS: Text fehlt in _stdout: >>na_dieser_lauf=5<<
        RISS: Text fehlt in _stdout: >>echte_dieser_lauf=1<<
  [ROT ]  F6d Alt(4) + Neu(5 n/a + 1 echte ;-Zeilen, voll) -> rc=0 mit Nennern
        ----- literale Ausgabe (stdout) -----
        | -----------------------------------------------------------------------------
        | FRISCHE-WACHE   Wurzel=/tmp/tmp.vxTsPEZsOE/f6d
        |                 Lauf-Kennung dieses Laufs: 73990-50501
        | -----------------------------------------------------------------------------
        |   ALTBESTAND    /tmp/tmp.vxTsPEZsOE/f6d/altzelle/measurements.csv  (4 Datenzeile(n), lauf_kennung=35761-25982)
        |   DIESER LAUF   /tmp/tmp.vxTsPEZsOE/f6d/neuzelle/measurements.csv  (6 Datenzeile(n), modus=voll)
        | -----------------------------------------------------------------------------
        | NENNER (nie eine nackte Null):
        |   csv_gesamt=2
        |   csv_dieser_lauf=1          datenzeilen_dieser_lauf=6
        |   csv_altbestand=1           datenzeilen_altbestand=4
        |   csv_ohne_marker=0          datenzeilen_ohne_marker=0
        |   davon 1 Datei(en) dieses Laufs mit modus=voll (nur die SOLLTEN messen).
        |   datenzeilen_verworfen=0  (leer oder nur Leerraum -- kein Messwert)
        |   (die drei Teilmengen ergeben zusammen csv_gesamt -- keine Datei faellt
        |    zwischen zwei Wachen hindurch.)
        | -----------------------------------------------------------------------------
        | ALTBESTAND, namentlich (GEMELDET, NIE GELOESCHT -- Messdaten bleiben):
        |     /tmp/tmp.vxTsPEZsOE/f6d/altzelle/measurements.csv  (lauf_kennung=35761-25982, 4 Datenzeile(n))
        |   Ursache, nicht Verdacht: das Mess-Verzeichnis ist vom Aufraeumen
        |   ausgenommen (GIT_CLEAN_FLAGS '-ffdx -e Code/measure_out', ce
        |   experiment_plan_director.hpp:1194-1203). Diese Dateien SOLLEN
        |   ueberleben; sie duerfen nur nicht als Ausbeute dieses Laufs gelten.
        | FRISCHE-WACHE: OK (1 von 2 CSV aus diesem Lauf, 6 Datenzeile(n) davon).
        ----- literale Ausgabe (stderr) -----
        -------------------------------------
        RISS: Text fehlt in _stdout: >>na_dieser_lauf=1<<
  [ROT ]  F6e wie F6c, aber modus=provision_only -> rc=0 (misst per Bauart nicht)
        ----- literale Ausgabe (stdout) -----
        | -----------------------------------------------------------------------------
        | FRISCHE-WACHE   Wurzel=/tmp/tmp.vxTsPEZsOE/f6e
        |                 Lauf-Kennung dieses Laufs: 96991-91738
        | -----------------------------------------------------------------------------
        |   ALTBESTAND    /tmp/tmp.vxTsPEZsOE/f6e/altzelle/measurements.csv  (6 Datenzeile(n), lauf_kennung=10253-12073)
        |   DIESER LAUF   /tmp/tmp.vxTsPEZsOE/f6e/neuzelle/measurements.csv  (1 Datenzeile(n), modus=provision_only)
        | -----------------------------------------------------------------------------
        | NENNER (nie eine nackte Null):
        |   csv_gesamt=2
        |   csv_dieser_lauf=1          datenzeilen_dieser_lauf=1
        |   csv_altbestand=1           datenzeilen_altbestand=6
        |   csv_ohne_marker=0          datenzeilen_ohne_marker=0
        |   davon 0 Datei(en) dieses Laufs mit modus=voll (nur die SOLLTEN messen).
        |   datenzeilen_verworfen=0  (leer oder nur Leerraum -- kein Messwert)
        |   (die drei Teilmengen ergeben zusammen csv_gesamt -- keine Datei faellt
        |    zwischen zwei Wachen hindurch.)
        | -----------------------------------------------------------------------------
        | ALTBESTAND, namentlich (GEMELDET, NIE GELOESCHT -- Messdaten bleiben):
        |     /tmp/tmp.vxTsPEZsOE/f6e/altzelle/measurements.csv  (lauf_kennung=10253-12073, 6 Datenzeile(n))
        |   Ursache, nicht Verdacht: das Mess-Verzeichnis ist vom Aufraeumen
        |   ausgenommen (GIT_CLEAN_FLAGS '-ffdx -e Code/measure_out', ce
        |   experiment_plan_director.hpp:1194-1203). Diese Dateien SOLLEN
        |   ueberleben; sie duerfen nur nicht als Ausbeute dieses Laufs gelten.
        | FRISCHE-WACHE: OK (1 von 2 CSV aus diesem Lauf, 1 Datenzeile(n) davon).
        ----- literale Ausgabe (stderr) -----
        -------------------------------------
  [ OK ]  F7  wie F6, aber modus=provision_only -> rc=0 (misst per Bauart nicht)
        Altbestand unveraendert (sha256 5a5a8be0b977fefb6a1ef88b1d1e87032fe441a204d25b1d4285c9ba4a0f0eba), Koeder-Token 2993456eb8382d1d noch drin.
        statisch: 1 von 152 Code-Zeilen mit rm/mv/unlink/-delete,
                  davon 1 der mktemp-trap. (Kommentare ausgeschnitten.)
        Koeder beisst: eingeschmuggeltes 'rm -rf' wird gefunden (1 von 1).
  [ OK ]  F8  Altbestand ueberlebt den Lauf der Wache (Datei UND Inhalt unveraendert)
  [ OK ]  F9  Naht: Marker vom echten ci/lauf_marker.sh -> wird als 'dieser Lauf' erkannt
  [ OK ]  F9b 0 CSV unter der Wurzel -> rc=2 (kein Gruen ohne Pruefung)
  [ OK ]  F9c Wurzel existiert nicht -> rc=2
        Koeder beisst: 4 gewuerfelte Vorkommen geschrieben, 4 gefunden.
        1 Aufruf(e) in .gitlab-ci.yml.
        Job-Block 'test:frische-wache-probe:': 13 Zeilen, davon 0 mit allow_failure.
  [ OK ]  F10 eigene Registrierung in .gitlab-ci.yml, ohne allow_failure
        .gitlab-ci.yml: 2 Aufruf(e) (Nenner: 2 Mess-Jobs -- smoke + golden-320).
  [ OK ]  F11 Abnahme: 'frische_wache.sh pruefen' in BEIDEN Mess-Jobs
=============================================================================
NENNER: 17 Faelle gefahren, 14 gehalten, 3 gerissen.
        Pruefling: /tmp/kampvor-audit/basis-wachen/frische_wache.sh
=============================================================================
PROBE ROT: 3 von 17 Faellen gerissen.
