=============================================================================
PROBE FRISCHE-WACHE
  Pruefling : /tmp/kampvor-audit/tip/ci/frische_wache.sh
  Werkbank  : /tmp/tmp.mkip31hPWf
  Modus     : --selbstbiss
=============================================================================
  [ OK ]  F1  1 Zelle dieses Laufs mit 1 Datenzeile(n) -> rc=0 mit Nenner
  [ OK ]  F2  nur Altbestand (fremde Kennung 34321-10692) -> rc=1, csv_dieser_lauf=0
        Koeder: gleiche Pipeline-Id (35729), verschiedene Job-Ids (1559 vs 1578).
  [ OK ]  F3  Retry: Pipeline 35729, Job 1559 -> 1578 -> Vorversuch ist Altbestand
  [ OK ]  F4  1 CSV ohne Marker neben 1 frischen -> csv_ohne_marker=1, rc=0
  [ OK ]  F5  Koeder Richtung A: Alt(4 Zeilen) + Neu(4 Zeilen) -> rc=0
        Gegenstueck: ci/mess_ausbeute_wache.sh auf demselben Baum -> rc=1 (dokumentiert)
        |   6 Datenzeile(n) insgesamt, gefordert waren mindestens 1.
  [ OK ]  F6  Koeder Richtung B: Alt(6 Zeilen) + Neu(0 Zeilen, modus=voll) -> rc=1
  [ OK ]  F6b Alt(6 Zeilen) + Neu(nur Kopf + 3 LEERZEILEN, modus=voll) -> rc=1
  [ OK ]  F6c Alt(2 Zeilen) + Neu(NUR 4 n/a-Zeilen, modus=voll) -> rc=1
  [ OK ]  F6d Alt(5) + Neu(3 n/a + 4 echte ;-Zeilen, voll) -> rc=0 mit Nennern
  [ OK ]  F6e wie F6c, aber modus=provision_only -> rc=0 (misst per Bauart nicht)
  [ OK ]  F7  wie F6, aber modus=provision_only -> rc=0 (misst per Bauart nicht)
        Altbestand unveraendert (sha256 47e5f11bd1cf6de57c3d8e113471676dde1fd58cff0ce4a039088099dcdfecac), Koeder-Token 1687e6c992d43a41 noch drin.
        statisch: 1 von 163 Code-Zeilen mit rm/mv/unlink/-delete,
                  davon 1 der mktemp-trap. (Kommentare ausgeschnitten.)
        Koeder beisst: eingeschmuggeltes 'rm -rf' wird gefunden (1 von 1).
  [ OK ]  F8  Altbestand ueberlebt den Lauf der Wache (Datei UND Inhalt unveraendert)
  [ OK ]  F9  Naht: Marker vom echten ci/lauf_marker.sh -> wird als 'dieser Lauf' erkannt
  [ OK ]  F9b 0 CSV unter der Wurzel -> rc=2 (kein Gruen ohne Pruefung)
  [ OK ]  F9c Wurzel existiert nicht -> rc=2
        Koeder beisst: 2 gewuerfelte Vorkommen geschrieben, 2 gefunden.
        1 Aufruf(e) in .gitlab-ci.yml.
        Job-Block 'test:frische-wache-probe:': 13 Zeilen, davon 0 mit allow_failure.
  [ OK ]  F10 eigene Registrierung in .gitlab-ci.yml, ohne allow_failure
        .gitlab-ci.yml: 2 Aufruf(e) (Nenner: 2 Mess-Jobs -- smoke + golden-320).
  [ OK ]  F11 Abnahme: 'frische_wache.sh pruefen' in BEIDEN Mess-Jobs
=============================================================================
NENNER: 17 Faelle gefahren, 17 gehalten, 0 gerissen.
        Pruefling: /tmp/kampvor-audit/tip/ci/frische_wache.sh
=============================================================================
PROBE GRUEN: 17 von 17 Faellen gehalten.

=============================================================================
SELBSTBISS: Wegwerf-Mutanten der Wache -- die Probe MUSS an ihnen rot werden.
=============================================================================
  Pruefling: 322 Zeilen (Nenner der Mutation).

  --- Mutant 'M1  ohne exit 1 im Altbestands-Gate (F2/F3 muessen beissen)' (321 Zeilen) ---
  [ OK ]  Mutant 'M1  ohne exit 1 im Altbestands-Gate (F2/F3 muessen beissen)' wird gefangen (Probe rc=1). Literale Ausgabe:
          | PROBE FRISCHE-WACHE
          |         RISS: rc=0, gefordert war rc=1
          |   [ROT ]  F2  nur Altbestand (fremde Kennung 13660-38479) -> rc=1, csv_dieser_lauf=0
          |         RISS: rc=0, gefordert war rc=1
          |   [ROT ]  F3  Retry: Pipeline 31639, Job 2795 -> 2842 -> Vorversuch ist Altbestand
          | NENNER: 17 Faelle gefahren, 15 gehalten, 2 gerissen.
          | PROBE ROT: 2 von 17 Faellen gerissen.

  --- Mutant 'M2  ohne exit 1 im Maskierungs-Gate (nur F6-Familie toetet ihn)' (321 Zeilen) ---
  [ OK ]  Mutant 'M2  ohne exit 1 im Maskierungs-Gate (nur F6-Familie toetet ihn)' wird gefangen (Probe rc=1). Literale Ausgabe:
          | PROBE FRISCHE-WACHE
          |         RISS: rc=0, gefordert war rc=1
          |   [ROT ]  F6  Koeder Richtung B: Alt(5 Zeilen) + Neu(0 Zeilen, modus=voll) -> rc=1
          |         RISS: rc=0, gefordert war rc=1
          |   [ROT ]  F6b Alt(3 Zeilen) + Neu(nur Kopf + 3 LEERZEILEN, modus=voll) -> rc=1
          |         RISS: rc=0, gefordert war rc=1
          |   [ROT ]  F6c Alt(5 Zeilen) + Neu(NUR 6 n/a-Zeilen, modus=voll) -> rc=1
          | NENNER: 17 Faelle gefahren, 14 gehalten, 3 gerissen.
          | PROBE ROT: 3 von 17 Faellen gerissen.

  --- Mutant 'M3  ohne Kennungs-Vergleich (jede CSV gilt als frisch)' (322 Zeilen) ---
  [ OK ]  Mutant 'M3  ohne Kennungs-Vergleich (jede CSV gilt als frisch)' wird gefangen (Probe rc=1). Literale Ausgabe:
          | PROBE FRISCHE-WACHE
          |         RISS: rc=0, gefordert war rc=1
          |         RISS: Text fehlt in _stdout: >>csv_dieser_lauf=0<<
          |         RISS: Text fehlt in _stdout: >>csv_altbestand=1<<
          |         RISS: Text fehlt in _stdout: >>lauf_kennung=41408-44550<<
          |         RISS: Text fehlt in _stdout: >>GEMELDET, NIE GELOESCHT<<
          |         RISS: Text fehlt in _stderr: >>csv_dieser_lauf=0 bei csv_gesamt=1<<
          |   [ROT ]  F2  nur Altbestand (fremde Kennung 41408-44550) -> rc=1, csv_dieser_lauf=0
          |         RISS: rc=0, gefordert war rc=1
          |         RISS: Text fehlt in _stdout: >>csv_altbestand=1<<
          |         RISS: Text fehlt in _stdout: >>lauf_kennung=31201-3259<<
          |   [ROT ]  F3  Retry: Pipeline 31201, Job 3259 -> 3285 -> Vorversuch ist Altbestand
          |         RISS: Text fehlt in _stdout: >>datenzeilen_dieser_lauf=1<<
          |         RISS: Text fehlt in _stdout: >>datenzeilen_altbestand=4<<
          |   [ROT ]  F5  Koeder Richtung A: Alt(4 Zeilen) + Neu(1 Zeilen) -> rc=0
          |         RISS: rc=0, gefordert war rc=1
          |         RISS: Text fehlt in _stdout: >>csv_dieser_lauf=1<<
          |         RISS: Text fehlt in _stdout: >>datenzeilen_dieser_lauf=0<<
          |         RISS: Text fehlt in _stdout: >>datenzeilen_altbestand=2<<
          |         RISS: Text fehlt in _stderr: >>aus FREMDEN Laeufen liegen im selben Verzeichnis<<
          |   [ROT ]  F6  Koeder Richtung B: Alt(2 Zeilen) + Neu(0 Zeilen, modus=voll) -> rc=1
          |         RISS: rc=0, gefordert war rc=1
          |         RISS: Text fehlt in _stdout: >>csv_dieser_lauf=1<<
          |         RISS: Text fehlt in _stdout: >>datenzeilen_dieser_lauf=0<<
          |         RISS: Text fehlt in _stdout: >>datenzeilen_altbestand=4<<
          |         RISS: Text fehlt in _stderr: >>aus FREMDEN Laeufen liegen im selben Verzeichnis<<
          |   [ROT ]  F6b Alt(4 Zeilen) + Neu(nur Kopf + 3 LEERZEILEN, modus=voll) -> rc=1
          |         RISS: rc=0, gefordert war rc=1
          |         RISS: Text fehlt in _stdout: >>datenzeilen_dieser_lauf=6<<
          |         RISS: Text fehlt in _stdout: >>echte_dieser_lauf=0<<
          |         RISS: Text fehlt in _stderr: >>0 echte Datenzeile(n) erzeugt<<
          |         RISS: Text fehlt in _stderr: >>aus FREMDEN Laeufen liegen im selben Verzeichnis<<
          |   [ROT ]  F6c Alt(2 Zeilen) + Neu(NUR 6 n/a-Zeilen, modus=voll) -> rc=1
          |         RISS: Text fehlt in _stdout: >>datenzeilen_dieser_lauf=7<<
          |         RISS: Text fehlt in _stdout: >>echte_dieser_lauf=2<<
          |   [ROT ]  F6d Alt(4) + Neu(5 n/a + 2 echte ;-Zeilen, voll) -> rc=0 mit Nennern
          |         RISS: Text fehlt in _stdout: >>davon 0 Datei(en) dieses Laufs mit modus=voll<<
          |   [ROT ]  F6e wie F6c, aber modus=provision_only -> rc=0 (misst per Bauart nicht)
          |         RISS: Text fehlt in _stdout: >>davon 0 Datei(en) dieses Laufs mit modus=voll<<
          |   [ROT ]  F7  wie F6, aber modus=provision_only -> rc=0 (misst per Bauart nicht)
          | NENNER: 17 Faelle gefahren, 8 gehalten, 9 gerissen.
          | PROBE ROT: 9 von 17 Faellen gerissen.

  --- Mutant 'M4  Datenzeilen konstant 1 (Maskierung wird unsichtbar)' (322 Zeilen) ---
  [ OK ]  Mutant 'M4  Datenzeilen konstant 1 (Maskierung wird unsichtbar)' wird gefangen (Probe rc=1). Literale Ausgabe:
          | PROBE FRISCHE-WACHE
          |         RISS: Text fehlt in _stdout: >>datenzeilen_dieser_lauf=3<<
          |   [ROT ]  F1  1 Zelle dieses Laufs mit 3 Datenzeile(n) -> rc=0 mit Nenner
          |         RISS: Text fehlt in _stdout: >>datenzeilen_dieser_lauf=6<<
          |         RISS: Text fehlt in _stdout: >>datenzeilen_altbestand=2<<
          |   [ROT ]  F5  Koeder Richtung A: Alt(2 Zeilen) + Neu(6 Zeilen) -> rc=0
          |         RISS: rc=0, gefordert war rc=1
          |         RISS: Text fehlt in _stdout: >>datenzeilen_dieser_lauf=0<<
          |         RISS: Text fehlt in _stdout: >>datenzeilen_altbestand=4<<
          |         RISS: Text fehlt in _stderr: >>aus FREMDEN Laeufen liegen im selben Verzeichnis<<
          |   [ROT ]  F6  Koeder Richtung B: Alt(4 Zeilen) + Neu(0 Zeilen, modus=voll) -> rc=1
          |         RISS: rc=0, gefordert war rc=1
          |         RISS: Text fehlt in _stdout: >>datenzeilen_dieser_lauf=0<<
          |         RISS: Text fehlt in _stdout: >>datenzeilen_altbestand=4<<
          |         RISS: Text fehlt in _stdout: >>datenzeilen_verworfen=3<<
          |         RISS: Text fehlt in _stderr: >>aus FREMDEN Laeufen liegen im selben Verzeichnis<<
          |   [ROT ]  F6b Alt(4 Zeilen) + Neu(nur Kopf + 3 LEERZEILEN, modus=voll) -> rc=1
          |         RISS: rc=0, gefordert war rc=1
          |         RISS: Text fehlt in _stdout: >>datenzeilen_dieser_lauf=2<<
          |         RISS: Text fehlt in _stdout: >>echte_dieser_lauf=0<<
          |         RISS: Text fehlt in _stderr: >>0 echte Datenzeile(n) erzeugt<<
          |         RISS: Text fehlt in _stderr: >>aus FREMDEN Laeufen liegen im selben Verzeichnis<<
          |   [ROT ]  F6c Alt(1 Zeilen) + Neu(NUR 2 n/a-Zeilen, modus=voll) -> rc=1
          |         RISS: Text fehlt in _stdout: >>datenzeilen_dieser_lauf=7<<
          |         RISS: Text fehlt in _stdout: >>echte_dieser_lauf=2<<
          |   [ROT ]  F6d Alt(2) + Neu(5 n/a + 2 echte ;-Zeilen, voll) -> rc=0 mit Nennern
          | NENNER: 17 Faelle gefahren, 11 gehalten, 6 gerissen.
          | PROBE ROT: 6 von 17 Faellen gerissen.

  --- Mutant 'M5  n/a-Zaehlung tot (F6c muss beissen)' (322 Zeilen) ---
  [ OK ]  Mutant 'M5  n/a-Zaehlung tot (F6c muss beissen)' wird gefangen (Probe rc=1). Literale Ausgabe:
          | PROBE FRISCHE-WACHE
          |         RISS: rc=0, gefordert war rc=1
          |         RISS: Text fehlt in _stdout: >>na_dieser_lauf=5<<
          |         RISS: Text fehlt in _stdout: >>echte_dieser_lauf=0<<
          |         RISS: Text fehlt in _stderr: >>0 echte Datenzeile(n) erzeugt<<
          |         RISS: Text fehlt in _stderr: >>aus FREMDEN Laeufen liegen im selben Verzeichnis<<
          |   [ROT ]  F6c Alt(1 Zeilen) + Neu(NUR 5 n/a-Zeilen, modus=voll) -> rc=1
          |         RISS: Text fehlt in _stdout: >>na_dieser_lauf=6<<
          |         RISS: Text fehlt in _stdout: >>echte_dieser_lauf=4<<
          |   [ROT ]  F6d Alt(6) + Neu(6 n/a + 4 echte ;-Zeilen, voll) -> rc=0 mit Nennern
          |         RISS: Text fehlt in _stdout: >>na_dieser_lauf=5<<
          |   [ROT ]  F6e wie F6c, aber modus=provision_only -> rc=0 (misst per Bauart nicht)
          | NENNER: 17 Faelle gefahren, 14 gehalten, 3 gerissen.
          | PROBE ROT: 3 von 17 Faellen gerissen.

  --- Mutant 'M6  jede Datenzeile gilt als n/a (F6d/F5 muessen beissen)' (322 Zeilen) ---
  [ OK ]  Mutant 'M6  jede Datenzeile gilt als n/a (F6d/F5 muessen beissen)' wird gefangen (Probe rc=1). Literale Ausgabe:
          | PROBE FRISCHE-WACHE
          |         RISS: rc=1, gefordert war rc=0
          |         RISS: Text fehlt in _stdout: >>FRISCHE-WACHE: OK<<
          |   [ROT ]  F5  Koeder Richtung A: Alt(1 Zeilen) + Neu(6 Zeilen) -> rc=0
          |         RISS: rc=1, gefordert war rc=0
          |         RISS: Text fehlt in _stdout: >>na_dieser_lauf=6<<
          |         RISS: Text fehlt in _stdout: >>echte_dieser_lauf=5<<
          |         RISS: Text fehlt in _stdout: >>FRISCHE-WACHE: OK<<
          |   [ROT ]  F6d Alt(6) + Neu(6 n/a + 5 echte ;-Zeilen, voll) -> rc=0 mit Nennern
          | NENNER: 17 Faelle gefahren, 15 gehalten, 2 gerissen.
          | PROBE ROT: 2 von 17 Faellen gerissen.

  --- Mutant 'M7  ohne modus=voll-Riegel (F6e/F7 muessen beissen)' (322 Zeilen) ---
  [ OK ]  Mutant 'M7  ohne modus=voll-Riegel (F6e/F7 muessen beissen)' wird gefangen (Probe rc=1). Literale Ausgabe:
          | PROBE FRISCHE-WACHE
          |         RISS: rc=1, gefordert war rc=0
          |         RISS: Text fehlt in _stdout: >>FRISCHE-WACHE: OK<<
          |   [ROT ]  F6e wie F6c, aber modus=provision_only -> rc=0 (misst per Bauart nicht)
          |         RISS: rc=1, gefordert war rc=0
          |         RISS: Text fehlt in _stdout: >>FRISCHE-WACHE: OK<<
          |   [ROT ]  F7  wie F6, aber modus=provision_only -> rc=0 (misst per Bauart nicht)
          | NENNER: 17 Faelle gefahren, 15 gehalten, 2 gerissen.
          | PROBE ROT: 2 von 17 Faellen gerissen.

=============================================================================
NENNER SELBSTBISS: 7 Mutanten gefahren, 7 gefangen.
=============================================================================
SELBSTBISS GRUEN: alle 7 Mutanten gefangen -- die Probe beisst.
