=============================================================================
PROBE PERSIST-SAMMLER  (Beweis am Git-Zustand)
  Pruefling : /tmp/kampvor-audit/basis-wachen/persist_sammler.sh
  Werkbank  : /tmp/tmp.bgImhIstW1
  Modus     : nur-faelle
=============================================================================
  [ OK ]  P1  nur Kopfzeile -> KEIN Commit, Index bleibt leer
  [ OK ]  P2  7 Datenzeile(n), Token koeder_885c5b93ab28ec4c -> 1 Commit, 1 neue CSV, Token im Blob
  [ OK ]  P3  Artefakt ohne Messwert (build_manifest.txt) -> trotzdem KEIN Commit
  [ OK ]  P4  golden 4 + smoke 2 -> datenzeilen_gesamt=6, 1 Commit
  [ OK ]  P5  1 leere + 1 volle CSV (6 Zeilen) -> Commit, aber Ausfall sichtbar
  [ OK ]  P6  0-Byte-CSV -> 0 Datenzeilen (nicht -1), KEIN Commit
  [ OK ]  P7  letzte Datenzeile OHNE Newline -> zaehlt trotzdem (awk statt wc)
  [ OK ]  P8  PROVENANCE.txt behaelt alle Alt-Felder und traegt die neue Zahl
  [ OK ]  P9  ohne Argumente / unbekannter Modus -> rc=2
  [ OK ]  P11 abgelehnter Laufordner der Vor-Pipeline darf NICHT mitcommittet werden
        Koeder biss: check-ignore rc=0 fuer die Quell-CSV, Regel literal:
          > .gitignore:42:*.csv	Code/measure_out/perm-0001/measurements.csv
  [ OK ]  P12 xlsx neben CSV -> mitgesammelt, byte-gleich committet, xlsx_gesamt=1
  [ OK ]  P13 nur xlsx (smoke) -> eingesammelt, aber KEIN Commit (Gate bleibt CSV)
  [ OK ]  P14 Kopf + NUR 3 Leerzeilen -> datenzeilen_gesamt=0, KEIN Commit
  [ OK ]  P15 Kopf + 3 Leerzeilen + 4 echte -> datenzeilen_gesamt=4, 1 Commit
        RISS: Text fehlt in _stdout: >>na_zeilen_gesamt=4<<
        RISS: Text fehlt in _stdout: >>echt_zeilen_gesamt=0<<
        RISS: Text fehlt in PROVENANCE.txt: >>na_zeilen_gesamt=4<<
        RISS: Text fehlt in PROVENANCE.txt: >>echt_zeilen_gesamt=0<<
        RISS: rc=0, gefordert war rc=10
        RISS: Text fehlt in _stdout: >>KEIN COMMIT<<
        RISS: Text fehlt in _stdout: >>na_zeilen_gesamt=4<<
        RISS: Dateien im INDEX unter measurement/: ist=2, gefordert war 0
        RISS: Commits (Sandbox-Basis war 1): ist=2, gefordert war 1
  [ROT ]  P16 NUR 4 n/a-Zeilen (;-Schema) -> echt_zeilen_gesamt=0, KEIN Commit
        ----- literale Ausgabe des Sammlers (stdout) -----
        | COMMIT-GATE OK: 4 Datenzeile(n) aus 1 von 1 CSV-Datei(en) -> Rueckschrieb.
        | [master e826433] measurement(#22): Lauf 10088 20260821-000017-p10088 [skip ci]
        |  2 files changed, 18 insertions(+)
        |  create mode 100644 measurement/20260821-000017-p10088/PROVENANCE.txt
        |  create mode 100644 measurement/20260821-000017-p10088/measure_out/perm-0001/measurements.csv
        ----- literale Ausgabe des Sammlers (stderr) -----
        ----- git status --porcelain measurement/ (Klon) -----
        -------------------------------------------------
        RISS: Text fehlt in _stdout: >>na_zeilen_gesamt=2<<
        RISS: Text fehlt in _stdout: >>echt_zeilen_gesamt=5<<
        RISS: Text fehlt in _stdout: >>COMMIT-GATE OK: 7 Datenzeile(n) (5 echte, 2 n/a-/provisionierte)<<
  [ROT ]  P17 2 n/a + 5 echte ;-Zeilen -> Commit, Nenner getrennt, Token im Blob
        ----- literale Ausgabe des Sammlers (stdout) -----
        | COMMIT-GATE OK: 7 Datenzeile(n) aus 1 von 1 CSV-Datei(en) -> Rueckschrieb.
        | [master 817d506] measurement(#22): Lauf 10236 20260821-000018-p10236 [skip ci]
        |  2 files changed, 21 insertions(+)
        |  create mode 100644 measurement/20260821-000018-p10236/PROVENANCE.txt
        |  create mode 100644 measurement/20260821-000018-p10236/measure_out/perm-0001/measurements.csv
        ----- literale Ausgabe des Sammlers (stderr) -----
        ----- git status --porcelain measurement/ (Klon) -----
        -------------------------------------------------
        RISS: Text fehlt in PROVENANCE.txt: >>na_zeilen_gesamt=<<
        RISS: Text fehlt in PROVENANCE.txt: >>echt_zeilen_gesamt=<<
        RISS: Text fehlt in _stdout: >>traegt kein Feld na_zeilen_gesamt=<<
  [ROT ]  P18 PROVENANCE ohne na_zeilen_gesamt= (Alt-sammeln) -> HINWEIS + Commit, kein rc=2
        ----- literale Ausgabe des Sammlers (stdout) -----
        | COMMIT-GATE OK: 4 Datenzeile(n) aus 1 von 1 CSV-Datei(en) -> Rueckschrieb.
        | [master 4e6b7e3] measurement(#22): Lauf 10172 20260821-000019-p10172 [skip ci]
        |  2 files changed, 18 insertions(+)
        |  create mode 100644 measurement/20260821-000019-p10172/PROVENANCE.txt
        |  create mode 100644 measurement/20260821-000019-p10172/measure_out/perm-0001/measurements.csv
        ----- literale Ausgabe des Sammlers (stderr) -----
        ----- git status --porcelain measurement/ (Klon) -----
        -------------------------------------------------
        Koeder biss: 3 von 3 Vorkommen gefunden (grep -cF).
  [ OK ]  P10 Registrierung in .gitlab-ci.yml (mit vorgeschaltetem Koeder)
-----------------------------------------------------------------------------
NENNER: 18 Fall/Faelle gefahren, 15 gehalten, 3 gerissen.
-----------------------------------------------------------------------------
PROBE PERSIST-SAMMLER: 3 von 18 Faellen GERISSEN.
