=============================================================================
 VOR-PUSH-WACHE (INVENTAR-MODUS): alle Gates, voller Wachen-Nenner
=============================================================================

BEREICH: origin/development...HEAD   (Drei-Punkt: ab der Abzweigung, nicht ab dem Endpunkt)
  Basis: 685f50fd   Abzweigung: 685f50fd   HEAD: a23e6cda

ARBEITSSTAND: sauber (0 uncommittete Aenderungen) -- der Bereich ist vollstaendig.

-----------------------------------------------------------------------------
NENNER (nie eine nackte Null):
  10 Datei(en) im Bereich beruehrt.
-----------------------------------------------------------------------------

  Code/04_csv_to_latex/csv_to_latex.cpp
  Code/external/comdare-cache-engine
  Code/external/comdare-prt-art
  ci/anhang_forward_core.sh
  docs/DIPLOMARBEIT-ZIELE-OFFENE-PUNKTE-LEDGER.md
  docs/plaene/20260808-DESIGNPLAN-tdd-testabdeckung-alle-wellen.md
  docs/plaene/20260808-WELLENPLAN-ENDFASSUNG-v2-geschaerft-fable5.md
  docs/sessions/20260809-KONFORMITAETS-REGISTER-teil2-stationen-5-bis-8.md
  docs/sessions/20260824-SESSION-VORLAGE-B0-neugruendung-und-schreiberwechsel.md
  docs/sessions/backups/20260817-drift-konsolidierung-rohdaten/rest_karte_r3.md

=============================================================================
 [A] WACHEN-INVENTAR (Laufzeit-Enumeration: scripts/ci_*.sh + ci/*.sh)
=============================================================================
  Enumeriert: 26   deklariert: 13 zu fahren + 13 ausgeschlossen (26 eindeutig)
  Inventar vollstaendig erklaert (beide Richtungen geprueft).

  AUSGESCHLOSSEN (13, je mit Begruendung):
    * ci/anhang_forward_core.sh                  schreibender Vorgang (Forward der Anhang-.tex ins Thesis-Submodul), kein Datei-Gate
    * ci/anhang_snapshot_einbuchen.sh            schreibender Vorgang (Snapshot-Staging im anhang:forward-Job), kein Datei-Gate
    * ci/bestandslog_wache.sh                    braucht das Lauf-Log eines Mess-Jobs -- Mess-Kontext, lokal nicht vorhanden
    * ci/comdare_bestandslog_activation.sh       Aktivierungs-Prolog (wird im Mess-Job gesourct, exportiert Env), kein Gate
    * ci/durchstich_wache.sh                     braucht messlauf-stdout.log bzw. lastprofile-Kontext eines realen Laufs
    * ci/frische_wache.sh                        braucht measure_out/ samt Lauf-Markern eines realen Mess-Laufs
    * ci/lauf_marker.sh                          Werkzeug am Mess-Output (schreiben/pruefen je Lauf), kein repo-lokales Gate
    * ci/mess_ausbeute_wache.sh                  braucht measure_out/ eines realen Mess-Laufs
    * ci/object_stat_abnahme.sh                  braucht Lager-/MinIO-Zugang des Mess-Kontexts (Objekt-Roundtrip)
    * ci/object_stat_wache.sh                    braucht Lager-/MinIO-Zugang (Einzelobjekt-Pruefung im Mess-Kontext)
    * ci/persist_sammler.sh                      schreibender Vorgang (Writeback-Sammler nach measurement/), kein Gate
    * ci/wide_aggregat.sh                        Werkzeug mit Pflicht-Argumenten (Quell-Liste, Ziel-CSV) -- vom Mess-Job gerufen
    * scripts/ci_host_klassen_gegenorakel.sh     konfiguriert den echten Baum (cmake): Bau-Schritt; Selbsttest laeuft oben

-----------------------------------------------------------------------------
 WACHE: sh ci/anker_wache.sh <ohne Argumente>
   rc=0 gruen. 10 Log-Zeile(n), letzte:
     ANKER-WACHE: OK (2 von 2 Ankern zeigen auf ihr Symbol).
-----------------------------------------------------------------------------
 WACHE: sh ci/plan_zahlen_wache.sh <ohne Argumente>
   rc=0 gruen. 19 Log-Zeile(n), letzte:
     PLAN-ZAHLEN-WACHE: OK (5 von 5 Ankern decken sich mit dem Objekt).
-----------------------------------------------------------------------------
 WACHE: sh ci/tests_registrierung_wache.sh <ohne Argumente>
   rc=0 gruen. 29 Log-Zeile(n), letzte:
     -----------------------------------------------------------------------------
-----------------------------------------------------------------------------
 WACHE: sh ci/thesis_gitlink_parity.sh --quelle head
   rc=0 gruen. 1 Log-Zeile(n), letzte:
     Thesis-Gitlink-Paritaet OK (Quelle 'head'): beide Zeiger auf c169fd22c6047687d4f5ac27b5deb18e023b8382
-----------------------------------------------------------------------------
 WACHE: sh ci/wachen_paritaet.sh <ohne Argumente>
   rc=0 gruen. 82 Log-Zeile(n), letzte:
     WACHEN-PARITAET: GRUEN.  18 Vergleiche, 0 Riss.
-----------------------------------------------------------------------------
 WACHE: sh ci/zellkoordinaten_wache.sh jobs .gitlab-ci.yml
   rc=0 gruen. 21 Log-Zeile(n), letzte:
     ZELLKOORDINATEN-WACHE: OK (8 Pflicht-Export(e) in 2 Job(s) belegt; Job-Liste aus dem Dokument abgeleitet).
-----------------------------------------------------------------------------
 WACHE: sh scripts/ci_abnahme06_bedingungs_tabelle.selbsttest.sh <ohne Argumente>
   rc=0 gruen. 30 Log-Zeile(n), letzte:
     -----------------------------------------------------------------------------
-----------------------------------------------------------------------------
 WACHE: sh scripts/ci_abnahme06_bedingungs_tabelle.sh --nur-zusicherung --gegen-vorlage docs/plaene/20260808-WELLENPLAN-ENDFASSUNG-v2-geschaerft-fable5.md
   rc=0 gruen. 52 Log-Zeile(n), letzte:
     =============================================================================
-----------------------------------------------------------------------------
 WACHE: sh scripts/ci_diff_ascii_width_guard.sh --bereich origin/development HEAD
   rc=0 gruen. 33 Log-Zeile(n), letzte:
     DIFF-HYGIENE-WACHE: GRUEN.
-----------------------------------------------------------------------------
 WACHE: sh scripts/ci_host_klassen_bericht.selbsttest.sh <ohne Argumente>
   rc=0 gruen. 28 Log-Zeile(n), letzte:
     -----------------------------------------------------------------------------
-----------------------------------------------------------------------------
 WACHE: sh scripts/ci_host_klassen_bericht.sh <ohne Argumente>
   rc=0 gruen. 50 Log-Zeile(n), letzte:
     =============================================================================
-----------------------------------------------------------------------------
 WACHE: sh scripts/ci_host_klassen_gegenorakel.selbsttest.sh <ohne Argumente>
   rc=0 gruen. 27 Log-Zeile(n), letzte:
     -----------------------------------------------------------------------------
-----------------------------------------------------------------------------
 WACHE: sh scripts/ci_xml_wellformed_guard.sh <ohne Argumente>
   rc=0 gruen. 10 Log-Zeile(n), letzte:
     ci_xml_wellformed_guard: OK (67 XML-Dateien geprueft, alle wohlgeformt).
-----------------------------------------------------------------------------
  13 von 26 Wachen gefahren, davon 0 rot.

=============================================================================
 [C1] CLANG-FORMAT ueber alle beruehrten C++-Dateien (CI-Job lint:format)
=============================================================================
WERKZEUG: /home/comdare/tools/cf22/usr/bin/clang-format-22 (Ubuntu clang-format version 22.1.8 (++20260613092238+e80beda6e255-1~exp1~20260613092253.78))
VERSTOESSE (falls vorhanden):
  (keine)
-----------------------------------------------------------------------------
NENNER: 1 C++-Datei(en) formatgeprueft, davon 0 abweichend
        (von 10 beruehrten Dateien insgesamt; der Rest ist kein C++).
-----------------------------------------------------------------------------

=============================================================================
 [C2] CPPCHECK (Spiegel des CI-Jobs lint:static, VOLLER Scope)
=============================================================================
WERKZEUG: /home/comdare/tools/cppcheck-2.21.0/bin/cppcheck (Cppcheck 2.21.0)

VERSTOESSE (falls vorhanden):
  Code/measure_out_d03/e4_xml/dll/search_algo_eytzinger_cache_traversal_linear_fanout_mapping_direct_placement_path_compression_path_co_2_96ba7c0d33357a02/perm.cpp:4:1: error: There is an unknown macro here somewhere. Configuration is required. If COMDARE_DEFINE_ANATOMY_MODULE_ADHOC is a macro then please configure it. [unknownMacro]
  Code/measure_out_d03/e4_xml/dll/search_algo_interpolation_cache_traversal_linear_fanout_mapping_direct_placement_path_compression_pat_1_c1d41b7e2653bff5/perm.cpp:4:1: error: There is an unknown macro here somewhere. Configuration is required. If COMDARE_DEFINE_ANATOMY_MODULE_ADHOC is a macro then please configure it. [unknownMacro]
  Code/measure_out_d03/e4_xml/dll/search_algo_k_ary_cache_traversal_linear_fanout_mapping_direct_placement_path_compression_path_compre_0_1e789132991acf07/perm.cpp:4:1: error: There is an unknown macro here somewhere. Configuration is required. If COMDARE_DEFINE_ANATOMY_MODULE_ADHOC is a macro then please configure it. [unknownMacro]
  Code/measure_out_d03/e4_xml/dll/search_algo_k_ary_cache_traversal_linear_fanout_mapping_direct_placement_path_compression_path_compre_1_45e8ae58614b7ce7/perm.cpp:4:1: error: There is an unknown macro here somewhere. Configuration is required. If COMDARE_DEFINE_ANATOMY_MODULE_ADHOC is a macro then please configure it. [unknownMacro]
  Code/measure_out_d03/e4_xml/dll/search_algo_k_ary_cache_traversal_linear_fanout_mapping_direct_placement_path_compression_path_compre_1_5b0cc4d61171a210/perm.cpp:4:1: error: There is an unknown macro here somewhere. Configuration is required. If COMDARE_DEFINE_ANATOMY_MODULE_ADHOC is a macro then please configure it. [unknownMacro]
  Code/measure_out_d03/e4_xml/dll/search_algo_k_ary_cache_traversal_linear_fanout_mapping_direct_placement_path_compression_path_compre_2_1adba502691cd291/perm.cpp:4:1: error: There is an unknown macro here somewhere. Configuration is required. If COMDARE_DEFINE_ANATOMY_MODULE_ADHOC is a macro then please configure it. [unknownMacro]
  Code/measure_out_d03/e4_xml/dll/search_algo_k_ary_cache_traversal_linear_fanout_mapping_direct_placement_path_compression_path_compre_3_ad4a9aa84593f0cc/perm.cpp:4:1: error: There is an unknown macro here somewhere. Configuration is required. If COMDARE_DEFINE_ANATOMY_MODULE_ADHOC is a macro then please configure it. [unknownMacro]
  Code/measure_out_d03/e4_xml/dll/search_algo_linear_scan_cache_traversal_linear_fanout_mapping_direct_placement_path_compression_path__3_380a770c15312cd2/perm.cpp:4:1: error: There is an unknown macro here somewhere. Configuration is required. If COMDARE_DEFINE_ANATOMY_MODULE_ADHOC is a macro then please configure it. [unknownMacro]
-----------------------------------------------------------------------------
NENNER: Pfade: Code | 33 Ignore-Eintraege | Exit 2 | 8 Befundzeile(n).
        VOLLER Scope wie die CI -- NICHT nur die 10 beruehrten Dateien.
-----------------------------------------------------------------------------

=============================================================================
 NICHT VON DIESER WACHE GEPRUEFT (die CI faehrt sie trotzdem):
   * Bau + ctest             -- absichtlich nicht: sie gehoeren in den Bau-Schritt,
     nicht in eine Datei-Wache. VOR dem Push selbst fahren.
   * ci_host_klassen_gegenorakel.sh -- konfiguriert den echten Baum (s. Ausschluss oben).
   * gitleaks / lint:secrets -- braucht einen echten Klon (Submodul-Falle), separat.
   * Mess-Kontext-Wachen     -- s. Ausschluss-Liste oben (je Zeile begruendet).
=============================================================================

=============================================================================
BILANZ: 13 von 26 Wachen gefahren, 13 ausgeschlossen (je Zeile begruendet),
        dazu 2 Werkzeug-Gates (clang-format, cppcheck) ueber 10 beruehrte Datei(en).
VOR-PUSH-WACHE: ROT -- mindestens ein Gate rot, ein Werkzeug fehlt oder das Inventar
                ist unerklaert (Details oben).
=============================================================================
