=== s13schema Fix R1 Bau-Treppe gcc-release @ c76d3116 2026-08-22T06:42:20+00:00 ===
--- STUFE all:
[2518/2523] Linking CXX executable tests/unit/test_t2a_f4_facade_plan_durchreichung
[2519/2523] Building CXX object tests/unit/CMakeFiles/test_d37b_modus_riegel.dir/test_d37b_modus_riegel.cpp.o
[2520/2523] Linking CXX executable tests/unit/test_d37b_modus_riegel
[2521/2523] Building CXX object tests/unit/CMakeFiles/test_s13_02_zielfilter_vier_faelle.dir/test_s13_02_zielfilter_vier_faelle.cpp.o
[2522/2523] Linking CXX executable tests/unit/test_s13_02_zielfilter_vier_faelle
ALL_RC=0
--- STUFE comdare_facade:
[0/2] Re-checking globbed directories...
ninja: error: unknown target 'comdare_facade'
FACADE_RC=1
--- STUFE comdare_tests:
[6/9] Generating CXX dyndep file tests/unit/CMakeFiles/test_profile_roundtrip.dir/CXX.dd
[7/9] Building CXX object tests/unit/CMakeFiles/test_profile_roundtrip.dir/thesis_tiere/test_profile_roundtrip.cpp.o
[8/9] Linking CXX executable tests/unit/test_profile_roundtrip
TESTS_RC=0
--- STUFE ctest:
writer_kern               =   0.00 sec*proc (1 test)
xlsx                      =   0.20 sec*proc (7 tests)
xml_export                =   0.00 sec*proc (1 test)
zielfilter                =   0.03 sec*proc (1 test)
zulassung                 =   0.02 sec*proc (3 tests)
zwei-welten               =   0.00 sec*proc (1 test)

Total Test time (real) =  29.55 sec
CTEST_RC=0
=== ENDE 2026-08-22T06:45:38+00:00
