make: Entering directory '/home/comdare/wt-b14-ce/build/gate'
make[1]: Entering directory '/home/comdare/wt-b14-ce/build/gate'
make[2]: Entering directory '/home/comdare/wt-b14-ce/build/gate'
make[3]: Entering directory '/home/comdare/wt-b14-ce/build/gate'
make[3]: Leaving directory '/home/comdare/wt-b14-ce/build/gate'
[  0%] Built target is_original_validator
make[3]: Entering directory '/home/comdare/wt-b14-ce/build/gate'
make[3]: Entering directory '/home/comdare/wt-b14-ce/build/gate'
make[3]: Entering directory '/home/comdare/wt-b14-ce/build/gate'
make[3]: Entering directory '/home/comdare/wt-b14-ce/build/gate'
make[3]: Entering directory '/home/comdare/wt-b14-ce/build/gate'
make[3]: Entering directory '/home/comdare/wt-b14-ce/build/gate'
make[3]: Leaving directory '/home/comdare/wt-b14-ce/build/gate'
make[3]: Leaving directory '/home/comdare/wt-b14-ce/build/gate'
make[3]: Leaving directory '/home/comdare/wt-b14-ce/build/gate'
make[3]: Leaving directory '/home/comdare/wt-b14-ce/build/gate'
make[3]: Leaving directory '/home/comdare/wt-b14-ce/build/gate'
make[3]: Leaving directory '/home/comdare/wt-b14-ce/build/gate'
[  0%] Built target comdare_paper_a05_jemalloc_codegen
[ 50%] Built target comdare_paper_a04_mimalloc_codegen
[ 50%] Built target comdare_paper_a07_snmalloc_codegen
[ 50%] Built target comdare_paper_p03_masstree_codegen
make[3]: Entering directory '/home/comdare/wt-b14-ce/build/gate'
make[3]: Entering directory '/home/comdare/wt-b14-ce/build/gate'
make[3]: Entering directory '/home/comdare/wt-b14-ce/build/gate'
make[3]: Entering directory '/home/comdare/wt-b14-ce/build/gate'
[ 50%] Built target comdare_paper_a20_dlmalloc_codegen
[ 50%] Built target comdare_paper_a10_rpmalloc_codegen
make[3]: Entering directory '/home/comdare/wt-b14-ce/build/gate'
make[3]: Leaving directory '/home/comdare/wt-b14-ce/build/gate'
make[3]: Entering directory '/home/comdare/wt-b14-ce/build/gate'
make[3]: Leaving directory '/home/comdare/wt-b14-ce/build/gate'
make[3]: Leaving directory '/home/comdare/wt-b14-ce/build/gate'
make[3]: Leaving directory '/home/comdare/wt-b14-ce/build/gate'
make[3]: Leaving directory '/home/comdare/wt-b14-ce/build/gate'
[ 50%] Built target comdare_paper_a11_lrmalloc_codegen
make[3]: Leaving directory '/home/comdare/wt-b14-ce/build/gate'
[ 50%] Built target comdare_paper_p02_hot_codegen
[ 50%] Built target comdare_paper_p01_art_codegen
[100%] Built target comdare_paper_p07_wormhole_codegen
[100%] Built target comdare_paper_p05_start_codegen
[100%] Built target comdare_paper_p10_surf_codegen
make[3]: Entering directory '/home/comdare/wt-b14-ce/build/gate'
make[3]: Leaving directory '/home/comdare/wt-b14-ce/build/gate'
[100%] Built target comdare_paper_codegen_all
make[3]: Entering directory '/home/comdare/wt-b14-ce/build/gate'
make[3]: Leaving directory '/home/comdare/wt-b14-ce/build/gate'
make[3]: Entering directory '/home/comdare/wt-b14-ce/build/gate'
[100%] Building CXX object tools/axis_registry_gen/CMakeFiles/comdare_axis_registry_gen.dir/main.cpp.o
[100%] Linking CXX executable comdare_axis_registry_gen
make[3]: Leaving directory '/home/comdare/wt-b14-ce/build/gate'
[100%] Built target comdare_axis_registry_gen
make[2]: Leaving directory '/home/comdare/wt-b14-ce/build/gate'
make[1]: Leaving directory '/home/comdare/wt-b14-ce/build/gate'
make[1]: Entering directory '/home/comdare/wt-b14-ce/build/gate'
make[2]: Entering directory '/home/comdare/wt-b14-ce/build/gate'
make[3]: Entering directory '/home/comdare/wt-b14-ce/build/gate'
make[3]: Leaving directory '/home/comdare/wt-b14-ce/build/gate'
[  0%] Built target is_original_validator
make[3]: Entering directory '/home/comdare/wt-b14-ce/build/gate'
make[3]: Entering directory '/home/comdare/wt-b14-ce/build/gate'
make[3]: Entering directory '/home/comdare/wt-b14-ce/build/gate'
make[3]: Entering directory '/home/comdare/wt-b14-ce/build/gate'
make[3]: Entering directory '/home/comdare/wt-b14-ce/build/gate'
make[3]: Entering directory '/home/comdare/wt-b14-ce/build/gate'
make[3]: Leaving directory '/home/comdare/wt-b14-ce/build/gate'
make[3]: Leaving directory '/home/comdare/wt-b14-ce/build/gate'
make[3]: Leaving directory '/home/comdare/wt-b14-ce/build/gate'
make[3]: Leaving directory '/home/comdare/wt-b14-ce/build/gate'
make[3]: Leaving directory '/home/comdare/wt-b14-ce/build/gate'
make[3]: Leaving directory '/home/comdare/wt-b14-ce/build/gate'
[ 50%] Built target comdare_paper_a04_mimalloc_codegen
[ 50%] Built target comdare_paper_p03_masstree_codegen
[ 50%] Built target comdare_paper_a05_jemalloc_codegen
[ 50%] Built target comdare_paper_a20_dlmalloc_codegen
[ 50%] Built target comdare_paper_a07_snmalloc_codegen
make[3]: Entering directory '/home/comdare/wt-b14-ce/build/gate'
[ 50%] Built target comdare_paper_a10_rpmalloc_codegen
make[3]: Entering directory '/home/comdare/wt-b14-ce/build/gate'
make[3]: Entering directory '/home/comdare/wt-b14-ce/build/gate'
make[3]: Entering directory '/home/comdare/wt-b14-ce/build/gate'
make[3]: Entering directory '/home/comdare/wt-b14-ce/build/gate'
make[3]: Entering directory '/home/comdare/wt-b14-ce/build/gate'
make[3]: Leaving directory '/home/comdare/wt-b14-ce/build/gate'
make[3]: Leaving directory '/home/comdare/wt-b14-ce/build/gate'
make[3]: Leaving directory '/home/comdare/wt-b14-ce/build/gate'
make[3]: Leaving directory '/home/comdare/wt-b14-ce/build/gate'
make[3]: Leaving directory '/home/comdare/wt-b14-ce/build/gate'
make[3]: Leaving directory '/home/comdare/wt-b14-ce/build/gate'
[ 50%] Built target comdare_paper_p02_hot_codegen
[100%] Built target comdare_paper_p05_start_codegen
[100%] Built target comdare_paper_p10_surf_codegen
[100%] Built target comdare_paper_p07_wormhole_codegen
[100%] Built target comdare_paper_p01_art_codegen
[100%] Built target comdare_paper_a11_lrmalloc_codegen
make[3]: Entering directory '/home/comdare/wt-b14-ce/build/gate'
make[3]: Leaving directory '/home/comdare/wt-b14-ce/build/gate'
[100%] Built target comdare_paper_codegen_all
make[3]: Entering directory '/home/comdare/wt-b14-ce/build/gate'
make[3]: Leaving directory '/home/comdare/wt-b14-ce/build/gate'
make[3]: Entering directory '/home/comdare/wt-b14-ce/build/gate'
[100%] Building CXX object tools/measurement_axis_registry_gen/CMakeFiles/comdare_measurement_axis_registry_gen.dir/main.cpp.o
[100%] Linking CXX executable comdare_measurement_axis_registry_gen
make[3]: Leaving directory '/home/comdare/wt-b14-ce/build/gate'
[100%] Built target comdare_measurement_axis_registry_gen
make[2]: Leaving directory '/home/comdare/wt-b14-ce/build/gate'
make[1]: Leaving directory '/home/comdare/wt-b14-ce/build/gate'
make[1]: Entering directory '/home/comdare/wt-b14-ce/build/gate'
make[2]: Entering directory '/home/comdare/wt-b14-ce/build/gate'
make[3]: Entering directory '/home/comdare/wt-b14-ce/build/gate'
make[3]: Leaving directory '/home/comdare/wt-b14-ce/build/gate'
[  0%] Built target is_original_validator
make[3]: Entering directory '/home/comdare/wt-b14-ce/build/gate'
make[3]: Entering directory '/home/comdare/wt-b14-ce/build/gate'
make[3]: Entering directory '/home/comdare/wt-b14-ce/build/gate'
make[3]: Entering directory '/home/comdare/wt-b14-ce/build/gate'
make[3]: Entering directory '/home/comdare/wt-b14-ce/build/gate'
make[3]: Entering directory '/home/comdare/wt-b14-ce/build/gate'
make[3]: Leaving directory '/home/comdare/wt-b14-ce/build/gate'
make[3]: Leaving directory '/home/comdare/wt-b14-ce/build/gate'
make[3]: Leaving directory '/home/comdare/wt-b14-ce/build/gate'
make[3]: Leaving directory '/home/comdare/wt-b14-ce/build/gate'
make[3]: Leaving directory '/home/comdare/wt-b14-ce/build/gate'
make[3]: Leaving directory '/home/comdare/wt-b14-ce/build/gate'
[  0%] Built target comdare_paper_p03_masstree_codegen
[  0%] Built target comdare_paper_a20_dlmalloc_codegen
[  0%] Built target comdare_paper_a05_jemalloc_codegen
make[3]: Entering directory '/home/comdare/wt-b14-ce/build/gate'
make[3]: Entering directory '/home/comdare/wt-b14-ce/build/gate'
make[3]: Entering directory '/home/comdare/wt-b14-ce/build/gate'
[  0%] Built target comdare_paper_a10_rpmalloc_codegen
make[3]: Entering directory '/home/comdare/wt-b14-ce/build/gate'
[ 50%] Built target comdare_paper_a04_mimalloc_codegen
[ 50%] Built target comdare_paper_a07_snmalloc_codegen
make[3]: Entering directory '/home/comdare/wt-b14-ce/build/gate'
make[3]: Leaving directory '/home/comdare/wt-b14-ce/build/gate'
make[3]: Leaving directory '/home/comdare/wt-b14-ce/build/gate'
make[3]: Leaving directory '/home/comdare/wt-b14-ce/build/gate'
make[3]: Entering directory '/home/comdare/wt-b14-ce/build/gate'
make[3]: Leaving directory '/home/comdare/wt-b14-ce/build/gate'
[ 50%] Built target comdare_paper_p02_hot_codegen
[ 50%] Built target comdare_paper_a11_lrmalloc_codegen
[ 50%] Built target comdare_paper_p01_art_codegen
[100%] Built target comdare_paper_p05_start_codegen
make[3]: Leaving directory '/home/comdare/wt-b14-ce/build/gate'
make[3]: Leaving directory '/home/comdare/wt-b14-ce/build/gate'
[100%] Built target comdare_paper_p07_wormhole_codegen
[100%] Built target comdare_paper_p10_surf_codegen
make[3]: Entering directory '/home/comdare/wt-b14-ce/build/gate'
make[3]: Leaving directory '/home/comdare/wt-b14-ce/build/gate'
[100%] Built target comdare_paper_codegen_all
make[3]: Entering directory '/home/comdare/wt-b14-ce/build/gate'
make[3]: Leaving directory '/home/comdare/wt-b14-ce/build/gate'
make[3]: Entering directory '/home/comdare/wt-b14-ce/build/gate'
[100%] Building CXX object tools/system_axis_registry_gen/CMakeFiles/comdare_system_axis_registry_gen.dir/main.cpp.o
[100%] Linking CXX executable comdare_system_axis_registry_gen
make[3]: Leaving directory '/home/comdare/wt-b14-ce/build/gate'
[100%] Built target comdare_system_axis_registry_gen
make[2]: Leaving directory '/home/comdare/wt-b14-ce/build/gate'
make[1]: Leaving directory '/home/comdare/wt-b14-ce/build/gate'
make[1]: Entering directory '/home/comdare/wt-b14-ce/build/gate'
make[2]: Entering directory '/home/comdare/wt-b14-ce/build/gate'
make[3]: Entering directory '/home/comdare/wt-b14-ce/build/gate'
make[3]: Entering directory '/home/comdare/wt-b14-ce/build/gate'
make[3]: Entering directory '/home/comdare/wt-b14-ce/build/gate'
make[3]: Entering directory '/home/comdare/wt-b14-ce/build/gate'
make[3]: Entering directory '/home/comdare/wt-b14-ce/build/gate'
make[3]: Entering directory '/home/comdare/wt-b14-ce/build/gate'
make[3]: Leaving directory '/home/comdare/wt-b14-ce/build/gate'
make[3]: Leaving directory '/home/comdare/wt-b14-ce/build/gate'
make[3]: Leaving directory '/home/comdare/wt-b14-ce/build/gate'
make[3]: Leaving directory '/home/comdare/wt-b14-ce/build/gate'
make[3]: Leaving directory '/home/comdare/wt-b14-ce/build/gate'
make[3]: Leaving directory '/home/comdare/wt-b14-ce/build/gate'
[  0%] Built target is_original_validator
[  0%] Built target gtest
make[3]: Entering directory '/home/comdare/wt-b14-ce/build/gate'
make[3]: Entering directory '/home/comdare/wt-b14-ce/build/gate'
[  0%] Built target comdare_latex_anhang_lib
[  0%] Built target comdare_workload_generator
[  0%] Built target comdare_module_loader
[  0%] Built target comdare_builder_xml_config_parser
make[3]: Entering directory '/home/comdare/wt-b14-ce/build/gate'
make[3]: Entering directory '/home/comdare/wt-b14-ce/build/gate'
make[3]: Entering directory '/home/comdare/wt-b14-ce/build/gate'
make[3]: Entering directory '/home/comdare/wt-b14-ce/build/gate'
make[3]: Leaving directory '/home/comdare/wt-b14-ce/build/gate'
make[3]: Leaving directory '/home/comdare/wt-b14-ce/build/gate'
make[3]: Leaving directory '/home/comdare/wt-b14-ce/build/gate'
make[3]: Leaving directory '/home/comdare/wt-b14-ce/build/gate'
make[3]: Leaving directory '/home/comdare/wt-b14-ce/build/gate'
[  1%] Built target comdare_workload_driver
[  1%] Built target comdare_perm_mock_test
make[3]: Entering directory '/home/comdare/wt-b14-ce/build/gate'
[  2%] Built target comdare_hdr_histogram_wrapper
make[3]: Entering directory '/home/comdare/wt-b14-ce/build/gate'
make[3]: Leaving directory '/home/comdare/wt-b14-ce/build/gate'
make[3]: Entering directory '/home/comdare/wt-b14-ce/build/gate'
[  2%] Built target comdare_anatomy_module_loader
[  3%] Built target perm_view_d11
make[3]: Entering directory '/home/comdare/wt-b14-ce/build/gate'
make[3]: Entering directory '/home/comdare/wt-b14-ce/build/gate'
[  3%] Built target perm_set_d9
make[3]: Leaving directory '/home/comdare/wt-b14-ce/build/gate'
make[3]: Entering directory '/home/comdare/wt-b14-ce/build/gate'
make[3]: Leaving directory '/home/comdare/wt-b14-ce/build/gate'
make[3]: Leaving directory '/home/comdare/wt-b14-ce/build/gate'
make[3]: Leaving directory '/home/comdare/wt-b14-ce/build/gate'
make[3]: Leaving directory '/home/comdare/wt-b14-ce/build/gate'
[  3%] Built target perm_adapter_d12
make[3]: Leaving directory '/home/comdare/wt-b14-ce/build/gate'
make[3]: Entering directory '/home/comdare/wt-b14-ce/build/gate'
[  3%] Built target perm_sequence_d10
[  4%] Built target perm_alt_major7
[  5%] Built target perm_major7_neue_magic
make[3]: Entering directory '/home/comdare/wt-b14-ce/build/gate'
make[3]: Entering directory '/home/comdare/wt-b14-ce/build/gate'
make[3]: Entering directory '/home/comdare/wt-b14-ce/build/gate'
make[3]: Leaving directory '/home/comdare/wt-b14-ce/build/gate'
[  5%] Built target perm_set_defekt_d13
[  5%] Built target perm_buildvariant_real_avx2
make[3]: Entering directory '/home/comdare/wt-b14-ce/build/gate'
make[3]: Entering directory '/home/comdare/wt-b14-ce/build/gate'
make[3]: Leaving directory '/home/comdare/wt-b14-ce/build/gate'
make[3]: Leaving directory '/home/comdare/wt-b14-ce/build/gate'
[  5%] Built target perm_buildvariant_avx512
make[3]: Leaving directory '/home/comdare/wt-b14-ce/build/gate'
make[3]: Leaving directory '/home/comdare/wt-b14-ce/build/gate'
make[3]: Entering directory '/home/comdare/wt-b14-ce/build/gate'
[  5%] Built target perm_buildvariant_real_avx512
[  5%] Built target perm_buildvariant_avx2
make[3]: Entering directory '/home/comdare/wt-b14-ce/build/gate'
make[3]: Entering directory '/home/comdare/wt-b14-ce/build/gate'
[  5%] Built target comdare_paper_p03_masstree_codegen
make[3]: Leaving directory '/home/comdare/wt-b14-ce/build/gate'
make[3]: Leaving directory '/home/comdare/wt-b14-ce/build/gate'
make[3]: Entering directory '/home/comdare/wt-b14-ce/build/gate'
[  5%] Built target comdare_vendored_liburing
make[3]: Leaving directory '/home/comdare/wt-b14-ce/build/gate'
make[3]: Entering directory '/home/comdare/wt-b14-ce/build/gate'
make[3]: Leaving directory '/home/comdare/wt-b14-ce/build/gate'
[  5%] Built target comdare_paper_a05_jemalloc_codegen
make[3]: Entering directory '/home/comdare/wt-b14-ce/build/gate'
[  6%] Built target comdare_paper_a04_mimalloc_codegen
make[3]: Leaving directory '/home/comdare/wt-b14-ce/build/gate'
[  6%] Built target comdare_paper_a20_dlmalloc_codegen
make[3]: Entering directory '/home/comdare/wt-b14-ce/build/gate'
[  6%] Built target comdare_paper_a07_snmalloc_codegen
make[3]: Entering directory '/home/comdare/wt-b14-ce/build/gate'
make[3]: Entering directory '/home/comdare/wt-b14-ce/build/gate'
make[3]: Leaving directory '/home/comdare/wt-b14-ce/build/gate'
make[3]: Leaving directory '/home/comdare/wt-b14-ce/build/gate'
[  6%] Built target comdare_paper_a11_lrmalloc_codegen
make[3]: Leaving directory '/home/comdare/wt-b14-ce/build/gate'
make[3]: Entering directory '/home/comdare/wt-b14-ce/build/gate'
make[3]: Leaving directory '/home/comdare/wt-b14-ce/build/gate'
[  6%] Built target comdare_paper_a10_rpmalloc_codegen
[  6%] Built target comdare_paper_p01_art_codegen
make[3]: Leaving directory '/home/comdare/wt-b14-ce/build/gate'
make[3]: Entering directory '/home/comdare/wt-b14-ce/build/gate'
make[3]: Entering directory '/home/comdare/wt-b14-ce/build/gate'
make[3]: Leaving directory '/home/comdare/wt-b14-ce/build/gate'
[  7%] Built target comdare_paper_p05_start_codegen
[  7%] Built target comdare_paper_p02_hot_codegen
make[3]: Entering directory '/home/comdare/wt-b14-ce/build/gate'
[  7%] Built target comdare_paper_p07_wormhole_codegen
make[3]: Entering directory '/home/comdare/wt-b14-ce/build/gate'
make[3]: Leaving directory '/home/comdare/wt-b14-ce/build/gate'
make[3]: Entering directory '/home/comdare/wt-b14-ce/build/gate'
[  7%] Built target comdare_paper_p10_surf_codegen
make[3]: Entering directory '/home/comdare/wt-b14-ce/build/gate'
make[3]: Leaving directory '/home/comdare/wt-b14-ce/build/gate'
make[3]: Leaving directory '/home/comdare/wt-b14-ce/build/gate'
make[3]: Leaving directory '/home/comdare/wt-b14-ce/build/gate'
make[3]: Leaving directory '/home/comdare/wt-b14-ce/build/gate'
[  7%] Built target gtest_main
make[3]: Leaving directory '/home/comdare/wt-b14-ce/build/gate'
[  7%] Built target comdare_experiment
[  7%] Built target comdare_ycsb_cli_lib
[  7%] Built target comdare_paper_codegen_all
make[3]: Entering directory '/home/comdare/wt-b14-ce/build/gate'
make[3]: Entering directory '/home/comdare/wt-b14-ce/build/gate'
make[3]: Entering directory '/home/comdare/wt-b14-ce/build/gate'
make[3]: Entering directory '/home/comdare/wt-b14-ce/build/gate'
[  7%] Built target comdare_builder_permutation_loop
[  7%] Built target comdare_builder_codegen
make[3]: Entering directory '/home/comdare/wt-b14-ce/build/gate'
make[3]: Entering directory '/home/comdare/wt-b14-ce/build/gate'
make[3]: Leaving directory '/home/comdare/wt-b14-ce/build/gate'
make[3]: Leaving directory '/home/comdare/wt-b14-ce/build/gate'
make[3]: Leaving directory '/home/comdare/wt-b14-ce/build/gate'
make[3]: Leaving directory '/home/comdare/wt-b14-ce/build/gate'
make[3]: Leaving directory '/home/comdare/wt-b14-ce/build/gate'
make[3]: Leaving directory '/home/comdare/wt-b14-ce/build/gate'
[  7%] Built target comdare_system_axis_registry_gen
[  7%] Built target comdare_measurement_axis_registry_gen
make[3]: Entering directory '/home/comdare/wt-b14-ce/build/gate'
make[3]: Entering directory '/home/comdare/wt-b14-ce/build/gate'
[  7%] Built target comdare_axis_registry_gen
[  7%] Built target test_p_cacheline_store_line_source
[  7%] Built target test_pressure_state
[  7%] Built target test_cache_recommendation
make[3]: Entering directory '/home/comdare/wt-b14-ce/build/gate'
make[3]: Entering directory '/home/comdare/wt-b14-ce/build/gate'
make[3]: Entering directory '/home/comdare/wt-b14-ce/build/gate'
make[3]: Entering directory '/home/comdare/wt-b14-ce/build/gate'
make[3]: Leaving directory '/home/comdare/wt-b14-ce/build/gate'
make[3]: Leaving directory '/home/comdare/wt-b14-ce/build/gate'
make[3]: Leaving directory '/home/comdare/wt-b14-ce/build/gate'
make[3]: Leaving directory '/home/comdare/wt-b14-ce/build/gate'
make[3]: Leaving directory '/home/comdare/wt-b14-ce/build/gate'
make[3]: Leaving directory '/home/comdare/wt-b14-ce/build/gate'
[  8%] Built target test_cpuid_probe
make[3]: Entering directory '/home/comdare/wt-b14-ce/build/gate'
[  8%] Built target test_decision_trees
[  9%] Built target test_observer_registry
make[3]: Entering directory '/home/comdare/wt-b14-ce/build/gate'
[ 10%] Built target test_permutation_flags
[ 10%] Built target test_event_hierarchy
[ 11%] Built target test_decision_lambda_registry
make[3]: Entering directory '/home/comdare/wt-b14-ce/build/gate'
make[3]: Entering directory '/home/comdare/wt-b14-ce/build/gate'
make[3]: Entering directory '/home/comdare/wt-b14-ce/build/gate'
make[3]: Entering directory '/home/comdare/wt-b14-ce/build/gate'
make[3]: Leaving directory '/home/comdare/wt-b14-ce/build/gate'
make[3]: Leaving directory '/home/comdare/wt-b14-ce/build/gate'
make[3]: Leaving directory '/home/comdare/wt-b14-ce/build/gate'
[ 11%] Built target test_concurrency_disciplines
make[3]: Entering directory '/home/comdare/wt-b14-ce/build/gate'
make[3]: Leaving directory '/home/comdare/wt-b14-ce/build/gate'
make[3]: Leaving directory '/home/comdare/wt-b14-ce/build/gate'
make[3]: Leaving directory '/home/comdare/wt-b14-ce/build/gate'
[ 11%] Built target test_platform_concepts
[ 11%] Built target test_telemetry_strategies
make[3]: Entering directory '/home/comdare/wt-b14-ce/build/gate'
make[3]: Entering directory '/home/comdare/wt-b14-ce/build/gate'
make[3]: Leaving directory '/home/comdare/wt-b14-ce/build/gate'
[ 11%] Built target test_measurement_buffer
make[3]: Entering directory '/home/comdare/wt-b14-ce/build/gate'
[ 11%] Built target test_cache_hierarchy_and_mode
[ 11%] Built target test_sub_engines
make[3]: Leaving directory '/home/comdare/wt-b14-ce/build/gate'
make[3]: Entering directory '/home/comdare/wt-b14-ce/build/gate'
make[3]: Entering directory '/home/comdare/wt-b14-ce/build/gate'
[ 11%] Built target test_allocator_concepts
make[3]: Entering directory '/home/comdare/wt-b14-ce/build/gate'
make[3]: Leaving directory '/home/comdare/wt-b14-ce/build/gate'
make[3]: Leaving directory '/home/comdare/wt-b14-ce/build/gate'
[ 11%] Built target test_config_durability
make[3]: Entering directory '/home/comdare/wt-b14-ce/build/gate'
make[3]: Leaving directory '/home/comdare/wt-b14-ce/build/gate'
make[3]: Leaving directory '/home/comdare/wt-b14-ce/build/gate'
make[3]: Leaving directory '/home/comdare/wt-b14-ce/build/gate'
[ 11%] Built target test_abi_interface
[ 11%] Built target test_chaos_drift_gate
make[3]: Entering directory '/home/comdare/wt-b14-ce/build/gate'
make[3]: Entering directory '/home/comdare/wt-b14-ce/build/gate'
make[3]: Leaving directory '/home/comdare/wt-b14-ce/build/gate'
[ 12%] Built target test_test_data_accumulation
[ 12%] Built target test_benchmark_suite
[ 12%] Built target test_allocator_full_matrix
make[3]: Entering directory '/home/comdare/wt-b14-ce/build/gate'
make[3]: Entering directory '/home/comdare/wt-b14-ce/build/gate'
make[3]: Entering directory '/home/comdare/wt-b14-ce/build/gate'
make[3]: Leaving directory '/home/comdare/wt-b14-ce/build/gate'
make[3]: Leaving directory '/home/comdare/wt-b14-ce/build/gate'
[ 12%] Built target test_workload_and_experiment
make[3]: Leaving directory '/home/comdare/wt-b14-ce/build/gate'
[ 12%] Built target test_builder_codegen
[ 13%] Built target test_ycsb_cli
make[3]: Entering directory '/home/comdare/wt-b14-ce/build/gate'
make[3]: Leaving directory '/home/comdare/wt-b14-ce/build/gate'
make[3]: Leaving directory '/home/comdare/wt-b14-ce/build/gate'
make[3]: Entering directory '/home/comdare/wt-b14-ce/build/gate'
make[3]: Entering directory '/home/comdare/wt-b14-ce/build/gate'
make[3]: Leaving directory '/home/comdare/wt-b14-ce/build/gate'
[ 14%] Built target test_codegen_from_profile
[ 14%] Built target comdare_builder_experiment_driver
[ 14%] Built target test_permutation_sampling
make[3]: Entering directory '/home/comdare/wt-b14-ce/build/gate'
make[3]: Entering directory '/home/comdare/wt-b14-ce/build/gate'
make[3]: Entering directory '/home/comdare/wt-b14-ce/build/gate'
make[3]: Leaving directory '/home/comdare/wt-b14-ce/build/gate'
make[3]: Leaving directory '/home/comdare/wt-b14-ce/build/gate'
[ 14%] Built target test_latex_anhang
make[3]: Leaving directory '/home/comdare/wt-b14-ce/build/gate'
make[3]: Leaving directory '/home/comdare/wt-b14-ce/build/gate'
[ 14%] Built target test_rcu
make[3]: Entering directory '/home/comdare/wt-b14-ce/build/gate'
make[3]: Leaving directory '/home/comdare/wt-b14-ce/build/gate'
[ 14%] Built target test_rcu_concurrency
make[3]: Entering directory '/home/comdare/wt-b14-ce/build/gate'
make[3]: Entering directory '/home/comdare/wt-b14-ce/build/gate'
make[3]: Leaving directory '/home/comdare/wt-b14-ce/build/gate'
[ 14%] Built target test_succinct
make[3]: Leaving directory '/home/comdare/wt-b14-ce/build/gate'
make[3]: Entering directory '/home/comdare/wt-b14-ce/build/gate'
[ 14%] Built target test_module_loader
make[3]: Leaving directory '/home/comdare/wt-b14-ce/build/gate'
[ 14%] Built target test_hbm_hierarchy
make[3]: Entering directory '/home/comdare/wt-b14-ce/build/gate'
make[3]: Entering directory '/home/comdare/wt-b14-ce/build/gate'
[ 14%] Built target test_v31_adapters
make[3]: Entering directory '/home/comdare/wt-b14-ce/build/gate'
[ 14%] Built target test_v41_indexes
[ 14%] Built target test_v41_topic_allocator_axis_06
make[3]: Leaving directory '/home/comdare/wt-b14-ce/build/gate'
make[3]: Leaving directory '/home/comdare/wt-b14-ce/build/gate'
make[3]: Entering directory '/home/comdare/wt-b14-ce/build/gate'
make[3]: Entering directory '/home/comdare/wt-b14-ce/build/gate'
make[3]: Leaving directory '/home/comdare/wt-b14-ce/build/gate'
make[3]: Leaving directory '/home/comdare/wt-b14-ce/build/gate'
[ 14%] Built target test_v41_topic_traversal
[ 15%] Built target test_v41_topic_queuing
make[3]: Entering directory '/home/comdare/wt-b14-ce/build/gate'
make[3]: Leaving directory '/home/comdare/wt-b14-ce/build/gate'
make[3]: Entering directory '/home/comdare/wt-b14-ce/build/gate'
make[3]: Leaving directory '/home/comdare/wt-b14-ce/build/gate'
[ 15%] Built target test_ctsha512
[ 15%] Built target test_v41_paper_legacy_code
make[3]: Entering directory '/home/comdare/wt-b14-ce/build/gate'
make[3]: Entering directory '/home/comdare/wt-b14-ce/build/gate'
[ 15%] Built target test_v41_compositions
[ 15%] Built target test_v41_topics_fundament
make[3]: Leaving directory '/home/comdare/wt-b14-ce/build/gate'
make[3]: Entering directory '/home/comdare/wt-b14-ce/build/gate'
make[3]: Leaving directory '/home/comdare/wt-b14-ce/build/gate'
make[3]: Entering directory '/home/comdare/wt-b14-ce/build/gate'
make[3]: Leaving directory '/home/comdare/wt-b14-ce/build/gate'
make[3]: Leaving directory '/home/comdare/wt-b14-ce/build/gate'
make[3]: Leaving directory '/home/comdare/wt-b14-ce/build/gate'
[ 15%] Built target test_v41_anatomy
make[3]: Leaving directory '/home/comdare/wt-b14-ce/build/gate'
[ 15%] Built target test_v41_anatomy_observer
[ 15%] Built target test_v41_anatomy_r4_driver
[ 15%] Built target test_v41_tier_observe_trace
make[3]: Entering directory '/home/comdare/wt-b14-ce/build/gate'
make[3]: Entering directory '/home/comdare/wt-b14-ce/build/gate'
make[3]: Entering directory '/home/comdare/wt-b14-ce/build/gate'
make[3]: Entering directory '/home/comdare/wt-b14-ce/build/gate'
[ 16%] Built target test_v41_axis_03a_cross_variant_equivalence
[ 16%] Built target test_ap7_swisstable
make[3]: Entering directory '/home/comdare/wt-b14-ce/build/gate'
make[3]: Leaving directory '/home/comdare/wt-b14-ce/build/gate'
make[3]: Entering directory '/home/comdare/wt-b14-ce/build/gate'
make[3]: Leaving directory '/home/comdare/wt-b14-ce/build/gate'
make[3]: Leaving directory '/home/comdare/wt-b14-ce/build/gate'
make[3]: Leaving directory '/home/comdare/wt-b14-ce/build/gate'
make[3]: Leaving directory '/home/comdare/wt-b14-ce/build/gate'
[ 17%] Built target test_ap7b_swiss_organ
[ 17%] Built target test_ap8_hdr_histogram
[ 17%] Built target test_vampir_nfp_allocator
make[3]: Leaving directory '/home/comdare/wt-b14-ce/build/gate'
make[3]: Entering directory '/home/comdare/wt-b14-ce/build/gate'
make[3]: Entering directory '/home/comdare/wt-b14-ce/build/gate'
make[3]: Entering directory '/home/comdare/wt-b14-ce/build/gate'
[ 17%] Built target test_ap7b3_swiss_isa_group_match
[ 17%] Built target test_v41_axis_03a_tier_organ_equivalence
make[3]: Entering directory '/home/comdare/wt-b14-ce/build/gate'
make[3]: Entering directory '/home/comdare/wt-b14-ce/build/gate'
[ 18%] Built target test_v41_anatomy_pruefling_merge
make[3]: Leaving directory '/home/comdare/wt-b14-ce/build/gate'
make[3]: Leaving directory '/home/comdare/wt-b14-ce/build/gate'
make[3]: Entering directory '/home/comdare/wt-b14-ce/build/gate'
make[3]: Leaving directory '/home/comdare/wt-b14-ce/build/gate'
make[3]: Leaving directory '/home/comdare/wt-b14-ce/build/gate'
make[3]: Leaving directory '/home/comdare/wt-b14-ce/build/gate'
make[3]: Leaving directory '/home/comdare/wt-b14-ce/build/gate'
[ 20%] Built target test_v41_search_algorithm_permutation_engine
[ 20%] Built target test_v41_execution_engine
make[3]: Entering directory '/home/comdare/wt-b14-ce/build/gate'
make[3]: Entering directory '/home/comdare/wt-b14-ce/build/gate'
[ 22%] Built target test_v41_anatomy_module_abi
[ 22%] Built target test_v41_anatomy_base
[ 22%] Built target anatomy_codegen_pilot_hot
make[3]: Entering directory '/home/comdare/wt-b14-ce/build/gate'
make[3]: Entering directory '/home/comdare/wt-b14-ce/build/gate'
make[3]: Entering directory '/home/comdare/wt-b14-ce/build/gate'
[ 22%] Built target anatomy_codegen_pilot_wormhole_shared
make[3]: Leaving directory '/home/comdare/wt-b14-ce/build/gate'
make[3]: Entering directory '/home/comdare/wt-b14-ce/build/gate'
make[3]: Leaving directory '/home/comdare/wt-b14-ce/build/gate'
make[3]: Leaving directory '/home/comdare/wt-b14-ce/build/gate'
make[3]: Leaving directory '/home/comdare/wt-b14-ce/build/gate'
make[3]: Leaving directory '/home/comdare/wt-b14-ce/build/gate'
make[3]: Leaving directory '/home/comdare/wt-b14-ce/build/gate'
[ 22%] Built target anatomy_multi_pilot_5
make[3]: Entering directory '/home/comdare/wt-b14-ce/build/gate'
[ 22%] Built target anatomy_multi_pilot_0
make[3]: Entering directory '/home/comdare/wt-b14-ce/build/gate'
[ 23%] Built target anatomy_multi_pilot_2
[ 23%] Built target anatomy_multi_pilot_1
[ 23%] Built target anatomy_multi_pilot_3
make[3]: Entering directory '/home/comdare/wt-b14-ce/build/gate'
make[3]: Entering directory '/home/comdare/wt-b14-ce/build/gate'
make[3]: Entering directory '/home/comdare/wt-b14-ce/build/gate'
make[3]: Leaving directory '/home/comdare/wt-b14-ce/build/gate'
[ 23%] Built target anatomy_multi_pilot_4
make[3]: Entering directory '/home/comdare/wt-b14-ce/build/gate'
make[3]: Leaving directory '/home/comdare/wt-b14-ce/build/gate'
make[3]: Leaving directory '/home/comdare/wt-b14-ce/build/gate'
make[3]: Leaving directory '/home/comdare/wt-b14-ce/build/gate'
[ 23%] Built target comdare_anatomy_codegen_tool
make[3]: Entering directory '/home/comdare/wt-b14-ce/build/gate'
[ 23%] Built target test_v41_workload_generator
make[3]: Leaving directory '/home/comdare/wt-b14-ce/build/gate'
make[3]: Leaving directory '/home/comdare/wt-b14-ce/build/gate'
make[3]: Entering directory '/home/comdare/wt-b14-ce/build/gate'
[ 24%] Built target test_v41_axis_12_general_hardware
[ 24%] Built target test_v41_axis_05_memory_layout
make[3]: Entering directory '/home/comdare/wt-b14-ce/build/gate'
make[3]: Entering directory '/home/comdare/wt-b14-ce/build/gate'
make[3]: Leaving directory '/home/comdare/wt-b14-ce/build/gate'
[ 24%] Built target test_v41_axis_07_prefetch
[ 24%] Built target test_v41_axis_02_axis_04_nodes
make[3]: Leaving directory '/home/comdare/wt-b14-ce/build/gate'
make[3]: Entering directory '/home/comdare/wt-b14-ce/build/gate'
make[3]: Entering directory '/home/comdare/wt-b14-ce/build/gate'
make[3]: Leaving directory '/home/comdare/wt-b14-ce/build/gate'
[ 24%] Built target test_v41_axis_11_telemetry
make[3]: Leaving directory '/home/comdare/wt-b14-ce/build/gate'
make[3]: Entering directory '/home/comdare/wt-b14-ce/build/gate'
make[3]: Leaving directory '/home/comdare/wt-b14-ce/build/gate'
make[3]: Leaving directory '/home/comdare/wt-b14-ce/build/gate'
[ 24%] Built target test_v41_axis_10_serialization
[ 24%] Built target test_v41_axis_08_concurrency
make[3]: Entering directory '/home/comdare/wt-b14-ce/build/gate'
make[3]: Entering directory '/home/comdare/wt-b14-ce/build/gate'
[ 24%] Built target test_v41_axis_14_value_handle
[ 24%] Built target test_v41_status_code
make[3]: Leaving directory '/home/comdare/wt-b14-ce/build/gate'
make[3]: Entering directory '/home/comdare/wt-b14-ce/build/gate'
make[3]: Entering directory '/home/comdare/wt-b14-ce/build/gate'
[ 24%] Built target test_v41_serialization_primitives
make[3]: Entering directory '/home/comdare/wt-b14-ce/build/gate'
make[3]: Leaving directory '/home/comdare/wt-b14-ce/build/gate'
make[3]: Leaving directory '/home/comdare/wt-b14-ce/build/gate'
[ 24%] Built target test_v41_axis_01_page_type
make[3]: Leaving directory '/home/comdare/wt-b14-ce/build/gate'
make[3]: Leaving directory '/home/comdare/wt-b14-ce/build/gate'
make[3]: Entering directory '/home/comdare/wt-b14-ce/build/gate'
make[3]: Leaving directory '/home/comdare/wt-b14-ce/build/gate'
[ 24%] Built target test_v41_pruefling_registry
[ 24%] Built target test_v41_axis_filter
make[3]: Entering directory '/home/comdare/wt-b14-ce/build/gate'
make[3]: Entering directory '/home/comdare/wt-b14-ce/build/gate'
[ 24%] Built target test_v41_axis_filter_surf_organ
[ 24%] Built target test_v41_axis_filter_surf_louds_organ
make[3]: Leaving directory '/home/comdare/wt-b14-ce/build/gate'
make[3]: Entering directory '/home/comdare/wt-b14-ce/build/gate'
make[3]: Entering directory '/home/comdare/wt-b14-ce/build/gate'
[ 25%] Built target test_v41_axis_io
make[3]: Leaving directory '/home/comdare/wt-b14-ce/build/gate'
make[3]: Entering directory '/home/comdare/wt-b14-ce/build/gate'
make[3]: Leaving directory '/home/comdare/wt-b14-ce/build/gate'
[ 25%] Built target test_v41_axis_migration
make[3]: Entering directory '/home/comdare/wt-b14-ce/build/gate'
make[3]: Leaving directory '/home/comdare/wt-b14-ce/build/gate'
make[3]: Leaving directory '/home/comdare/wt-b14-ce/build/gate'
[ 25%] Built target test_v41_axis_01_index_organization
make[3]: Entering directory '/home/comdare/wt-b14-ce/build/gate'
[ 26%] Built target test_v41_axis_09_isa
make[3]: Leaving directory '/home/comdare/wt-b14-ce/build/gate'
make[3]: Entering directory '/home/comdare/wt-b14-ce/build/gate'
[ 26%] Built target test_v41_r5c3_isa_simd_cross_constraint
make[3]: Leaving directory '/home/comdare/wt-b14-ce/build/gate'
make[3]: Entering directory '/home/comdare/wt-b14-ce/build/gate'
[ 26%] Built target test_v41_axis_09b_simd_extension
make[3]: Leaving directory '/home/comdare/wt-b14-ce/build/gate'
make[3]: Entering directory '/home/comdare/wt-b14-ce/build/gate'
make[3]: Leaving directory '/home/comdare/wt-b14-ce/build/gate'
[ 27%] Built target test_v41_pruef_dock_search_algorithm
make[3]: Leaving directory '/home/comdare/wt-b14-ce/build/gate'
[ 27%] Built target test_v41_anatomy_adhoc_codegen_macro
make[3]: Entering directory '/home/comdare/wt-b14-ce/build/gate'
make[3]: Leaving directory '/home/comdare/wt-b14-ce/build/gate'
make[3]: Entering directory '/home/comdare/wt-b14-ce/build/gate'
[ 27%] Built target test_v5_conformance_gate
make[3]: Entering directory '/home/comdare/wt-b14-ce/build/gate'
[ 27%] Built target test_v5_memento_axis
make[3]: Entering directory '/home/comdare/wt-b14-ce/build/gate'
[ 28%] Built target test_v5_two_phase_driver
[ 28%] Built target test_v5_workload_orchestrator
make[3]: Entering directory '/home/comdare/wt-b14-ce/build/gate'
make[3]: Entering directory '/home/comdare/wt-b14-ce/build/gate'
make[3]: Leaving directory '/home/comdare/wt-b14-ce/build/gate'
make[3]: Leaving directory '/home/comdare/wt-b14-ce/build/gate'
make[3]: Leaving directory '/home/comdare/wt-b14-ce/build/gate'
make[3]: Leaving directory '/home/comdare/wt-b14-ce/build/gate'
make[3]: Leaving directory '/home/comdare/wt-b14-ce/build/gate'
make[3]: Leaving directory '/home/comdare/wt-b14-ce/build/gate'
[ 28%] Built target test_heuristik_spline_break_even
[ 28%] Built target test_v5_measurement_snapshot
make[3]: Entering directory '/home/comdare/wt-b14-ce/build/gate'
[ 28%] Built target test_ap13_thread_pinning
make[3]: Entering directory '/home/comdare/wt-b14-ce/build/gate'
make[3]: Entering directory '/home/comdare/wt-b14-ce/build/gate'
[ 28%] Built target test_ap10_dataset_akte
[ 28%] Built target test_ap9_provenance_manifest
[ 28%] Built target test_184_dataset_loader_wiring
make[3]: Entering directory '/home/comdare/wt-b14-ce/build/gate'
make[3]: Entering directory '/home/comdare/wt-b14-ce/build/gate'
make[3]: Entering directory '/home/comdare/wt-b14-ce/build/gate'
make[3]: Leaving directory '/home/comdare/wt-b14-ce/build/gate'
make[3]: Leaving directory '/home/comdare/wt-b14-ce/build/gate'
make[3]: Leaving directory '/home/comdare/wt-b14-ce/build/gate'
[ 28%] Built target test_25_kanon_dataset_akten
[ 29%] Built target test_45_sosd_uint64_loader
make[3]: Entering directory '/home/comdare/wt-b14-ce/build/gate'
make[3]: Leaving directory '/home/comdare/wt-b14-ce/build/gate'
make[3]: Leaving directory '/home/comdare/wt-b14-ce/build/gate'
[ 30%] Built target test_v5_disk_memento
make[3]: Entering directory '/home/comdare/wt-b14-ce/build/gate'
make[3]: Entering directory '/home/comdare/wt-b14-ce/build/gate'
make[3]: Leaving directory '/home/comdare/wt-b14-ce/build/gate'
make[3]: Leaving directory '/home/comdare/wt-b14-ce/build/gate'
[ 30%] Built target test_v5_ycsb_op_set
[ 30%] Built target test_v5_ycsb_distribution
make[3]: Leaving directory '/home/comdare/wt-b14-ce/build/gate'
make[3]: Entering directory '/home/comdare/wt-b14-ce/build/gate'
make[3]: Entering directory '/home/comdare/wt-b14-ce/build/gate'
make[3]: Leaving directory '/home/comdare/wt-b14-ce/build/gate'
[ 30%] Built target test_v41_scan_range_organ
make[3]: Entering directory '/home/comdare/wt-b14-ce/build/gate'
[ 30%] Built target test_v41_cache_engine_tools_facade
make[3]: Entering directory '/home/comdare/wt-b14-ce/build/gate'
make[3]: Leaving directory '/home/comdare/wt-b14-ce/build/gate'
[ 30%] Built target test_v5_organ_memento
make[3]: Leaving directory '/home/comdare/wt-b14-ce/build/gate'
[ 31%] Built target test_v41_codegen_type_name
make[3]: Entering directory '/home/comdare/wt-b14-ce/build/gate'
make[3]: Entering directory '/home/comdare/wt-b14-ce/build/gate'
make[3]: Leaving directory '/home/comdare/wt-b14-ce/build/gate'
[ 31%] Built target test_v41_cache_engine_facade
make[3]: Leaving directory '/home/comdare/wt-b14-ce/build/gate'
make[3]: Entering directory '/home/comdare/wt-b14-ce/build/gate'
make[3]: Leaving directory '/home/comdare/wt-b14-ce/build/gate'
make[3]: Leaving directory '/home/comdare/wt-b14-ce/build/gate'
[ 31%] Built target test_v41_codegen_all_axes_umbrella
make[3]: Entering directory '/home/comdare/wt-b14-ce/build/gate'
[ 31%] Built target test_d1_d2_selection
[ 32%] Built target test_d7_build_variant
make[3]: Entering directory '/home/comdare/wt-b14-ce/build/gate'
[ 32%] Built target test_d3_ceb_generator
make[3]: Leaving directory '/home/comdare/wt-b14-ce/build/gate'
make[3]: Entering directory '/home/comdare/wt-b14-ce/build/gate'
make[3]: Entering directory '/home/comdare/wt-b14-ce/build/gate'
make[3]: Leaving directory '/home/comdare/wt-b14-ce/build/gate'
[ 33%] Built target comdare_r5g_adhoc_perm
make[3]: Entering directory '/home/comdare/wt-b14-ce/build/gate'
make[3]: Leaving directory '/home/comdare/wt-b14-ce/build/gate'
[ 33%] Built target test_d7a_build_inspection
[ 33%] Built target test_d7b_definition_per_node
make[3]: Leaving directory '/home/comdare/wt-b14-ce/build/gate'
make[3]: Entering directory '/home/comdare/wt-b14-ce/build/gate'
make[3]: Entering directory '/home/comdare/wt-b14-ce/build/gate'
make[3]: Leaving directory '/home/comdare/wt-b14-ce/build/gate'
make[3]: Leaving directory '/home/comdare/wt-b14-ce/build/gate'
[ 33%] Built target test_d8_operability
make[3]: Leaving directory '/home/comdare/wt-b14-ce/build/gate'
[ 34%] Built target test_d9_set
make[3]: Entering directory '/home/comdare/wt-b14-ce/build/gate'
make[3]: Leaving directory '/home/comdare/wt-b14-ce/build/gate'
[ 34%] Built target test_g3_takeover_sweep
make[3]: Entering directory '/home/comdare/wt-b14-ce/build/gate'
[ 34%] Built target test_d9_set_adapter
make[3]: Entering directory '/home/comdare/wt-b14-ce/build/gate'
make[3]: Entering directory '/home/comdare/wt-b14-ce/build/gate'
[ 34%] Built target test_d11_view
make[3]: Entering directory '/home/comdare/wt-b14-ce/build/gate'
make[3]: Leaving directory '/home/comdare/wt-b14-ce/build/gate'
make[3]: Leaving directory '/home/comdare/wt-b14-ce/build/gate'
[ 34%] Built target test_d10_sequence
make[3]: Leaving directory '/home/comdare/wt-b14-ce/build/gate'
make[3]: Leaving directory '/home/comdare/wt-b14-ce/build/gate'
make[3]: Entering directory '/home/comdare/wt-b14-ce/build/gate'
make[3]: Leaving directory '/home/comdare/wt-b14-ce/build/gate'
[ 34%] Built target test_d14_result_ingest
[ 34%] Built target test_genus_docks
[ 35%] Built target test_d12_virus
[ 35%] Built target test_d13_runtime_measure
make[3]: Entering directory '/home/comdare/wt-b14-ce/build/gate'
make[3]: Entering directory '/home/comdare/wt-b14-ce/build/gate'
make[3]: Entering directory '/home/comdare/wt-b14-ce/build/gate'
make[3]: Entering directory '/home/comdare/wt-b14-ce/build/gate'
[ 35%] Built target test_d14b_perm_runner
make[3]: Entering directory '/home/comdare/wt-b14-ce/build/gate'
make[3]: Leaving directory '/home/comdare/wt-b14-ce/build/gate'
make[3]: Leaving directory '/home/comdare/wt-b14-ce/build/gate'
make[3]: Leaving directory '/home/comdare/wt-b14-ce/build/gate'
make[3]: Leaving directory '/home/comdare/wt-b14-ce/build/gate'
make[3]: Leaving directory '/home/comdare/wt-b14-ce/build/gate'
make[3]: Leaving directory '/home/comdare/wt-b14-ce/build/gate'
[ 35%] Built target test_d15_selection_filter_chain
[ 35%] Built target test_a1_load_profile_opmix
make[3]: Entering directory '/home/comdare/wt-b14-ce/build/gate'
make[3]: Entering directory '/home/comdare/wt-b14-ce/build/gate'
[ 36%] Built target test_d14c_e2e_pipeline
[ 36%] Built target test_cmd2_container_attribution
make[3]: Entering directory '/home/comdare/wt-b14-ce/build/gate'
make[3]: Entering directory '/home/comdare/wt-b14-ce/build/gate'
[ 36%] Built target test_container_genus
make[3]: Entering directory '/home/comdare/wt-b14-ce/build/gate'
make[3]: Leaving directory '/home/comdare/wt-b14-ce/build/gate'
[ 37%] Built target test_container_dock
make[3]: Entering directory '/home/comdare/wt-b14-ce/build/gate'
make[3]: Leaving directory '/home/comdare/wt-b14-ce/build/gate'
make[3]: Leaving directory '/home/comdare/wt-b14-ce/build/gate'
make[3]: Leaving directory '/home/comdare/wt-b14-ce/build/gate'
make[3]: Leaving directory '/home/comdare/wt-b14-ce/build/gate'
[ 38%] Built target test_d_v42_probe
make[3]: Entering directory '/home/comdare/wt-b14-ce/build/gate'
make[3]: Leaving directory '/home/comdare/wt-b14-ce/build/gate'
[ 38%] Built target test_d_v42_telemetry_observable
make[3]: Entering directory '/home/comdare/wt-b14-ce/build/gate'
[ 38%] Built target test_d_v42_memory_layout_observable
make[3]: Entering directory '/home/comdare/wt-b14-ce/build/gate'
[ 38%] Built target test_d_v42_probe2
[ 38%] Built target test_d_v42_serialization_observable
[ 38%] Built target test_d_v42_node_type_observable
make[3]: Entering directory '/home/comdare/wt-b14-ce/build/gate'
make[3]: Leaving directory '/home/comdare/wt-b14-ce/build/gate'
make[3]: Entering directory '/home/comdare/wt-b14-ce/build/gate'
make[3]: Entering directory '/home/comdare/wt-b14-ce/build/gate'
make[3]: Leaving directory '/home/comdare/wt-b14-ce/build/gate'
make[3]: Leaving directory '/home/comdare/wt-b14-ce/build/gate'
[ 38%] Built target test_d_v42_telemetry_registry_observable
make[3]: Leaving directory '/home/comdare/wt-b14-ce/build/gate'
make[3]: Leaving directory '/home/comdare/wt-b14-ce/build/gate'
[ 40%] Built target test_genus_permutation_engines
make[3]: Leaving directory '/home/comdare/wt-b14-ce/build/gate'
make[3]: Entering directory '/home/comdare/wt-b14-ce/build/gate'
make[3]: Entering directory '/home/comdare/wt-b14-ce/build/gate'
[ 40%] Built target test_axis_growth_policies
make[3]: Entering directory '/home/comdare/wt-b14-ce/build/gate'
[ 41%] Built target test_axis_view_policies
[ 41%] Built target test_e24_c1_organ_concept
make[3]: Leaving directory '/home/comdare/wt-b14-ce/build/gate'
[ 41%] Built target test_e24_c0_organ_concept
make[3]: Leaving directory '/home/comdare/wt-b14-ce/build/gate'
make[3]: Entering directory '/home/comdare/wt-b14-ce/build/gate'
make[3]: Entering directory '/home/comdare/wt-b14-ce/build/gate'
make[3]: Entering directory '/home/comdare/wt-b14-ce/build/gate'
make[3]: Leaving directory '/home/comdare/wt-b14-ce/build/gate'
[ 41%] Built target test_e24_c2_set_permutation_engine
make[3]: Entering directory '/home/comdare/wt-b14-ce/build/gate'
make[3]: Leaving directory '/home/comdare/wt-b14-ce/build/gate'
[ 41%] Built target test_e24_c2_sequence_permutation_engine
make[3]: Leaving directory '/home/comdare/wt-b14-ce/build/gate'
make[3]: Entering directory '/home/comdare/wt-b14-ce/build/gate'
make[3]: Leaving directory '/home/comdare/wt-b14-ce/build/gate'
[ 42%] Built target test_e24_c2_view_permutation_engine
make[3]: Entering directory '/home/comdare/wt-b14-ce/build/gate'
[ 42%] Built target test_e24_c3_sequence_anatomy
make[3]: Leaving directory '/home/comdare/wt-b14-ce/build/gate'
[ 42%] Built target test_e24_c2_adapter_permutation_engine
make[3]: Entering directory '/home/comdare/wt-b14-ce/build/gate'
[ 42%] Built target test_e24_c3_set_anatomy
make[3]: Entering directory '/home/comdare/wt-b14-ce/build/gate'
make[3]: Leaving directory '/home/comdare/wt-b14-ce/build/gate'
make[3]: Entering directory '/home/comdare/wt-b14-ce/build/gate'
[ 43%] Built target test_e24_c3_view_anatomy
make[3]: Leaving directory '/home/comdare/wt-b14-ce/build/gate'
make[3]: Leaving directory '/home/comdare/wt-b14-ce/build/gate'
make[3]: Leaving directory '/home/comdare/wt-b14-ce/build/gate'
make[3]: Entering directory '/home/comdare/wt-b14-ce/build/gate'
[ 43%] Built target test_e24_c3_adapter_anatomy
make[3]: Entering directory '/home/comdare/wt-b14-ce/build/gate'
make[3]: Leaving directory '/home/comdare/wt-b14-ce/build/gate'
[ 43%] Built target test_e24_c4_genus_conformance_gates
make[3]: Leaving directory '/home/comdare/wt-b14-ce/build/gate'
[ 43%] Built target test_e24_c5_fk8_genus_baupfad_d1
make[3]: Entering directory '/home/comdare/wt-b14-ce/build/gate'
make[3]: Entering directory '/home/comdare/wt-b14-ce/build/gate'
[ 43%] Built target test_e24_c3_cross_genus
make[3]: Leaving directory '/home/comdare/wt-b14-ce/build/gate'
make[3]: Entering directory '/home/comdare/wt-b14-ce/build/gate'
[ 43%] Built target test_e24_c6v_growth_statistics
[ 43%] Built target test_a8s3_sa_organ_member_vollstaendigkeit
make[3]: Entering directory '/home/comdare/wt-b14-ce/build/gate'
make[3]: Leaving directory '/home/comdare/wt-b14-ce/build/gate'
make[3]: Entering directory '/home/comdare/wt-b14-ce/build/gate'
[ 43%] Built target test_e24_c6v_view_statistics
make[3]: Leaving directory '/home/comdare/wt-b14-ce/build/gate'
make[3]: Leaving directory '/home/comdare/wt-b14-ce/build/gate'
make[3]: Entering directory '/home/comdare/wt-b14-ce/build/gate'
make[3]: Leaving directory '/home/comdare/wt-b14-ce/build/gate'
[ 44%] Built target test_e24_c6v_inner_container_statistics
make[3]: Leaving directory '/home/comdare/wt-b14-ce/build/gate'
make[3]: Entering directory '/home/comdare/wt-b14-ce/build/gate'
[ 44%] Built target test_e24_c6v_set_ehrlichkeit
[ 44%] Built target test_e24_c6_genus_observer_aggregate
[ 44%] Built target test_e24_c6_axis_row_writer
make[3]: Entering directory '/home/comdare/wt-b14-ce/build/gate'
make[3]: Leaving directory '/home/comdare/wt-b14-ce/build/gate'
make[3]: Entering directory '/home/comdare/wt-b14-ce/build/gate'
[ 44%] Built target test_e24_c6_set_wire_aggregate
make[3]: Entering directory '/home/comdare/wt-b14-ce/build/gate'
make[3]: Leaving directory '/home/comdare/wt-b14-ce/build/gate'
make[3]: Entering directory '/home/comdare/wt-b14-ce/build/gate'
[ 45%] Built target test_e24_c6_sequence_wire_aggregate
make[3]: Leaving directory '/home/comdare/wt-b14-ce/build/gate'
[ 45%] Built target test_e24_c6_adapter_wire_aggregate
make[3]: Leaving directory '/home/comdare/wt-b14-ce/build/gate'
make[3]: Entering directory '/home/comdare/wt-b14-ce/build/gate'
make[3]: Entering directory '/home/comdare/wt-b14-ce/build/gate'
make[3]: Leaving directory '/home/comdare/wt-b14-ce/build/gate'
make[3]: Leaving directory '/home/comdare/wt-b14-ce/build/gate'
make[3]: Leaving directory '/home/comdare/wt-b14-ce/build/gate'
[ 45%] Built target test_e24_c6_view_wire_aggregate
[ 45%] Built target test_e24_c7_gattung_map_umbenennung
make[3]: Leaving directory '/home/comdare/wt-b14-ce/build/gate'
[ 45%] Built target test_e24_c7_container_gattungs_kern
make[3]: Entering directory '/home/comdare/wt-b14-ce/build/gate'
make[3]: Entering directory '/home/comdare/wt-b14-ce/build/gate'
make[3]: Entering directory '/home/comdare/wt-b14-ce/build/gate'
[ 45%] Built target test_e24_c6_set_algebra_abi
make[3]: Entering directory '/home/comdare/wt-b14-ce/build/gate'
[ 45%] Built target test_e24_c7_element_type_vertrag
[ 46%] Built target test_e24_c7_gattung_abi_sichtbar
make[3]: Entering directory '/home/comdare/wt-b14-ce/build/gate'
make[3]: Leaving directory '/home/comdare/wt-b14-ce/build/gate'
make[3]: Entering directory '/home/comdare/wt-b14-ce/build/gate'
make[3]: Leaving directory '/home/comdare/wt-b14-ce/build/gate'
make[3]: Leaving directory '/home/comdare/wt-b14-ce/build/gate'
[ 47%] Built target test_e24_c5_fk7_dock_fehlerklassen
[ 47%] Built target test_e24_c4_genus_pruef_docks
make[3]: Entering directory '/home/comdare/wt-b14-ce/build/gate'
[ 47%] Built target test_e24_c7_symmetrie_und_benennung
make[3]: Leaving directory '/home/comdare/wt-b14-ce/build/gate'
make[3]: Entering directory '/home/comdare/wt-b14-ce/build/gate'
make[3]: Leaving directory '/home/comdare/wt-b14-ce/build/gate'
make[3]: Entering directory '/home/comdare/wt-b14-ce/build/gate'
make[3]: Leaving directory '/home/comdare/wt-b14-ce/build/gate'
make[3]: Leaving directory '/home/comdare/wt-b14-ce/build/gate'
make[3]: Leaving directory '/home/comdare/wt-b14-ce/build/gate'
[ 48%] Built target test_seg_coverage
[ 48%] Built target test_migration_two_tier
make[3]: Leaving directory '/home/comdare/wt-b14-ce/build/gate'
make[3]: Entering directory '/home/comdare/wt-b14-ce/build/gate'
make[3]: Entering directory '/home/comdare/wt-b14-ce/build/gate'
[ 48%] Built target test_filter_real_from_keys
[ 48%] Built target test_value_handle_real
make[3]: Entering directory '/home/comdare/wt-b14-ce/build/gate'
[ 48%] Built target test_patricia_real
make[3]: Entering directory '/home/comdare/wt-b14-ce/build/gate'
make[3]: Entering directory '/home/comdare/wt-b14-ce/build/gate'
[ 48%] Built target test_prefetch_real
make[3]: Leaving directory '/home/comdare/wt-b14-ce/build/gate'
make[3]: Entering directory '/home/comdare/wt-b14-ce/build/gate'
make[3]: Leaving directory '/home/comdare/wt-b14-ce/build/gate'
make[3]: Leaving directory '/home/comdare/wt-b14-ce/build/gate'
make[3]: Leaving directory '/home/comdare/wt-b14-ce/build/gate'
make[3]: Leaving directory '/home/comdare/wt-b14-ce/build/gate'
[ 48%] Built target test_prefetch_adversarial_verify
make[3]: Entering directory '/home/comdare/wt-b14-ce/build/gate'
make[3]: Leaving directory '/home/comdare/wt-b14-ce/build/gate'
[ 49%] Built target test_prefetch_patha_t7
make[3]: Entering directory '/home/comdare/wt-b14-ce/build/gate'
[ 49%] Built target test_s5_04_execution_alloc_conformance
[ 49%] Built target test_a8s3_t17_stats_lesezeitpunkt
make[3]: Leaving directory '/home/comdare/wt-b14-ce/build/gate'
make[3]: Entering directory '/home/comdare/wt-b14-ce/build/gate'
make[3]: Entering directory '/home/comdare/wt-b14-ce/build/gate'
[ 49%] Built target test_a8s1_t17_vollzaehligkeit
make[3]: Entering directory '/home/comdare/wt-b14-ce/build/gate'
[ 49%] Built target test_s5_04_execution_perf_sanity
make[3]: Leaving directory '/home/comdare/wt-b14-ce/build/gate'
make[3]: Entering directory '/home/comdare/wt-b14-ce/build/gate'
[ 49%] Built target test_s5_03_placement_alloc_conformance
make[3]: Entering directory '/home/comdare/wt-b14-ce/build/gate'
make[3]: Leaving directory '/home/comdare/wt-b14-ce/build/gate'
make[3]: Leaving directory '/home/comdare/wt-b14-ce/build/gate'
[ 49%] Built target test_s5_03_placement_perf_sanity
make[3]: Leaving directory '/home/comdare/wt-b14-ce/build/gate'
make[3]: Leaving directory '/home/comdare/wt-b14-ce/build/gate'
make[3]: Entering directory '/home/comdare/wt-b14-ce/build/gate'
make[3]: Leaving directory '/home/comdare/wt-b14-ce/build/gate'
[ 49%] Built target test_s5_02a_layout_alloc_conformance
make[3]: Entering directory '/home/comdare/wt-b14-ce/build/gate'
[ 49%] Built target test_s5_01a_pool_stores_alloc_conformance
[ 49%] Built target test_s5_01d_traversal_alloc_conformance
[ 49%] Built target test_s5_02a_layout_perf_sanity
make[3]: Leaving directory '/home/comdare/wt-b14-ce/build/gate'
make[3]: Entering directory '/home/comdare/wt-b14-ce/build/gate'
make[3]: Entering directory '/home/comdare/wt-b14-ce/build/gate'
make[3]: Entering directory '/home/comdare/wt-b14-ce/build/gate'
[ 50%] Built target test_s5_01d_traversal_perf_sanity
make[3]: Entering directory '/home/comdare/wt-b14-ce/build/gate'
make[3]: Leaving directory '/home/comdare/wt-b14-ce/build/gate'
make[3]: Leaving directory '/home/comdare/wt-b14-ce/build/gate'
make[3]: Leaving directory '/home/comdare/wt-b14-ce/build/gate'
make[3]: Leaving directory '/home/comdare/wt-b14-ce/build/gate'
[ 51%] Built target test_s5_01a_pool_stores_perf_sanity
make[3]: Entering directory '/home/comdare/wt-b14-ce/build/gate'
[ 51%] Built target test_s5_01b_composable_alloc_conformance
[ 51%] Built target test_s5_01b_composable_perf_sanity
[ 52%] Built target test_s5_02b_filter_perf_sanity
make[3]: Entering directory '/home/comdare/wt-b14-ce/build/gate'
make[3]: Leaving directory '/home/comdare/wt-b14-ce/build/gate'
[ 52%] Built target test_s5_02b_filter_alloc_conformance
make[3]: Entering directory '/home/comdare/wt-b14-ce/build/gate'
make[3]: Entering directory '/home/comdare/wt-b14-ce/build/gate'
make[3]: Entering directory '/home/comdare/wt-b14-ce/build/gate'
make[3]: Leaving directory '/home/comdare/wt-b14-ce/build/gate'
make[3]: Leaving directory '/home/comdare/wt-b14-ce/build/gate'
make[3]: Leaving directory '/home/comdare/wt-b14-ce/build/gate'
make[3]: Leaving directory '/home/comdare/wt-b14-ce/build/gate'
[ 52%] Built target test_s5_01c_fassaden_conformance
make[3]: Leaving directory '/home/comdare/wt-b14-ce/build/gate'
[ 52%] Built target test_h64_allocator_adapter_failure_contract
[ 52%] Built target test_h81_allocator_statistics_forwarder_recursion
make[3]: Entering directory '/home/comdare/wt-b14-ce/build/gate'
make[3]: Entering directory '/home/comdare/wt-b14-ce/build/gate'
make[3]: Entering directory '/home/comdare/wt-b14-ce/build/gate'
[ 53%] Built target test_s5_05q_queuing_alloc_conformance
[ 53%] Built target test_s5_05q_queuing_perf_sanity
make[3]: Entering directory '/home/comdare/wt-b14-ce/build/gate'
make[3]: Entering directory '/home/comdare/wt-b14-ce/build/gate'
make[3]: Leaving directory '/home/comdare/wt-b14-ce/build/gate'
[ 53%] Built target test_cow_memento
make[3]: Entering directory '/home/comdare/wt-b14-ce/build/gate'
make[3]: Leaving directory '/home/comdare/wt-b14-ce/build/gate'
make[3]: Leaving directory '/home/comdare/wt-b14-ce/build/gate'
make[3]: Leaving directory '/home/comdare/wt-b14-ce/build/gate'
[ 53%] Built target test_cuckoo_eviction_correctness
make[3]: Entering directory '/home/comdare/wt-b14-ce/build/gate'
make[3]: Leaving directory '/home/comdare/wt-b14-ce/build/gate'
[ 53%] Built target test_hash_lookup_backward_shift
make[3]: Leaving directory '/home/comdare/wt-b14-ce/build/gate'
[ 53%] Built target test_br1_subset
make[3]: Entering directory '/home/comdare/wt-b14-ce/build/gate'
[ 53%] Built target test_scalloc_realloc_alignment
make[3]: Entering directory '/home/comdare/wt-b14-ce/build/gate'
make[3]: Entering directory '/home/comdare/wt-b14-ce/build/gate'
[ 53%] Built target test_br2_descriptor_foundation
make[3]: Leaving directory '/home/comdare/wt-b14-ce/build/gate'
make[3]: Entering directory '/home/comdare/wt-b14-ce/build/gate'
[ 53%] Built target test_br1_full22_count
make[3]: Leaving directory '/home/comdare/wt-b14-ce/build/gate'
make[3]: Leaving directory '/home/comdare/wt-b14-ce/build/gate'
make[3]: Leaving directory '/home/comdare/wt-b14-ce/build/gate'
make[3]: Entering directory '/home/comdare/wt-b14-ce/build/gate'
make[3]: Leaving directory '/home/comdare/wt-b14-ce/build/gate'
[ 53%] Built target test_br2_roundtrip
[ 53%] Built target test_clu_per_layout
make[3]: Leaving directory '/home/comdare/wt-b14-ce/build/gate'
[ 53%] Built target test_br_kf15_real
make[3]: Entering directory '/home/comdare/wt-b14-ce/build/gate'
make[3]: Entering directory '/home/comdare/wt-b14-ce/build/gate'
make[3]: Entering directory '/home/comdare/wt-b14-ce/build/gate'
[ 54%] Built target test_br3_obs22
[ 54%] Built target test_cow_capable_wrappers
make[3]: Entering directory '/home/comdare/wt-b14-ce/build/gate'
make[3]: Entering directory '/home/comdare/wt-b14-ce/build/gate'
[ 54%] Built target test_d4b_container_adapter
make[3]: Leaving directory '/home/comdare/wt-b14-ce/build/gate'
make[3]: Entering directory '/home/comdare/wt-b14-ce/build/gate'
make[3]: Leaving directory '/home/comdare/wt-b14-ce/build/gate'
make[3]: Leaving directory '/home/comdare/wt-b14-ce/build/gate'
make[3]: Leaving directory '/home/comdare/wt-b14-ce/build/gate'
[ 54%] Built target test_genus_binding
make[3]: Leaving directory '/home/comdare/wt-b14-ce/build/gate'
make[3]: Entering directory '/home/comdare/wt-b14-ce/build/gate'
make[3]: Leaving directory '/home/comdare/wt-b14-ce/build/gate'
[ 54%] Built target test_kf4_resource_control
[ 54%] Built target test_genus_organ_binding
[ 54%] Built target test_kf6_node_run_body
make[3]: Entering directory '/home/comdare/wt-b14-ce/build/gate'
make[3]: Entering directory '/home/comdare/wt-b14-ce/build/gate'
make[3]: Entering directory '/home/comdare/wt-b14-ce/build/gate'
[ 55%] Built target test_kf5_cacheline_weave
make[3]: Leaving directory '/home/comdare/wt-b14-ce/build/gate'
make[3]: Entering directory '/home/comdare/wt-b14-ce/build/gate'
[ 55%] Built target test_kf7_runtime_loop
make[3]: Leaving directory '/home/comdare/wt-b14-ce/build/gate'
make[3]: Leaving directory '/home/comdare/wt-b14-ce/build/gate'
make[3]: Leaving directory '/home/comdare/wt-b14-ce/build/gate'
make[3]: Entering directory '/home/comdare/wt-b14-ce/build/gate'
[ 55%] Built target test_kf8_ceb_generator
make[3]: Entering directory '/home/comdare/wt-b14-ce/build/gate'
[ 56%] Built target test_kf9_experiment_tree
make[3]: Leaving directory '/home/comdare/wt-b14-ce/build/gate'
[ 56%] Built target test_kf10_repetition_plan
[ 56%] Built target test_kf11_telemetry_silent
make[3]: Entering directory '/home/comdare/wt-b14-ce/build/gate'
make[3]: Entering directory '/home/comdare/wt-b14-ce/build/gate'
make[3]: Leaving directory '/home/comdare/wt-b14-ce/build/gate'
make[3]: Entering directory '/home/comdare/wt-b14-ce/build/gate'
[ 56%] Built target test_kf12_kf13_slurm_prepare
make[3]: Entering directory '/home/comdare/wt-b14-ce/build/gate'
make[3]: Leaving directory '/home/comdare/wt-b14-ce/build/gate'
[ 56%] Built target test_kf15_inverse_signature
make[3]: Leaving directory '/home/comdare/wt-b14-ce/build/gate'
make[3]: Leaving directory '/home/comdare/wt-b14-ce/build/gate'
make[3]: Leaving directory '/home/comdare/wt-b14-ce/build/gate'
make[3]: Entering directory '/home/comdare/wt-b14-ce/build/gate'
[ 57%] Built target test_kf16_build_orchestrator
make[3]: Leaving directory '/home/comdare/wt-b14-ce/build/gate'
[ 57%] Built target test_kf16b_build_resilience
[ 58%] Built target test_w11_async_push_pump
make[3]: Entering directory '/home/comdare/wt-b14-ce/build/gate'
make[3]: Leaving directory '/home/comdare/wt-b14-ce/build/gate'
make[3]: Entering directory '/home/comdare/wt-b14-ce/build/gate'
make[3]: Entering directory '/home/comdare/wt-b14-ce/build/gate'
[ 60%] Built target test_w6_parallel_provision
make[3]: Entering directory '/home/comdare/wt-b14-ce/build/gate'
[ 60%] Built target test_s5_artifact_cache_bounded
[ 60%] Built target test_s1_cache_key_prefix
make[3]: Leaving directory '/home/comdare/wt-b14-ce/build/gate'
make[3]: Entering directory '/home/comdare/wt-b14-ce/build/gate'
make[3]: Leaving directory '/home/comdare/wt-b14-ce/build/gate'
make[3]: Entering directory '/home/comdare/wt-b14-ce/build/gate'
make[3]: Leaving directory '/home/comdare/wt-b14-ce/build/gate'
make[3]: Leaving directory '/home/comdare/wt-b14-ce/build/gate'
make[3]: Leaving directory '/home/comdare/wt-b14-ce/build/gate'
[ 60%] Built target test_s2_pull_tier_binary
[ 60%] Built target test_45_parallel_measure_loop
make[3]: Entering directory '/home/comdare/wt-b14-ce/build/gate'
[ 60%] Built target test_cache_mc_timeout
make[3]: Entering directory '/home/comdare/wt-b14-ce/build/gate'
make[3]: Leaving directory '/home/comdare/wt-b14-ce/build/gate'
make[3]: Entering directory '/home/comdare/wt-b14-ce/build/gate'
[ 60%] Built target test_e24_c10_g6_identitaets_bilanz
[ 61%] Built target test_r2_suffix_wachen
make[3]: Entering directory '/home/comdare/wt-b14-ce/build/gate'
make[3]: Entering directory '/home/comdare/wt-b14-ce/build/gate'
make[3]: Leaving directory '/home/comdare/wt-b14-ce/build/gate'
make[3]: Leaving directory '/home/comdare/wt-b14-ce/build/gate'
[ 61%] Built target test_w10_c4_zellwert_naht
make[3]: Leaving directory '/home/comdare/wt-b14-ce/build/gate'
make[3]: Entering directory '/home/comdare/wt-b14-ce/build/gate'
[ 61%] Built target test_e24_c9_fk5_fehlerraum
[ 62%] Built target test_resthygiene2_organ_fingerprint
make[3]: Leaving directory '/home/comdare/wt-b14-ce/build/gate'
make[3]: Leaving directory '/home/comdare/wt-b14-ce/build/gate'
make[3]: Entering directory '/home/comdare/wt-b14-ce/build/gate'
make[3]: Entering directory '/home/comdare/wt-b14-ce/build/gate'
[ 62%] Built target test_all19_segment_timer
make[3]: Entering directory '/home/comdare/wt-b14-ce/build/gate'
make[3]: Leaving directory '/home/comdare/wt-b14-ce/build/gate'
make[3]: Leaving directory '/home/comdare/wt-b14-ce/build/gate'
[ 62%] Built target test_br3_observer
make[3]: Entering directory '/home/comdare/wt-b14-ce/build/gate'
make[3]: Leaving directory '/home/comdare/wt-b14-ce/build/gate'
[ 62%] Built target test_m8_storetrav_segment
make[3]: Entering directory '/home/comdare/wt-b14-ce/build/gate'
[ 62%] Built target test_obs_phaseB_t14_t16
make[3]: Leaving directory '/home/comdare/wt-b14-ce/build/gate'
[ 62%] Built target test_obs_phaseB_t11_t12_iso
make[3]: Entering directory '/home/comdare/wt-b14-ce/build/gate'
make[3]: Entering directory '/home/comdare/wt-b14-ce/build/gate'
make[3]: Leaving directory '/home/comdare/wt-b14-ce/build/gate'
[ 62%] Built target test_pathb_segment_timer
[ 62%] Built target test_segment_timer_differentiation
make[3]: Leaving directory '/home/comdare/wt-b14-ce/build/gate'
make[3]: Entering directory '/home/comdare/wt-b14-ce/build/gate'
make[3]: Entering directory '/home/comdare/wt-b14-ce/build/gate'
make[3]: Leaving directory '/home/comdare/wt-b14-ce/build/gate'
make[3]: Leaving directory '/home/comdare/wt-b14-ce/build/gate'
[ 63%] Built target test_obs_phaseA
make[3]: Entering directory '/home/comdare/wt-b14-ce/build/gate'
[ 63%] Built target test_obs_phaseB_t11_t12
make[3]: Entering directory '/home/comdare/wt-b14-ce/build/gate'
make[3]: Leaving directory '/home/comdare/wt-b14-ce/build/gate'
[ 63%] Built target test_d_v42_abi_telemetry_coupling
make[3]: Leaving directory '/home/comdare/wt-b14-ce/build/gate'
make[3]: Entering directory '/home/comdare/wt-b14-ce/build/gate'
[ 63%] Built target test_obs_phaseB_pilot
make[3]: Leaving directory '/home/comdare/wt-b14-ce/build/gate'
make[3]: Leaving directory '/home/comdare/wt-b14-ce/build/gate'
make[3]: Entering directory '/home/comdare/wt-b14-ce/build/gate'
make[3]: Leaving directory '/home/comdare/wt-b14-ce/build/gate'
[ 63%] Built target test_a8s4_release_pfad_neutralitaet
make[3]: Entering directory '/home/comdare/wt-b14-ce/build/gate'
make[3]: Leaving directory '/home/comdare/wt-b14-ce/build/gate'
[ 63%] Built target test_a8s4_konstitutiv_kette
[ 63%] Built target test_kf1_thesis_profile_parser
[ 63%] Built target test_q1_lockfree_concurrency
make[3]: Entering directory '/home/comdare/wt-b14-ce/build/gate'
make[3]: Entering directory '/home/comdare/wt-b14-ce/build/gate'
[ 63%] Built target test_v5_io_real_fixture
make[3]: Entering directory '/home/comdare/wt-b14-ce/build/gate'
make[3]: Entering directory '/home/comdare/wt-b14-ce/build/gate'
[ 63%] Built target test_winsorized_mean
make[3]: Leaving directory '/home/comdare/wt-b14-ce/build/gate'
make[3]: Entering directory '/home/comdare/wt-b14-ce/build/gate'
make[3]: Leaving directory '/home/comdare/wt-b14-ce/build/gate'
make[3]: Leaving directory '/home/comdare/wt-b14-ce/build/gate'
make[3]: Leaving directory '/home/comdare/wt-b14-ce/build/gate'
[ 63%] Built target test_conformance_gate
make[3]: Leaving directory '/home/comdare/wt-b14-ce/build/gate'
make[3]: Entering directory '/home/comdare/wt-b14-ce/build/gate'
[ 63%] Built target test_188_4bb0_pool_organ_wide_key_conformance
make[3]: Entering directory '/home/comdare/wt-b14-ce/build/gate'
make[3]: Leaving directory '/home/comdare/wt-b14-ce/build/gate'
[ 63%] Built target test_s7_1_bst_pool_allocator_deg
make[3]: Entering directory '/home/comdare/wt-b14-ce/build/gate'
[ 63%] Built target test_phase_b_effective_search_algo_contrast
make[3]: Entering directory '/home/comdare/wt-b14-ce/build/gate'
make[3]: Leaving directory '/home/comdare/wt-b14-ce/build/gate'
[ 63%] Built target test_188_4bbV_pool_adapter_flip_compile
make[3]: Leaving directory '/home/comdare/wt-b14-ce/build/gate'
make[3]: Entering directory '/home/comdare/wt-b14-ce/build/gate'
[ 63%] Built target test_ap15_2_get_allocator_proxy
make[3]: Entering directory '/home/comdare/wt-b14-ce/build/gate'
make[3]: Leaving directory '/home/comdare/wt-b14-ce/build/gate'
[ 64%] Built target test_ap15_3_driveable_map_contract
make[3]: Leaving directory '/home/comdare/wt-b14-ce/build/gate'
make[3]: Entering directory '/home/comdare/wt-b14-ce/build/gate'
make[3]: Leaving directory '/home/comdare/wt-b14-ce/build/gate'
[ 65%] Built target test_s7_2_btree_pool_allocator_deg
make[3]: Entering directory '/home/comdare/wt-b14-ce/build/gate'
[ 65%] Built target test_29_container_framework
make[3]: Leaving directory '/home/comdare/wt-b14-ce/build/gate'
make[3]: Entering directory '/home/comdare/wt-b14-ce/build/gate'
make[3]: Leaving directory '/home/comdare/wt-b14-ce/build/gate'
[ 65%] Built target test_striktheit_axis_dach_guard
[ 65%] Built target test_234_va_shaped_adapter
make[3]: Leaving directory '/home/comdare/wt-b14-ce/build/gate'
make[3]: Entering directory '/home/comdare/wt-b14-ce/build/gate'
make[3]: Entering directory '/home/comdare/wt-b14-ce/build/gate'
make[3]: Leaving directory '/home/comdare/wt-b14-ce/build/gate'
[ 65%] Built target test_a14_os_sub_axes_guard
[ 65%] Built target test_meta_meta_halbordnung
make[3]: Entering directory '/home/comdare/wt-b14-ce/build/gate'
make[3]: Entering directory '/home/comdare/wt-b14-ce/build/gate'
[ 65%] Built target test_axis_error_taxonomy
make[3]: Entering directory '/home/comdare/wt-b14-ce/build/gate'
make[3]: Leaving directory '/home/comdare/wt-b14-ce/build/gate'
[ 65%] Built target test_rf3_betriebssystem_feature_fehlt
make[3]: Leaving directory '/home/comdare/wt-b14-ce/build/gate'
make[3]: Leaving directory '/home/comdare/wt-b14-ce/build/gate'
make[3]: Entering directory '/home/comdare/wt-b14-ce/build/gate'
make[3]: Leaving directory '/home/comdare/wt-b14-ce/build/gate'
make[3]: Leaving directory '/home/comdare/wt-b14-ce/build/gate'
make[3]: Leaving directory '/home/comdare/wt-b14-ce/build/gate'
[ 65%] Built target test_striktheit_axes_guard
[ 65%] Built target test_striktheit_metaprog_guard
[ 67%] Built target test_striktheit_scan_kernel_purity
[ 67%] Built target test_striktheit_abi_pod_guard
make[3]: Entering directory '/home/comdare/wt-b14-ce/build/gate'
make[3]: Entering directory '/home/comdare/wt-b14-ce/build/gate'
make[3]: Entering directory '/home/comdare/wt-b14-ce/build/gate'
make[3]: Entering directory '/home/comdare/wt-b14-ce/build/gate'
[ 68%] Built target test_234_vb_rest_families_shaped
[ 68%] Built target test_cmd1_a_axis_command_base
make[3]: Entering directory '/home/comdare/wt-b14-ce/build/gate'
make[3]: Leaving directory '/home/comdare/wt-b14-ce/build/gate'
make[3]: Entering directory '/home/comdare/wt-b14-ce/build/gate'
make[3]: Leaving directory '/home/comdare/wt-b14-ce/build/gate'
make[3]: Leaving directory '/home/comdare/wt-b14-ce/build/gate'
make[3]: Leaving directory '/home/comdare/wt-b14-ce/build/gate'
make[3]: Leaving directory '/home/comdare/wt-b14-ce/build/gate'
make[3]: Leaving directory '/home/comdare/wt-b14-ce/build/gate'
[ 68%] Built target test_s7_3_skip_list_pool_allocator_deg
make[3]: Entering directory '/home/comdare/wt-b14-ce/build/gate'
[ 68%] Built target test_s7_5_art_pool_allocator_deg
make[3]: Entering directory '/home/comdare/wt-b14-ce/build/gate'
[ 68%] Built target test_s7_7_start_pool_allocator_deg
[ 68%] Built target test_s7_4_hash_pool_allocator_deg
[ 69%] Built target test_s7_6_hot_pool_allocator_deg
make[3]: Entering directory '/home/comdare/wt-b14-ce/build/gate'
make[3]: Entering directory '/home/comdare/wt-b14-ce/build/gate'
make[3]: Entering directory '/home/comdare/wt-b14-ce/build/gate'
[ 69%] Built target test_s7_8_wormhole_pool_allocator_deg
make[3]: Entering directory '/home/comdare/wt-b14-ce/build/gate'
make[3]: Leaving directory '/home/comdare/wt-b14-ce/build/gate'
make[3]: Leaving directory '/home/comdare/wt-b14-ce/build/gate'
make[3]: Leaving directory '/home/comdare/wt-b14-ce/build/gate'
make[3]: Leaving directory '/home/comdare/wt-b14-ce/build/gate'
make[3]: Leaving directory '/home/comdare/wt-b14-ce/build/gate'
make[3]: Leaving directory '/home/comdare/wt-b14-ce/build/gate'
[ 70%] Built target test_234_f1_btree_order_shape
make[3]: Entering directory '/home/comdare/wt-b14-ce/build/gate'
[ 70%] Built target test_s7_10_swiss_pool_allocator_deg
make[3]: Entering directory '/home/comdare/wt-b14-ce/build/gate'
[ 70%] Built target test_234_f3_bst_shape
[ 70%] Built target test_234_f2_skip_list_shape
[ 70%] Built target test_s7_9_surf_pool_allocator_deg
make[3]: Entering directory '/home/comdare/wt-b14-ce/build/gate'
make[3]: Entering directory '/home/comdare/wt-b14-ce/build/gate'
make[3]: Entering directory '/home/comdare/wt-b14-ce/build/gate'
[ 70%] Built target test_234_f4_hash_probe_shape
make[3]: Leaving directory '/home/comdare/wt-b14-ce/build/gate'
make[3]: Entering directory '/home/comdare/wt-b14-ce/build/gate'
make[3]: Leaving directory '/home/comdare/wt-b14-ce/build/gate'
make[3]: Leaving directory '/home/comdare/wt-b14-ce/build/gate'
make[3]: Leaving directory '/home/comdare/wt-b14-ce/build/gate'
make[3]: Leaving directory '/home/comdare/wt-b14-ce/build/gate'
[ 70%] Built target test_188_4a_eytzinger_organ
make[3]: Leaving directory '/home/comdare/wt-b14-ce/build/gate'
make[3]: Entering directory '/home/comdare/wt-b14-ce/build/gate'
[ 70%] Built target test_216h2_stat_reset_after_load
[ 71%] Built target test_188_4c0_known_compositions_conformance
make[3]: Entering directory '/home/comdare/wt-b14-ce/build/gate'
make[3]: Entering directory '/home/comdare/wt-b14-ce/build/gate'
[ 72%] Built target test_221_rc_prefetch_distance
[ 72%] Built target test_abi_adapter_g3_batch2
make[3]: Entering directory '/home/comdare/wt-b14-ce/build/gate'
make[3]: Entering directory '/home/comdare/wt-b14-ce/build/gate'
[ 73%] Built target test_e1_contract_rc_konsum
make[3]: Leaving directory '/home/comdare/wt-b14-ce/build/gate'
make[3]: Entering directory '/home/comdare/wt-b14-ce/build/gate'
make[3]: Leaving directory '/home/comdare/wt-b14-ce/build/gate'
make[3]: Leaving directory '/home/comdare/wt-b14-ce/build/gate'
make[3]: Leaving directory '/home/comdare/wt-b14-ce/build/gate'
make[3]: Leaving directory '/home/comdare/wt-b14-ce/build/gate'
[ 73%] Built target test_188_4cii_flat_wrapper_traversal
[ 73%] Built target m3v2_pmc_smoke
make[3]: Leaving directory '/home/comdare/wt-b14-ce/build/gate'
make[3]: Entering directory '/home/comdare/wt-b14-ce/build/gate'
make[3]: Entering directory '/home/comdare/wt-b14-ce/build/gate'
[ 73%] Built target test_217_2a_capacity_guard
[ 74%] Built target test_harness_compile
make[3]: Entering directory '/home/comdare/wt-b14-ce/build/gate'
make[3]: Entering directory '/home/comdare/wt-b14-ce/build/gate'
[ 75%] Built target test_tp1_planer_filter_iterator
[ 75%] Built target test_f3_lager_key_provider_iterator
make[3]: Leaving directory '/home/comdare/wt-b14-ce/build/gate'
make[3]: Leaving directory '/home/comdare/wt-b14-ce/build/gate'
make[3]: Entering directory '/home/comdare/wt-b14-ce/build/gate'
make[3]: Entering directory '/home/comdare/wt-b14-ce/build/gate'
make[3]: Leaving directory '/home/comdare/wt-b14-ce/build/gate'
make[3]: Leaving directory '/home/comdare/wt-b14-ce/build/gate'
[ 75%] Built target test_lazy_resume_binary
make[3]: Leaving directory '/home/comdare/wt-b14-ce/build/gate'
[ 75%] Built target test_w5_status_reader
make[3]: Entering directory '/home/comdare/wt-b14-ce/build/gate'
make[3]: Entering directory '/home/comdare/wt-b14-ce/build/gate'
[ 75%] Built target test_experiment_dock_payload
make[3]: Leaving directory '/home/comdare/wt-b14-ce/build/gate'
[ 76%] Built target test_progress_delta
make[3]: Entering directory '/home/comdare/wt-b14-ce/build/gate'
make[3]: Entering directory '/home/comdare/wt-b14-ce/build/gate'
[ 76%] Built target test_gn_cell_filter
make[3]: Entering directory '/home/comdare/wt-b14-ce/build/gate'
make[3]: Leaving directory '/home/comdare/wt-b14-ce/build/gate'
[ 76%] Built target test_profile_coverage
make[3]: Leaving directory '/home/comdare/wt-b14-ce/build/gate'
make[3]: Entering directory '/home/comdare/wt-b14-ce/build/gate'
make[3]: Leaving directory '/home/comdare/wt-b14-ce/build/gate'
make[3]: Leaving directory '/home/comdare/wt-b14-ce/build/gate'
make[3]: Leaving directory '/home/comdare/wt-b14-ce/build/gate'
[ 77%] Built target test_axis_sweep_coverage
[ 77%] Built target test_ap2_katalog_pfad_stubfrei
make[3]: Entering directory '/home/comdare/wt-b14-ce/build/gate'
[ 77%] Built target test_org18_persistence_target
make[3]: Leaving directory '/home/comdare/wt-b14-ce/build/gate'
make[3]: Entering directory '/home/comdare/wt-b14-ce/build/gate'
make[3]: Entering directory '/home/comdare/wt-b14-ce/build/gate'
[ 77%] Built target test_smoke_coverage_profile
make[3]: Entering directory '/home/comdare/wt-b14-ce/build/gate'
[ 77%] Built target test_wdk_datasets_fairness
make[3]: Entering directory '/home/comdare/wt-b14-ce/build/gate'
make[3]: Leaving directory '/home/comdare/wt-b14-ce/build/gate'
make[3]: Leaving directory '/home/comdare/wt-b14-ce/build/gate'
[ 77%] Built target test_measurement_categories
make[3]: Leaving directory '/home/comdare/wt-b14-ce/build/gate'
make[3]: Entering directory '/home/comdare/wt-b14-ce/build/gate'
make[3]: Leaving directory '/home/comdare/wt-b14-ce/build/gate'
[ 77%] Built target test_experiment_kern_seam
make[3]: Entering directory '/home/comdare/wt-b14-ce/build/gate'
[ 77%] Built target test_experiment_parser
make[3]: Entering directory '/home/comdare/wt-b14-ce/build/gate'
[ 77%] Built target test_experiment_projection
make[3]: Leaving directory '/home/comdare/wt-b14-ce/build/gate'
make[3]: Leaving directory '/home/comdare/wt-b14-ce/build/gate'
make[3]: Entering directory '/home/comdare/wt-b14-ce/build/gate'
[ 78%] Built target test_merge_plan_directive
make[3]: Entering directory '/home/comdare/wt-b14-ce/build/gate'
make[3]: Leaving directory '/home/comdare/wt-b14-ce/build/gate'
make[3]: Leaving directory '/home/comdare/wt-b14-ce/build/gate'
make[3]: Leaving directory '/home/comdare/wt-b14-ce/build/gate'
make[3]: Leaving directory '/home/comdare/wt-b14-ce/build/gate'
[ 78%] Built target test_sota_st2_dedup
[ 78%] Built target test_h2_score_akte
make[3]: Entering directory '/home/comdare/wt-b14-ce/build/gate'
[ 80%] Built target linux_perf_pmc_smoke
make[3]: Entering directory '/home/comdare/wt-b14-ce/build/gate'
make[3]: Entering directory '/home/comdare/wt-b14-ce/build/gate'
[ 81%] Built target test_validate_profile
[ 81%] Built target test_dgenus_dll
make[3]: Entering directory '/home/comdare/wt-b14-ce/build/gate'
make[3]: Entering directory '/home/comdare/wt-b14-ce/build/gate'
[ 82%] Built target test_experiment_plan_director
make[3]: Leaving directory '/home/comdare/wt-b14-ce/build/gate'
make[3]: Entering directory '/home/comdare/wt-b14-ce/build/gate'
make[3]: Leaving directory '/home/comdare/wt-b14-ce/build/gate'
make[3]: Leaving directory '/home/comdare/wt-b14-ce/build/gate'
make[3]: Leaving directory '/home/comdare/wt-b14-ce/build/gate'
make[3]: Leaving directory '/home/comdare/wt-b14-ce/build/gate'
[ 83%] Built target test_buildvariant_dll
[ 83%] Built target test_e24_c10_genus_dll_roundtrip
make[3]: Entering directory '/home/comdare/wt-b14-ce/build/gate'
make[3]: Entering directory '/home/comdare/wt-b14-ce/build/gate'
[ 83%] Built target test_ap5_simd_extension_coherence
[ 83%] Built target test_e24_c10_g5_lade_wache
make[3]: Entering directory '/home/comdare/wt-b14-ce/build/gate'
make[3]: Leaving directory '/home/comdare/wt-b14-ce/build/gate'
make[3]: Entering directory '/home/comdare/wt-b14-ce/build/gate'
make[3]: Leaving directory '/home/comdare/wt-b14-ce/build/gate'
make[3]: Leaving directory '/home/comdare/wt-b14-ce/build/gate'
make[3]: Leaving directory '/home/comdare/wt-b14-ce/build/gate'
[ 83%] Built target test_w3_mess_interface_testate_biss
[ 83%] Built target perm_adhoc_buildvariant
make[3]: Entering directory '/home/comdare/wt-b14-ce/build/gate'
make[3]: Entering directory '/home/comdare/wt-b14-ce/build/gate'
[ 84%] Built target test_cacheline_policy_selector
[ 84%] Built target test_load_profile_writer
make[3]: Entering directory '/home/comdare/wt-b14-ce/build/gate'
make[3]: Entering directory '/home/comdare/wt-b14-ce/build/gate'
make[3]: Leaving directory '/home/comdare/wt-b14-ce/build/gate'
[ 84%] Built target test_kf3_cacheline_subaxis
make[3]: Leaving directory '/home/comdare/wt-b14-ce/build/gate'
make[3]: Leaving directory '/home/comdare/wt-b14-ce/build/gate'
make[3]: Entering directory '/home/comdare/wt-b14-ce/build/gate'
make[3]: Leaving directory '/home/comdare/wt-b14-ce/build/gate'
make[3]: Leaving directory '/home/comdare/wt-b14-ce/build/gate'
[ 84%] Built target test_fb_alloc_hw_subaxis
[ 85%] Built target test_best_binary_selector_parse_rank
[ 86%] Built target test_ff2_node_width_subaxis
[ 87%] Built target test_hybrid_spline_selector_scaffold
make[3]: Entering directory '/home/comdare/wt-b14-ce/build/gate'
make[3]: Entering directory '/home/comdare/wt-b14-ce/build/gate'
[ 87%] Built target test_e4_contract_xml_to_axislevels
make[3]: Leaving directory '/home/comdare/wt-b14-ce/build/gate'
make[3]: Entering directory '/home/comdare/wt-b14-ce/build/gate'
make[3]: Entering directory '/home/comdare/wt-b14-ce/build/gate'
make[3]: Entering directory '/home/comdare/wt-b14-ce/build/gate'
make[3]: Leaving directory '/home/comdare/wt-b14-ce/build/gate'
make[3]: Leaving directory '/home/comdare/wt-b14-ce/build/gate'
[ 87%] Built target test_e3_contract_conformance_gate_wirksam
make[3]: Leaving directory '/home/comdare/wt-b14-ce/build/gate'
make[3]: Leaving directory '/home/comdare/wt-b14-ce/build/gate'
make[3]: Entering directory '/home/comdare/wt-b14-ce/build/gate'
make[3]: Leaving directory '/home/comdare/wt-b14-ce/build/gate'
[ 88%] Built target test_e2_contract_abi_vertrag
make[3]: Entering directory '/home/comdare/wt-b14-ce/build/gate'
[ 88%] Built target test_e3_contract_binary_id_bijektion
make[3]: Leaving directory '/home/comdare/wt-b14-ce/build/gate'
[ 89%] Built target test_m_simd_feature_flag_catalog
make[3]: Entering directory '/home/comdare/wt-b14-ce/build/gate'
[ 89%] Built target test_p1_spd_ddr5_parser
make[3]: Entering directory '/home/comdare/wt-b14-ce/build/gate'
[ 89%] Built target test_m_contract_system_axis_wurzel
make[3]: Leaving directory '/home/comdare/wt-b14-ce/build/gate'
make[3]: Entering directory '/home/comdare/wt-b14-ce/build/gate'
make[3]: Entering directory '/home/comdare/wt-b14-ce/build/gate'
make[3]: Leaving directory '/home/comdare/wt-b14-ce/build/gate'
[ 89%] Built target test_p2_ram_probe_chain
make[3]: Entering directory '/home/comdare/wt-b14-ce/build/gate'
make[3]: Leaving directory '/home/comdare/wt-b14-ce/build/gate'
make[3]: Leaving directory '/home/comdare/wt-b14-ce/build/gate'
[ 90%] Built target test_p2_ram_identity_verdict
make[3]: Leaving directory '/home/comdare/wt-b14-ce/build/gate'
make[3]: Entering directory '/home/comdare/wt-b14-ce/build/gate'
[ 90%] Built target test_os_u3_probe
make[3]: Entering directory '/home/comdare/wt-b14-ce/build/gate'
[ 90%] Built target test_p3_boot_cache_dmi
[ 90%] Built target test_od10_numa_page_probe
[ 90%] Built target test_o4_machine_identity
make[3]: Leaving directory '/home/comdare/wt-b14-ce/build/gate'
make[3]: Entering directory '/home/comdare/wt-b14-ce/build/gate'
make[3]: Entering directory '/home/comdare/wt-b14-ce/build/gate'
make[3]: Leaving directory '/home/comdare/wt-b14-ce/build/gate'
make[3]: Entering directory '/home/comdare/wt-b14-ce/build/gate'
make[3]: Leaving directory '/home/comdare/wt-b14-ce/build/gate'
make[3]: Leaving directory '/home/comdare/wt-b14-ce/build/gate'
make[3]: Leaving directory '/home/comdare/wt-b14-ce/build/gate'
make[3]: Leaving directory '/home/comdare/wt-b14-ce/build/gate'
[ 90%] Built target test_c3a_gate_scharfschaltung
[ 90%] Built target test_m_w12_stamp_bausteine
make[3]: Entering directory '/home/comdare/wt-b14-ce/build/gate'
[ 90%] Built target test_g1_binary_version_stamp
make[3]: Entering directory '/home/comdare/wt-b14-ce/build/gate'
[ 90%] Built target test_progress_heartbeat
make[3]: Entering directory '/home/comdare/wt-b14-ce/build/gate'
make[3]: Entering directory '/home/comdare/wt-b14-ce/build/gate'
[ 90%] Built target test_w10_system_cell_values
make[3]: Leaving directory '/home/comdare/wt-b14-ce/build/gate'
make[3]: Entering directory '/home/comdare/wt-b14-ce/build/gate'
[ 90%] Built target comdare_catalog_codegen_cli
make[3]: Leaving directory '/home/comdare/wt-b14-ce/build/gate'
make[3]: Entering directory '/home/comdare/wt-b14-ce/build/gate'
make[3]: Leaving directory '/home/comdare/wt-b14-ce/build/gate'
make[3]: Leaving directory '/home/comdare/wt-b14-ce/build/gate'
make[3]: Leaving directory '/home/comdare/wt-b14-ce/build/gate'
[ 92%] Built target test_parser_konsolidierung
[ 92%] Built target test_simd_field_sum_dispatch
make[3]: Leaving directory '/home/comdare/wt-b14-ce/build/gate'
[ 92%] Built target test_simd_field_sum_dispatch_avx2
make[3]: Entering directory '/home/comdare/wt-b14-ce/build/gate'
make[3]: Entering directory '/home/comdare/wt-b14-ce/build/gate'
make[3]: Entering directory '/home/comdare/wt-b14-ce/build/gate'
[ 93%] Built target test_phase6_vorbau
[ 93%] Built target test_simd_field_sum_dispatch_avx512
[ 93%] Built target test_simd_add_u64_carry
make[3]: Entering directory '/home/comdare/wt-b14-ce/build/gate'
make[3]: Entering directory '/home/comdare/wt-b14-ce/build/gate'
make[3]: Entering directory '/home/comdare/wt-b14-ce/build/gate'
make[3]: Leaving directory '/home/comdare/wt-b14-ce/build/gate'
make[3]: Leaving directory '/home/comdare/wt-b14-ce/build/gate'
make[3]: Leaving directory '/home/comdare/wt-b14-ce/build/gate'
make[3]: Entering directory '/home/comdare/wt-b14-ce/build/gate'
make[3]: Leaving directory '/home/comdare/wt-b14-ce/build/gate'
make[3]: Leaving directory '/home/comdare/wt-b14-ce/build/gate'
make[3]: Leaving directory '/home/comdare/wt-b14-ce/build/gate'
[ 93%] Built target test_simd_add_u64_carry_avx2
[ 93%] Building CXX object tests/unit/CMakeFiles/test_profile_roundtrip.dir/thesis_tiere/test_profile_roundtrip.cpp.o
make[3]: Entering directory '/home/comdare/wt-b14-ce/build/gate'
[ 93%] Built target test_planner_version_flag_grammatik
make[3]: Entering directory '/home/comdare/wt-b14-ce/build/gate'
[ 93%] Built target test_simd_add_u64_carry_avx512
make[3]: Entering directory '/home/comdare/wt-b14-ce/build/gate'
[ 93%] Built target test_reflect_versions_all_registered
make[3]: Leaving directory '/home/comdare/wt-b14-ce/build/gate'
[ 93%] Built target test_reflect_versions_all17
make[3]: Entering directory '/home/comdare/wt-b14-ce/build/gate'
make[3]: Entering directory '/home/comdare/wt-b14-ce/build/gate'
make[3]: Leaving directory '/home/comdare/wt-b14-ce/build/gate'
make[3]: Leaving directory '/home/comdare/wt-b14-ce/build/gate'
make[3]: Leaving directory '/home/comdare/wt-b14-ce/build/gate'
make[3]: Leaving directory '/home/comdare/wt-b14-ce/build/gate'
[ 93%] Built target test_g3_bestandslog_document
[ 93%] Built target test_g3_bestandslog_lock
[ 94%] Built target test_g3_eta_estimator
make[3]: Entering directory '/home/comdare/wt-b14-ce/build/gate'
make[3]: Entering directory '/home/comdare/wt-b14-ce/build/gate'
[ 94%] Built target test_g3_batch_planner
make[3]: Entering directory '/home/comdare/wt-b14-ce/build/gate'
make[3]: Entering directory '/home/comdare/wt-b14-ce/build/gate'
[ 95%] Built target test_g3_reservation_lifecycle
make[3]: Entering directory '/home/comdare/wt-b14-ce/build/gate'
make[3]: Leaving directory '/home/comdare/wt-b14-ce/build/gate'
make[3]: Leaving directory '/home/comdare/wt-b14-ce/build/gate'
make[3]: Leaving directory '/home/comdare/wt-b14-ce/build/gate'
[ 95%] Built target test_g3_writer_backend_io_uring
[ 95%] Built target test_g3_ram_spool_writer
make[3]: Leaving directory '/home/comdare/wt-b14-ce/build/gate'
make[3]: Entering directory '/home/comdare/wt-b14-ce/build/gate'
[ 95%] Built target test_g2_variant_sidecar
make[3]: Leaving directory '/home/comdare/wt-b14-ce/build/gate'
make[3]: Entering directory '/home/comdare/wt-b14-ce/build/gate'
make[3]: Entering directory '/home/comdare/wt-b14-ce/build/gate'
make[3]: Leaving directory '/home/comdare/wt-b14-ce/build/gate'
make[3]: Leaving directory '/home/comdare/wt-b14-ce/build/gate'
[ 95%] Built target test_a2_sha512_skip_gate
[ 95%] Built target test_g3_sha512_index
make[3]: Entering directory '/home/comdare/wt-b14-ce/build/gate'
make[3]: Leaving directory '/home/comdare/wt-b14-ce/build/gate'
make[3]: Entering directory '/home/comdare/wt-b14-ce/build/gate'
[ 95%] Built target test_g3_builder_registration
[ 95%] Built target test_lb0_lager_pfad_grammatik
make[3]: Entering directory '/home/comdare/wt-b14-ce/build/gate'
make[3]: Entering directory '/home/comdare/wt-b14-ce/build/gate'
make[3]: Leaving directory '/home/comdare/wt-b14-ce/build/gate'
[ 96%] Built target test_lb1_knoten_heuristik_log
make[3]: Leaving directory '/home/comdare/wt-b14-ce/build/gate'
make[3]: Leaving directory '/home/comdare/wt-b14-ce/build/gate'
make[3]: Entering directory '/home/comdare/wt-b14-ce/build/gate'
make[3]: Leaving directory '/home/comdare/wt-b14-ce/build/gate'
[ 96%] Built target test_ge3_messwert_genus_und_ziel
[ 96%] Built target test_g3_planer_driven
make[3]: Entering directory '/home/comdare/wt-b14-ce/build/gate'
make[3]: Entering directory '/home/comdare/wt-b14-ce/build/gate'
[ 97%] Built target test_ge1_claim_check_und_sidecar
[ 97%] Built target test_g3_prune
make[3]: Leaving directory '/home/comdare/wt-b14-ce/build/gate'
make[3]: Entering directory '/home/comdare/wt-b14-ce/build/gate'
make[3]: Entering directory '/home/comdare/wt-b14-ce/build/gate'
make[3]: Leaving directory '/home/comdare/wt-b14-ce/build/gate'
make[3]: Leaving directory '/home/comdare/wt-b14-ce/build/gate'
[ 98%] Built target test_g3_artifact_cache_transport
make[3]: Entering directory '/home/comdare/wt-b14-ce/build/gate'
make[3]: Leaving directory '/home/comdare/wt-b14-ce/build/gate'
make[3]: Leaving directory '/home/comdare/wt-b14-ce/build/gate'
[ 98%] Built target test_fk1_nicht_gebaut_marker
[ 98%] Built target test_g3_lager_presence
make[3]: Entering directory '/home/comdare/wt-b14-ce/build/gate'
[ 98%] Built target test_e04_slice_marker
make[3]: Entering directory '/home/comdare/wt-b14-ce/build/gate'
make[3]: Leaving directory '/home/comdare/wt-b14-ce/build/gate'
make[3]: Entering directory '/home/comdare/wt-b14-ce/build/gate'
[100%] Built target test_a8s3_csv_klasse_c
make[3]: Leaving directory '/home/comdare/wt-b14-ce/build/gate'
make[3]: Leaving directory '/home/comdare/wt-b14-ce/build/gate'
make[3]: Entering directory '/home/comdare/wt-b14-ce/build/gate'
make[3]: Leaving directory '/home/comdare/wt-b14-ce/build/gate'
[100%] Built target test_experiment_driver_v13
make[3]: Entering directory '/home/comdare/wt-b14-ce/build/gate'
[100%] Built target test_v41_anatomy_codegen
[100%] Built target test_v41_anatomy_multi_codegen
make[3]: Leaving directory '/home/comdare/wt-b14-ce/build/gate'
make[3]: Entering directory '/home/comdare/wt-b14-ce/build/gate'
make[3]: Entering directory '/home/comdare/wt-b14-ce/build/gate'
[100%] Built target test_v41_anatomy_module_loader
make[3]: Leaving directory '/home/comdare/wt-b14-ce/build/gate'
[100%] Built target test_v41_anatomy_codegen_tool
make[3]: Entering directory '/home/comdare/wt-b14-ce/build/gate'
make[3]: Entering directory '/home/comdare/wt-b14-ce/build/gate'
make[3]: Leaving directory '/home/comdare/wt-b14-ce/build/gate'
make[3]: Leaving directory '/home/comdare/wt-b14-ce/build/gate'
[100%] Built target test_v41_anatomy_codegen_tool_traits
make[3]: Leaving directory '/home/comdare/wt-b14-ce/build/gate'
make[3]: Leaving directory '/home/comdare/wt-b14-ce/build/gate'
make[3]: Entering directory '/home/comdare/wt-b14-ce/build/gate'
[100%] Built target test_v41_anatomy_adhoc_dll_load
make[3]: Entering directory '/home/comdare/wt-b14-ce/build/gate'
[100%] Built target test_v41_anatomy_codegen_tool_mp_list
make[3]: Entering directory '/home/comdare/wt-b14-ce/build/gate'
[100%] Built target test_adhoc_buildvariant_dll
[100%] Built target test_pruef_only_gate
make[3]: Leaving directory '/home/comdare/wt-b14-ce/build/gate'
make[3]: Leaving directory '/home/comdare/wt-b14-ce/build/gate'
make[3]: Leaving directory '/home/comdare/wt-b14-ce/build/gate'
[100%] Built target test_d13_dll_runtime_measure
[100%] Built target comdare_limits_generated_source_catalog
make[3]: Entering directory '/home/comdare/wt-b14-ce/build/gate'
make[3]: Entering directory '/home/comdare/wt-b14-ce/build/gate'
make[3]: Entering directory '/home/comdare/wt-b14-ce/build/gate'
[100%] Built target test_w3_mess_interface_testate_dock
make[3]: Leaving directory '/home/comdare/wt-b14-ce/build/gate'
make[3]: Leaving directory '/home/comdare/wt-b14-ce/build/gate'
make[3]: Leaving directory '/home/comdare/wt-b14-ce/build/gate'
[100%] Built target test_limits_entkopplung_vorstufe
[100%] Built target test_w2_combo_ct_stamp
[100%] Built target test_lazy_adhoc_source_gen
[100%] Linking CXX executable test_profile_roundtrip
make[3]: Leaving directory '/home/comdare/wt-b14-ce/build/gate'
[100%] Built target test_profile_roundtrip
make[3]: Entering directory '/home/comdare/wt-b14-ce/build/gate'
make[3]: Leaving directory '/home/comdare/wt-b14-ce/build/gate'
[100%] Built target comdare_tests
make[2]: Leaving directory '/home/comdare/wt-b14-ce/build/gate'
make[1]: Leaving directory '/home/comdare/wt-b14-ce/build/gate'
make[1]: Entering directory '/home/comdare/wt-b14-ce/build/gate'
make[2]: Entering directory '/home/comdare/wt-b14-ce/build/gate'
make[3]: Entering directory '/home/comdare/wt-b14-ce/build/gate'
make[3]: Entering directory '/home/comdare/wt-b14-ce/build/gate'
make[3]: Entering directory '/home/comdare/wt-b14-ce/build/gate'
make[3]: Entering directory '/home/comdare/wt-b14-ce/build/gate'
make[3]: Leaving directory '/home/comdare/wt-b14-ce/build/gate'
make[3]: Leaving directory '/home/comdare/wt-b14-ce/build/gate'
make[3]: Leaving directory '/home/comdare/wt-b14-ce/build/gate'
make[3]: Leaving directory '/home/comdare/wt-b14-ce/build/gate'
[ 33%] Built target comdare_workload_driver
[ 33%] Built target comdare_builder_xml_config_parser
[ 33%] Built target is_original_validator
[ 33%] Built target comdare_anatomy_module_loader
make[3]: Entering directory '/home/comdare/wt-b14-ce/build/gate'
make[3]: Entering directory '/home/comdare/wt-b14-ce/build/gate'
make[3]: Entering directory '/home/comdare/wt-b14-ce/build/gate'
make[3]: Entering directory '/home/comdare/wt-b14-ce/build/gate'
make[3]: Entering directory '/home/comdare/wt-b14-ce/build/gate'
make[3]: Entering directory '/home/comdare/wt-b14-ce/build/gate'
make[3]: Leaving directory '/home/comdare/wt-b14-ce/build/gate'
make[3]: Leaving directory '/home/comdare/wt-b14-ce/build/gate'
make[3]: Leaving directory '/home/comdare/wt-b14-ce/build/gate'
make[3]: Leaving directory '/home/comdare/wt-b14-ce/build/gate'
make[3]: Leaving directory '/home/comdare/wt-b14-ce/build/gate'
make[3]: Leaving directory '/home/comdare/wt-b14-ce/build/gate'
[ 33%] Built target comdare_paper_p03_masstree_codegen
[ 33%] Built target comdare_paper_a05_jemalloc_codegen
[ 33%] Built target comdare_paper_a20_dlmalloc_codegen
[ 33%] Built target comdare_paper_a07_snmalloc_codegen
make[3]: Entering directory '/home/comdare/wt-b14-ce/build/gate'
[ 66%] Built target comdare_paper_a04_mimalloc_codegen
make[3]: Entering directory '/home/comdare/wt-b14-ce/build/gate'
make[3]: Entering directory '/home/comdare/wt-b14-ce/build/gate'
[ 66%] Built target comdare_paper_a10_rpmalloc_codegen
make[3]: Entering directory '/home/comdare/wt-b14-ce/build/gate'
make[3]: Entering directory '/home/comdare/wt-b14-ce/build/gate'
make[3]: Entering directory '/home/comdare/wt-b14-ce/build/gate'
make[3]: Leaving directory '/home/comdare/wt-b14-ce/build/gate'
make[3]: Leaving directory '/home/comdare/wt-b14-ce/build/gate'
make[3]: Leaving directory '/home/comdare/wt-b14-ce/build/gate'
make[3]: Leaving directory '/home/comdare/wt-b14-ce/build/gate'
make[3]: Leaving directory '/home/comdare/wt-b14-ce/build/gate'
make[3]: Leaving directory '/home/comdare/wt-b14-ce/build/gate'
[ 66%] Built target comdare_paper_a11_lrmalloc_codegen
[ 66%] Built target comdare_paper_p02_hot_codegen
[100%] Built target comdare_paper_p01_art_codegen
[100%] Built target comdare_paper_p05_start_codegen
[100%] Built target comdare_paper_p07_wormhole_codegen
[100%] Built target comdare_paper_p10_surf_codegen
make[3]: Entering directory '/home/comdare/wt-b14-ce/build/gate'
make[3]: Leaving directory '/home/comdare/wt-b14-ce/build/gate'
[100%] Built target comdare_paper_codegen_all
make[3]: Entering directory '/home/comdare/wt-b14-ce/build/gate'
make[3]: Leaving directory '/home/comdare/wt-b14-ce/build/gate'
[100%] Built target test_profile_roundtrip
make[2]: Leaving directory '/home/comdare/wt-b14-ce/build/gate'
make[1]: Leaving directory '/home/comdare/wt-b14-ce/build/gate'
make: Leaving directory '/home/comdare/wt-b14-ce/build/gate'
MAKE_ZUSATZ_RC=0
