=== 1: WACHE gegen den nachgezogenen Anker 499/495/493 ===
=============================================================================
 ABDECKUNGS-WACHE der CI-Test-Auswahl  (scripts/ci_test_coverage_guard.sh)
 Bau-Baum : build-covguard
 Manifest : scripts/ci_test_coverage_manifest.sh
 Modus    : WEICH  (COMDARE_WACHE_STRIKT ungesetzt)
=============================================================================

LIVE-INVENTUR (ctest -N): 499 registrierte Tests

HOST-KLASSE (gemessen, build-covguard/CMakeCache.txt): avx512f
  COMDARE_HOST_RUNS_AVX2=ja, COMDARE_HOST_RUNS_AVX512F=ja, Host: prod1
ANKER (exakt, committet, scripts/ci_test_inventory_floor.txt) fuer Klasse avx512f: 499
  -> genau erreicht: 499 == Anker 499 fuer Klasse
     avx512f (Host: prod1).

PARTITIONS-RECHNUNG: ohne=497 mit=2 summe=499 inventur=499 differenz=0

NENNER (nie eine nackte Null) -- bedingte Registrierungs-Bloecke:
  [gelaufen     ] pruefling_slots_v1         -> test_pruefling_fixture_ladung                  (Pruefling fixture_min sichert pruefling_slots_v1 zu)
  [gelaufen     ] r5i_configure_codegen      -> test_v41_anatomy_r5i_configure_codegen         (anatomy-codegen-Werkzeug gefunden (status=FOUND), Snippet vorhanden)
  [gelaufen     ] f15_measurement            -> test_v41_anatomy_f15_measurement               (anatomy-codegen-Werkzeug gefunden (status=FOUND), Snippet vorhanden)
  [gelaufen     ] r5g_adhoc_autobuilt        -> test_v41_anatomy_adhoc_autobuilt_load          (comdare-adhoc-emitter gefunden, 48 Permutations-DLLs emittiert)
  [gelaufen     ] r5d_f15_compare_cli_smoke  -> f15_compare_cli_smoke                          (Target comdare_f15_compare_cli vorhanden)
  [gelaufen     ] s18_fixture_schema_subset_check_ce -> fixture_schema_subset_check_ce                 (Rider #95 im #16-Auftrag: ce-Fixture-Wache (Nichtleer/Wohlform/DOCTYPE hart, Schema-Bein nachbar-gebunden))

  499 Tests in der Inventur; 6 bedingte Registrierungs-Bloecke,
  davon 6 gelaufen und 0 uebersprungen.
  Quelle: build-covguard/comdare_registrierungs_protokoll.txt

DRITTE ACHSE (Fremd-Inventur): NICHT GEFAHREN -- COMDARE_FREMD_INVENTUR ist
  ungesetzt. Der Nenner ist damit nur gegen den eigenen Quelltext belegt
  (Protokoll oben), nicht gegen den Baum eines anderen Jobs.

DEKLARIERTE JOB-AUSWAHLEN (Quelle: Manifest):
  [deckt ]  contract                     -R   ^test_abi_interface$                                                        1 Tests   (ohne rules-Gate)
  [deckt ]  pmc                          -L   pmc                                                                         2 Tests   (COMDARE_PMC_LANES ungesetzt -> ANNAHME deklariert (Lauf ausserhalb der CI))
  [inaktiv] arm64_smoke                  -R   ^(test_cpuid_probe|test_conformance_gate)$                                  2 Tests   (opt-in COMDARE_ISA_MATRIX='' != 'true' -> keine Deckungsgutschrift)
  [deckt ]  sanitize_asan                -R   ^(test_abi_interface|test_config_durability|test_conformance_gate|test_experiment_driver_v13|test_chaos_drift_gate)$    5 Tests   (ohne rules-Gate)
  [deckt ]  contract_durability          -R   ^test_config_durability$                                                    1 Tests   (ohne rules-Gate)
  [deckt ]  contract_conformance         -R   ^(test_conformance_gate|test_188_4c0_known_compositions_conformance|test_188_4cii_flat_wrapper_traversal|test_216h2_stat_reset_after_load|test_v41_anatomy_module_abi|test_cmd1_a_axis_command_base|test_ap15_2_get_allocator_proxy|test_ap15_3_driveable_map_contract|test_29_container_framework|test_v41_cache_engine_facade)$   10 Tests   (ohne rules-Gate)
  [deckt ]  contract_pool_flip           -R   ^(test_188_4bbV_pool_adapter_flip_compile|test_188_4a_eytzinger_organ|test_s7_([1-9]|10)_)   12 Tests   (ohne rules-Gate)
  [deckt ]  contract_harness             -R   ^(test_harness_compile|test_lazy_resume_binary)$                            2 Tests   (ohne rules-Gate)
  [deckt ]  contract_profile_coverage    -R   ^(test_profile_coverage|test_smoke_coverage_profile|test_wdk_datasets_fairness|test_sota_st2_dedup|test_validate_profile|test_h2_score_akte|test_profile_roundtrip|test_experiment_parser|test_measurement_categories|test_axis_registry_roundtrip)$   10 Tests   (ohne rules-Gate)
  [deckt ]  contract_experiment_driver   -R   ^test_experiment_driver_v13$                                                1 Tests   (ohne rules-Gate)
  [deckt ]  contract_node_shape          -R   ^test_234_                                                                  6 Tests   (ohne rules-Gate)
  [deckt ]  chaos_drift                  -R   ^test_chaos_drift_gate$                                                     1 Tests   (ohne rules-Gate)
  [deckt ]  test_unit                    -LE  pmc                                                                       497 Tests   (ohne rules-Gate)
  [deckt ]  sanitize_tsan                -R   ^(test_concurrency_disciplines|test_rcu|test_v41_axis_08_concurrency)$      3 Tests   (ohne rules-Gate)

BILANZ: 499 von 499 registrierten Tests werden von einem fahrenden Job ausgefuehrt.
        1 von 14 Gate(n) UNGEPRUEFT -- Deklarations-
        variable in diesem Lauf nicht gesetzt, ihre Deckung ist ANNAHME, nicht Messung:
           ANNAHME: pmc (Variable COMDARE_PMC_LANES ungesetzt)

PARTITIONS-BELEG (dieselbe Rechnung, nur andersherum gelesen):
  bedingte Registrierungs-Bloecke     : 6 von 6 gelaufen (kein stiller Schwund)
  ohne Label 'pmc' (test:unit)        : 497
  mit  Label 'pmc' (pmc:amd/intel)    : 2
  Summe (VERGLICHEN, nicht behauptet) : 499  ==  Inventur 499
  -> -L und -LE mit demselben Muster sind komplementaer; ein dritter Fall
     existiert nicht. Die Deckung ist damit strukturell, nicht durch Audit.

  Anker (exakt, committet)            : 499 == 499 fuer Klasse avx512f
                                        (Host: prod1, Quelle: scripts/ci_test_inventory_floor.txt,
                                         Klasse gemessen aus build-covguard/CMakeCache.txt)
  Nenner gegen FREMDE Quelle (e)      : NICHT GEFAHREN
  Gates mit gesetzter Variable        : 13/14, 1 ANNAHME

ABDECKUNGS-WACHE: GRUEN -- kein Test ohne fahrenden Job,
und der Nenner ist belegt: 6 von 6 bedingten Bloecken gelaufen, 0 uebersprungen.
WACHE_RC=0
=== 2: SELBSTTEST der Wache (beisst sie ueberhaupt?) ===
=============================================================================
 SELBSTTEST der DRITTEN ACHSE (Fremd-Inventur)  (scripts/ci_test_coverage_guard.selbsttest.sh)
 Bau-Baum : build-covguard
=============================================================================

INVENTUR des Baums: 499 Tests (zugleich die 'fremde' Quelle fuer den Gleichstand-Fall)
GRUNDLAUF (Achse ungefahren): RC=0
SOLL-DELTA-Block (gewuerfelt): 'r5i_configure_codegen' mit 1 Test(s)

FAELLE:
  [ok  ]  (5) ungesetzt_meldet_laut                  RC=0 (erwartet 0)
  [ok  ]  (1) gleichstand_gruen                      RC=0 (erwartet 0)
  (Koeder Fall 2: 2 Tests frisch gezogen und aus der fremden Inventur entfernt)
  [ok  ]  (2) abweichung_rot_mit_namen               RC=4 (erwartet 4)
  [ok  ]  (3) fehlende_datei_rot                     RC=4 (erwartet 4)
  [ok  ]  (4) leere_datei_rot                        RC=4 (erwartet 4)
  [ok  ]  (6) soll_delta_gruen                       RC=0 (erwartet 0)
  (Koeder Fall 7: 5 Extra-Namen frisch gezogen und ZUSAETZLICH entfernt)
  [ok  ]  (7) soll_delta_plus_extra_rot              RC=4 (erwartet 4)
  [ok  ]  (8) soll_delta_stale_rot                   RC=4 (erwartet 4)
  (Koeder Fall 9: eigen=avx512f, fremd synthetisch=avx2, K=4 gewuerfelte Namen, Richtung reicher)
  [ok  ]  (9) klassen_differenz_k_gruen              RC=0 (erwartet 0)
  (Koeder Fall 9 Gegenprobe: K-1 = 3 Namen -- MUSS rot beissen)
  [ok  ]  (9) klassen_differenz_koeder_rot           RC=4 (erwartet 4)
  [ok  ]  (10) probe_fehlt_rot                        RC=4 (erwartet 4)

-----------------------------------------------------------------------------
NENNER: 10 Faelle gefahren (11 Wache-Laeufe; Fall 9 traegt den
Gegenkoeder als zweiten Lauf), davon 0 Lauf/Laeufe abweichend.
-----------------------------------------------------------------------------
SELBSTTEST ABDECKUNGS-WACHE (dritte Achse): GRUEN.
SELBSTTEST_RC=0
=== 3: KOEDER-PROBE -- Anker absichtlich verstellen, Wache MUSS rot werden ===
KOEDER_RC=4 (SOLL != 0 -- ein Anker ueber der Inventur ist ein Bruch)
        variable in diesem Lauf nicht gesetzt, ihre Deckung ist ANNAHME, nicht Messung:
           ANNAHME: pmc (Variable COMDARE_PMC_LANES ungesetzt)

ABDECKUNGS-WACHE: ROT (NENNER) -- diese Wache kennt ihren eigenen Gegenstand
nicht vollstaendig. Sie sagt hier ausdruecklich NICHTS ueber die Abdeckung:
eine Wache mit unvollstaendigem Nenner meldet Vollstaendigkeit und deckt nichts.
--- Wiederherstellung der echten Datei ---
avx512f 499
avx2 495
basis 493
=== 4: Wache nach der Wiederherstellung erneut (MUSS wieder gruen sein) ===
WACHE_NACH_RESTORE_RC=0
=== WACHE FERTIG ===
